Archive member included to satisfy reference by file (symbol)

e:/gnu tools arm embedded/9 2019-q4-major/bin/../lib/gcc/arm-none-eabi/9.2.1/../../../../arm-none-eabi/lib/thumb/v7e-m+fp/hard\libc_nano.a(lib_a-exit.o)
                              e:/gnu tools arm embedded/9 2019-q4-major/bin/../lib/gcc/arm-none-eabi/9.2.1/../../../../arm-none-eabi/lib/thumb/v7e-m+fp/hard/crt0.o (exit)
e:/gnu tools arm embedded/9 2019-q4-major/bin/../lib/gcc/arm-none-eabi/9.2.1/../../../../arm-none-eabi/lib/thumb/v7e-m+fp/hard\libc_nano.a(lib_a-impure.o)
                              e:/gnu tools arm embedded/9 2019-q4-major/bin/../lib/gcc/arm-none-eabi/9.2.1/../../../../arm-none-eabi/lib/thumb/v7e-m+fp/hard\libc_nano.a(lib_a-exit.o) (_global_impure_ptr)
e:/gnu tools arm embedded/9 2019-q4-major/bin/../lib/gcc/arm-none-eabi/9.2.1/../../../../arm-none-eabi/lib/thumb/v7e-m+fp/hard\libc_nano.a(lib_a-init.o)
                              e:/gnu tools arm embedded/9 2019-q4-major/bin/../lib/gcc/arm-none-eabi/9.2.1/../../../../arm-none-eabi/lib/thumb/v7e-m+fp/hard/crt0.o (__libc_init_array)
e:/gnu tools arm embedded/9 2019-q4-major/bin/../lib/gcc/arm-none-eabi/9.2.1/../../../../arm-none-eabi/lib/thumb/v7e-m+fp/hard\libc_nano.a(lib_a-memcmp.o)
                              build/mavlink_task.o (memcmp)
e:/gnu tools arm embedded/9 2019-q4-major/bin/../lib/gcc/arm-none-eabi/9.2.1/../../../../arm-none-eabi/lib/thumb/v7e-m+fp/hard\libc_nano.a(lib_a-memcpy-stub.o)
                              build/mavlink_task.o (memcpy)
e:/gnu tools arm embedded/9 2019-q4-major/bin/../lib/gcc/arm-none-eabi/9.2.1/../../../../arm-none-eabi/lib/thumb/v7e-m+fp/hard\libc_nano.a(lib_a-memset.o)
                              e:/gnu tools arm embedded/9 2019-q4-major/bin/../lib/gcc/arm-none-eabi/9.2.1/../../../../arm-none-eabi/lib/thumb/v7e-m+fp/hard/crt0.o (memset)
e:/gnu tools arm embedded/9 2019-q4-major/bin/../lib/gcc/arm-none-eabi/9.2.1/../../../../arm-none-eabi/lib/thumb/v7e-m+fp/hard\libc_nano.a(lib_a-nano-vfprintf_float.o)
                              (_printf_float)
e:/gnu tools arm embedded/9 2019-q4-major/bin/../lib/gcc/arm-none-eabi/9.2.1/../../../../arm-none-eabi/lib/thumb/v7e-m+fp/hard\libc_nano.a(lib_a-nano-vfprintf_i.o)
                              e:/gnu tools arm embedded/9 2019-q4-major/bin/../lib/gcc/arm-none-eabi/9.2.1/../../../../arm-none-eabi/lib/thumb/v7e-m+fp/hard\libc_nano.a(lib_a-nano-vfprintf_float.o) (_printf_common)
e:/gnu tools arm embedded/9 2019-q4-major/bin/../lib/gcc/arm-none-eabi/9.2.1/../../../../arm-none-eabi/lib/thumb/v7e-m+fp/hard\libc_nano.a(lib_a-printf.o)
                              build/mavlink_task.o (printf)
e:/gnu tools arm embedded/9 2019-q4-major/bin/../lib/gcc/arm-none-eabi/9.2.1/../../../../arm-none-eabi/lib/thumb/v7e-m+fp/hard\libc_nano.a(lib_a-puts.o)
                              build/mavlink_task.o (puts)
e:/gnu tools arm embedded/9 2019-q4-major/bin/../lib/gcc/arm-none-eabi/9.2.1/../../../../arm-none-eabi/lib/thumb/v7e-m+fp/hard\libc_nano.a(lib_a-strlen.o)
                              e:/gnu tools arm embedded/9 2019-q4-major/bin/../lib/gcc/arm-none-eabi/9.2.1/../../../../arm-none-eabi/lib/thumb/v7e-m+fp/hard\libc_nano.a(lib_a-nano-vfprintf_float.o) (strlen)
e:/gnu tools arm embedded/9 2019-q4-major/bin/../lib/gcc/arm-none-eabi/9.2.1/../../../../arm-none-eabi/lib/thumb/v7e-m+fp/hard\libc_nano.a(lib_a-wbuf.o)
                              e:/gnu tools arm embedded/9 2019-q4-major/bin/../lib/gcc/arm-none-eabi/9.2.1/../../../../arm-none-eabi/lib/thumb/v7e-m+fp/hard\libc_nano.a(lib_a-puts.o) (__swbuf_r)
e:/gnu tools arm embedded/9 2019-q4-major/bin/../lib/gcc/arm-none-eabi/9.2.1/../../../../arm-none-eabi/lib/thumb/v7e-m+fp/hard\libc_nano.a(lib_a-wsetup.o)
                              e:/gnu tools arm embedded/9 2019-q4-major/bin/../lib/gcc/arm-none-eabi/9.2.1/../../../../arm-none-eabi/lib/thumb/v7e-m+fp/hard\libc_nano.a(lib_a-puts.o) (__swsetup_r)
e:/gnu tools arm embedded/9 2019-q4-major/bin/../lib/gcc/arm-none-eabi/9.2.1/../../../../arm-none-eabi/lib/thumb/v7e-m+fp/hard\libc_nano.a(lib_a-dtoa.o)
                              e:/gnu tools arm embedded/9 2019-q4-major/bin/../lib/gcc/arm-none-eabi/9.2.1/../../../../arm-none-eabi/lib/thumb/v7e-m+fp/hard\libc_nano.a(lib_a-nano-vfprintf_float.o) (_dtoa_r)
e:/gnu tools arm embedded/9 2019-q4-major/bin/../lib/gcc/arm-none-eabi/9.2.1/../../../../arm-none-eabi/lib/thumb/v7e-m+fp/hard\libc_nano.a(lib_a-fflush.o)
                              e:/gnu tools arm embedded/9 2019-q4-major/bin/../lib/gcc/arm-none-eabi/9.2.1/../../../../arm-none-eabi/lib/thumb/v7e-m+fp/hard\libc_nano.a(lib_a-wbuf.o) (_fflush_r)
e:/gnu tools arm embedded/9 2019-q4-major/bin/../lib/gcc/arm-none-eabi/9.2.1/../../../../arm-none-eabi/lib/thumb/v7e-m+fp/hard\libc_nano.a(lib_a-findfp.o)
                              e:/gnu tools arm embedded/9 2019-q4-major/bin/../lib/gcc/arm-none-eabi/9.2.1/../../../../arm-none-eabi/lib/thumb/v7e-m+fp/hard\libc_nano.a(lib_a-printf.o) (__sinit)
[...]
Memory Configuration

Name             Origin             Length             Attributes
RAM              0x20000000         0x00020000         xrw
CCMRAM           0x10000000         0x00010000         xrw
FLASH            0x08000000         0x00080000         xr
*default*        0x00000000         0xffffffff

Linker script and memory map

LOAD e:/gnu tools arm embedded/9 2019-q4-major/bin/../lib/gcc/arm-none-eabi/9.2.1/thumb/v7e-m+fp/hard/crti.o
LOAD e:/gnu tools arm embedded/9 2019-q4-major/bin/../lib/gcc/arm-none-eabi/9.2.1/thumb/v7e-m+fp/hard/crtbegin.o
LOAD e:/gnu tools arm embedded/9 2019-q4-major/bin/../lib/gcc/arm-none-eabi/9.2.1/../../../../arm-none-eabi/lib/thumb/v7e-m+fp/hard/crt0.o
LOAD build/usart2.o
LOAD build/motor.o
LOAD build/mavlink_task.o
LOAD build/utils.o
LOAD build/gy_86.o
LOAD build/main.o
LOAD build/gpio.o
LOAD build/dma.o
LOAD build/freertos.o
LOAD build/i2c.o
LOAD build/tim.o
LOAD build/usart.o
LOAD build/stm32f4xx_it.o
LOAD build/stm32f4xx_hal_msp.o
LOAD build/stm32f4xx_hal_timebase_tim.o
LOAD build/stm32f4xx_hal_rcc.o
LOAD build/stm32f4xx_hal_rcc_ex.o
LOAD build/stm32f4xx_hal_flash.o
LOAD build/stm32f4xx_hal_flash_ex.o
LOAD build/stm32f4xx_hal_flash_ramfunc.o
LOAD build/stm32f4xx_hal_gpio.o
LOAD build/stm32f4xx_hal_dma_ex.o
LOAD build/stm32f4xx_hal_dma.o
LOAD build/stm32f4xx_hal_pwr.o
LOAD build/stm32f4xx_hal_pwr_ex.o
LOAD build/stm32f4xx_hal_cortex.o
LOAD build/stm32f4xx_hal.o
LOAD build/stm32f4xx_hal_exti.o
LOAD build/stm32f4xx_hal_i2c.o
LOAD build/stm32f4xx_hal_i2c_ex.o
LOAD build/stm32f4xx_hal_tim.o
LOAD build/stm32f4xx_hal_tim_ex.o
LOAD build/stm32f4xx_hal_uart.o
LOAD build/system_stm32f4xx.o
LOAD build/croutine.o
LOAD build/event_groups.o
LOAD build/list.o
LOAD build/queue.o
LOAD build/stream_buffer.o
LOAD build/tasks.o
LOAD build/timers.o
LOAD build/cmsis_os.o
LOAD build/heap_4.o
LOAD build/port.o
LOAD build/startup_stm32f407xx.o
LOAD e:/gnu tools arm embedded/9 2019-q4-major/bin/../lib/gcc/arm-none-eabi/9.2.1/../../../../arm-none-eabi/lib/thumb/v7e-m+fp/hard\libc_nano.a
LOAD e:/gnu tools arm embedded/9 2019-q4-major/bin/../lib/gcc/arm-none-eabi/9.2.1/../../../../arm-none-eabi/lib/thumb/v7e-m+fp/hard\libm.a
LOAD e:/gnu tools arm embedded/9 2019-q4-major/bin/../lib/gcc/arm-none-eabi/9.2.1/../../../../arm-none-eabi/lib/thumb/v7e-m+fp/hard\libnosys.a
START GROUP
LOAD e:/gnu tools arm embedded/9 2019-q4-major/bin/../lib/gcc/arm-none-eabi/9.2.1/thumb/v7e-m+fp/hard\libgcc.a
LOAD e:/gnu tools arm embedded/9 2019-q4-major/bin/../lib/gcc/arm-none-eabi/9.2.1/../../../../arm-none-eabi/lib/thumb/v7e-m+fp/hard\libc_nano.a
END GROUP
START GROUP
LOAD e:/gnu tools arm embedded/9 2019-q4-major/bin/../lib/gcc/arm-none-eabi/9.2.1/thumb/v7e-m+fp/hard\libgcc.a
LOAD e:/gnu tools arm embedded/9 2019-q4-major/bin/../lib/gcc/arm-none-eabi/9.2.1/../../../../arm-none-eabi/lib/thumb/v7e-m+fp/hard\libc_nano.a
END GROUP
LOAD e:/gnu tools arm embedded/9 2019-q4-major/bin/../lib/gcc/arm-none-eabi/9.2.1/thumb/v7e-m+fp/hard/crtend.o
LOAD e:/gnu tools arm embedded/9 2019-q4-major/bin/../lib/gcc/arm-none-eabi/9.2.1/thumb/v7e-m+fp/hard/crtn.o
                0x20020000                _estack = 0x20020000
                0x00000200                _Min_Heap_Size = 0x200
                0x00000400                _Min_Stack_Size = 0x400

.isr_vector     0x08000000      0x188
                0x08000000                . = ALIGN (0x4)
 *(.isr_vector)
 .isr_vector    0x08000000      0x188 build/startup_stm32f407xx.o
                0x08000000                g_pfnVectors
                0x08000188                . = ALIGN (0x4)

.text           0x08000190     0x8a40
                0x08000190                . = ALIGN (0x4)
 *(.text)
 .text          0x08000190       0x40 e:/gnu tools arm embedded/9 2019-q4-major/bin/../lib/gcc/arm-none-eabi/9.2.1/thumb/v7e-m+fp/hard/crtbegin.o
 .text          0x080001d0       0x10 e:/gnu tools arm embedded/9 2019-q4-major/bin/../lib/gcc/arm-none-eabi/9.2.1/../../../../arm-none-eabi/lib/thumb/v7e-m+fp/hard\libc_nano.a(lib_a-strlen.o)
                0x080001d0                strlen
 .text          0x080001e0       0xa0 e:/gnu tools arm embedded/9 2019-q4-major/bin/../lib/gcc/arm-none-eabi/9.2.1/../../../../arm-none-eabi/lib/thumb/v7e-m+fp/hard\libc_nano.a(lib_a-memchr.o)
                0x080001e0                memchr
 .text          0x08000280      0x378 e:/gnu tools arm embedded/9 2019-q4-major/bin/../lib/gcc/arm-none-eabi/9.2.1/thumb/v7e-m+fp/hard\libgcc.a(_arm_addsubdf3.o)
                0x08000280                __aeabi_drsub
                0x08000288                __aeabi_dsub
                0x08000288                __subdf3
                0x0800028c                __aeabi_dadd
                0x0800028c                __adddf3
                0x08000504                __floatunsidf
                0x08000504                __aeabi_ui2d
                0x08000524                __floatsidf
                0x08000524                __aeabi_i2d
                0x08000548                __aeabi_f2d
                0x08000548                __extendsfdf2
                0x0800058c                __floatundidf
                0x0800058c                __aeabi_ul2d
                0x0800059c                __floatdidf
                0x0800059c                __aeabi_l2d
 .text          0x080005f8      0x424 e:/gnu tools arm embedded/9 2019-q4-major/bin/../lib/gcc/arm-none-eabi/9.2.1/thumb/v7e-m+fp/hard\libgcc.a(_arm_muldivdf3.o)
                0x080005f8                __aeabi_dmul
                0x080005f8                __muldf3
                0x0800084c                __divdf3
                0x0800084c                __aeabi_ddiv
 .text          0x08000a1c      0x110 e:/gnu tools arm embedded/9 2019-q4-major/bin/../lib/gcc/arm-none-eabi/9.2.1/thumb/v7e-m+fp/hard\libgcc.a(_arm_cmpdf2.o)
                0x08000a1c                __gtdf2
                0x08000a1c                __gedf2
                0x08000a24                __ltdf2
                0x08000a24                __ledf2
                0x08000a2c                __nedf2
                0x08000a2c                __eqdf2
                0x08000a2c                __cmpdf2
                0x08000aa8                __aeabi_cdrcmple
                0x08000ab8                __aeabi_cdcmpeq
                0x08000ab8                __aeabi_cdcmple
                0x08000ac8                __aeabi_dcmpeq
                0x08000adc                __aeabi_dcmplt
                0x08000af0                __aeabi_dcmple
                0x08000b04                __aeabi_dcmpge
                0x08000b18                __aeabi_dcmpgt
 .text          0x08000b2c       0x2c e:/gnu tools arm embedded/9 2019-q4-major/bin/../lib/gcc/arm-none-eabi/9.2.1/thumb/v7e-m+fp/hard\libgcc.a(_arm_unorddf2.o)
                0x08000b2c                __unorddf2
                0x08000b2c                __aeabi_dcmpun
 .text          0x08000b58       0x50 e:/gnu tools arm embedded/9 2019-q4-major/bin/../lib/gcc/arm-none-eabi/9.2.1/thumb/v7e-m+fp/hard\libgcc.a(_arm_fixdfsi.o)
                0x08000b58                __aeabi_d2iz
                0x08000b58                __fixdfsi
 .text          0x08000ba8       0x30 e:/gnu tools arm embedded/9 2019-q4-major/bin/../lib/gcc/arm-none-eabi/9.2.1/thumb/v7e-m+fp/hard\libgcc.a(_aeabi_uldivmod.o)
                0x08000ba8                __aeabi_uldivmod
 .text          0x08000bd8      0x2c4 e:/gnu tools arm embedded/9 2019-q4-major/bin/../lib/gcc/arm-none-eabi/9.2.1/thumb/v7e-m+fp/hard\libgcc.a(_udivmoddi4.o)
                0x08000bd8                __udivmoddi4
 .text          0x08000e9c        0x4 e:/gnu tools arm embedded/9 2019-q4-major/bin/../lib/gcc/arm-none-eabi/9.2.1/thumb/v7e-m+fp/hard\libgcc.a(_dvmd_tls.o)
                0x08000e9c                __aeabi_idiv0
                0x08000e9c                __aeabi_ldiv0
 *(.text*)
 .text.UartRxCheck
                0x08000ea0       0xa4 build/usart2.o
 .text.Usart2Init
                0x08000f44       0x48 build/usart2.o
                0x08000f44                Usart2Init
 .text.USART2_IRQHandler
                0x08000f8c       0x34 build/usart2.o
                0x08000f8c                USART2_IRQHandler
 .text.DMA1_Stream5_IRQHandler
                0x08000fc0       0x10 build/usart2.o
                0x08000fc0                DMA1_Stream5_IRQHandler
 .text.DMA1_Stream6_IRQHandler
                0x08000fd0       0x10 build/usart2.o
                0x08000fd0                DMA1_Stream6_IRQHandler
 .text.HAL_UART_RxCpltCallback
                0x08000fe0       0x18 build/usart2.o
                0x08000fe0                HAL_UART_RxCpltCallback
 .text.HAL_UART_RxHalfCpltCallback
                0x08000ff8       0x18 build/usart2.o
                0x08000ff8                HAL_UART_RxHalfCpltCallback
 .text.MotorInit
                0x08001010       0x34 build/motor.o
                0x08001010                MotorInit
 .text.SetMotor
                0x08001044       0x34 build/motor.o
                0x08001044                SetMotor
 .text.MavlinkProcessMsg
                0x08001078       0x98 build/mavlink_task.o
 .text.mavlink_frame_char_buffer
                0x08001110     0x1018 build/mavlink_task.o
 .text.MavlinkTask
                0x08002128       0x88 build/mavlink_task.o
 .text.MavlinkInit
                0x080021b0       0x38 build/mavlink_task.o
                0x080021b0                MavlinkInit
 .text.__io_putchar
                0x080021e8       0x20 build/utils.o
                0x080021e8                __io_putchar
 .text._write   0x08002208       0x1c build/utils.o
                0x08002208                _write
 .text.MPU6050Init
                0x08002224      0x10c build/gy_86.o
                0x08002224                MPU6050Init
 .text.MPU6050ReadAccel
                0x08002330       0x88 build/gy_86.o
                0x08002330                MPU6050ReadAccel
 .text.SystemClock_Config
                0x080023b8       0x94 build/main.o
                0x080023b8                SystemClock_Config
 .text.main     0x0800244c       0x7c build/main.o
                0x0800244c                main
 .text.HAL_TIM_PeriodElapsedCallback
                0x080024c8       0x18 build/main.o
                0x080024c8                HAL_TIM_PeriodElapsedCallback
 .text.Error_Handler
                0x080024e0        0x2 build/main.o
                0x080024e0                Error_Handler
 *fill*         0x080024e2        0x2 
 .text.MX_GPIO_Init
                0x080024e4       0xa8 build/gpio.o
                0x080024e4                MX_GPIO_Init
 .text.MX_DMA_Init
                0x0800258c       0x78 build/dma.o
                0x0800258c                MX_DMA_Init
 .text.MX_I2C1_Init
                0x08002604       0x3c build/i2c.o
                0x08002604                MX_I2C1_Init
 .text.HAL_I2C_MspInit
                0x08002640       0x74 build/i2c.o
                0x08002640                HAL_I2C_MspInit
 .text.HAL_TIM_Base_MspInit
                0x080026b4       0x30 build/tim.o
                0x080026b4                HAL_TIM_Base_MspInit
 .text.HAL_TIM_MspPostInit
                0x080026e4       0x5c build/tim.o
                0x080026e4                HAL_TIM_MspPostInit
 .text.MX_TIM4_Init
                0x08002740       0xe8 build/tim.o
                0x08002740                MX_TIM4_Init
 .text.MX_USART1_UART_Init
                0x08002828       0x34 build/usart.o
                0x08002828                MX_USART1_UART_Init
 .text.MX_USART2_UART_Init
                0x0800285c       0x34 build/usart.o
                0x0800285c                MX_USART2_UART_Init
 .text.HAL_UART_MspInit
                0x08002890      0x1e4 build/usart.o
                0x08002890                HAL_UART_MspInit
 .text.NMI_Handler
                0x08002a74        0x2 build/stm32f4xx_it.o
                0x08002a74                NMI_Handler
 .text.HardFault_Handler
                0x08002a76        0x2 build/stm32f4xx_it.o
                0x08002a76                HardFault_Handler
 .text.MemManage_Handler
                0x08002a78        0x2 build/stm32f4xx_it.o
                0x08002a78                MemManage_Handler
 .text.BusFault_Handler
                0x08002a7a        0x2 build/stm32f4xx_it.o
                0x08002a7a                BusFault_Handler
 .text.UsageFault_Handler
                0x08002a7c        0x2 build/stm32f4xx_it.o
                0x08002a7c                UsageFault_Handler
 .text.DebugMon_Handler
                0x08002a7e        0x2 build/stm32f4xx_it.o
                0x08002a7e                DebugMon_Handler
 .text.USART1_IRQHandler
                0x08002a80       0x10 build/stm32f4xx_it.o
                0x08002a80                USART1_IRQHandler
 .text.TIM7_IRQHandler
                0x08002a90       0x10 build/stm32f4xx_it.o
                0x08002a90                TIM7_IRQHandler
 .text.DMA2_Stream2_IRQHandler
                0x08002aa0       0x10 build/stm32f4xx_it.o
                0x08002aa0                DMA2_Stream2_IRQHandler
 .text.DMA2_Stream7_IRQHandler
                0x08002ab0       0x10 build/stm32f4xx_it.o
                0x08002ab0                DMA2_Stream7_IRQHandler
 .text.HAL_MspInit
                0x08002ac0       0x44 build/stm32f4xx_hal_msp.o
                0x08002ac0                HAL_MspInit
 .text.HAL_InitTick
                0x08002b04       0x7c build/stm32f4xx_hal_timebase_tim.o
                0x08002b04                HAL_InitTick
 .text.HAL_RCC_OscConfig
                0x08002b80      0x3ec build/stm32f4xx_hal_rcc.o
                0x08002b80                HAL_RCC_OscConfig
 .text.HAL_RCC_GetSysClockFreq
                0x08002f6c       0xcc build/stm32f4xx_hal_rcc.o
                0x08002f6c                HAL_RCC_GetSysClockFreq
 .text.HAL_RCC_ClockConfig
                0x08003038      0x160 build/stm32f4xx_hal_rcc.o
                0x08003038                HAL_RCC_ClockConfig
 .text.HAL_RCC_GetHCLKFreq
                0x08003198        0xc build/stm32f4xx_hal_rcc.o
                0x08003198                HAL_RCC_GetHCLKFreq
 .text.HAL_RCC_GetPCLK1Freq
                0x080031a4       0x20 build/stm32f4xx_hal_rcc.o
                0x080031a4                HAL_RCC_GetPCLK1Freq
 .text.HAL_RCC_GetPCLK2Freq
                0x080031c4       0x20 build/stm32f4xx_hal_rcc.o
                0x080031c4                HAL_RCC_GetPCLK2Freq
 .text.HAL_RCC_GetClockConfig
                0x080031e4       0x3c build/stm32f4xx_hal_rcc.o
                0x080031e4                HAL_RCC_GetClockConfig
 .text.HAL_GPIO_Init
                0x08003220      0x1cc build/stm32f4xx_hal_gpio.o
                0x08003220                HAL_GPIO_Init
 .text.HAL_GPIO_WritePin
                0x080033ec        0xc build/stm32f4xx_hal_gpio.o
                0x080033ec                HAL_GPIO_WritePin
 .text.DMA_SetConfig
                0x080033f8       0x2c build/stm32f4xx_hal_dma.o
 .text.DMA_CalcBaseAndBitshift
                0x08003424       0x44 build/stm32f4xx_hal_dma.o
 .text.DMA_CheckFifoParam
                0x08003468       0x8e build/stm32f4xx_hal_dma.o
 *fill*         0x080034f6        0x2 
 .text.HAL_DMA_Init
                0x080034f8       0xcc build/stm32f4xx_hal_dma.o
                0x080034f8                HAL_DMA_Init
 .text.HAL_DMA_Start_IT
                0x080035c4       0x6a build/stm32f4xx_hal_dma.o
                0x080035c4                HAL_DMA_Start_IT
 .text.HAL_DMA_Abort_IT
                0x0800362e       0x26 build/stm32f4xx_hal_dma.o
                0x0800362e                HAL_DMA_Abort_IT
 .text.HAL_DMA_IRQHandler
                0x08003654      0x1dc build/stm32f4xx_hal_dma.o
                0x08003654                HAL_DMA_IRQHandler
 .text.HAL_NVIC_SetPriorityGrouping
                0x08003830       0x24 build/stm32f4xx_hal_cortex.o
                0x08003830                HAL_NVIC_SetPriorityGrouping
 .text.HAL_NVIC_SetPriority
                0x08003854       0x68 build/stm32f4xx_hal_cortex.o
                0x08003854                HAL_NVIC_SetPriority
 .text.HAL_NVIC_EnableIRQ
                0x080038bc       0x1c build/stm32f4xx_hal_cortex.o
                0x080038bc                HAL_NVIC_EnableIRQ
 .text.HAL_Init
                0x080038d8       0x34 build/stm32f4xx_hal.o
                0x080038d8                HAL_Init
 .text.HAL_IncTick
                0x0800390c       0x18 build/stm32f4xx_hal.o
                0x0800390c                HAL_IncTick
 .text.HAL_GetTick
                0x08003924        0xc build/stm32f4xx_hal.o
                0x08003924                HAL_GetTick
 .text.HAL_Delay
                0x08003930       0x28 build/stm32f4xx_hal.o
                0x08003930                HAL_Delay
 .text.I2C_IsAcknowledgeFailed
                0x08003958       0x32 build/stm32f4xx_hal_i2c.o
 .text.I2C_WaitOnFlagUntilTimeout
                0x0800398a       0x74 build/stm32f4xx_hal_i2c.o
 .text.I2C_WaitOnMasterAddressFlagUntilTimeout
                0x080039fe       0xaa build/stm32f4xx_hal_i2c.o
 .text.I2C_WaitOnTXEFlagUntilTimeout
                0x08003aa8       0x54 build/stm32f4xx_hal_i2c.o
 .text.I2C_RequestMemoryWrite
                0x08003afc       0xd8 build/stm32f4xx_hal_i2c.o
 .text.I2C_RequestMemoryRead
                0x08003bd4      0x154 build/stm32f4xx_hal_i2c.o
 .text.I2C_WaitOnBTFFlagUntilTimeout
                0x08003d28       0x54 build/stm32f4xx_hal_i2c.o
 .text.I2C_WaitOnRXNEFlagUntilTimeout
                0x08003d7c       0x6a build/stm32f4xx_hal_i2c.o
 *fill*         0x08003de6        0x2 
 .text.HAL_I2C_Init
                0x08003de8      0x1bc build/stm32f4xx_hal_i2c.o
                0x08003de8                HAL_I2C_Init
 .text.HAL_I2C_Mem_Write
                0x08003fa4      0x164 build/stm32f4xx_hal_i2c.o
                0x08003fa4                HAL_I2C_Mem_Write
 .text.HAL_I2C_Mem_Read
                0x08004108      0x2e4 build/stm32f4xx_hal_i2c.o
                0x08004108                HAL_I2C_Mem_Read
 .text.TIM_OC1_SetConfig
                0x080043ec       0x68 build/stm32f4xx_hal_tim.o
 .text.TIM_OC3_SetConfig
                0x08004454       0x70 build/stm32f4xx_hal_tim.o
 .text.TIM_OC4_SetConfig
                0x080044c4       0x50 build/stm32f4xx_hal_tim.o
 .text.TIM_TI1_ConfigInputStage
                0x08004514       0x24 build/stm32f4xx_hal_tim.o
 .text.TIM_TI2_ConfigInputStage
                0x08004538       0x26 build/stm32f4xx_hal_tim.o
 .text.TIM_ITRx_SetConfig
                0x0800455e       0x10 build/stm32f4xx_hal_tim.o
 .text.HAL_TIM_Base_Start_IT
                0x0800456e       0x22 build/stm32f4xx_hal_tim.o
                0x0800456e                HAL_TIM_Base_Start_IT
 .text.HAL_TIM_PWM_MspInit
                0x08004590        0x2 build/stm32f4xx_hal_tim.o
                0x08004590                HAL_TIM_PWM_MspInit
 .text.HAL_TIM_OC_DelayElapsedCallback
                0x08004592        0x2 build/stm32f4xx_hal_tim.o
                0x08004592                HAL_TIM_OC_DelayElapsedCallback
 .text.HAL_TIM_IC_CaptureCallback
                0x08004594        0x2 build/stm32f4xx_hal_tim.o
                0x08004594                HAL_TIM_IC_CaptureCallback
 .text.HAL_TIM_PWM_PulseFinishedCallback
                0x08004596        0x2 build/stm32f4xx_hal_tim.o
                0x08004596                HAL_TIM_PWM_PulseFinishedCallback
 .text.HAL_TIM_TriggerCallback
                0x08004598        0x2 build/stm32f4xx_hal_tim.o
                0x08004598                HAL_TIM_TriggerCallback
 .text.HAL_TIM_IRQHandler
                0x0800459a      0x17a build/stm32f4xx_hal_tim.o
                0x0800459a                HAL_TIM_IRQHandler
 .text.TIM_Base_SetConfig
                0x08004714       0xc8 build/stm32f4xx_hal_tim.o
                0x08004714                TIM_Base_SetConfig
 .text.HAL_TIM_Base_Init
                0x080047dc       0x34 build/stm32f4xx_hal_tim.o
                0x080047dc                HAL_TIM_Base_Init
 .text.HAL_TIM_PWM_Init
                0x08004810       0x34 build/stm32f4xx_hal_tim.o
                0x08004810                HAL_TIM_PWM_Init
 .text.TIM_OC2_SetConfig
                0x08004844       0x70 build/stm32f4xx_hal_tim.o
                0x08004844                TIM_OC2_SetConfig
 .text.HAL_TIM_PWM_ConfigChannel
                0x080048b4       0xdc build/stm32f4xx_hal_tim.o
                0x080048b4                HAL_TIM_PWM_ConfigChannel
 .text.TIM_ETR_SetConfig
                0x08004990       0x18 build/stm32f4xx_hal_tim.o
                0x08004990                TIM_ETR_SetConfig
 .text.HAL_TIM_ConfigClockSource
                0x080049a8       0xda build/stm32f4xx_hal_tim.o
                0x080049a8                HAL_TIM_ConfigClockSource
 .text.TIM_CCxChannelCmd
                0x08004a82       0x24 build/stm32f4xx_hal_tim.o
                0x08004a82                TIM_CCxChannelCmd
 *fill*         0x08004aa6        0x2 
 .text.HAL_TIM_PWM_Start
                0x08004aa8       0x40 build/stm32f4xx_hal_tim.o
                0x08004aa8                HAL_TIM_PWM_Start
 .text.HAL_TIMEx_MasterConfigSynchronization
                0x08004ae8       0x88 build/stm32f4xx_hal_tim_ex.o
                0x08004ae8                HAL_TIMEx_MasterConfigSynchronization
 .text.HAL_TIMEx_CommutCallback
                0x08004b70        0x2 build/stm32f4xx_hal_tim_ex.o
                0x08004b70                HAL_TIMEx_CommutCallback
 .text.HAL_TIMEx_BreakCallback
                0x08004b72        0x2 build/stm32f4xx_hal_tim_ex.o
                0x08004b72                HAL_TIMEx_BreakCallback
 .text.UART_EndTxTransfer
                0x08004b74       0x12 build/stm32f4xx_hal_uart.o
 .text.UART_EndRxTransfer
                0x08004b86       0x1c build/stm32f4xx_hal_uart.o
 .text.UART_Transmit_IT
                0x08004ba2       0x66 build/stm32f4xx_hal_uart.o
 .text.UART_SetConfig
                0x08004c08      0x1e8 build/stm32f4xx_hal_uart.o
 .text.UART_WaitOnFlagUntilTimeout
                0x08004df0       0x68 build/stm32f4xx_hal_uart.o
 .text.HAL_UART_Init
                0x08004e58       0x5e build/stm32f4xx_hal_uart.o
                0x08004e58                HAL_UART_Init
 .text.HAL_UART_Transmit
                0x08004eb6       0xe2 build/stm32f4xx_hal_uart.o
                0x08004eb6                HAL_UART_Transmit
 .text.HAL_UART_Receive_DMA
                0x08004f98       0xa8 build/stm32f4xx_hal_uart.o
                0x08004f98                HAL_UART_Receive_DMA
 .text.HAL_UART_TxCpltCallback
                0x08005040        0x2 build/stm32f4xx_hal_uart.o
                0x08005040                HAL_UART_TxCpltCallback
 .text.UART_EndTransmit_IT
                0x08005042       0x1a build/stm32f4xx_hal_uart.o
 .text.UART_DMAReceiveCplt
                0x0800505c       0x3e build/stm32f4xx_hal_uart.o
 .text.UART_Receive_IT
                0x0800509a       0x9e build/stm32f4xx_hal_uart.o
 .text.UART_DMARxHalfCplt
                0x08005138        0xa build/stm32f4xx_hal_uart.o
 .text.HAL_UART_ErrorCallback
                0x08005142        0x2 build/stm32f4xx_hal_uart.o
                0x08005142                HAL_UART_ErrorCallback
 .text.UART_DMAError
                0x08005144       0x58 build/stm32f4xx_hal_uart.o
 .text.HAL_UART_IRQHandler
                0x0800519c      0x128 build/stm32f4xx_hal_uart.o
                0x0800519c                HAL_UART_IRQHandler
 .text.UART_DMAAbortOnError
                0x080052c4       0x10 build/stm32f4xx_hal_uart.o
 .text.SystemInit
                0x080052d4       0x1c build/system_stm32f4xx.o
                0x080052d4                SystemInit
 .text.vListInitialise
                0x080052f0       0x16 build/list.o
                0x080052f0                vListInitialise
 .text.vListInitialiseItem
                0x08005306        0x6 build/list.o
                0x08005306                vListInitialiseItem
 .text.vListInsertEnd
                0x0800530c       0x16 build/list.o
                0x0800530c                vListInsertEnd
 .text.vListInsert
                0x08005322       0x32 build/list.o
                0x08005322                vListInsert
 .text.uxListRemove
                0x08005354       0x26 build/list.o
                0x08005354                uxListRemove
 .text.prvIsQueueEmpty
                0x0800537a       0x1a build/queue.o
 .text.prvCopyDataToQueue
                0x08005394       0x76 build/queue.o
 .text.prvCopyDataFromQueue
                0x0800540a       0x24 build/queue.o
 .text.prvUnlockQueue
                0x0800542e       0x6e build/queue.o
 .text.xQueueGenericReset
                0x0800549c       0x84 build/queue.o
                0x0800549c                xQueueGenericReset
 .text.prvInitialiseNewQueue
                0x08005520       0x1c build/queue.o
 .text.xQueueGenericCreateStatic
                0x0800553c       0x94 build/queue.o
                0x0800553c                xQueueGenericCreateStatic
 .text.xQueueGenericSendFromISR
                0x080055d0       0xce build/queue.o
                0x080055d0                xQueueGenericSendFromISR
 *fill*         0x0800569e        0x2 
 .text.xQueueReceive
                0x080056a0      0x15c build/queue.o
                0x080056a0                xQueueReceive
 .text.prvResetNextTaskUnblockTime
                0x080057fc       0x2c build/tasks.o
 .text.prvInitialiseNewTask
                0x08005828       0x8e build/tasks.o
 *fill*         0x080058b6        0x2 
 .text.prvInitialiseTaskLists
                0x080058b8       0x68 build/tasks.o
 .text.prvAddNewTaskToReadyList
                0x08005920       0xa8 build/tasks.o
 .text.prvAddCurrentTaskToDelayedList
                0x080059c8       0x98 build/tasks.o
 .text.xTaskCreateStatic
                0x08005a60       0x74 build/tasks.o
                0x08005a60                xTaskCreateStatic
 .text.vTaskSuspendAll
                0x08005ad4       0x10 build/tasks.o
                0x08005ad4                vTaskSuspendAll
 .text.xTaskIncrementTick
                0x08005ae4      0x118 build/tasks.o
                0x08005ae4                xTaskIncrementTick
 .text.xTaskResumeAll
                0x08005bfc       0xf8 build/tasks.o
                0x08005bfc                xTaskResumeAll
 .text.vTaskSwitchContext
                0x08005cf4       0x98 build/tasks.o
                0x08005cf4                vTaskSwitchContext
 .text.vTaskPlaceOnEventList
                0x08005d8c       0x30 build/tasks.o
                0x08005d8c                vTaskPlaceOnEventList
 .text.xTaskRemoveFromEventList
                0x08005dbc       0x8c build/tasks.o
                0x08005dbc                xTaskRemoveFromEventList
 .text.vTaskInternalSetTimeOutState
                0x08005e48       0x18 build/tasks.o
                0x08005e48                vTaskInternalSetTimeOutState
 .text.xTaskCheckForTimeOut
                0x08005e60       0x84 build/tasks.o
                0x08005e60                xTaskCheckForTimeOut
 .text.vTaskMissedYield
                0x08005ee4        0xc build/tasks.o
                0x08005ee4                vTaskMissedYield
 .text.xTaskGetSchedulerState
                0x08005ef0       0x20 build/tasks.o
                0x08005ef0                xTaskGetSchedulerState
 .text.xTaskPriorityDisinherit
                0x08005f10       0xb4 build/tasks.o
                0x08005f10                xTaskPriorityDisinherit
 .text.prvTaskExitError
                0x08005fc4       0x40 build/port.o
 .text.pxPortInitialiseStack
                0x08006004       0x2c build/port.o
                0x08006004                pxPortInitialiseStack
 .text.SVC_Handler
                0x08006030       0x24 build/port.o
                0x08006030                SVC_Handler
 .text.vPortEnterCritical
                0x08006054       0x44 build/port.o
                0x08006054                vPortEnterCritical
 .text.vPortExitCritical
                0x08006098       0x2c build/port.o
                0x08006098                vPortExitCritical
 *fill*         0x080060c4        0xc 
 .text.PendSV_Handler
                0x080060d0       0x64 build/port.o
                0x080060d0                PendSV_Handler
 .text.SysTick_Handler
                0x08006134       0x2c build/port.o
                0x08006134                SysTick_Handler
 .text.vPortValidateInterruptPriority
                0x08006160       0x5c build/port.o
                0x08006160                vPortValidateInterruptPriority
 .text.Reset_Handler
                0x080061bc       0x50 build/startup_stm32f407xx.o
                0x080061bc                Reset_Handler
 .text.Default_Handler
                0x0800620c        0x2 build/startup_stm32f407xx.o
                0x0800620c                RTC_Alarm_IRQHandler
                0x0800620c                HASH_RNG_IRQHandler
                0x0800620c                EXTI2_IRQHandler
                0x0800620c                TIM8_CC_IRQHandler
                0x0800620c                TIM1_CC_IRQHandler
                0x0800620c                DMA2_Stream5_IRQHandler
                0x0800620c                PVD_IRQHandler
                0x0800620c                SDIO_IRQHandler
                0x0800620c                TAMP_STAMP_IRQHandler
                0x0800620c                CAN2_RX1_IRQHandler
                0x0800620c                EXTI3_IRQHandler
                0x0800620c                TIM8_TRG_COM_TIM14_IRQHandler
                0x0800620c                TIM1_UP_TIM10_IRQHandler
                0x0800620c                TIM8_UP_TIM13_IRQHandler
                0x0800620c                I2C3_ER_IRQHandler
                0x0800620c                EXTI0_IRQHandler
                0x0800620c                I2C2_EV_IRQHandler
                0x0800620c                DMA1_Stream2_IRQHandler
                0x0800620c                CAN1_RX0_IRQHandler
                0x0800620c                FPU_IRQHandler
                0x0800620c                OTG_HS_WKUP_IRQHandler
                0x0800620c                CAN2_SCE_IRQHandler
                0x0800620c                SPI1_IRQHandler
                0x0800620c                TIM6_DAC_IRQHandler
                0x0800620c                TIM1_BRK_TIM9_IRQHandler
                0x0800620c                DCMI_IRQHandler
                0x0800620c                CAN2_RX0_IRQHandler
                0x0800620c                DMA2_Stream3_IRQHandler
                0x0800620c                USART6_IRQHandler
                0x0800620c                USART3_IRQHandler
                0x0800620c                CAN1_RX1_IRQHandler
                0x0800620c                UART5_IRQHandler
                0x0800620c                DMA2_Stream0_IRQHandler
                0x0800620c                TIM4_IRQHandler
                0x0800620c                I2C1_EV_IRQHandler
                0x0800620c                DMA1_Stream1_IRQHandler
                0x0800620c                UART4_IRQHandler
                0x0800620c                TIM3_IRQHandler
                0x0800620c                RCC_IRQHandler
                0x0800620c                TIM8_BRK_TIM12_IRQHandler
                0x0800620c                Default_Handler
                0x0800620c                EXTI15_10_IRQHandler
                0x0800620c                ADC_IRQHandler
                0x0800620c                DMA1_Stream7_IRQHandler
                0x0800620c                CAN2_TX_IRQHandler
                0x0800620c                TIM5_IRQHandler
                0x0800620c                I2C3_EV_IRQHandler
                0x0800620c                EXTI9_5_IRQHandler
                0x0800620c                RTC_WKUP_IRQHandler
                0x0800620c                ETH_WKUP_IRQHandler
                0x0800620c                SPI2_IRQHandler
                0x0800620c                OTG_HS_EP1_IN_IRQHandler
                0x0800620c                DMA1_Stream0_IRQHandler
                0x0800620c                CAN1_TX_IRQHandler
                0x0800620c                EXTI4_IRQHandler
                0x0800620c                FSMC_IRQHandler
                0x0800620c                ETH_IRQHandler
                0x0800620c                OTG_HS_EP1_OUT_IRQHandler
                0x0800620c                WWDG_IRQHandler
                0x0800620c                TIM2_IRQHandler
                0x0800620c                OTG_FS_WKUP_IRQHandler
                0x0800620c                TIM1_TRG_COM_TIM11_IRQHandler
                0x0800620c                OTG_HS_IRQHandler
                0x0800620c                EXTI1_IRQHandler
                0x0800620c                I2C2_ER_IRQHandler
                0x0800620c                DMA2_Stream1_IRQHandler
                0x0800620c                CAN1_SCE_IRQHandler
                0x0800620c                FLASH_IRQHandler
                0x0800620c                DMA2_Stream4_IRQHandler
                0x0800620c                OTG_FS_IRQHandler
                0x0800620c                SPI3_IRQHandler
                0x0800620c                DMA1_Stream4_IRQHandler
                0x0800620c                I2C1_ER_IRQHandler
                0x0800620c                DMA2_Stream6_IRQHandler
                0x0800620c                DMA1_Stream3_IRQHandler
 *fill*         0x0800620e        0x2 
 .text.__libc_init_array
                0x08006210       0x48 e:/gnu tools arm embedded/9 2019-q4-major/bin/../lib/gcc/arm-none-eabi/9.2.1/../../../../arm-none-eabi/lib/thumb/v7e-m+fp/hard\libc_nano.a(lib_a-init.o)
                0x08006210                __libc_init_array
 .text.memcmp   0x08006258       0x1c e:/gnu tools arm embedded/9 2019-q4-major/bin/../lib/gcc/arm-none-eabi/9.2.1/../../../../arm-none-eabi/lib/thumb/v7e-m+fp/hard\libc_nano.a(lib_a-memcmp.o)
                0x08006258                memcmp
 .text.memcpy   0x08006274       0x1c e:/gnu tools arm embedded/9 2019-q4-major/bin/../lib/gcc/arm-none-eabi/9.2.1/../../../../arm-none-eabi/lib/thumb/v7e-m+fp/hard\libc_nano.a(lib_a-memcpy-stub.o)
                0x08006274                memcpy
 .text.memset   0x08006290       0x10 e:/gnu tools arm embedded/9 2019-q4-major/bin/../lib/gcc/arm-none-eabi/9.2.1/../../../../arm-none-eabi/lib/thumb/v7e-m+fp/hard\libc_nano.a(lib_a-memset.o)
                0x08006290                memset
 .text.__cvt    0x080062a0       0xc4 e:/gnu tools arm embedded/9 2019-q4-major/bin/../lib/gcc/arm-none-eabi/9.2.1/../../../../arm-none-eabi/lib/thumb/v7e-m+fp/hard\libc_nano.a(lib_a-nano-vfprintf_float.o)
                0x080062a0                __cvt
 .text.__exponent
                0x08006364       0x7c e:/gnu tools arm embedded/9 2019-q4-major/bin/../lib/gcc/arm-none-eabi/9.2.1/../../../../arm-none-eabi/lib/thumb/v7e-m+fp/hard\libc_nano.a(lib_a-nano-vfprintf_float.o)
                0x08006364                __exponent
 .text._printf_float
                0x080063e0      0x46c e:/gnu tools arm embedded/9 2019-q4-major/bin/../lib/gcc/arm-none-eabi/9.2.1/../../../../arm-none-eabi/lib/thumb/v7e-m+fp/hard\libc_nano.a(lib_a-nano-vfprintf_float.o)
                0x080063e0                _printf_float
 .text._printf_common
                0x0800684c       0xda e:/gnu tools arm embedded/9 2019-q4-major/bin/../lib/gcc/arm-none-eabi/9.2.1/../../../../arm-none-eabi/lib/thumb/v7e-m+fp/hard\libc_nano.a(lib_a-nano-vfprintf_i.o)
                0x0800684c                _printf_common
 *fill*         0x08006926        0x2 
 .text._printf_i
                0x08006928      0x24c e:/gnu tools arm embedded/9 2019-q4-major/bin/../lib/gcc/arm-none-eabi/9.2.1/../../../../arm-none-eabi/lib/thumb/v7e-m+fp/hard\libc_nano.a(lib_a-nano-vfprintf_i.o)
                0x08006928                _printf_i
 .text.printf   0x08006b74       0x30 e:/gnu tools arm embedded/9 2019-q4-major/bin/../lib/gcc/arm-none-eabi/9.2.1/../../../../arm-none-eabi/lib/thumb/v7e-m+fp/hard\libc_nano.a(lib_a-printf.o)
                0x08006b74                iprintf
                0x08006b74                printf
 .text._puts_r  0x08006ba4       0xdc e:/gnu tools arm embedded/9 2019-q4-major/bin/../lib/gcc/arm-none-eabi/9.2.1/../../../../arm-none-eabi/lib/thumb/v7e-m+fp/hard\libc_nano.a(lib_a-puts.o)
                0x08006ba4                _puts_r
 .text.puts     0x08006c80       0x10 e:/gnu tools arm embedded/9 2019-q4-major/bin/../lib/gcc/arm-none-eabi/9.2.1/../../../../arm-none-eabi/lib/thumb/v7e-m+fp/hard\libc_nano.a(lib_a-puts.o)
                0x08006c80                puts
 .text.__swbuf_r
                0x08006c90       0xa4 e:/gnu tools arm embedded/9 2019-q4-major/bin/../lib/gcc/arm-none-eabi/9.2.1/../../../../arm-none-eabi/lib/thumb/v7e-m+fp/hard\libc_nano.a(lib_a-wbuf.o)
                0x08006c90                __swbuf_r
 .text.__swsetup_r
                0x08006d34       0xdc e:/gnu tools arm embedded/9 2019-q4-major/bin/../lib/gcc/arm-none-eabi/9.2.1/../../../../arm-none-eabi/lib/thumb/v7e-m+fp/hard\libc_nano.a(lib_a-wsetup.o)
                0x08006d34                __swsetup_r
 .text.quorem   0x08006e10      0x116 e:/gnu tools arm embedded/9 2019-q4-major/bin/../lib/gcc/arm-none-eabi/9.2.1/../../../../arm-none-eabi/lib/thumb/v7e-m+fp/hard\libc_nano.a(lib_a-dtoa.o)
 *fill*         0x08006f26        0x2 
 .text._dtoa_r  0x08006f28      0xbbc e:/gnu tools arm embedded/9 2019-q4-major/bin/../lib/gcc/arm-none-eabi/9.2.1/../../../../arm-none-eabi/lib/thumb/v7e-m+fp/hard\libc_nano.a(lib_a-dtoa.o)
                0x08006f28                _dtoa_r
 .text.__sflush_r
                0x08007ae4      0x10c e:/gnu tools arm embedded/9 2019-q4-major/bin/../lib/gcc/arm-none-eabi/9.2.1/../../../../arm-none-eabi/lib/thumb/v7e-m+fp/hard\libc_nano.a(lib_a-fflush.o)
                0x08007ae4                __sflush_r
 .text._fflush_r
                0x08007bf0       0x78 e:/gnu tools arm embedded/9 2019-q4-major/bin/../lib/gcc/arm-none-eabi/9.2.1/../../../../arm-none-eabi/lib/thumb/v7e-m+fp/hard\libc_nano.a(lib_a-fflush.o)
                0x08007bf0                _fflush_r
 .text.std      0x08007c68       0x48 e:/gnu tools arm embedded/9 2019-q4-major/bin/../lib/gcc/arm-none-eabi/9.2.1/../../../../arm-none-eabi/lib/thumb/v7e-m+fp/hard\libc_nano.a(lib_a-findfp.o)
 .text._cleanup_r
                0x08007cb0        0xc e:/gnu tools arm embedded/9 2019-q4-major/bin/../lib/gcc/arm-none-eabi/9.2.1/../../../../arm-none-eabi/lib/thumb/v7e-m+fp/hard\libc_nano.a(lib_a-findfp.o)
                0x08007cb0                _cleanup_r
 .text.__sfmoreglue
                0x08007cbc       0x2c e:/gnu tools arm embedded/9 2019-q4-major/bin/../lib/gcc/arm-none-eabi/9.2.1/../../../../arm-none-eabi/lib/thumb/v7e-m+fp/hard\libc_nano.a(lib_a-findfp.o)
                0x08007cbc                __sfmoreglue
 .text.__sfp_lock_acquire
                0x08007ce8        0xc e:/gnu tools arm embedded/9 2019-q4-major/bin/../lib/gcc/arm-none-eabi/9.2.1/../../../../arm-none-eabi/lib/thumb/v7e-m+fp/hard\libc_nano.a(lib_a-findfp.o)
                0x08007ce8                __sfp_lock_acquire
 .text.__sfp_lock_release
                0x08007cf4        0xc e:/gnu tools arm embedded/9 2019-q4-major/bin/../lib/gcc/arm-none-eabi/9.2.1/../../../../arm-none-eabi/lib/thumb/v7e-m+fp/hard\libc_nano.a(lib_a-findfp.o)
                0x08007cf4                __sfp_lock_release
 .text.__sinit_lock_acquire
                0x08007d00        0xc e:/gnu tools arm embedded/9 2019-q4-major/bin/../lib/gcc/arm-none-eabi/9.2.1/../../../../arm-none-eabi/lib/thumb/v7e-m+fp/hard\libc_nano.a(lib_a-findfp.o)
                0x08007d00                __sinit_lock_acquire
 .text.__sinit_lock_release
                0x08007d0c        0xc e:/gnu tools arm embedded/9 2019-q4-major/bin/../lib/gcc/arm-none-eabi/9.2.1/../../../../arm-none-eabi/lib/thumb/v7e-m+fp/hard\libc_nano.a(lib_a-findfp.o)
                0x08007d0c                __sinit_lock_release
 .text.__sinit  0x08007d18       0x70 e:/gnu tools arm embedded/9 2019-q4-major/bin/../lib/gcc/arm-none-eabi/9.2.1/../../../../arm-none-eabi/lib/thumb/v7e-m+fp/hard\libc_nano.a(lib_a-findfp.o)
                0x08007d18                __sinit
 .text.__sfp    0x08007d88       0x8c e:/gnu tools arm embedded/9 2019-q4-major/bin/../lib/gcc/arm-none-eabi/9.2.1/../../../../arm-none-eabi/lib/thumb/v7e-m+fp/hard\libc_nano.a(lib_a-findfp.o)
                0x08007d88                __sfp
 .text._fwalk_reent
                0x08007e14       0x3e e:/gnu tools arm embedded/9 2019-q4-major/bin/../lib/gcc/arm-none-eabi/9.2.1/../../../../arm-none-eabi/lib/thumb/v7e-m+fp/hard\libc_nano.a(lib_a-fwalk.o)
                0x08007e14                _fwalk_reent
 *fill*         0x08007e52        0x2 
 .text._localeconv_r
                0x08007e54        0x8 e:/gnu tools arm embedded/9 2019-q4-major/bin/../lib/gcc/arm-none-eabi/9.2.1/../../../../arm-none-eabi/lib/thumb/v7e-m+fp/hard\libc_nano.a(lib_a-localeconv.o)
                0x08007e54                _localeconv_r
 .text.__retarget_lock_init_recursive
                0x08007e5c        0x2 e:/gnu tools arm embedded/9 2019-q4-major/bin/../lib/gcc/arm-none-eabi/9.2.1/../../../../arm-none-eabi/lib/thumb/v7e-m+fp/hard\libc_nano.a(lib_a-lock.o)
                0x08007e5c                __retarget_lock_init_recursive
 .text.__retarget_lock_acquire_recursive
                0x08007e5e        0x2 e:/gnu tools arm embedded/9 2019-q4-major/bin/../lib/gcc/arm-none-eabi/9.2.1/../../../../arm-none-eabi/lib/thumb/v7e-m+fp/hard\libc_nano.a(lib_a-lock.o)
                0x08007e5e                __retarget_lock_acquire_recursive
 .text.__retarget_lock_release_recursive
                0x08007e60        0x2 e:/gnu tools arm embedded/9 2019-q4-major/bin/../lib/gcc/arm-none-eabi/9.2.1/../../../../arm-none-eabi/lib/thumb/v7e-m+fp/hard\libc_nano.a(lib_a-lock.o)
                0x08007e60                __retarget_lock_release_recursive
 .text.__swhatbuf_r
                0x08007e62       0x48 e:/gnu tools arm embedded/9 2019-q4-major/bin/../lib/gcc/arm-none-eabi/9.2.1/../../../../arm-none-eabi/lib/thumb/v7e-m+fp/hard\libc_nano.a(lib_a-makebuf.o)
                0x08007e62                __swhatbuf_r
 *fill*         0x08007eaa        0x2 
 .text.__smakebuf_r
                0x08007eac       0x80 e:/gnu tools arm embedded/9 2019-q4-major/bin/../lib/gcc/arm-none-eabi/9.2.1/../../../../arm-none-eabi/lib/thumb/v7e-m+fp/hard\libc_nano.a(lib_a-makebuf.o)
                0x08007eac                __smakebuf_r
 .text.malloc   0x08007f2c       0x10 e:/gnu tools arm embedded/9 2019-q4-major/bin/../lib/gcc/arm-none-eabi/9.2.1/../../../../arm-none-eabi/lib/thumb/v7e-m+fp/hard\libc_nano.a(lib_a-malloc.o)
                0x08007f2c                malloc
 .text._Balloc  0x08007f3c       0x68 e:/gnu tools arm embedded/9 2019-q4-major/bin/../lib/gcc/arm-none-eabi/9.2.1/../../../../arm-none-eabi/lib/thumb/v7e-m+fp/hard\libc_nano.a(lib_a-mprec.o)
                0x08007f3c                _Balloc
 .text._Bfree   0x08007fa4       0x2e e:/gnu tools arm embedded/9 2019-q4-major/bin/../lib/gcc/arm-none-eabi/9.2.1/../../../../arm-none-eabi/lib/thumb/v7e-m+fp/hard\libc_nano.a(lib_a-mprec.o)
                0x08007fa4                _Bfree
 .text.__multadd
                0x08007fd2       0x7c e:/gnu tools arm embedded/9 2019-q4-major/bin/../lib/gcc/arm-none-eabi/9.2.1/../../../../arm-none-eabi/lib/thumb/v7e-m+fp/hard\libc_nano.a(lib_a-mprec.o)
                0x08007fd2                __multadd
 .text.__hi0bits
                0x0800804e       0x40 e:/gnu tools arm embedded/9 2019-q4-major/bin/../lib/gcc/arm-none-eabi/9.2.1/../../../../arm-none-eabi/lib/thumb/v7e-m+fp/hard\libc_nano.a(lib_a-mprec.o)
                0x0800804e                __hi0bits
 .text.__lo0bits
                0x0800808e       0x60 e:/gnu tools arm embedded/9 2019-q4-major/bin/../lib/gcc/arm-none-eabi/9.2.1/../../../../arm-none-eabi/lib/thumb/v7e-m+fp/hard\libc_nano.a(lib_a-mprec.o)
                0x0800808e                __lo0bits
 .text.__i2b    0x080080ee       0x12 e:/gnu tools arm embedded/9 2019-q4-major/bin/../lib/gcc/arm-none-eabi/9.2.1/../../../../arm-none-eabi/lib/thumb/v7e-m+fp/hard\libc_nano.a(lib_a-mprec.o)
                0x080080ee                __i2b
 .text.__multiply
                0x08008100      0x138 e:/gnu tools arm embedded/9 2019-q4-major/bin/../lib/gcc/arm-none-eabi/9.2.1/../../../../arm-none-eabi/lib/thumb/v7e-m+fp/hard\libc_nano.a(lib_a-mprec.o)
                0x08008100                __multiply
 .text.__pow5mult
                0x08008238       0x9c e:/gnu tools arm embedded/9 2019-q4-major/bin/../lib/gcc/arm-none-eabi/9.2.1/../../../../arm-none-eabi/lib/thumb/v7e-m+fp/hard\libc_nano.a(lib_a-mprec.o)
                0x08008238                __pow5mult
 .text.__lshift
                0x080082d4       0xbe e:/gnu tools arm embedded/9 2019-q4-major/bin/../lib/gcc/arm-none-eabi/9.2.1/../../../../arm-none-eabi/lib/thumb/v7e-m+fp/hard\libc_nano.a(lib_a-mprec.o)
                0x080082d4                __lshift
 .text.__mcmp   0x08008392       0x38 e:/gnu tools arm embedded/9 2019-q4-major/bin/../lib/gcc/arm-none-eabi/9.2.1/../../../../arm-none-eabi/lib/thumb/v7e-m+fp/hard\libc_nano.a(lib_a-mprec.o)
                0x08008392                __mcmp
 .text.__mdiff  0x080083ca       0xec e:/gnu tools arm embedded/9 2019-q4-major/bin/../lib/gcc/arm-none-eabi/9.2.1/../../../../arm-none-eabi/lib/thumb/v7e-m+fp/hard\libc_nano.a(lib_a-mprec.o)
                0x080083ca                __mdiff
 .text.__d2b    0x080084b6       0xa0 e:/gnu tools arm embedded/9 2019-q4-major/bin/../lib/gcc/arm-none-eabi/9.2.1/../../../../arm-none-eabi/lib/thumb/v7e-m+fp/hard\libc_nano.a(lib_a-mprec.o)
                0x080084b6                __d2b
 .text._calloc_r
                0x08008556       0x1e e:/gnu tools arm embedded/9 2019-q4-major/bin/../lib/gcc/arm-none-eabi/9.2.1/../../../../arm-none-eabi/lib/thumb/v7e-m+fp/hard\libc_nano.a(lib_a-nano-callocr.o)
                0x08008556                _calloc_r
 .text._free_r  0x08008574       0xa0 e:/gnu tools arm embedded/9 2019-q4-major/bin/../lib/gcc/arm-none-eabi/9.2.1/../../../../arm-none-eabi/lib/thumb/v7e-m+fp/hard\libc_nano.a(lib_a-nano-freer.o)
                0x08008574                _free_r
 .text._malloc_r
                0x08008614       0xb4 e:/gnu tools arm embedded/9 2019-q4-major/bin/../lib/gcc/arm-none-eabi/9.2.1/../../../../arm-none-eabi/lib/thumb/v7e-m+fp/hard\libc_nano.a(lib_a-nano-mallocr.o)
                0x08008614                _malloc_r
 .text.__sfputc_r
                0x080086c8       0x2e e:/gnu tools arm embedded/9 2019-q4-major/bin/../lib/gcc/arm-none-eabi/9.2.1/../../../../arm-none-eabi/lib/thumb/v7e-m+fp/hard\libc_nano.a(lib_a-nano-vfprintf.o)
 .text.__sfputs_r
                0x080086f6       0x24 e:/gnu tools arm embedded/9 2019-q4-major/bin/../lib/gcc/arm-none-eabi/9.2.1/../../../../arm-none-eabi/lib/thumb/v7e-m+fp/hard\libc_nano.a(lib_a-nano-vfprintf.o)
                0x080086f6                __sfputs_r
 *fill*         0x0800871a        0x2 
 .text._vfprintf_r
                0x0800871c      0x260 e:/gnu tools arm embedded/9 2019-q4-major/bin/../lib/gcc/arm-none-eabi/9.2.1/../../../../arm-none-eabi/lib/thumb/v7e-m+fp/hard\libc_nano.a(lib_a-nano-vfprintf.o)
                0x0800871c                _vfprintf_r
                0x0800871c                _vfiprintf_r
 .text._sbrk_r  0x0800897c       0x20 e:/gnu tools arm embedded/9 2019-q4-major/bin/../lib/gcc/arm-none-eabi/9.2.1/../../../../arm-none-eabi/lib/thumb/v7e-m+fp/hard\libc_nano.a(lib_a-sbrkr.o)
                0x0800897c                _sbrk_r
 .text.__sread  0x0800899c       0x22 e:/gnu tools arm embedded/9 2019-q4-major/bin/../lib/gcc/arm-none-eabi/9.2.1/../../../../arm-none-eabi/lib/thumb/v7e-m+fp/hard\libc_nano.a(lib_a-stdio.o)
                0x0800899c                __sread
 .text.__swrite
                0x080089be       0x38 e:/gnu tools arm embedded/9 2019-q4-major/bin/../lib/gcc/arm-none-eabi/9.2.1/../../../../arm-none-eabi/lib/thumb/v7e-m+fp/hard\libc_nano.a(lib_a-stdio.o)
                0x080089be                __swrite
 .text.__sseek  0x080089f6       0x24 e:/gnu tools arm embedded/9 2019-q4-major/bin/../lib/gcc/arm-none-eabi/9.2.1/../../../../arm-none-eabi/lib/thumb/v7e-m+fp/hard\libc_nano.a(lib_a-stdio.o)
                0x080089f6                __sseek
 .text.__sclose
                0x08008a1a        0x8 e:/gnu tools arm embedded/9 2019-q4-major/bin/../lib/gcc/arm-none-eabi/9.2.1/../../../../arm-none-eabi/lib/thumb/v7e-m+fp/hard\libc_nano.a(lib_a-stdio.o)
                0x08008a1a                __sclose
 *fill*         0x08008a22        0x2 
 .text._write_r
                0x08008a24       0x24 e:/gnu tools arm embedded/9 2019-q4-major/bin/../lib/gcc/arm-none-eabi/9.2.1/../../../../arm-none-eabi/lib/thumb/v7e-m+fp/hard\libc_nano.a(lib_a-writer.o)
                0x08008a24                _write_r
 .text._close_r
                0x08008a48       0x20 e:/gnu tools arm embedded/9 2019-q4-major/bin/../lib/gcc/arm-none-eabi/9.2.1/../../../../arm-none-eabi/lib/thumb/v7e-m+fp/hard\libc_nano.a(lib_a-closer.o)
                0x08008a48                _close_r
 .text._fstat_r
                0x08008a68       0x24 e:/gnu tools arm embedded/9 2019-q4-major/bin/../lib/gcc/arm-none-eabi/9.2.1/../../../../arm-none-eabi/lib/thumb/v7e-m+fp/hard\libc_nano.a(lib_a-fstatr.o)
                0x08008a68                _fstat_r
 .text._isatty_r
                0x08008a8c       0x20 e:/gnu tools arm embedded/9 2019-q4-major/bin/../lib/gcc/arm-none-eabi/9.2.1/../../../../arm-none-eabi/lib/thumb/v7e-m+fp/hard\libc_nano.a(lib_a-isattyr.o)
                0x08008a8c                _isatty_r
 .text._lseek_r
                0x08008aac       0x24 e:/gnu tools arm embedded/9 2019-q4-major/bin/../lib/gcc/arm-none-eabi/9.2.1/../../../../arm-none-eabi/lib/thumb/v7e-m+fp/hard\libc_nano.a(lib_a-lseekr.o)
                0x08008aac                _lseek_r
 .text.__ascii_mbtowc
                0x08008ad0       0x24 e:/gnu tools arm embedded/9 2019-q4-major/bin/../lib/gcc/arm-none-eabi/9.2.1/../../../../arm-none-eabi/lib/thumb/v7e-m+fp/hard\libc_nano.a(lib_a-mbtowc_r.o)
                0x08008ad0                __ascii_mbtowc
 .text.__malloc_lock
                0x08008af4        0xc e:/gnu tools arm embedded/9 2019-q4-major/bin/../lib/gcc/arm-none-eabi/9.2.1/../../../../arm-none-eabi/lib/thumb/v7e-m+fp/hard\libc_nano.a(lib_a-mlock.o)
                0x08008af4                __malloc_lock
 .text.__malloc_unlock
                0x08008b00        0xc e:/gnu tools arm embedded/9 2019-q4-major/bin/../lib/gcc/arm-none-eabi/9.2.1/../../../../arm-none-eabi/lib/thumb/v7e-m+fp/hard\libc_nano.a(lib_a-mlock.o)
                0x08008b00                __malloc_unlock
 .text._read_r  0x08008b0c       0x24 e:/gnu tools arm embedded/9 2019-q4-major/bin/../lib/gcc/arm-none-eabi/9.2.1/../../../../arm-none-eabi/lib/thumb/v7e-m+fp/hard\libc_nano.a(lib_a-readr.o)
                0x08008b0c                _read_r
 .text.__ascii_wctomb
                0x08008b30       0x1a e:/gnu tools arm embedded/9 2019-q4-major/bin/../lib/gcc/arm-none-eabi/9.2.1/../../../../arm-none-eabi/lib/thumb/v7e-m+fp/hard\libc_nano.a(lib_a-wctomb_r.o)
                0x08008b30                __ascii_wctomb
 *fill*         0x08008b4a        0x2 
 .text._close   0x08008b4c       0x10 e:/gnu tools arm embedded/9 2019-q4-major/bin/../lib/gcc/arm-none-eabi/9.2.1/../../../../arm-none-eabi/lib/thumb/v7e-m+fp/hard\libnosys.a(close.o)
                0x08008b4c                _close
 .text._fstat   0x08008b5c       0x10 e:/gnu tools arm embedded/9 2019-q4-major/bin/../lib/gcc/arm-none-eabi/9.2.1/../../../../arm-none-eabi/lib/thumb/v7e-m+fp/hard\libnosys.a(fstat.o)
                0x08008b5c                _fstat
 .text._isatty  0x08008b6c       0x10 e:/gnu tools arm embedded/9 2019-q4-major/bin/../lib/gcc/arm-none-eabi/9.2.1/../../../../arm-none-eabi/lib/thumb/v7e-m+fp/hard\libnosys.a(isatty.o)
                0x08008b6c                _isatty
 .text._lseek   0x08008b7c       0x10 e:/gnu tools arm embedded/9 2019-q4-major/bin/../lib/gcc/arm-none-eabi/9.2.1/../../../../arm-none-eabi/lib/thumb/v7e-m+fp/hard\libnosys.a(lseek.o)
                0x08008b7c                _lseek
 .text._read    0x08008b8c       0x10 e:/gnu tools arm embedded/9 2019-q4-major/bin/../lib/gcc/arm-none-eabi/9.2.1/../../../../arm-none-eabi/lib/thumb/v7e-m+fp/hard\libnosys.a(read.o)
                0x08008b8c                _read
 .text._sbrk    0x08008b9c       0x1c e:/gnu tools arm embedded/9 2019-q4-major/bin/../lib/gcc/arm-none-eabi/9.2.1/../../../../arm-none-eabi/lib/thumb/v7e-m+fp/hard\libnosys.a(sbrk.o)
                0x08008b9c                _sbrk
 *(.glue_7)
 .glue_7        0x08008bb8        0x0 linker stubs
 *(.glue_7t)
 .glue_7t       0x08008bb8        0x0 linker stubs
 *(.eh_frame)
 .eh_frame      0x08008bb8        0x0 e:/gnu tools arm embedded/9 2019-q4-major/bin/../lib/gcc/arm-none-eabi/9.2.1/thumb/v7e-m+fp/hard/crtbegin.o
 *(.init)
 .init          0x08008bb8        0x4 e:/gnu tools arm embedded/9 2019-q4-major/bin/../lib/gcc/arm-none-eabi/9.2.1/thumb/v7e-m+fp/hard/crti.o
                0x08008bb8                _init
 .init          0x08008bbc        0x8 e:/gnu tools arm embedded/9 2019-q4-major/bin/../lib/gcc/arm-none-eabi/9.2.1/thumb/v7e-m+fp/hard/crtn.o
 *(.fini)
 .fini          0x08008bc4        0x4 e:/gnu tools arm embedded/9 2019-q4-major/bin/../lib/gcc/arm-none-eabi/9.2.1/thumb/v7e-m+fp/hard/crti.o
                0x08008bc4                _fini
 .fini          0x08008bc8        0x8 e:/gnu tools arm embedded/9 2019-q4-major/bin/../lib/gcc/arm-none-eabi/9.2.1/thumb/v7e-m+fp/hard/crtn.o
                0x08008bd0                . = ALIGN (0x4)
                0x08008bd0                _etext = .

.vfp11_veneer   0x08008bd0        0x0
 .vfp11_veneer  0x08008bd0        0x0 linker stubs

.v4_bx          0x08008bd0        0x0
 .v4_bx         0x08008bd0        0x0 linker stubs

.iplt           0x08008bd0        0x0
 .iplt          0x08008bd0        0x0 e:/gnu tools arm embedded/9 2019-q4-major/bin/../lib/gcc/arm-none-eabi/9.2.1/thumb/v7e-m+fp/hard/crtbegin.o

.rodata         0x08008bd0      0xdd8
                0x08008bd0                . = ALIGN (0x4)
 *(.rodata)
 *(.rodata*)
 .rodata.MavlinkProcessMsg.str1.4
                0x08008bd0       0x8f build/mavlink_task.o
 *fill*         0x08008c5f        0x1 
 .rodata.MavlinkInit.str1.4
                0x08008c60        0xc build/mavlink_task.o
 .rodata.mavlink_message_crcs.8192
                0x08008c6c      0x948 build/mavlink_task.o
 .rodata.mavlink_sha256_constant_256
                0x080095b4      0x100 build/mavlink_task.o
 .rodata.main.str1.4
                0x080096b4        0xe build/main.o
                                 0x16 (size before relaxing)
 *fill*         0x080096c2        0x2 
 .rodata.flagBitshiftOffset.8495
                0x080096c4        0x8 build/stm32f4xx_hal_dma.o
 .rodata.AHBPrescTable
                0x080096cc       0x10 build/system_stm32f4xx.o
                0x080096cc                AHBPrescTable
 .rodata.APBPrescTable
                0x080096dc        0x8 build/system_stm32f4xx.o
                0x080096dc                APBPrescTable
 .rodata._global_impure_ptr
                0x080096e4        0x4 e:/gnu tools arm embedded/9 2019-q4-major/bin/../lib/gcc/arm-none-eabi/9.2.1/../../../../arm-none-eabi/lib/thumb/v7e-m+fp/hard\libc_nano.a(lib_a-impure.o)
                0x080096e4                _global_impure_ptr
 .rodata._printf_float.str1.1
                0x080096e8       0x12 e:/gnu tools arm embedded/9 2019-q4-major/bin/../lib/gcc/arm-none-eabi/9.2.1/../../../../arm-none-eabi/lib/thumb/v7e-m+fp/hard\libc_nano.a(lib_a-nano-vfprintf_float.o)
 .rodata._printf_i.str1.1
                0x080096fa       0x22 e:/gnu tools arm embedded/9 2019-q4-major/bin/../lib/gcc/arm-none-eabi/9.2.1/../../../../arm-none-eabi/lib/thumb/v7e-m+fp/hard\libc_nano.a(lib_a-nano-vfprintf_i.o)
 .rodata._dtoa_r.str1.1
                0x0800971c        0xd e:/gnu tools arm embedded/9 2019-q4-major/bin/../lib/gcc/arm-none-eabi/9.2.1/../../../../arm-none-eabi/lib/thumb/v7e-m+fp/hard\libc_nano.a(lib_a-dtoa.o)
                                  0xf (size before relaxing)
 *fill*         0x08009729        0x3 
 .rodata.__sf_fake_stderr
                0x0800972c       0x20 e:/gnu tools arm embedded/9 2019-q4-major/bin/../lib/gcc/arm-none-eabi/9.2.1/../../../../arm-none-eabi/lib/thumb/v7e-m+fp/hard\libc_nano.a(lib_a-findfp.o)
                0x0800972c                __sf_fake_stderr
 .rodata.__sf_fake_stdin
                0x0800974c       0x20 e:/gnu tools arm embedded/9 2019-q4-major/bin/../lib/gcc/arm-none-eabi/9.2.1/../../../../arm-none-eabi/lib/thumb/v7e-m+fp/hard\libc_nano.a(lib_a-findfp.o)
                0x0800974c                __sf_fake_stdin
 .rodata.__sf_fake_stdout
                0x0800976c       0x20 e:/gnu tools arm embedded/9 2019-q4-major/bin/../lib/gcc/arm-none-eabi/9.2.1/../../../../arm-none-eabi/lib/thumb/v7e-m+fp/hard\libc_nano.a(lib_a-findfp.o)
                0x0800976c                __sf_fake_stdout
 *fill*         0x0800978c        0x4 
 .rodata.__mprec_bigtens
                0x08009790       0x28 e:/gnu tools arm embedded/9 2019-q4-major/bin/../lib/gcc/arm-none-eabi/9.2.1/../../../../arm-none-eabi/lib/thumb/v7e-m+fp/hard\libc_nano.a(lib_a-mprec.o)
                0x08009790                __mprec_bigtens
 .rodata.__mprec_tens
                0x080097b8       0xc8 e:/gnu tools arm embedded/9 2019-q4-major/bin/../lib/gcc/arm-none-eabi/9.2.1/../../../../arm-none-eabi/lib/thumb/v7e-m+fp/hard\libc_nano.a(lib_a-mprec.o)
                0x080097b8                __mprec_tens
 .rodata.p05.7490
                0x08009880        0xc e:/gnu tools arm embedded/9 2019-q4-major/bin/../lib/gcc/arm-none-eabi/9.2.1/../../../../arm-none-eabi/lib/thumb/v7e-m+fp/hard\libc_nano.a(lib_a-mprec.o)
 .rodata._vfprintf_r.str1.1
                0x0800988c       0x11 e:/gnu tools arm embedded/9 2019-q4-major/bin/../lib/gcc/arm-none-eabi/9.2.1/../../../../arm-none-eabi/lib/thumb/v7e-m+fp/hard\libc_nano.a(lib_a-nano-vfprintf.o)
 .rodata._setlocale_r.str1.1
                0x0800989d        0x8 e:/gnu tools arm embedded/9 2019-q4-major/bin/../lib/gcc/arm-none-eabi/9.2.1/../../../../arm-none-eabi/lib/thumb/v7e-m+fp/hard\libc_nano.a(lib_a-locale.o)
                                  0x9 (size before relaxing)
 .rodata.str1.1
                0x080098a5        0x2 e:/gnu tools arm embedded/9 2019-q4-major/bin/../lib/gcc/arm-none-eabi/9.2.1/../../../../arm-none-eabi/lib/thumb/v7e-m+fp/hard\libc_nano.a(lib_a-locale.o)
 .rodata._ctype_
                0x080098a7      0x101 e:/gnu tools arm embedded/9 2019-q4-major/bin/../lib/gcc/arm-none-eabi/9.2.1/../../../../arm-none-eabi/lib/thumb/v7e-m+fp/hard\libc_nano.a(lib_a-ctype_.o)
                0x080098a7                _ctype_
                0x080099a8                . = ALIGN (0x4)

.ARM.extab
 *(.ARM.extab* .gnu.linkonce.armextab.*)

.ARM            0x080099a8        0x8
                0x080099a8                __exidx_start = .
 *(.ARM.exidx*)
 .ARM.exidx     0x080099a8        0x8 e:/gnu tools arm embedded/9 2019-q4-major/bin/../lib/gcc/arm-none-eabi/9.2.1/thumb/v7e-m+fp/hard\libgcc.a(_udivmoddi4.o)
                0x080099b0                __exidx_end = .

.rel.dyn        0x080099b0        0x0
 .rel.iplt      0x080099b0        0x0 e:/gnu tools arm embedded/9 2019-q4-major/bin/../lib/gcc/arm-none-eabi/9.2.1/thumb/v7e-m+fp/hard/crtbegin.o

.preinit_array  0x080099b0        0x0
                0x080099b0                PROVIDE (__preinit_array_start = .)
 *(.preinit_array*)
                0x080099b0                PROVIDE (__preinit_array_end = .)

.init_array     0x080099b0        0x4
                0x080099b0                PROVIDE (__init_array_start = .)
 *(SORT_BY_NAME(.init_array.*))
 *(.init_array*)
 .init_array    0x080099b0        0x4 e:/gnu tools arm embedded/9 2019-q4-major/bin/../lib/gcc/arm-none-eabi/9.2.1/thumb/v7e-m+fp/hard/crtbegin.o
                0x080099b4                PROVIDE (__init_array_end = .)

.fini_array     0x080099b4        0x4
                [!provide]                PROVIDE (__fini_array_start = .)
 *(SORT_BY_NAME(.fini_array.*))
 *(.fini_array*)
 .fini_array    0x080099b4        0x4 e:/gnu tools arm embedded/9 2019-q4-major/bin/../lib/gcc/arm-none-eabi/9.2.1/thumb/v7e-m+fp/hard/crtbegin.o
                [!provide]                PROVIDE (__fini_array_end = .)
                0x080099b8                _sidata = LOADADDR (.data)

.data           0x20000000      0x1e0 load address 0x080099b8
                0x20000000                . = ALIGN (0x4)
                0x20000000                _sdata = .
 *(.data)
 *(.data*)
 .data.uwTickFreq
                0x20000000        0x1 build/stm32f4xx_hal.o
                0x20000000                uwTickFreq
 *fill*         0x20000001        0x3 
 .data.uwTickPrio
                0x20000004        0x4 build/stm32f4xx_hal.o
                0x20000004                uwTickPrio
 .data.SystemCoreClock
                0x20000008        0x4 build/system_stm32f4xx.o
                0x20000008                SystemCoreClock
 .data.uxCriticalNesting
                0x2000000c        0x4 build/port.o
 .data._impure_ptr
                0x20000010        0x4 e:/gnu tools arm embedded/9 2019-q4-major/bin/../lib/gcc/arm-none-eabi/9.2.1/../../../../arm-none-eabi/lib/thumb/v7e-m+fp/hard\libc_nano.a(lib_a-impure.o)
                0x20000010                _impure_ptr
 .data.impure_data
                0x20000014       0x60 e:/gnu tools arm embedded/9 2019-q4-major/bin/../lib/gcc/arm-none-eabi/9.2.1/../../../../arm-none-eabi/lib/thumb/v7e-m+fp/hard\libc_nano.a(lib_a-impure.o)
 .data.__global_locale
                0x20000074      0x16c e:/gnu tools arm embedded/9 2019-q4-major/bin/../lib/gcc/arm-none-eabi/9.2.1/../../../../arm-none-eabi/lib/thumb/v7e-m+fp/hard\libc_nano.a(lib_a-locale.o)
                0x20000074                __global_locale
                0x200001e0                . = ALIGN (0x4)
                0x200001e0                _edata = .
                0x08009b98                _siccmram = LOADADDR (.ccmram)

.igot.plt       0x200001e0        0x0 load address 0x08009b98
 .igot.plt      0x200001e0        0x0 e:/gnu tools arm embedded/9 2019-q4-major/bin/../lib/gcc/arm-none-eabi/9.2.1/thumb/v7e-m+fp/hard/crtbegin.o

.ccmram         0x10000000        0x0 load address 0x08009b98
                0x10000000                . = ALIGN (0x4)
                0x10000000                _sccmram = .
 *(.ccmram)
 *(.ccmram*)
                0x10000000                . = ALIGN (0x4)
                0x10000000                _eccmram = .
                0x10000000                . = ALIGN (0x4)

.bss            0x200001e0     0x11e4
                0x200001e0                _sbss = .
                0x200001e0                __bss_start__ = _sbss
 *(.bss)
 .bss           0x200001e0       0x1c e:/gnu tools arm embedded/9 2019-q4-major/bin/../lib/gcc/arm-none-eabi/9.2.1/thumb/v7e-m+fp/hard/crtbegin.o
 *(.bss*)
 .bss.old_pos.9937
                0x200001fc        0x4 build/usart2.o
 .bss.osSys_usart2_queueMgm
                0x20000200       0x48 build/usart2.o
 .bss.osSys_usart2_queueStorage
                0x20000248       0x28 build/usart2.o
 .bss.rx_buffer
                0x20000270       0x80 build/usart2.o
 .bss.m_mavlink_buffer.8083
                0x200002f0      0x48c build/mavlink_task.o
 .bss.m_mavlink_status.8079
                0x2000077c       0x60 build/mavlink_task.o
 .bss.msg       0x200007dc      0x123 build/mavlink_task.o
 *fill*         0x200008ff        0x1 
 .bss.osSys_mavlink_taskStackBuffer
                0x20000900      0x600 build/mavlink_task.o
 .bss.osSys_mavlink_taskTaskBuffer
                0x20000f00       0x54 build/mavlink_task.o
 .bss.rc_channels_override
                0x20000f54       0x26 build/mavlink_task.o
 *fill*         0x20000f7a        0x2 
 .bss.status    0x20000f7c       0x18 build/mavlink_task.o
 .bss.i2c_data  0x20000f94        0x1 build/gy_86.o
 *fill*         0x20000f95        0x3 
 .bss.i2c_datas
                0x20000f98        0x6 build/gy_86.o
 *fill*         0x20000f9e        0x2 
 .bss.pxCurrentTCB
                0x20000fa0        0x4 build/tasks.o
                0x20000fa0                pxCurrentTCB
 .bss.pxDelayedTaskList
                0x20000fa4        0x4 build/tasks.o
 .bss.pxOverflowDelayedTaskList
                0x20000fa8        0x4 build/tasks.o
 .bss.pxReadyTasksLists
                0x20000fac       0x8c build/tasks.o
 .bss.uxCurrentNumberOfTasks
                0x20001038        0x4 build/tasks.o
 .bss.uxPendedTicks
                0x2000103c        0x4 build/tasks.o
 .bss.uxSchedulerSuspended
                0x20001040        0x4 build/tasks.o
 .bss.uxTaskNumber
                0x20001044        0x4 build/tasks.o
 .bss.uxTopReadyPriority
                0x20001048        0x4 build/tasks.o
 .bss.xDelayedTaskList1
                0x2000104c       0x14 build/tasks.o
 .bss.xDelayedTaskList2
                0x20001060       0x14 build/tasks.o
 .bss.xNextTaskUnblockTime
                0x20001074        0x4 build/tasks.o
 .bss.xNumOfOverflows
                0x20001078        0x4 build/tasks.o
 .bss.xPendingReadyList
                0x2000107c       0x14 build/tasks.o
 .bss.xSchedulerRunning
                0x20001090        0x4 build/tasks.o
 .bss.xSuspendedTaskList
                0x20001094       0x14 build/tasks.o
 .bss.xTasksWaitingTermination
                0x200010a8       0x14 build/tasks.o
 .bss.xTickCount
                0x200010bc        0x4 build/tasks.o
 .bss.xYieldPending
                0x200010c0        0x4 build/tasks.o
 .bss.ucMaxSysCallPriority
                0x200010c4        0x1 build/port.o
 *fill*         0x200010c5        0x3 
 .bss.ulMaxPRIGROUPValue
                0x200010c8        0x4 build/port.o
 .bss.__malloc_free_list
                0x200010cc        0x4 e:/gnu tools arm embedded/9 2019-q4-major/bin/../lib/gcc/arm-none-eabi/9.2.1/../../../../arm-none-eabi/lib/thumb/v7e-m+fp/hard\libc_nano.a(lib_a-nano-mallocr.o)
                0x200010cc                __malloc_free_list
 .bss.__malloc_sbrk_start
                0x200010d0        0x4 e:/gnu tools arm embedded/9 2019-q4-major/bin/../lib/gcc/arm-none-eabi/9.2.1/../../../../arm-none-eabi/lib/thumb/v7e-m+fp/hard\libc_nano.a(lib_a-nano-mallocr.o)
                0x200010d0                __malloc_sbrk_start
 .bss.heap_end.5507
                0x200010d4        0x4 e:/gnu tools arm embedded/9 2019-q4-major/bin/../lib/gcc/arm-none-eabi/9.2.1/../../../../arm-none-eabi/lib/thumb/v7e-m+fp/hard\libnosys.a(sbrk.o)
 *(COMMON)
 COMMON         0x200010d8        0x4 build/usart2.o
                0x200010d8                usart2_queue
 COMMON         0x200010dc       0x54 build/i2c.o
                0x200010dc                hi2c1
 COMMON         0x20001130       0x40 build/tim.o
                0x20001130                htim4
 COMMON         0x20001170      0x200 build/usart.o
                0x20001170                hdma_usart2_rx
                0x200011d0                hdma_usart1_tx
                0x20001230                hdma_usart1_rx
                0x20001290                hdma_usart2_tx
                0x200012f0                huart1
                0x20001330                huart2
 COMMON         0x20001370       0x40 build/stm32f4xx_hal_timebase_tim.o
                0x20001370                htim7
 COMMON         0x200013b0        0x4 build/stm32f4xx_hal.o
                0x200013b0                uwTick
 COMMON         0x200013b4        0x9 e:/gnu tools arm embedded/9 2019-q4-major/bin/../lib/gcc/arm-none-eabi/9.2.1/../../../../arm-none-eabi/lib/thumb/v7e-m+fp/hard\libc_nano.a(lib_a-lock.o)
                0x200013b4                __lock___atexit_recursive_mutex
                0x200013b5                __lock___arc4random_mutex
                0x200013b6                __lock___env_recursive_mutex
                0x200013b7                __lock___sinit_recursive_mutex
                0x200013b8                __lock___malloc_recursive_mutex
                0x200013b9                __lock___at_quick_exit_mutex
                0x200013ba                __lock___dd_hash_mutex
                0x200013bb                __lock___tz_mutex
                0x200013bc                __lock___sfp_recursive_mutex
 *fill*         0x200013bd        0x3 
 COMMON         0x200013c0        0x4 e:/gnu tools arm embedded/9 2019-q4-major/bin/../lib/gcc/arm-none-eabi/9.2.1/../../../../arm-none-eabi/lib/thumb/v7e-m+fp/hard\libc_nano.a(lib_a-reent.o)
                0x200013c0                errno
                0x200013c4                . = ALIGN (0x4)
                0x200013c4                _ebss = .
                0x200013c4                __bss_end__ = _ebss

._user_heap_stack
                0x200013c4      0x604
                0x200013c8                . = ALIGN (0x8)
 *fill*         0x200013c4        0x4 
                0x200013c8                PROVIDE (end = .)
                [!provide]                PROVIDE (_end = .)
                0x200015c8                . = (. + _Min_Heap_Size)
 *fill*         0x200013c8      0x200 
                0x200019c8                . = (. + _Min_Stack_Size)
 *fill*         0x200015c8      0x400 
                0x200019c8                . = ALIGN (0x8)

/DISCARD/
 libc.a(*)
 libm.a(*)
 libgcc.a(*)

.ARM.attributes
                0x00000000       0x30
 *(.ARM.attributes)
 .ARM.attributes
                0x00000000       0x1e e:/gnu tools arm embedded/9 2019-q4-major/bin/../lib/gcc/arm-none-eabi/9.2.1/thumb/v7e-m+fp/hard/crti.o
 .ARM.attributes
                0x0000001e       0x34 e:/gnu tools arm embedded/9 2019-q4-major/bin/../lib/gcc/arm-none-eabi/9.2.1/thumb/v7e-m+fp/hard/crtbegin.o
 .ARM.attributes
                0x00000052       0x34 build/usart2.o
 .ARM.attributes
                0x00000086       0x34 build/motor.o
 .ARM.attributes
                0x000000ba       0x34 build/mavlink_task.o
 .ARM.attributes
                0x000000ee       0x34 build/utils.o
 .ARM.attributes
                0x00000122       0x34 build/gy_86.o
 .ARM.attributes
                0x00000156       0x34 build/main.o
 .ARM.attributes
                0x0000018a       0x34 build/gpio.o
 .ARM.attributes
                0x000001be       0x34 build/dma.o
 .ARM.attributes
                0x000001f2       0x34 build/i2c.o
 .ARM.attributes
                0x00000226       0x34 build/tim.o
 .ARM.attributes
                0x0000025a       0x34 build/usart.o
 .ARM.attributes
                0x0000028e       0x34 build/stm32f4xx_it.o
 .ARM.attributes
                0x000002c2       0x34 build/stm32f4xx_hal_msp.o
 .ARM.attributes
                0x000002f6       0x34 build/stm32f4xx_hal_timebase_tim.o
 .ARM.attributes
                0x0000032a       0x34 build/stm32f4xx_hal_rcc.o
 .ARM.attributes
                0x0000035e       0x34 build/stm32f4xx_hal_gpio.o
 .ARM.attributes
                0x00000392       0x34 build/stm32f4xx_hal_dma.o
 .ARM.attributes
                0x000003c6       0x34 build/stm32f4xx_hal_cortex.o
 .ARM.attributes
                0x000003fa       0x34 build/stm32f4xx_hal.o
 .ARM.attributes
                0x0000042e       0x34 build/stm32f4xx_hal_i2c.o
 .ARM.attributes
                0x00000462       0x34 build/stm32f4xx_hal_tim.o
 .ARM.attributes
                0x00000496       0x34 build/stm32f4xx_hal_tim_ex.o
 .ARM.attributes
                0x000004ca       0x34 build/stm32f4xx_hal_uart.o
 .ARM.attributes
                0x000004fe       0x34 build/system_stm32f4xx.o
 .ARM.attributes
                0x00000532       0x34 build/list.o
 .ARM.attributes
                0x00000566       0x34 build/queue.o
 .ARM.attributes
                0x0000059a       0x34 build/tasks.o
 .ARM.attributes
                0x000005ce       0x34 build/port.o
 .ARM.attributes
                0x00000602       0x21 build/startup_stm32f407xx.o
 .ARM.attributes
                0x00000623       0x32 e:/gnu tools arm embedded/9 2019-q4-major/bin/../lib/gcc/arm-none-eabi/9.2.1/../../../../arm-none-eabi/lib/thumb/v7e-m+fp/hard\libc_nano.a(lib_a-impure.o)
 .ARM.attributes
                0x00000655       0x34 e:/gnu tools arm embedded/9 2019-q4-major/bin/../lib/gcc/arm-none-eabi/9.2.1/../../../../arm-none-eabi/lib/thumb/v7e-m+fp/hard\libc_nano.a(lib_a-init.o)
 .ARM.attributes
                0x00000689       0x34 e:/gnu tools arm embedded/9 2019-q4-major/bin/../lib/gcc/arm-none-eabi/9.2.1/../../../../arm-none-eabi/lib/thumb/v7e-m+fp/hard\libc_nano.a(lib_a-memcmp.o)
 .ARM.attributes
                0x000006bd       0x34 e:/gnu tools arm embedded/9 2019-q4-major/bin/../lib/gcc/arm-none-eabi/9.2.1/../../../../arm-none-eabi/lib/thumb/v7e-m+fp/hard\libc_nano.a(lib_a-memcpy-stub.o)
 .ARM.attributes
                0x000006f1       0x34 e:/gnu tools arm embedded/9 2019-q4-major/bin/../lib/gcc/arm-none-eabi/9.2.1/../../../../arm-none-eabi/lib/thumb/v7e-m+fp/hard\libc_nano.a(lib_a-memset.o)
 .ARM.attributes
                0x00000725       0x34 e:/gnu tools arm embedded/9 2019-q4-major/bin/../lib/gcc/arm-none-eabi/9.2.1/../../../../arm-none-eabi/lib/thumb/v7e-m+fp/hard\libc_nano.a(lib_a-nano-vfprintf_float.o)
 .ARM.attributes
                0x00000759       0x34 e:/gnu tools arm embedded/9 2019-q4-major/bin/../lib/gcc/arm-none-eabi/9.2.1/../../../../arm-none-eabi/lib/thumb/v7e-m+fp/hard\libc_nano.a(lib_a-nano-vfprintf_i.o)
 .ARM.attributes
                0x0000078d       0x34 e:/gnu tools arm embedded/9 2019-q4-major/bin/../lib/gcc/arm-none-eabi/9.2.1/../../../../arm-none-eabi/lib/thumb/v7e-m+fp/hard\libc_nano.a(lib_a-printf.o)
 .ARM.attributes
                0x000007c1       0x34 e:/gnu tools arm embedded/9 2019-q4-major/bin/../lib/gcc/arm-none-eabi/9.2.1/../../../../arm-none-eabi/lib/thumb/v7e-m+fp/hard\libc_nano.a(lib_a-puts.o)
 .ARM.attributes
                0x000007f5       0x17 e:/gnu tools arm embedded/9 2019-q4-major/bin/../lib/gcc/arm-none-eabi/9.2.1/../../../../arm-none-eabi/lib/thumb/v7e-m+fp/hard\libc_nano.a(lib_a-strlen.o)
 .ARM.attributes
                0x0000080c       0x34 e:/gnu tools arm embedded/9 2019-q4-major/bin/../lib/gcc/arm-none-eabi/9.2.1/../../../../arm-none-eabi/lib/thumb/v7e-m+fp/hard\libc_nano.a(lib_a-wbuf.o)
 .ARM.attributes
                0x00000840       0x34 e:/gnu tools arm embedded/9 2019-q4-major/bin/../lib/gcc/arm-none-eabi/9.2.1/../../../../arm-none-eabi/lib/thumb/v7e-m+fp/hard\libc_nano.a(lib_a-wsetup.o)
 .ARM.attributes
                0x00000874       0x34 e:/gnu tools arm embedded/9 2019-q4-major/bin/../lib/gcc/arm-none-eabi/9.2.1/../../../../arm-none-eabi/lib/thumb/v7e-m+fp/hard\libc_nano.a(lib_a-dtoa.o)
 .ARM.attributes
                0x000008a8       0x34 e:/gnu tools arm embedded/9 2019-q4-major/bin/../lib/gcc/arm-none-eabi/9.2.1/../../../../arm-none-eabi/lib/thumb/v7e-m+fp/hard\libc_nano.a(lib_a-fflush.o)
 .ARM.attributes
                0x000008dc       0x34 e:/gnu tools arm embedded/9 2019-q4-major/bin/../lib/gcc/arm-none-eabi/9.2.1/../../../../arm-none-eabi/lib/thumb/v7e-m+fp/hard\libc_nano.a(lib_a-findfp.o)
 .ARM.attributes
                0x00000910       0x34 e:/gnu tools arm embedded/9 2019-q4-major/bin/../lib/gcc/arm-none-eabi/9.2.1/../../../../arm-none-eabi/lib/thumb/v7e-m+fp/hard\libc_nano.a(lib_a-fwalk.o)
 .ARM.attributes
                0x00000944       0x34 e:/gnu tools arm embedded/9 2019-q4-major/bin/../lib/gcc/arm-none-eabi/9.2.1/../../../../arm-none-eabi/lib/thumb/v7e-m+fp/hard\libc_nano.a(lib_a-localeconv.o)
 .ARM.attributes
                0x00000978       0x34 e:/gnu tools arm embedded/9 2019-q4-major/bin/../lib/gcc/arm-none-eabi/9.2.1/../../../../arm-none-eabi/lib/thumb/v7e-m+fp/hard\libc_nano.a(lib_a-lock.o)
 .ARM.attributes
                0x000009ac       0x34 e:/gnu tools arm embedded/9 2019-q4-major/bin/../lib/gcc/arm-none-eabi/9.2.1/../../../../arm-none-eabi/lib/thumb/v7e-m+fp/hard\libc_nano.a(lib_a-makebuf.o)
 .ARM.attributes
                0x000009e0       0x34 e:/gnu tools arm embedded/9 2019-q4-major/bin/../lib/gcc/arm-none-eabi/9.2.1/../../../../arm-none-eabi/lib/thumb/v7e-m+fp/hard\libc_nano.a(lib_a-malloc.o)
 .ARM.attributes
                0x00000a14       0x1c e:/gnu tools arm embedded/9 2019-q4-major/bin/../lib/gcc/arm-none-eabi/9.2.1/../../../../arm-none-eabi/lib/thumb/v7e-m+fp/hard\libc_nano.a(lib_a-memchr.o)
 .ARM.attributes
                0x00000a30       0x34 e:/gnu tools arm embedded/9 2019-q4-major/bin/../lib/gcc/arm-none-eabi/9.2.1/../../../../arm-none-eabi/lib/thumb/v7e-m+fp/hard\libc_nano.a(lib_a-mprec.o)
 .ARM.attributes
                0x00000a64       0x34 e:/gnu tools arm embedded/9 2019-q4-major/bin/../lib/gcc/arm-none-eabi/9.2.1/../../../../arm-none-eabi/lib/thumb/v7e-m+fp/hard\libc_nano.a(lib_a-nano-callocr.o)
 .ARM.attributes
                0x00000a98       0x34 e:/gnu tools arm embedded/9 2019-q4-major/bin/../lib/gcc/arm-none-eabi/9.2.1/../../../../arm-none-eabi/lib/thumb/v7e-m+fp/hard\libc_nano.a(lib_a-nano-freer.o)
 .ARM.attributes
                0x00000acc       0x34 e:/gnu tools arm embedded/9 2019-q4-major/bin/../lib/gcc/arm-none-eabi/9.2.1/../../../../arm-none-eabi/lib/thumb/v7e-m+fp/hard\libc_nano.a(lib_a-nano-mallocr.o)
 .ARM.attributes
                0x00000b00       0x34 e:/gnu tools arm embedded/9 2019-q4-major/bin/../lib/gcc/arm-none-eabi/9.2.1/../../../../arm-none-eabi/lib/thumb/v7e-m+fp/hard\libc_nano.a(lib_a-nano-vfprintf.o)
 .ARM.attributes
                0x00000b34       0x34 e:/gnu tools arm embedded/9 2019-q4-major/bin/../lib/gcc/arm-none-eabi/9.2.1/../../../../arm-none-eabi/lib/thumb/v7e-m+fp/hard\libc_nano.a(lib_a-sbrkr.o)
 .ARM.attributes
                0x00000b68       0x34 e:/gnu tools arm embedded/9 2019-q4-major/bin/../lib/gcc/arm-none-eabi/9.2.1/../../../../arm-none-eabi/lib/thumb/v7e-m+fp/hard\libc_nano.a(lib_a-stdio.o)
 .ARM.attributes
                0x00000b9c       0x34 e:/gnu tools arm embedded/9 2019-q4-major/bin/../lib/gcc/arm-none-eabi/9.2.1/../../../../arm-none-eabi/lib/thumb/v7e-m+fp/hard\libc_nano.a(lib_a-writer.o)
 .ARM.attributes
                0x00000bd0       0x34 e:/gnu tools arm embedded/9 2019-q4-major/bin/../lib/gcc/arm-none-eabi/9.2.1/../../../../arm-none-eabi/lib/thumb/v7e-m+fp/hard\libc_nano.a(lib_a-closer.o)
 .ARM.attributes
                0x00000c04       0x34 e:/gnu tools arm embedded/9 2019-q4-major/bin/../lib/gcc/arm-none-eabi/9.2.1/../../../../arm-none-eabi/lib/thumb/v7e-m+fp/hard\libc_nano.a(lib_a-fstatr.o)
 .ARM.attributes
                0x00000c38       0x34 e:/gnu tools arm embedded/9 2019-q4-major/bin/../lib/gcc/arm-none-eabi/9.2.1/../../../../arm-none-eabi/lib/thumb/v7e-m+fp/hard\libc_nano.a(lib_a-isattyr.o)
 .ARM.attributes
                0x00000c6c       0x34 e:/gnu tools arm embedded/9 2019-q4-major/bin/../lib/gcc/arm-none-eabi/9.2.1/../../../../arm-none-eabi/lib/thumb/v7e-m+fp/hard\libc_nano.a(lib_a-locale.o)
 .ARM.attributes
                0x00000ca0       0x34 e:/gnu tools arm embedded/9 2019-q4-major/bin/../lib/gcc/arm-none-eabi/9.2.1/../../../../arm-none-eabi/lib/thumb/v7e-m+fp/hard\libc_nano.a(lib_a-lseekr.o)
 .ARM.attributes
                0x00000cd4       0x34 e:/gnu tools arm embedded/9 2019-q4-major/bin/../lib/gcc/arm-none-eabi/9.2.1/../../../../arm-none-eabi/lib/thumb/v7e-m+fp/hard\libc_nano.a(lib_a-mbtowc_r.o)
 .ARM.attributes
                0x00000d08       0x34 e:/gnu tools arm embedded/9 2019-q4-major/bin/../lib/gcc/arm-none-eabi/9.2.1/../../../../arm-none-eabi/lib/thumb/v7e-m+fp/hard\libc_nano.a(lib_a-mlock.o)
 .ARM.attributes
                0x00000d3c       0x34 e:/gnu tools arm embedded/9 2019-q4-major/bin/../lib/gcc/arm-none-eabi/9.2.1/../../../../arm-none-eabi/lib/thumb/v7e-m+fp/hard\libc_nano.a(lib_a-readr.o)
 .ARM.attributes
                0x00000d70       0x34 e:/gnu tools arm embedded/9 2019-q4-major/bin/../lib/gcc/arm-none-eabi/9.2.1/../../../../arm-none-eabi/lib/thumb/v7e-m+fp/hard\libc_nano.a(lib_a-reent.o)
 .ARM.attributes
                0x00000da4       0x34 e:/gnu tools arm embedded/9 2019-q4-major/bin/../lib/gcc/arm-none-eabi/9.2.1/../../../../arm-none-eabi/lib/thumb/v7e-m+fp/hard\libc_nano.a(lib_a-wctomb_r.o)
 .ARM.attributes
                0x00000dd8       0x32 e:/gnu tools arm embedded/9 2019-q4-major/bin/../lib/gcc/arm-none-eabi/9.2.1/../../../../arm-none-eabi/lib/thumb/v7e-m+fp/hard\libc_nano.a(lib_a-ctype_.o)
 .ARM.attributes
                0x00000e0a       0x34 e:/gnu tools arm embedded/9 2019-q4-major/bin/../lib/gcc/arm-none-eabi/9.2.1/../../../../arm-none-eabi/lib/thumb/v7e-m+fp/hard\libnosys.a(close.o)
 .ARM.attributes
                0x00000e3e       0x34 e:/gnu tools arm embedded/9 2019-q4-major/bin/../lib/gcc/arm-none-eabi/9.2.1/../../../../arm-none-eabi/lib/thumb/v7e-m+fp/hard\libnosys.a(fstat.o)
 .ARM.attributes
                0x00000e72       0x34 e:/gnu tools arm embedded/9 2019-q4-major/bin/../lib/gcc/arm-none-eabi/9.2.1/../../../../arm-none-eabi/lib/thumb/v7e-m+fp/hard\libnosys.a(isatty.o)
 .ARM.attributes
                0x00000ea6       0x34 e:/gnu tools arm embedded/9 2019-q4-major/bin/../lib/gcc/arm-none-eabi/9.2.1/../../../../arm-none-eabi/lib/thumb/v7e-m+fp/hard\libnosys.a(lseek.o)
 .ARM.attributes
                0x00000eda       0x34 e:/gnu tools arm embedded/9 2019-q4-major/bin/../lib/gcc/arm-none-eabi/9.2.1/../../../../arm-none-eabi/lib/thumb/v7e-m+fp/hard\libnosys.a(read.o)
 .ARM.attributes
                0x00000f0e       0x34 e:/gnu tools arm embedded/9 2019-q4-major/bin/../lib/gcc/arm-none-eabi/9.2.1/../../../../arm-none-eabi/lib/thumb/v7e-m+fp/hard\libnosys.a(sbrk.o)
 .ARM.attributes
                0x00000f42       0x1e e:/gnu tools arm embedded/9 2019-q4-major/bin/../lib/gcc/arm-none-eabi/9.2.1/thumb/v7e-m+fp/hard\libgcc.a(_arm_addsubdf3.o)
 .ARM.attributes
                0x00000f60       0x1e e:/gnu tools arm embedded/9 2019-q4-major/bin/../lib/gcc/arm-none-eabi/9.2.1/thumb/v7e-m+fp/hard\libgcc.a(_arm_muldivdf3.o)
 .ARM.attributes
                0x00000f7e       0x1e e:/gnu tools arm embedded/9 2019-q4-major/bin/../lib/gcc/arm-none-eabi/9.2.1/thumb/v7e-m+fp/hard\libgcc.a(_arm_cmpdf2.o)
 .ARM.attributes
                0x00000f9c       0x1e e:/gnu tools arm embedded/9 2019-q4-major/bin/../lib/gcc/arm-none-eabi/9.2.1/thumb/v7e-m+fp/hard\libgcc.a(_arm_unorddf2.o)
 .ARM.attributes
                0x00000fba       0x1e e:/gnu tools arm embedded/9 2019-q4-major/bin/../lib/gcc/arm-none-eabi/9.2.1/thumb/v7e-m+fp/hard\libgcc.a(_arm_fixdfsi.o)
 .ARM.attributes
                0x00000fd8       0x1e e:/gnu tools arm embedded/9 2019-q4-major/bin/../lib/gcc/arm-none-eabi/9.2.1/thumb/v7e-m+fp/hard\libgcc.a(_aeabi_uldivmod.o)
 .ARM.attributes
                0x00000ff6       0x34 e:/gnu tools arm embedded/9 2019-q4-major/bin/../lib/gcc/arm-none-eabi/9.2.1/thumb/v7e-m+fp/hard\libgcc.a(_udivmoddi4.o)
 .ARM.attributes
                0x0000102a       0x1e e:/gnu tools arm embedded/9 2019-q4-major/bin/../lib/gcc/arm-none-eabi/9.2.1/thumb/v7e-m+fp/hard\libgcc.a(_dvmd_tls.o)
 .ARM.attributes
                0x00001048       0x1e e:/gnu tools arm embedded/9 2019-q4-major/bin/../lib/gcc/arm-none-eabi/9.2.1/thumb/v7e-m+fp/hard/crtn.o
OUTPUT(build/mainboard.elf elf32-littlearm)

.debug_info     0x00000000    0x2b90f
 .debug_info    0x00000000     0x155d build/usart2.o
 .debug_info    0x0000155d     0x143e build/motor.o
 .debug_info    0x0000299b     0x3949 build/mavlink_task.o
 .debug_info    0x000062e4     0x11c7 build/utils.o
 .debug_info    0x000074ab     0x16f8 build/gy_86.o
 .debug_info    0x00008ba3     0x1e8c build/main.o
 .debug_info    0x0000aa2f     0x1494 build/gpio.o
 .debug_info    0x0000bec3     0x15ac build/dma.o
 .debug_info    0x0000d46f     0x17f2 build/i2c.o
 .debug_info    0x0000ec61     0x1a78 build/tim.o
 .debug_info    0x000106d9     0x19b5 build/usart.o
 .debug_info    0x0001208e     0x1492 build/stm32f4xx_it.o
 .debug_info    0x00013520     0x14f1 build/stm32f4xx_hal_msp.o
 .debug_info    0x00014a11      0xd9e build/stm32f4xx_hal_timebase_tim.o
 .debug_info    0x000157af      0xc44 build/stm32f4xx_hal_rcc.o
 .debug_info    0x000163f3      0x915 build/stm32f4xx_hal_gpio.o
 .debug_info    0x00016d08      0xc8b build/stm32f4xx_hal_dma.o
 .debug_info    0x00017993     0x123e build/stm32f4xx_hal_cortex.o
 .debug_info    0x00018bd1      0xb5e build/stm32f4xx_hal.o
 .debug_info    0x0001972f     0x3b0f build/stm32f4xx_hal_i2c.o
 .debug_info    0x0001d23e     0x39b3 build/stm32f4xx_hal_tim.o
 .debug_info    0x00020bf1     0x187c build/stm32f4xx_hal_tim_ex.o
 .debug_info    0x0002246d     0x1b31 build/stm32f4xx_hal_uart.o
 .debug_info    0x00023f9e      0x63c build/system_stm32f4xx.o
 .debug_info    0x000245da      0xca4 build/list.o
 .debug_info    0x0002527e     0x2d69 build/queue.o
 .debug_info    0x00027fe7     0x333e build/tasks.o
 .debug_info    0x0002b325      0x5c8 build/port.o
 .debug_info    0x0002b8ed       0x22 build/startup_stm32f407xx.o

.debug_abbrev   0x00000000     0x4e17
 .debug_abbrev  0x00000000      0x2b3 build/usart2.o
 .debug_abbrev  0x000002b3      0x269 build/motor.o
 .debug_abbrev  0x0000051c      0x5b6 build/mavlink_task.o
 .debug_abbrev  0x00000ad2      0x26d build/utils.o
 .debug_abbrev  0x00000d3f      0x29d build/gy_86.o
 .debug_abbrev  0x00000fdc      0x31d build/main.o
 .debug_abbrev  0x000012f9      0x239 build/gpio.o
 .debug_abbrev  0x00001532      0x242 build/dma.o
 .debug_abbrev  0x00001774      0x27b build/i2c.o
 .debug_abbrev  0x000019ef      0x2c4 build/tim.o
 .debug_abbrev  0x00001cb3      0x297 build/usart.o
 .debug_abbrev  0x00001f4a      0x231 build/stm32f4xx_it.o
 .debug_abbrev  0x0000217b      0x235 build/stm32f4xx_hal_msp.o
 .debug_abbrev  0x000023b0      0x21c build/stm32f4xx_hal_timebase_tim.o
 .debug_abbrev  0x000025cc      0x2cd build/stm32f4xx_hal_rcc.o
 .debug_abbrev  0x00002899      0x258 build/stm32f4xx_hal_gpio.o
 .debug_abbrev  0x00002af1      0x312 build/stm32f4xx_hal_dma.o
 .debug_abbrev  0x00002e03      0x3a8 build/stm32f4xx_hal_cortex.o
 .debug_abbrev  0x000031ab      0x21c build/stm32f4xx_hal.o
 .debug_abbrev  0x000033c7      0x31f build/stm32f4xx_hal_i2c.o
 .debug_abbrev  0x000036e6      0x2af build/stm32f4xx_hal_tim.o
 .debug_abbrev  0x00003995      0x2ab build/stm32f4xx_hal_tim_ex.o
 .debug_abbrev  0x00003c40      0x318 build/stm32f4xx_hal_uart.o
 .debug_abbrev  0x00003f58      0x14a build/system_stm32f4xx.o
 .debug_abbrev  0x000040a2      0x245 build/list.o
 .debug_abbrev  0x000042e7      0x44c build/queue.o
 .debug_abbrev  0x00004733      0x448 build/tasks.o
 .debug_abbrev  0x00004b7b      0x28a build/port.o
 .debug_abbrev  0x00004e05       0x12 build/startup_stm32f407xx.o

.debug_loc      0x00000000    0x160a7
 .debug_loc     0x00000000      0x1d9 build/usart2.o
 .debug_loc     0x000001d9       0xd0 build/motor.o
 .debug_loc     0x000002a9     0x2bb6 build/mavlink_task.o
 .debug_loc     0x00002e5f      0x2c0 build/utils.o
 .debug_loc     0x0000311f      0x112 build/gy_86.o
 .debug_loc     0x00003231       0xdc build/main.o
 .debug_loc     0x0000330d       0x38 build/gpio.o
 .debug_loc     0x00003345       0x38 build/dma.o
 .debug_loc     0x0000337d      0x108 build/i2c.o
 .debug_loc     0x00003485       0xf8 build/tim.o
 .debug_loc     0x0000357d      0x150 build/usart.o
 .debug_loc     0x000036cd       0x80 build/stm32f4xx_it.o
 .debug_loc     0x0000374d       0x38 build/stm32f4xx_hal_msp.o
 .debug_loc     0x00003785       0xbc build/stm32f4xx_hal_timebase_tim.o
 .debug_loc     0x00003841      0x6c7 build/stm32f4xx_hal_rcc.o
 .debug_loc     0x00003f08      0x5c7 build/stm32f4xx_hal_gpio.o
 .debug_loc     0x000044cf      0xd6d build/stm32f4xx_hal_dma.o
 .debug_loc     0x0000523c      0x7d4 build/stm32f4xx_hal_cortex.o
 .debug_loc     0x00005a10      0x1e1 build/stm32f4xx_hal.o
 .debug_loc     0x00005bf1     0x4956 build/stm32f4xx_hal_i2c.o
 .debug_loc     0x0000a547     0x457e build/stm32f4xx_hal_tim.o
 .debug_loc     0x0000eac5     0x15b0 build/stm32f4xx_hal_tim_ex.o
 .debug_loc     0x00010075     0x1d79 build/stm32f4xx_hal_uart.o
 .debug_loc     0x00011dee      0x16c build/system_stm32f4xx.o
 .debug_loc     0x00011f5a       0xe5 build/list.o
 .debug_loc     0x0001203f     0x1ab9 build/queue.o
 .debug_loc     0x00013af8     0x23ef build/tasks.o
 .debug_loc     0x00015ee7      0x1c0 build/port.o

.debug_aranges  0x00000000     0x1308
 .debug_aranges
                0x00000000       0x50 build/usart2.o
 .debug_aranges
                0x00000050       0x28 build/motor.o
 .debug_aranges
                0x00000078       0x38 build/mavlink_task.o
 .debug_aranges
                0x000000b0       0x30 build/utils.o
 .debug_aranges
                0x000000e0       0x30 build/gy_86.o
 .debug_aranges
                0x00000110       0x38 build/main.o
 .debug_aranges
                0x00000148       0x20 build/gpio.o
 .debug_aranges
                0x00000168       0x20 build/dma.o
 .debug_aranges
                0x00000188       0x30 build/i2c.o
 .debug_aranges
                0x000001b8       0x38 build/tim.o
 .debug_aranges
                0x000001f0       0x38 build/usart.o
 .debug_aranges
                0x00000228       0x68 build/stm32f4xx_it.o
 .debug_aranges
                0x00000290       0x20 build/stm32f4xx_hal_msp.o
 .debug_aranges
                0x000002b0       0x30 build/stm32f4xx_hal_timebase_tim.o
 .debug_aranges
                0x000002e0       0x88 build/stm32f4xx_hal_rcc.o
 .debug_aranges
                0x00000368       0x58 build/stm32f4xx_hal_gpio.o
 .debug_aranges
                0x000003c0       0x90 build/stm32f4xx_hal_dma.o
 .debug_aranges
                0x00000450       0xa8 build/stm32f4xx_hal_cortex.o
 .debug_aranges
                0x000004f8       0xf0 build/stm32f4xx_hal.o
 .debug_aranges
                0x000005e8      0x298 build/stm32f4xx_hal_i2c.o
 .debug_aranges
                0x00000880      0x3a8 build/stm32f4xx_hal_tim.o
 .debug_aranges
                0x00000c28      0x150 build/stm32f4xx_hal_tim_ex.o
 .debug_aranges
                0x00000d78      0x1d0 build/stm32f4xx_hal_uart.o
 .debug_aranges
                0x00000f48       0x28 build/system_stm32f4xx.o
 .debug_aranges
                0x00000f70       0x40 build/list.o
 .debug_aranges
                0x00000fb0      0x108 build/queue.o
 .debug_aranges
                0x000010b8      0x1a8 build/tasks.o
 .debug_aranges
                0x00001260       0x80 build/port.o
 .debug_aranges
                0x000012e0       0x28 build/startup_stm32f407xx.o

.debug_ranges   0x00000000     0x15b0
 .debug_ranges  0x00000000       0x40 build/usart2.o
 .debug_ranges  0x00000040       0x18 build/motor.o
 .debug_ranges  0x00000058      0x260 build/mavlink_task.o
 .debug_ranges  0x000002b8       0x20 build/utils.o
 .debug_ranges  0x000002d8       0x20 build/gy_86.o
 .debug_ranges  0x000002f8       0x28 build/main.o
 .debug_ranges  0x00000320       0x10 build/gpio.o
 .debug_ranges  0x00000330       0x10 build/dma.o
 .debug_ranges  0x00000340       0x20 build/i2c.o
 .debug_ranges  0x00000360       0x28 build/tim.o
 .debug_ranges  0x00000388       0x28 build/usart.o
 .debug_ranges  0x000003b0       0x58 build/stm32f4xx_it.o
 .debug_ranges  0x00000408       0x10 build/stm32f4xx_hal_msp.o
 .debug_ranges  0x00000418       0x20 build/stm32f4xx_hal_timebase_tim.o
 .debug_ranges  0x00000438       0x90 build/stm32f4xx_hal_rcc.o
 .debug_ranges  0x000004c8       0x48 build/stm32f4xx_hal_gpio.o
 .debug_ranges  0x00000510       0x80 build/stm32f4xx_hal_dma.o
 .debug_ranges  0x00000590       0xf8 build/stm32f4xx_hal_cortex.o
 .debug_ranges  0x00000688       0xe0 build/stm32f4xx_hal.o
 .debug_ranges  0x00000768      0x2a0 build/stm32f4xx_hal_i2c.o
 .debug_ranges  0x00000a08      0x398 build/stm32f4xx_hal_tim.o
 .debug_ranges  0x00000da0      0x140 build/stm32f4xx_hal_tim_ex.o
 .debug_ranges  0x00000ee0      0x1c0 build/stm32f4xx_hal_uart.o
 .debug_ranges  0x000010a0       0x18 build/system_stm32f4xx.o
 .debug_ranges  0x000010b8       0x30 build/list.o
 .debug_ranges  0x000010e8      0x1c8 build/queue.o
 .debug_ranges  0x000012b0      0x258 build/tasks.o
 .debug_ranges  0x00001508       0x88 build/port.o
 .debug_ranges  0x00001590       0x20 build/startup_stm32f407xx.o

.debug_line     0x00000000    0x17d5a
 .debug_line    0x00000000      0x4ba build/usart2.o
 .debug_line    0x000004ba      0x323 build/motor.o
 .debug_line    0x000007dd     0x1c39 build/mavlink_task.o
 .debug_line    0x00002416      0x3cb build/utils.o
 .debug_line    0x000027e1      0x379 build/gy_86.o
 .debug_line    0x00002b5a      0x4e4 build/main.o
 .debug_line    0x0000303e      0x2d4 build/gpio.o
 .debug_line    0x00003312      0x2a1 build/dma.o
 .debug_line    0x000035b3      0x3ac build/i2c.o
 .debug_line    0x0000395f      0x473 build/tim.o
 .debug_line    0x00003dd2      0x605 build/usart.o
 .debug_line    0x000043d7      0x39a build/stm32f4xx_it.o
 .debug_line    0x00004771      0x2a9 build/stm32f4xx_hal_msp.o
 .debug_line    0x00004a1a      0x2ba build/stm32f4xx_hal_timebase_tim.o
 .debug_line    0x00004cd4      0xb26 build/stm32f4xx_hal_rcc.o
 .debug_line    0x000057fa      0x717 build/stm32f4xx_hal_gpio.o
 .debug_line    0x00005f11      0xe15 build/stm32f4xx_hal_dma.o
 .debug_line    0x00006d26      0x790 build/stm32f4xx_hal_cortex.o
 .debug_line    0x000074b6      0x553 build/stm32f4xx_hal.o
 .debug_line    0x00007a09     0x4fbf build/stm32f4xx_hal_i2c.o
 .debug_line    0x0000c9c8     0x36b5 build/stm32f4xx_hal_tim.o
 .debug_line    0x0001007d     0x11e1 build/stm32f4xx_hal_tim_ex.o
 .debug_line    0x0001125e     0x1c57 build/stm32f4xx_hal_uart.o
 .debug_line    0x00012eb5      0x277 build/system_stm32f4xx.o
 .debug_line    0x0001312c      0x426 build/list.o
 .debug_line    0x00013552     0x1c67 build/queue.o
 .debug_line    0x000151b9     0x244a build/tasks.o
 .debug_line    0x00017603      0x6e4 build/port.o
 .debug_line    0x00017ce7       0x73 build/startup_stm32f407xx.o

.debug_str      0x00000000     0x6915
 .debug_str     0x00000000      0xc4a build/usart2.o
                                0xd67 (size before relaxing)
 .debug_str     0x00000c4a      0x219 build/motor.o
                                0xc9c (size before relaxing)
 .debug_str     0x00000e63      0xae1 build/mavlink_task.o
                               0x189e (size before relaxing)
 .debug_str     0x00001944       0x58 build/utils.o
                                0xae8 (size before relaxing)
 .debug_str     0x0000199c      0x31a build/gy_86.o