Archive member included to satisfy reference by file (symbol)

e:/gnu tools arm embedded/9 2019-q4-major/bin/../lib/gcc/arm-none-eabi/9.2.1/../../../../arm-none-eabi/lib/thumb/v7e-m+fp/hard\libc_nano.a(lib_a-exit.o)
                              e:/gnu tools arm embedded/9 2019-q4-major/bin/../lib/gcc/arm-none-eabi/9.2.1/../../../../arm-none-eabi/lib/thumb/v7e-m+fp/hard/crt0.o (exit)
e:/gnu tools arm embedded/9 2019-q4-major/bin/../lib/gcc/arm-none-eabi/9.2.1/../../../../arm-none-eabi/lib/thumb/v7e-m+fp/hard\libc_nano.a(lib_a-impure.o)
                              e:/gnu tools arm embedded/9 2019-q4-major/bin/../lib/gcc/arm-none-eabi/9.2.1/../../../../arm-none-eabi/lib/thumb/v7e-m+fp/hard\libc_nano.a(lib_a-exit.o) (_global_impure_ptr)
e:/gnu tools arm embedded/9 2019-q4-major/bin/../lib/gcc/arm-none-eabi/9.2.1/../../../../arm-none-eabi/lib/thumb/v7e-m+fp/hard\libc_nano.a(lib_a-init.o)
                              e:/gnu tools arm embedded/9 2019-q4-major/bin/../lib/gcc/arm-none-eabi/9.2.1/../../../../arm-none-eabi/lib/thumb/v7e-m+fp/hard/crt0.o (__libc_init_array)
e:/gnu tools arm embedded/9 2019-q4-major/bin/../lib/gcc/arm-none-eabi/9.2.1/../../../../arm-none-eabi/lib/thumb/v7e-m+fp/hard\libc_nano.a(lib_a-memcmp.o)
                              build/mavlink_task.o (memcmp)
e:/gnu tools arm embedded/9 2019-q4-major/bin/../lib/gcc/arm-none-eabi/9.2.1/../../../../arm-none-eabi/lib/thumb/v7e-m+fp/hard\libc_nano.a(lib_a-memcpy-stub.o)
                              build/mavlink_task.o (memcpy)
e:/gnu tools arm embedded/9 2019-q4-major/bin/../lib/gcc/arm-none-eabi/9.2.1/../../../../arm-none-eabi/lib/thumb/v7e-m+fp/hard\libc_nano.a(lib_a-memset.o)
                              e:/gnu tools arm embedded/9 2019-q4-major/bin/../lib/gcc/arm-none-eabi/9.2.1/../../../../arm-none-eabi/lib/thumb/v7e-m+fp/hard/crt0.o (memset)
e:/gnu tools arm embedded/9 2019-q4-major/bin/../lib/gcc/arm-none-eabi/9.2.1/../../../../arm-none-eabi/lib/thumb/v7e-m+fp/hard\libc_nano.a(lib_a-printf.o)
                              build/mavlink_task.o (printf)
e:/gnu tools arm embedded/9 2019-q4-major/bin/../lib/gcc/arm-none-eabi/9.2.1/../../../../arm-none-eabi/lib/thumb/v7e-m+fp/hard\libc_nano.a(lib_a-findfp.o)
                              e:/gnu tools arm embedded/9 2019-q4-major/bin/../lib/gcc/arm-none-eabi/9.2.1/../../../../arm-none-eabi/lib/thumb/v7e-m+fp/hard\libc_nano.a(lib_a-printf.o) (__sinit)
e:/gnu tools arm embedded/9 2019-q4-major/bin/../lib/gcc/arm-none-eabi/9.2.1/../../../../arm-none-eabi/lib/thumb/v7e-m+fp/hard\libc_nano.a(lib_a-fwalk.o)
                              e:/gnu tools arm embedded/9 2019-q4-major/bin/../lib/gcc/arm-none-eabi/9.2.1/../../../../arm-none-eabi/lib/thumb/v7e-m+fp/hard\libc_nano.a(lib_a-findfp.o) (_fwalk)
e:/gnu tools arm embedded/9 2019-q4-major/bin/../lib/gcc/arm-none-eabi/9.2.1/../../../../arm-none-eabi/lib/thumb/v7e-m+fp/hard\libc_nano.a(lib_a-lock.o)
                              e:/gnu tools arm embedded/9 2019-q4-major/bin/../lib/gcc/arm-none-eabi/9.2.1/../../../../arm-none-eabi/lib/thumb/v7e-m+fp/hard\libc_nano.a(lib_a-findfp.o) (__retarget_lock_init_recursive)
e:/gnu tools arm embedded/9 2019-q4-major/bin/../lib/gcc/arm-none-eabi/9.2.1/../../../../arm-none-eabi/lib/thumb/v7e-m+fp/hard\libc_nano.a(lib_a-nano-mallocr.o)
                              e:/gnu tools arm embedded/9 2019-q4-major/bin/../lib/gcc/arm-none-eabi/9.2.1/../../../../arm-none-eabi/lib/thumb/v7e-m+fp/hard\libc_nano.a(lib_a-findfp.o) (_malloc_r)
e:/gnu tools arm embedded/9 2019-q4-major/bin/../lib/gcc/arm-none-eabi/9.2.1/../../../../arm-none-eabi/lib/thumb/v7e-m+fp/hard\libc_nano.a(lib_a-nano-vfprintf.o)
                              e:/gnu tools arm embedded/9 2019-q4-major/bin/../lib/gcc/arm-none-eabi/9.2.1/../../../../arm-none-eabi/lib/thumb/v7e-m+fp/hard\libc_nano.a(lib_a-printf.o) (_vfprintf_r)
e:/gnu tools arm embedded/9 2019-q4-major/bin/../lib/gcc/arm-none-eabi/9.2.1/../../../../arm-none-eabi/lib/thumb/v7e-m+fp/hard\libc_nano.a(lib_a-nano-vfprintf_i.o)
                              e:/gnu tools arm embedded/9 2019-q4-major/bin/../lib/gcc/arm-none-eabi/9.2.1/../../../../arm-none-eabi/lib/thumb/v7e-m+fp/hard\libc_nano.a(lib_a-nano-vfprintf.o) (_printf_i)
e:/gnu tools arm embedded/9 2019-q4-major/bin/../lib/gcc/arm-none-eabi/9.2.1/../../../../arm-none-eabi/lib/thumb/v7e-m+fp/hard\libc_nano.a(lib_a-sbrkr.o)
                              e:/gnu tools arm embedded/9 2019-q4-major/bin/../lib/gcc/arm-none-eabi/9.2.1/../../../../arm-none-eabi/lib/thumb/v7e-m+fp/hard\libc_nano.a(lib_a-nano-mallocr.o) (_sbrk_r)
e:/gnu tools arm embedded/9 2019-q4-major/bin/../lib/gcc/arm-none-eabi/9.2.1/../../../../arm-none-eabi/lib/thumb/v7e-m+fp/hard\libc_nano.a(lib_a-stdio.o)
                              e:/gnu tools arm embedded/9 2019-q4-major/bin/../lib/gcc/arm-none-eabi/9.2.1/../../../../arm-none-eabi/lib/thumb/v7e-m+fp/hard\libc_nano.a(lib_a-findfp.o) (__sread)
[...]
Memory Configuration

Name             Origin             Length             Attributes
RAM              0x20000000         0x00020000         xrw
CCMRAM           0x10000000         0x00010000         xrw
FLASH            0x08000000         0x00080000         xr
*default*        0x00000000         0xffffffff

Linker script and memory map

LOAD e:/gnu tools arm embedded/9 2019-q4-major/bin/../lib/gcc/arm-none-eabi/9.2.1/thumb/v7e-m+fp/hard/crti.o
LOAD e:/gnu tools arm embedded/9 2019-q4-major/bin/../lib/gcc/arm-none-eabi/9.2.1/thumb/v7e-m+fp/hard/crtbegin.o
LOAD e:/gnu tools arm embedded/9 2019-q4-major/bin/../lib/gcc/arm-none-eabi/9.2.1/../../../../arm-none-eabi/lib/thumb/v7e-m+fp/hard/crt0.o
LOAD build/uart4.o
LOAD build/mavlink_task.o
LOAD build/utils.o
LOAD build/main.o
LOAD build/gpio.o
LOAD build/dma.o
LOAD build/freertos.o
LOAD build/usart.o
LOAD build/stm32f4xx_it.o
LOAD build/stm32f4xx_hal_msp.o
LOAD build/stm32f4xx_hal_timebase_tim.o
LOAD build/stm32f4xx_hal_rcc.o
LOAD build/stm32f4xx_hal_rcc_ex.o
LOAD build/stm32f4xx_hal_flash.o
LOAD build/stm32f4xx_hal_flash_ex.o
LOAD build/stm32f4xx_hal_flash_ramfunc.o
LOAD build/stm32f4xx_hal_gpio.o
LOAD build/stm32f4xx_hal_dma_ex.o
LOAD build/stm32f4xx_hal_dma.o
LOAD build/stm32f4xx_hal_pwr.o
LOAD build/stm32f4xx_hal_pwr_ex.o
LOAD build/stm32f4xx_hal_cortex.o
LOAD build/stm32f4xx_hal.o
LOAD build/stm32f4xx_hal_exti.o
LOAD build/stm32f4xx_hal_tim.o
LOAD build/stm32f4xx_hal_tim_ex.o
LOAD build/stm32f4xx_hal_uart.o
LOAD build/system_stm32f4xx.o
LOAD build/croutine.o
LOAD build/event_groups.o
LOAD build/list.o
LOAD build/queue.o
LOAD build/stream_buffer.o
LOAD build/tasks.o
LOAD build/timers.o
LOAD build/cmsis_os.o
LOAD build/heap_4.o
LOAD build/port.o
LOAD build/startup_stm32f407xx.o
LOAD e:/gnu tools arm embedded/9 2019-q4-major/bin/../lib/gcc/arm-none-eabi/9.2.1/../../../../arm-none-eabi/lib/thumb/v7e-m+fp/hard\libc_nano.a
LOAD e:/gnu tools arm embedded/9 2019-q4-major/bin/../lib/gcc/arm-none-eabi/9.2.1/../../../../arm-none-eabi/lib/thumb/v7e-m+fp/hard\libm.a
LOAD e:/gnu tools arm embedded/9 2019-q4-major/bin/../lib/gcc/arm-none-eabi/9.2.1/../../../../arm-none-eabi/lib/thumb/v7e-m+fp/hard\libnosys.a
START GROUP
LOAD e:/gnu tools arm embedded/9 2019-q4-major/bin/../lib/gcc/arm-none-eabi/9.2.1/thumb/v7e-m+fp/hard\libgcc.a
LOAD e:/gnu tools arm embedded/9 2019-q4-major/bin/../lib/gcc/arm-none-eabi/9.2.1/../../../../arm-none-eabi/lib/thumb/v7e-m+fp/hard\libc_nano.a
END GROUP
START GROUP
LOAD e:/gnu tools arm embedded/9 2019-q4-major/bin/../lib/gcc/arm-none-eabi/9.2.1/thumb/v7e-m+fp/hard\libgcc.a
LOAD e:/gnu tools arm embedded/9 2019-q4-major/bin/../lib/gcc/arm-none-eabi/9.2.1/../../../../arm-none-eabi/lib/thumb/v7e-m+fp/hard\libc_nano.a
END GROUP
LOAD e:/gnu tools arm embedded/9 2019-q4-major/bin/../lib/gcc/arm-none-eabi/9.2.1/thumb/v7e-m+fp/hard/crtend.o
LOAD e:/gnu tools arm embedded/9 2019-q4-major/bin/../lib/gcc/arm-none-eabi/9.2.1/thumb/v7e-m+fp/hard/crtn.o
                0x20020000                _estack = 0x20020000
                0x00000200                _Min_Heap_Size = 0x200
                0x00000400                _Min_Stack_Size = 0x400

.isr_vector     0x08000000      0x188
                0x08000000                . = ALIGN (0x4)
 *(.isr_vector)
 .isr_vector    0x08000000      0x188 build/startup_stm32f407xx.o
                0x08000000                g_pfnVectors
                0x08000188                . = ALIGN (0x4)

.text           0x08000190     0x58b8
                0x08000190                . = ALIGN (0x4)
 *(.text)
 .text          0x08000190       0x40 e:/gnu tools arm embedded/9 2019-q4-major/bin/../lib/gcc/arm-none-eabi/9.2.1/thumb/v7e-m+fp/hard/crtbegin.o
 .text          0x080001d0       0xa0 e:/gnu tools arm embedded/9 2019-q4-major/bin/../lib/gcc/arm-none-eabi/9.2.1/../../../../arm-none-eabi/lib/thumb/v7e-m+fp/hard\libc_nano.a(lib_a-memchr.o)
                0x080001d0                memchr
 .text          0x08000270       0x30 e:/gnu tools arm embedded/9 2019-q4-major/bin/../lib/gcc/arm-none-eabi/9.2.1/thumb/v7e-m+fp/hard\libgcc.a(_aeabi_uldivmod.o)
                0x08000270                __aeabi_uldivmod
 .text          0x080002a0      0x2c4 e:/gnu tools arm embedded/9 2019-q4-major/bin/../lib/gcc/arm-none-eabi/9.2.1/thumb/v7e-m+fp/hard\libgcc.a(_udivmoddi4.o)
                0x080002a0                __udivmoddi4
 .text          0x08000564        0x4 e:/gnu tools arm embedded/9 2019-q4-major/bin/../lib/gcc/arm-none-eabi/9.2.1/thumb/v7e-m+fp/hard\libgcc.a(_dvmd_tls.o)
                0x08000564                __aeabi_idiv0
                0x08000564                __aeabi_ldiv0
 *(.text*)
 .text.UartRxCheck
                0x08000568       0xa4 build/uart4.o
 .text.Uart4Init
                0x0800060c       0x48 build/uart4.o
                0x0800060c                Uart4Init
 .text.UART4_IRQHandler
                0x08000654       0x34 build/uart4.o
                0x08000654                UART4_IRQHandler
 .text.DMA1_Stream2_IRQHandler
                0x08000688       0x10 build/uart4.o
                0x08000688                DMA1_Stream2_IRQHandler
 .text.DMA1_Stream4_IRQHandler
                0x08000698       0x10 build/uart4.o
                0x08000698                DMA1_Stream4_IRQHandler
 .text.HAL_UART_RxCpltCallback
                0x080006a8       0x18 build/uart4.o
                0x080006a8                HAL_UART_RxCpltCallback
 .text.HAL_UART_RxHalfCpltCallback
                0x080006c0       0x18 build/uart4.o
                0x080006c0                HAL_UART_RxHalfCpltCallback
 .text.MavlinkParse
                0x080006d8     0x10a0 build/mavlink_task.o
 .text.MavlinkTask
                0x08001778       0x28 build/mavlink_task.o
 .text.MavlinkInit
                0x080017a0       0x38 build/mavlink_task.o
                0x080017a0                MavlinkInit
 .text.__io_putchar
                0x080017d8       0x20 build/utils.o
                0x080017d8                __io_putchar
 .text._write   0x080017f8       0x1c build/utils.o
                0x080017f8                _write
 .text.SystemClock_Config
                0x08001814       0x94 build/main.o
                0x08001814                SystemClock_Config
 .text.main     0x080018a8       0x28 build/main.o
                0x080018a8                main
 .text.HAL_TIM_PeriodElapsedCallback
                0x080018d0       0x18 build/main.o
                0x080018d0                HAL_TIM_PeriodElapsedCallback
 .text.Error_Handler
                0x080018e8        0x2 build/main.o
                0x080018e8                Error_Handler
 *fill*         0x080018ea        0x2 
 .text.MX_GPIO_Init
                0x080018ec       0x80 build/gpio.o
                0x080018ec                MX_GPIO_Init
 .text.MX_DMA_Init
                0x0800196c       0x78 build/dma.o
                0x0800196c                MX_DMA_Init
 .text.StartDefaultTask
                0x080019e4        0xa build/freertos.o
                0x080019e4                StartDefaultTask
 *fill*         0x080019ee        0x2 
 .text.vApplicationGetIdleTaskMemory
                0x080019f0       0x18 build/freertos.o
                0x080019f0                vApplicationGetIdleTaskMemory
 .text.MX_FREERTOS_Init
                0x08001a08       0x2c build/freertos.o
                0x08001a08                MX_FREERTOS_Init
 .text.MX_UART4_Init
                0x08001a34       0x34 build/usart.o
                0x08001a34                MX_UART4_Init
 .text.MX_USART1_UART_Init
                0x08001a68       0x34 build/usart.o
                0x08001a68                MX_USART1_UART_Init
 .text.HAL_UART_MspInit
                0x08001a9c      0x1e4 build/usart.o
                0x08001a9c                HAL_UART_MspInit
 .text.NMI_Handler
                0x08001c80        0x2 build/stm32f4xx_it.o
                0x08001c80                NMI_Handler
 .text.HardFault_Handler
                0x08001c82        0x2 build/stm32f4xx_it.o
                0x08001c82                HardFault_Handler
 .text.MemManage_Handler
                0x08001c84        0x2 build/stm32f4xx_it.o
                0x08001c84                MemManage_Handler
 .text.BusFault_Handler
                0x08001c86        0x2 build/stm32f4xx_it.o
                0x08001c86                BusFault_Handler
 .text.UsageFault_Handler
                0x08001c88        0x2 build/stm32f4xx_it.o
                0x08001c88                UsageFault_Handler
 .text.DebugMon_Handler
                0x08001c8a        0x2 build/stm32f4xx_it.o
                0x08001c8a                DebugMon_Handler
 .text.USART1_IRQHandler
                0x08001c8c       0x10 build/stm32f4xx_it.o
                0x08001c8c                USART1_IRQHandler
 .text.TIM7_IRQHandler
                0x08001c9c       0x10 build/stm32f4xx_it.o
                0x08001c9c                TIM7_IRQHandler
 .text.DMA2_Stream2_IRQHandler
                0x08001cac       0x10 build/stm32f4xx_it.o
                0x08001cac                DMA2_Stream2_IRQHandler
 .text.DMA2_Stream7_IRQHandler
                0x08001cbc       0x10 build/stm32f4xx_it.o
                0x08001cbc                DMA2_Stream7_IRQHandler
 .text.HAL_MspInit
                0x08001ccc       0x44 build/stm32f4xx_hal_msp.o
                0x08001ccc                HAL_MspInit
 .text.HAL_InitTick
                0x08001d10       0x7c build/stm32f4xx_hal_timebase_tim.o
                0x08001d10                HAL_InitTick
 .text.HAL_RCC_OscConfig
                0x08001d8c      0x3ec build/stm32f4xx_hal_rcc.o
                0x08001d8c                HAL_RCC_OscConfig
 .text.HAL_RCC_GetSysClockFreq
                0x08002178       0xcc build/stm32f4xx_hal_rcc.o
                0x08002178                HAL_RCC_GetSysClockFreq
 .text.HAL_RCC_ClockConfig
                0x08002244      0x160 build/stm32f4xx_hal_rcc.o
                0x08002244                HAL_RCC_ClockConfig
 .text.HAL_RCC_GetHCLKFreq
                0x080023a4        0xc build/stm32f4xx_hal_rcc.o
                0x080023a4                HAL_RCC_GetHCLKFreq
 .text.HAL_RCC_GetPCLK1Freq
                0x080023b0       0x20 build/stm32f4xx_hal_rcc.o
                0x080023b0                HAL_RCC_GetPCLK1Freq
 .text.HAL_RCC_GetPCLK2Freq
                0x080023d0       0x20 build/stm32f4xx_hal_rcc.o
                0x080023d0                HAL_RCC_GetPCLK2Freq
 .text.HAL_RCC_GetClockConfig
                0x080023f0       0x3c build/stm32f4xx_hal_rcc.o
                0x080023f0                HAL_RCC_GetClockConfig
 .text.HAL_GPIO_Init
                0x0800242c      0x1cc build/stm32f4xx_hal_gpio.o
                0x0800242c                HAL_GPIO_Init
 .text.HAL_GPIO_WritePin
                0x080025f8        0xc build/stm32f4xx_hal_gpio.o
                0x080025f8                HAL_GPIO_WritePin
 .text.DMA_SetConfig
                0x08002604       0x2c build/stm32f4xx_hal_dma.o
 .text.DMA_CalcBaseAndBitshift
                0x08002630       0x44 build/stm32f4xx_hal_dma.o
 .text.DMA_CheckFifoParam
                0x08002674       0x8e build/stm32f4xx_hal_dma.o
 *fill*         0x08002702        0x2 
 .text.HAL_DMA_Init
                0x08002704       0xcc build/stm32f4xx_hal_dma.o
                0x08002704                HAL_DMA_Init
 .text.HAL_DMA_Start_IT
                0x080027d0       0x6a build/stm32f4xx_hal_dma.o
                0x080027d0                HAL_DMA_Start_IT
 .text.HAL_DMA_Abort_IT
                0x0800283a       0x26 build/stm32f4xx_hal_dma.o
                0x0800283a                HAL_DMA_Abort_IT
 .text.HAL_DMA_IRQHandler
                0x08002860      0x1dc build/stm32f4xx_hal_dma.o
                0x08002860                HAL_DMA_IRQHandler
 .text.HAL_NVIC_SetPriorityGrouping
                0x08002a3c       0x24 build/stm32f4xx_hal_cortex.o
                0x08002a3c                HAL_NVIC_SetPriorityGrouping
 .text.HAL_NVIC_SetPriority
                0x08002a60       0x68 build/stm32f4xx_hal_cortex.o
                0x08002a60                HAL_NVIC_SetPriority
 .text.HAL_NVIC_EnableIRQ
                0x08002ac8       0x1c build/stm32f4xx_hal_cortex.o
                0x08002ac8                HAL_NVIC_EnableIRQ
 .text.HAL_Init
                0x08002ae4       0x34 build/stm32f4xx_hal.o
                0x08002ae4                HAL_Init
 .text.HAL_IncTick
                0x08002b18       0x18 build/stm32f4xx_hal.o
                0x08002b18                HAL_IncTick
 .text.HAL_GetTick
                0x08002b30        0xc build/stm32f4xx_hal.o
                0x08002b30                HAL_GetTick
 .text.HAL_TIM_Base_MspInit
                0x08002b3c        0x2 build/stm32f4xx_hal_tim.o
                0x08002b3c                HAL_TIM_Base_MspInit
 .text.HAL_TIM_Base_Start_IT
                0x08002b3e       0x22 build/stm32f4xx_hal_tim.o
                0x08002b3e                HAL_TIM_Base_Start_IT
 .text.HAL_TIM_OC_DelayElapsedCallback
                0x08002b60        0x2 build/stm32f4xx_hal_tim.o
                0x08002b60                HAL_TIM_OC_DelayElapsedCallback
 .text.HAL_TIM_IC_CaptureCallback
                0x08002b62        0x2 build/stm32f4xx_hal_tim.o
                0x08002b62                HAL_TIM_IC_CaptureCallback
 .text.HAL_TIM_PWM_PulseFinishedCallback
                0x08002b64        0x2 build/stm32f4xx_hal_tim.o
                0x08002b64                HAL_TIM_PWM_PulseFinishedCallback
 .text.HAL_TIM_TriggerCallback
                0x08002b66        0x2 build/stm32f4xx_hal_tim.o
                0x08002b66                HAL_TIM_TriggerCallback
 .text.HAL_TIM_IRQHandler
                0x08002b68      0x17a build/stm32f4xx_hal_tim.o
                0x08002b68                HAL_TIM_IRQHandler
 *fill*         0x08002ce2        0x2 
 .text.TIM_Base_SetConfig
                0x08002ce4       0xc8 build/stm32f4xx_hal_tim.o
                0x08002ce4                TIM_Base_SetConfig
 .text.HAL_TIM_Base_Init
                0x08002dac       0x34 build/stm32f4xx_hal_tim.o
                0x08002dac                HAL_TIM_Base_Init
 .text.HAL_TIMEx_CommutCallback
                0x08002de0        0x2 build/stm32f4xx_hal_tim_ex.o
                0x08002de0                HAL_TIMEx_CommutCallback
 .text.HAL_TIMEx_BreakCallback
                0x08002de2        0x2 build/stm32f4xx_hal_tim_ex.o
                0x08002de2                HAL_TIMEx_BreakCallback
 .text.UART_EndTxTransfer
                0x08002de4       0x12 build/stm32f4xx_hal_uart.o
 .text.UART_EndRxTransfer
                0x08002df6       0x1c build/stm32f4xx_hal_uart.o
 .text.UART_Transmit_IT
                0x08002e12       0x66 build/stm32f4xx_hal_uart.o
 .text.UART_SetConfig
                0x08002e78      0x1e8 build/stm32f4xx_hal_uart.o
 .text.UART_WaitOnFlagUntilTimeout
                0x08003060       0x68 build/stm32f4xx_hal_uart.o
 .text.HAL_UART_Init
                0x080030c8       0x5e build/stm32f4xx_hal_uart.o
                0x080030c8                HAL_UART_Init
 .text.HAL_UART_Transmit
                0x08003126       0xe2 build/stm32f4xx_hal_uart.o
                0x08003126                HAL_UART_Transmit
 .text.HAL_UART_Receive_DMA
                0x08003208       0xa8 build/stm32f4xx_hal_uart.o
                0x08003208                HAL_UART_Receive_DMA
 .text.HAL_UART_TxCpltCallback
                0x080032b0        0x2 build/stm32f4xx_hal_uart.o
                0x080032b0                HAL_UART_TxCpltCallback
 .text.UART_EndTransmit_IT
                0x080032b2       0x1a build/stm32f4xx_hal_uart.o
 .text.UART_DMAReceiveCplt
                0x080032cc       0x3e build/stm32f4xx_hal_uart.o
 .text.UART_Receive_IT
                0x0800330a       0x9e build/stm32f4xx_hal_uart.o
 .text.UART_DMARxHalfCplt
                0x080033a8        0xa build/stm32f4xx_hal_uart.o
 .text.HAL_UART_ErrorCallback
                0x080033b2        0x2 build/stm32f4xx_hal_uart.o
                0x080033b2                HAL_UART_ErrorCallback
 .text.UART_DMAError
                0x080033b4       0x58 build/stm32f4xx_hal_uart.o
 .text.HAL_UART_IRQHandler
                0x0800340c      0x128 build/stm32f4xx_hal_uart.o
                0x0800340c                HAL_UART_IRQHandler
 .text.UART_DMAAbortOnError
                0x08003534       0x10 build/stm32f4xx_hal_uart.o
 .text.SystemInit
                0x08003544       0x1c build/system_stm32f4xx.o
                0x08003544                SystemInit
 .text.vListInitialise
                0x08003560       0x16 build/list.o
                0x08003560                vListInitialise
 .text.vListInitialiseItem
                0x08003576        0x6 build/list.o
                0x08003576                vListInitialiseItem
 .text.vListInsertEnd
                0x0800357c       0x16 build/list.o
                0x0800357c                vListInsertEnd
 .text.vListInsert
                0x08003592       0x32 build/list.o
                0x08003592                vListInsert
 .text.uxListRemove
                0x080035c4       0x26 build/list.o
                0x080035c4                uxListRemove
 .text.prvIsQueueEmpty
                0x080035ea       0x1a build/queue.o
 .text.prvCopyDataToQueue
                0x08003604       0x76 build/queue.o
 .text.prvCopyDataFromQueue
                0x0800367a       0x24 build/queue.o
 .text.prvUnlockQueue
                0x0800369e       0x6e build/queue.o
 .text.xQueueGenericReset
                0x0800370c       0x84 build/queue.o
                0x0800370c                xQueueGenericReset
 .text.prvInitialiseNewQueue
                0x08003790       0x1c build/queue.o
 .text.xQueueGenericCreateStatic
                0x080037ac       0x94 build/queue.o
                0x080037ac                xQueueGenericCreateStatic
 .text.xQueueGenericSendFromISR
                0x08003840       0xce build/queue.o
                0x08003840                xQueueGenericSendFromISR
 *fill*         0x0800390e        0x2 
 .text.xQueueReceive
                0x08003910      0x15c build/queue.o
                0x08003910                xQueueReceive
 .text.prvResetNextTaskUnblockTime
                0x08003a6c       0x2c build/tasks.o
 .text.prvInitialiseNewTask
                0x08003a98       0x8e build/tasks.o
 *fill*         0x08003b26        0x2 
 .text.prvInitialiseTaskLists
                0x08003b28       0x68 build/tasks.o
 .text.prvAddNewTaskToReadyList
                0x08003b90       0xa8 build/tasks.o
 .text.prvDeleteTCB
                0x08003c38       0x38 build/tasks.o
 .text.prvCheckTasksWaitingTermination
                0x08003c70       0x4c build/tasks.o
 .text.prvIdleTask
                0x08003cbc       0x28 build/tasks.o
 .text.prvAddCurrentTaskToDelayedList
                0x08003ce4       0x98 build/tasks.o
 .text.xTaskCreateStatic
                0x08003d7c       0x74 build/tasks.o
                0x08003d7c                xTaskCreateStatic
 .text.xTaskCreate
                0x08003df0       0x68 build/tasks.o
                0x08003df0                xTaskCreate
 .text.vTaskStartScheduler
                0x08003e58       0x6c build/tasks.o
                0x08003e58                vTaskStartScheduler
 .text.vTaskSuspendAll
                0x08003ec4       0x10 build/tasks.o
                0x08003ec4                vTaskSuspendAll
 .text.xTaskIncrementTick
                0x08003ed4      0x118 build/tasks.o
                0x08003ed4                xTaskIncrementTick
 .text.xTaskResumeAll
                0x08003fec       0xf8 build/tasks.o
                0x08003fec                xTaskResumeAll
 .text.vTaskDelay
                0x080040e4       0x4c build/tasks.o
                0x080040e4                vTaskDelay
 .text.vTaskSwitchContext
                0x08004130       0x98 build/tasks.o
                0x08004130                vTaskSwitchContext
 .text.vTaskPlaceOnEventList
                0x080041c8       0x30 build/tasks.o
                0x080041c8                vTaskPlaceOnEventList
 .text.xTaskRemoveFromEventList
                0x080041f8       0x8c build/tasks.o
                0x080041f8                xTaskRemoveFromEventList
 .text.vTaskInternalSetTimeOutState
                0x08004284       0x18 build/tasks.o
                0x08004284                vTaskInternalSetTimeOutState
 .text.xTaskCheckForTimeOut
                0x0800429c       0x84 build/tasks.o
                0x0800429c                xTaskCheckForTimeOut
 .text.vTaskMissedYield
                0x08004320        0xc build/tasks.o
                0x08004320                vTaskMissedYield
 .text.xTaskGetSchedulerState
                0x0800432c       0x20 build/tasks.o
                0x0800432c                xTaskGetSchedulerState
 .text.xTaskPriorityDisinherit
                0x0800434c       0xb4 build/tasks.o
                0x0800434c                xTaskPriorityDisinherit
 .text.makeFreeRtosPriority
                0x08004400        0xc build/cmsis_os.o
 .text.osKernelStart
                0x0800440c        0xa build/cmsis_os.o
                0x0800440c                osKernelStart
 .text.osThreadCreate
                0x08004416       0x6a build/cmsis_os.o
                0x08004416                osThreadCreate
 .text.osDelay  0x08004480        0xe build/cmsis_os.o
                0x08004480                osDelay
 *fill*         0x0800448e        0x2 
 .text.prvHeapInit
                0x08004490       0x64 build/heap_4.o
 .text.prvInsertBlockIntoFreeList
                0x080044f4       0x58 build/heap_4.o
 .text.pvPortMalloc
                0x0800454c       0xf0 build/heap_4.o
                0x0800454c                pvPortMalloc
 .text.vPortFree
                0x0800463c       0x70 build/heap_4.o
                0x0800463c                vPortFree
 .text.prvTaskExitError
                0x080046ac       0x40 build/port.o
 .text.prvPortStartFirstTask
                0x080046ec       0x28 build/port.o
 .text.vPortEnableVFP
                0x08004714       0x14 build/port.o
 .text.pxPortInitialiseStack
                0x08004728       0x2c build/port.o
                0x08004728                pxPortInitialiseStack
 *fill*         0x08004754        0xc 
 .text.SVC_Handler
                0x08004760       0x24 build/port.o
                0x08004760                SVC_Handler
 .text.vPortEnterCritical
                0x08004784       0x44 build/port.o
                0x08004784                vPortEnterCritical
 .text.vPortExitCritical
                0x080047c8       0x2c build/port.o
                0x080047c8                vPortExitCritical
 *fill*         0x080047f4        0xc 
 .text.PendSV_Handler
                0x08004800       0x64 build/port.o
                0x08004800                PendSV_Handler
 .text.SysTick_Handler
                0x08004864       0x2c build/port.o
                0x08004864                SysTick_Handler
 .text.vPortSetupTimerInterrupt
                0x08004890       0x38 build/port.o
                0x08004890                vPortSetupTimerInterrupt
 .text.xPortStartScheduler
                0x080048c8      0x110 build/port.o
                0x080048c8                xPortStartScheduler
 .text.vPortValidateInterruptPriority
                0x080049d8       0x5c build/port.o
                0x080049d8                vPortValidateInterruptPriority
 .text.Reset_Handler
                0x08004a34       0x50 build/startup_stm32f407xx.o
                0x08004a34                Reset_Handler
 .text.Default_Handler
                0x08004a84        0x2 build/startup_stm32f407xx.o
                0x08004a84                RTC_Alarm_IRQHandler
                0x08004a84                HASH_RNG_IRQHandler
                0x08004a84                EXTI2_IRQHandler
                0x08004a84                TIM8_CC_IRQHandler
                0x08004a84                TIM1_CC_IRQHandler
                0x08004a84                DMA2_Stream5_IRQHandler
                0x08004a84                DMA1_Stream5_IRQHandler
                0x08004a84                PVD_IRQHandler
                0x08004a84                SDIO_IRQHandler
                0x08004a84                TAMP_STAMP_IRQHandler
                0x08004a84                CAN2_RX1_IRQHandler
                0x08004a84                EXTI3_IRQHandler
                0x08004a84                TIM8_TRG_COM_TIM14_IRQHandler
                0x08004a84                TIM1_UP_TIM10_IRQHandler
                0x08004a84                TIM8_UP_TIM13_IRQHandler
                0x08004a84                I2C3_ER_IRQHandler
                0x08004a84                EXTI0_IRQHandler
                0x08004a84                I2C2_EV_IRQHandler
                0x08004a84                CAN1_RX0_IRQHandler
                0x08004a84                FPU_IRQHandler
                0x08004a84                OTG_HS_WKUP_IRQHandler
                0x08004a84                CAN2_SCE_IRQHandler
                0x08004a84                SPI1_IRQHandler
                0x08004a84                TIM6_DAC_IRQHandler
                0x08004a84                TIM1_BRK_TIM9_IRQHandler
                0x08004a84                DCMI_IRQHandler
                0x08004a84                CAN2_RX0_IRQHandler
                0x08004a84                DMA2_Stream3_IRQHandler
                0x08004a84                USART6_IRQHandler
                0x08004a84                USART3_IRQHandler
                0x08004a84                CAN1_RX1_IRQHandler
                0x08004a84                UART5_IRQHandler
                0x08004a84                DMA2_Stream0_IRQHandler
                0x08004a84                TIM4_IRQHandler
                0x08004a84                I2C1_EV_IRQHandler
                0x08004a84                DMA1_Stream6_IRQHandler
                0x08004a84                DMA1_Stream1_IRQHandler
                0x08004a84                TIM3_IRQHandler
                0x08004a84                RCC_IRQHandler
                0x08004a84                TIM8_BRK_TIM12_IRQHandler
                0x08004a84                Default_Handler
                0x08004a84                EXTI15_10_IRQHandler
                0x08004a84                ADC_IRQHandler
                0x08004a84                DMA1_Stream7_IRQHandler
                0x08004a84                CAN2_TX_IRQHandler
                0x08004a84                TIM5_IRQHandler
                0x08004a84                I2C3_EV_IRQHandler
                0x08004a84                EXTI9_5_IRQHandler
                0x08004a84                RTC_WKUP_IRQHandler
                0x08004a84                ETH_WKUP_IRQHandler
                0x08004a84                SPI2_IRQHandler
                0x08004a84                OTG_HS_EP1_IN_IRQHandler
                0x08004a84                DMA1_Stream0_IRQHandler
                0x08004a84                CAN1_TX_IRQHandler
                0x08004a84                EXTI4_IRQHandler
                0x08004a84                FSMC_IRQHandler
                0x08004a84                ETH_IRQHandler
                0x08004a84                OTG_HS_EP1_OUT_IRQHandler
                0x08004a84                WWDG_IRQHandler
                0x08004a84                TIM2_IRQHandler
                0x08004a84                OTG_FS_WKUP_IRQHandler
                0x08004a84                TIM1_TRG_COM_TIM11_IRQHandler
                0x08004a84                OTG_HS_IRQHandler
                0x08004a84                EXTI1_IRQHandler
                0x08004a84                USART2_IRQHandler
                0x08004a84                I2C2_ER_IRQHandler
                0x08004a84                DMA2_Stream1_IRQHandler
                0x08004a84                CAN1_SCE_IRQHandler
                0x08004a84                FLASH_IRQHandler
                0x08004a84                DMA2_Stream4_IRQHandler
                0x08004a84                OTG_FS_IRQHandler
                0x08004a84                SPI3_IRQHandler
                0x08004a84                I2C1_ER_IRQHandler
                0x08004a84                DMA2_Stream6_IRQHandler
                0x08004a84                DMA1_Stream3_IRQHandler
 *fill*         0x08004a86        0x2 
 .text.__libc_init_array
                0x08004a88       0x48 e:/gnu tools arm embedded/9 2019-q4-major/bin/../lib/gcc/arm-none-eabi/9.2.1/../../../../arm-none-eabi/lib/thumb/v7e-m+fp/hard\libc_nano.a(lib_a-init.o)
                0x08004a88                __libc_init_array
 .text.memcmp   0x08004ad0       0x1c e:/gnu tools arm embedded/9 2019-q4-major/bin/../lib/gcc/arm-none-eabi/9.2.1/../../../../arm-none-eabi/lib/thumb/v7e-m+fp/hard\libc_nano.a(lib_a-memcmp.o)
                0x08004ad0                memcmp
 .text.memcpy   0x08004aec       0x1c e:/gnu tools arm embedded/9 2019-q4-major/bin/../lib/gcc/arm-none-eabi/9.2.1/../../../../arm-none-eabi/lib/thumb/v7e-m+fp/hard\libc_nano.a(lib_a-memcpy-stub.o)
                0x08004aec                memcpy
 .text.memset   0x08004b08       0x10 e:/gnu tools arm embedded/9 2019-q4-major/bin/../lib/gcc/arm-none-eabi/9.2.1/../../../../arm-none-eabi/lib/thumb/v7e-m+fp/hard\libc_nano.a(lib_a-memset.o)
                0x08004b08                memset
 .text.printf   0x08004b18       0x30 e:/gnu tools arm embedded/9 2019-q4-major/bin/../lib/gcc/arm-none-eabi/9.2.1/../../../../arm-none-eabi/lib/thumb/v7e-m+fp/hard\libc_nano.a(lib_a-printf.o)
                0x08004b18                iprintf
                0x08004b18                printf
 .text.std      0x08004b48       0x48 e:/gnu tools arm embedded/9 2019-q4-major/bin/../lib/gcc/arm-none-eabi/9.2.1/../../../../arm-none-eabi/lib/thumb/v7e-m+fp/hard\libc_nano.a(lib_a-findfp.o)
 .text._cleanup_r
                0x08004b90        0xc e:/gnu tools arm embedded/9 2019-q4-major/bin/../lib/gcc/arm-none-eabi/9.2.1/../../../../arm-none-eabi/lib/thumb/v7e-m+fp/hard\libc_nano.a(lib_a-findfp.o)
                0x08004b90                _cleanup_r
 .text.__sfmoreglue
                0x08004b9c       0x2c e:/gnu tools arm embedded/9 2019-q4-major/bin/../lib/gcc/arm-none-eabi/9.2.1/../../../../arm-none-eabi/lib/thumb/v7e-m+fp/hard\libc_nano.a(lib_a-findfp.o)
                0x08004b9c                __sfmoreglue
 .text.__sfp_lock_acquire
                0x08004bc8        0xc e:/gnu tools arm embedded/9 2019-q4-major/bin/../lib/gcc/arm-none-eabi/9.2.1/../../../../arm-none-eabi/lib/thumb/v7e-m+fp/hard\libc_nano.a(lib_a-findfp.o)
                0x08004bc8                __sfp_lock_acquire
 .text.__sfp_lock_release
                0x08004bd4        0xc e:/gnu tools arm embedded/9 2019-q4-major/bin/../lib/gcc/arm-none-eabi/9.2.1/../../../../arm-none-eabi/lib/thumb/v7e-m+fp/hard\libc_nano.a(lib_a-findfp.o)
                0x08004bd4                __sfp_lock_release
 .text.__sinit_lock_acquire
                0x08004be0        0xc e:/gnu tools arm embedded/9 2019-q4-major/bin/../lib/gcc/arm-none-eabi/9.2.1/../../../../arm-none-eabi/lib/thumb/v7e-m+fp/hard\libc_nano.a(lib_a-findfp.o)
                0x08004be0                __sinit_lock_acquire
 .text.__sinit_lock_release
                0x08004bec        0xc e:/gnu tools arm embedded/9 2019-q4-major/bin/../lib/gcc/arm-none-eabi/9.2.1/../../../../arm-none-eabi/lib/thumb/v7e-m+fp/hard\libc_nano.a(lib_a-findfp.o)
                0x08004bec                __sinit_lock_release
 .text.__sinit  0x08004bf8       0x70 e:/gnu tools arm embedded/9 2019-q4-major/bin/../lib/gcc/arm-none-eabi/9.2.1/../../../../arm-none-eabi/lib/thumb/v7e-m+fp/hard\libc_nano.a(lib_a-findfp.o)
                0x08004bf8                __sinit
 .text.__sfp    0x08004c68       0x8c e:/gnu tools arm embedded/9 2019-q4-major/bin/../lib/gcc/arm-none-eabi/9.2.1/../../../../arm-none-eabi/lib/thumb/v7e-m+fp/hard\libc_nano.a(lib_a-findfp.o)
                0x08004c68                __sfp
 .text._fwalk_reent
                0x08004cf4       0x3e e:/gnu tools arm embedded/9 2019-q4-major/bin/../lib/gcc/arm-none-eabi/9.2.1/../../../../arm-none-eabi/lib/thumb/v7e-m+fp/hard\libc_nano.a(lib_a-fwalk.o)
                0x08004cf4                _fwalk_reent
 .text.__retarget_lock_init_recursive
                0x08004d32        0x2 e:/gnu tools arm embedded/9 2019-q4-major/bin/../lib/gcc/arm-none-eabi/9.2.1/../../../../arm-none-eabi/lib/thumb/v7e-m+fp/hard\libc_nano.a(lib_a-lock.o)
                0x08004d32                __retarget_lock_init_recursive
 .text.__retarget_lock_acquire_recursive
                0x08004d34        0x2 e:/gnu tools arm embedded/9 2019-q4-major/bin/../lib/gcc/arm-none-eabi/9.2.1/../../../../arm-none-eabi/lib/thumb/v7e-m+fp/hard\libc_nano.a(lib_a-lock.o)
                0x08004d34                __retarget_lock_acquire_recursive
 .text.__retarget_lock_release_recursive
                0x08004d36        0x2 e:/gnu tools arm embedded/9 2019-q4-major/bin/../lib/gcc/arm-none-eabi/9.2.1/../../../../arm-none-eabi/lib/thumb/v7e-m+fp/hard\libc_nano.a(lib_a-lock.o)
                0x08004d36                __retarget_lock_release_recursive
 .text._malloc_r
                0x08004d38       0xb4 e:/gnu tools arm embedded/9 2019-q4-major/bin/../lib/gcc/arm-none-eabi/9.2.1/../../../../arm-none-eabi/lib/thumb/v7e-m+fp/hard\libc_nano.a(lib_a-nano-mallocr.o)
                0x08004d38                _malloc_r
 .text.__sfputc_r
                0x08004dec       0x2e e:/gnu tools arm embedded/9 2019-q4-major/bin/../lib/gcc/arm-none-eabi/9.2.1/../../../../arm-none-eabi/lib/thumb/v7e-m+fp/hard\libc_nano.a(lib_a-nano-vfprintf.o)
 .text.__sfputs_r
                0x08004e1a       0x24 e:/gnu tools arm embedded/9 2019-q4-major/bin/../lib/gcc/arm-none-eabi/9.2.1/../../../../arm-none-eabi/lib/thumb/v7e-m+fp/hard\libc_nano.a(lib_a-nano-vfprintf.o)
                0x08004e1a                __sfputs_r
 *fill*         0x08004e3e        0x2 
 .text._vfprintf_r
                0x08004e40      0x260 e:/gnu tools arm embedded/9 2019-q4-major/bin/../lib/gcc/arm-none-eabi/9.2.1/../../../../arm-none-eabi/lib/thumb/v7e-m+fp/hard\libc_nano.a(lib_a-nano-vfprintf.o)
                0x08004e40                _vfprintf_r
                0x08004e40                _vfiprintf_r
 .text._printf_common
                0x080050a0       0xda e:/gnu tools arm embedded/9 2019-q4-major/bin/../lib/gcc/arm-none-eabi/9.2.1/../../../../arm-none-eabi/lib/thumb/v7e-m+fp/hard\libc_nano.a(lib_a-nano-vfprintf_i.o)
                0x080050a0                _printf_common
 *fill*         0x0800517a        0x2 
 .text._printf_i
                0x0800517c      0x24c e:/gnu tools arm embedded/9 2019-q4-major/bin/../lib/gcc/arm-none-eabi/9.2.1/../../../../arm-none-eabi/lib/thumb/v7e-m+fp/hard\libc_nano.a(lib_a-nano-vfprintf_i.o)
                0x0800517c                _printf_i
 .text._sbrk_r  0x080053c8       0x20 e:/gnu tools arm embedded/9 2019-q4-major/bin/../lib/gcc/arm-none-eabi/9.2.1/../../../../arm-none-eabi/lib/thumb/v7e-m+fp/hard\libc_nano.a(lib_a-sbrkr.o)
                0x080053c8                _sbrk_r
 .text.__sread  0x080053e8       0x22 e:/gnu tools arm embedded/9 2019-q4-major/bin/../lib/gcc/arm-none-eabi/9.2.1/../../../../arm-none-eabi/lib/thumb/v7e-m+fp/hard\libc_nano.a(lib_a-stdio.o)
                0x080053e8                __sread
 .text.__swrite
                0x0800540a       0x38 e:/gnu tools arm embedded/9 2019-q4-major/bin/../lib/gcc/arm-none-eabi/9.2.1/../../../../arm-none-eabi/lib/thumb/v7e-m+fp/hard\libc_nano.a(lib_a-stdio.o)
                0x0800540a                __swrite
 .text.__sseek  0x08005442       0x24 e:/gnu tools arm embedded/9 2019-q4-major/bin/../lib/gcc/arm-none-eabi/9.2.1/../../../../arm-none-eabi/lib/thumb/v7e-m+fp/hard\libc_nano.a(lib_a-stdio.o)
                0x08005442                __sseek
 .text.__sclose
                0x08005466        0x8 e:/gnu tools arm embedded/9 2019-q4-major/bin/../lib/gcc/arm-none-eabi/9.2.1/../../../../arm-none-eabi/lib/thumb/v7e-m+fp/hard\libc_nano.a(lib_a-stdio.o)
                0x08005466                __sclose
 *fill*         0x0800546e        0x2 
 .text.__swbuf_r
                0x08005470       0xa4 e:/gnu tools arm embedded/9 2019-q4-major/bin/../lib/gcc/arm-none-eabi/9.2.1/../../../../arm-none-eabi/lib/thumb/v7e-m+fp/hard\libc_nano.a(lib_a-wbuf.o)
                0x08005470                __swbuf_r
 .text._write_r
                0x08005514       0x24 e:/gnu tools arm embedded/9 2019-q4-major/bin/../lib/gcc/arm-none-eabi/9.2.1/../../../../arm-none-eabi/lib/thumb/v7e-m+fp/hard\libc_nano.a(lib_a-writer.o)
                0x08005514                _write_r
 .text.__swsetup_r
                0x08005538       0xdc e:/gnu tools arm embedded/9 2019-q4-major/bin/../lib/gcc/arm-none-eabi/9.2.1/../../../../arm-none-eabi/lib/thumb/v7e-m+fp/hard\libc_nano.a(lib_a-wsetup.o)
                0x08005538                __swsetup_r
 .text._close_r
                0x08005614       0x20 e:/gnu tools arm embedded/9 2019-q4-major/bin/../lib/gcc/arm-none-eabi/9.2.1/../../../../arm-none-eabi/lib/thumb/v7e-m+fp/hard\libc_nano.a(lib_a-closer.o)
                0x08005614                _close_r
 .text.__sflush_r
                0x08005634      0x10c e:/gnu tools arm embedded/9 2019-q4-major/bin/../lib/gcc/arm-none-eabi/9.2.1/../../../../arm-none-eabi/lib/thumb/v7e-m+fp/hard\libc_nano.a(lib_a-fflush.o)
                0x08005634                __sflush_r
 .text._fflush_r
                0x08005740       0x78 e:/gnu tools arm embedded/9 2019-q4-major/bin/../lib/gcc/arm-none-eabi/9.2.1/../../../../arm-none-eabi/lib/thumb/v7e-m+fp/hard\libc_nano.a(lib_a-fflush.o)
                0x08005740                _fflush_r
 .text._lseek_r
                0x080057b8       0x24 e:/gnu tools arm embedded/9 2019-q4-major/bin/../lib/gcc/arm-none-eabi/9.2.1/../../../../arm-none-eabi/lib/thumb/v7e-m+fp/hard\libc_nano.a(lib_a-lseekr.o)
                0x080057b8                _lseek_r
 .text.__swhatbuf_r
                0x080057dc       0x48 e:/gnu tools arm embedded/9 2019-q4-major/bin/../lib/gcc/arm-none-eabi/9.2.1/../../../../arm-none-eabi/lib/thumb/v7e-m+fp/hard\libc_nano.a(lib_a-makebuf.o)
                0x080057dc                __swhatbuf_r
 .text.__smakebuf_r
                0x08005824       0x80 e:/gnu tools arm embedded/9 2019-q4-major/bin/../lib/gcc/arm-none-eabi/9.2.1/../../../../arm-none-eabi/lib/thumb/v7e-m+fp/hard\libc_nano.a(lib_a-makebuf.o)
                0x08005824                __smakebuf_r
 .text.__malloc_lock
                0x080058a4        0xc e:/gnu tools arm embedded/9 2019-q4-major/bin/../lib/gcc/arm-none-eabi/9.2.1/../../../../arm-none-eabi/lib/thumb/v7e-m+fp/hard\libc_nano.a(lib_a-mlock.o)
                0x080058a4                __malloc_lock
 .text.__malloc_unlock
                0x080058b0        0xc e:/gnu tools arm embedded/9 2019-q4-major/bin/../lib/gcc/arm-none-eabi/9.2.1/../../../../arm-none-eabi/lib/thumb/v7e-m+fp/hard\libc_nano.a(lib_a-mlock.o)
                0x080058b0                __malloc_unlock
 .text._free_r  0x080058bc       0xa0 e:/gnu tools arm embedded/9 2019-q4-major/bin/../lib/gcc/arm-none-eabi/9.2.1/../../../../arm-none-eabi/lib/thumb/v7e-m+fp/hard\libc_nano.a(lib_a-nano-freer.o)
                0x080058bc                _free_r
 .text._read_r  0x0800595c       0x24 e:/gnu tools arm embedded/9 2019-q4-major/bin/../lib/gcc/arm-none-eabi/9.2.1/../../../../arm-none-eabi/lib/thumb/v7e-m+fp/hard\libc_nano.a(lib_a-readr.o)
                0x0800595c                _read_r
 .text._fstat_r
                0x08005980       0x24 e:/gnu tools arm embedded/9 2019-q4-major/bin/../lib/gcc/arm-none-eabi/9.2.1/../../../../arm-none-eabi/lib/thumb/v7e-m+fp/hard\libc_nano.a(lib_a-fstatr.o)
                0x08005980                _fstat_r
 .text._isatty_r
                0x080059a4       0x20 e:/gnu tools arm embedded/9 2019-q4-major/bin/../lib/gcc/arm-none-eabi/9.2.1/../../../../arm-none-eabi/lib/thumb/v7e-m+fp/hard\libc_nano.a(lib_a-isattyr.o)
                0x080059a4                _isatty_r
 .text._close   0x080059c4       0x10 e:/gnu tools arm embedded/9 2019-q4-major/bin/../lib/gcc/arm-none-eabi/9.2.1/../../../../arm-none-eabi/lib/thumb/v7e-m+fp/hard\libnosys.a(close.o)
                0x080059c4                _close
 .text._fstat   0x080059d4       0x10 e:/gnu tools arm embedded/9 2019-q4-major/bin/../lib/gcc/arm-none-eabi/9.2.1/../../../../arm-none-eabi/lib/thumb/v7e-m+fp/hard\libnosys.a(fstat.o)
                0x080059d4                _fstat
 .text._isatty  0x080059e4       0x10 e:/gnu tools arm embedded/9 2019-q4-major/bin/../lib/gcc/arm-none-eabi/9.2.1/../../../../arm-none-eabi/lib/thumb/v7e-m+fp/hard\libnosys.a(isatty.o)
                0x080059e4                _isatty
 .text._lseek   0x080059f4       0x10 e:/gnu tools arm embedded/9 2019-q4-major/bin/../lib/gcc/arm-none-eabi/9.2.1/../../../../arm-none-eabi/lib/thumb/v7e-m+fp/hard\libnosys.a(lseek.o)
                0x080059f4                _lseek
 .text._read    0x08005a04       0x10 e:/gnu tools arm embedded/9 2019-q4-major/bin/../lib/gcc/arm-none-eabi/9.2.1/../../../../arm-none-eabi/lib/thumb/v7e-m+fp/hard\libnosys.a(read.o)
                0x08005a04                _read
 .text._sbrk    0x08005a14       0x1c e:/gnu tools arm embedded/9 2019-q4-major/bin/../lib/gcc/arm-none-eabi/9.2.1/../../../../arm-none-eabi/lib/thumb/v7e-m+fp/hard\libnosys.a(sbrk.o)
                0x08005a14                _sbrk
 *(.glue_7)
 .glue_7        0x08005a30        0x0 linker stubs
 *(.glue_7t)
 .glue_7t       0x08005a30        0x0 linker stubs
 *(.eh_frame)
 .eh_frame      0x08005a30        0x0 e:/gnu tools arm embedded/9 2019-q4-major/bin/../lib/gcc/arm-none-eabi/9.2.1/thumb/v7e-m+fp/hard/crtbegin.o
 *(.init)
 .init          0x08005a30        0x4 e:/gnu tools arm embedded/9 2019-q4-major/bin/../lib/gcc/arm-none-eabi/9.2.1/thumb/v7e-m+fp/hard/crti.o
                0x08005a30                _init
 .init          0x08005a34        0x8 e:/gnu tools arm embedded/9 2019-q4-major/bin/../lib/gcc/arm-none-eabi/9.2.1/thumb/v7e-m+fp/hard/crtn.o
 *(.fini)
 .fini          0x08005a3c        0x4 e:/gnu tools arm embedded/9 2019-q4-major/bin/../lib/gcc/arm-none-eabi/9.2.1/thumb/v7e-m+fp/hard/crti.o
                0x08005a3c                _fini
 .fini          0x08005a40        0x8 e:/gnu tools arm embedded/9 2019-q4-major/bin/../lib/gcc/arm-none-eabi/9.2.1/thumb/v7e-m+fp/hard/crtn.o
                0x08005a48                . = ALIGN (0x4)
                0x08005a48                _etext = .

.vfp11_veneer   0x08005a48        0x0
 .vfp11_veneer  0x08005a48        0x0 linker stubs

.v4_bx          0x08005a48        0x0
 .v4_bx         0x08005a48        0x0 linker stubs

.iplt           0x08005a48        0x0
 .iplt          0x08005a48        0x0 e:/gnu tools arm embedded/9 2019-q4-major/bin/../lib/gcc/arm-none-eabi/9.2.1/thumb/v7e-m+fp/hard/crtbegin.o

.rodata         0x08005a48      0xb44
                0x08005a48                . = ALIGN (0x4)
 *(.rodata)
 .rodata        0x08005a48       0x1c build/freertos.o
 *(.rodata*)
 .rodata.MavlinkParse.str1.4
                0x08005a64        0x5 build/mavlink_task.o
 *fill*         0x08005a69        0x3 
 .rodata.MavlinkInit.str1.4
                0x08005a6c        0xc build/mavlink_task.o
 .rodata.mavlink_message_crcs.10790
                0x08005a78      0x948 build/mavlink_task.o
 .rodata.mavlink_sha256_constant_256
                0x080063c0      0x100 build/mavlink_task.o
 .rodata.str1.4
                0x080064c0        0xc build/freertos.o
 .rodata.flagBitshiftOffset.8249
                0x080064cc        0x8 build/stm32f4xx_hal_dma.o
 .rodata.AHBPrescTable
                0x080064d4       0x10 build/system_stm32f4xx.o
                0x080064d4                AHBPrescTable
 .rodata.APBPrescTable
                0x080064e4        0x8 build/system_stm32f4xx.o
                0x080064e4                APBPrescTable
 .rodata.vTaskStartScheduler.str1.4
                0x080064ec        0x5 build/tasks.o
 *fill*         0x080064f1        0x3 
 .rodata._global_impure_ptr
                0x080064f4        0x4 e:/gnu tools arm embedded/9 2019-q4-major/bin/../lib/gcc/arm-none-eabi/9.2.1/../../../../arm-none-eabi/lib/thumb/v7e-m+fp/hard\libc_nano.a(lib_a-impure.o)
                0x080064f4                _global_impure_ptr
 .rodata.__sf_fake_stderr
                0x080064f8       0x20 e:/gnu tools arm embedded/9 2019-q4-major/bin/../lib/gcc/arm-none-eabi/9.2.1/../../../../arm-none-eabi/lib/thumb/v7e-m+fp/hard\libc_nano.a(lib_a-findfp.o)
                0x080064f8                __sf_fake_stderr
 .rodata.__sf_fake_stdin
                0x08006518       0x20 e:/gnu tools arm embedded/9 2019-q4-major/bin/../lib/gcc/arm-none-eabi/9.2.1/../../../../arm-none-eabi/lib/thumb/v7e-m+fp/hard\libc_nano.a(lib_a-findfp.o)
                0x08006518                __sf_fake_stdin
 .rodata.__sf_fake_stdout
                0x08006538       0x20 e:/gnu tools arm embedded/9 2019-q4-major/bin/../lib/gcc/arm-none-eabi/9.2.1/../../../../arm-none-eabi/lib/thumb/v7e-m+fp/hard\libc_nano.a(lib_a-findfp.o)
                0x08006538                __sf_fake_stdout
 .rodata._vfprintf_r.str1.1
                0x08006558       0x11 e:/gnu tools arm embedded/9 2019-q4-major/bin/../lib/gcc/arm-none-eabi/9.2.1/../../../../arm-none-eabi/lib/thumb/v7e-m+fp/hard\libc_nano.a(lib_a-nano-vfprintf.o)
 .rodata._printf_i.str1.1
                0x08006569       0x22 e:/gnu tools arm embedded/9 2019-q4-major/bin/../lib/gcc/arm-none-eabi/9.2.1/../../../../arm-none-eabi/lib/thumb/v7e-m+fp/hard\libc_nano.a(lib_a-nano-vfprintf_i.o)
                0x0800658c                . = ALIGN (0x4)
 *fill*         0x0800658b        0x1 

.ARM.extab
 *(.ARM.extab* .gnu.linkonce.armextab.*)

.ARM            0x0800658c        0x8
                0x0800658c                __exidx_start = .
 *(.ARM.exidx*)
 .ARM.exidx     0x0800658c        0x8 e:/gnu tools arm embedded/9 2019-q4-major/bin/../lib/gcc/arm-none-eabi/9.2.1/thumb/v7e-m+fp/hard\libgcc.a(_udivmoddi4.o)
                0x08006594                __exidx_end = .

.rel.dyn        0x08006594        0x0
 .rel.iplt      0x08006594        0x0 e:/gnu tools arm embedded/9 2019-q4-major/bin/../lib/gcc/arm-none-eabi/9.2.1/thumb/v7e-m+fp/hard/crtbegin.o

.preinit_array  0x08006594        0x0
                0x08006594                PROVIDE (__preinit_array_start = .)
 *(.preinit_array*)
                0x08006594                PROVIDE (__preinit_array_end = .)

.init_array     0x08006594        0x4
                0x08006594                PROVIDE (__init_array_start = .)
 *(SORT_BY_NAME(.init_array.*))
 *(.init_array*)
 .init_array    0x08006594        0x4 e:/gnu tools arm embedded/9 2019-q4-major/bin/../lib/gcc/arm-none-eabi/9.2.1/thumb/v7e-m+fp/hard/crtbegin.o
                0x08006598                PROVIDE (__init_array_end = .)

.fini_array     0x08006598        0x4
                [!provide]                PROVIDE (__fini_array_start = .)
 *(SORT_BY_NAME(.fini_array.*))
 *(.fini_array*)
 .fini_array    0x08006598        0x4 e:/gnu tools arm embedded/9 2019-q4-major/bin/../lib/gcc/arm-none-eabi/9.2.1/thumb/v7e-m+fp/hard/crtbegin.o
                [!provide]                PROVIDE (__fini_array_end = .)
                0x0800659c                _sidata = LOADADDR (.data)

.data           0x20000000       0x74 load address 0x0800659c
                0x20000000                . = ALIGN (0x4)
                0x20000000                _sdata = .
 *(.data)
 *(.data*)
 .data.uwTickFreq
                0x20000000        0x1 build/stm32f4xx_hal.o
                0x20000000                uwTickFreq
 *fill*         0x20000001        0x3 
 .data.uwTickPrio
                0x20000004        0x4 build/stm32f4xx_hal.o
                0x20000004                uwTickPrio
 .data.SystemCoreClock
                0x20000008        0x4 build/system_stm32f4xx.o
                0x20000008                SystemCoreClock
 .data.uxCriticalNesting
                0x2000000c        0x4 build/port.o
 .data._impure_ptr
                0x20000010        0x4 e:/gnu tools arm embedded/9 2019-q4-major/bin/../lib/gcc/arm-none-eabi/9.2.1/../../../../arm-none-eabi/lib/thumb/v7e-m+fp/hard\libc_nano.a(lib_a-impure.o)
                0x20000010                _impure_ptr
 .data.impure_data
                0x20000014       0x60 e:/gnu tools arm embedded/9 2019-q4-major/bin/../lib/gcc/arm-none-eabi/9.2.1/../../../../arm-none-eabi/lib/thumb/v7e-m+fp/hard\libc_nano.a(lib_a-impure.o)
                0x20000074                . = ALIGN (0x4)
                0x20000074                _edata = .
                0x08006610                _siccmram = LOADADDR (.ccmram)

.igot.plt       0x20000074        0x0 load address 0x08006610
 .igot.plt      0x20000074        0x0 e:/gnu tools arm embedded/9 2019-q4-major/bin/../lib/gcc/arm-none-eabi/9.2.1/thumb/v7e-m+fp/hard/crtbegin.o

.ccmram         0x10000000        0x0 load address 0x08006610
                0x10000000                . = ALIGN (0x4)
                0x10000000                _sccmram = .
 *(.ccmram)
 *(.ccmram*)
                0x10000000                . = ALIGN (0x4)
                0x10000000                _eccmram = .
                0x10000000                . = ALIGN (0x4)

.bss            0x20000074     0x4f90
                0x20000074                _sbss = .
                0x20000074                __bss_start__ = _sbss
 *(.bss)
 .bss           0x20000074       0x1c e:/gnu tools arm embedded/9 2019-q4-major/bin/../lib/gcc/arm-none-eabi/9.2.1/thumb/v7e-m+fp/hard/crtbegin.o
 *(.bss*)
 .bss.old_pos.9685
                0x20000090        0x4 build/uart4.o
 .bss.osSys_uart4_queueMgm
                0x20000094       0x48 build/uart4.o
 .bss.osSys_uart4_queueStorage
                0x200000dc       0x28 build/uart4.o
 .bss.rx_buffer
                0x20000104       0x80 build/uart4.o
 .bss.m_mavlink_buffer.10681
                0x20000184      0x48c build/mavlink_task.o
 .bss.m_mavlink_status.10677
                0x20000610       0x60 build/mavlink_task.o
 .bss.msg       0x20000670      0x123 build/mavlink_task.o
 *fill*         0x20000793        0x1 
 .bss.osSys_mavlink_taskStackBuffer
                0x20000794      0x600 build/mavlink_task.o
 .bss.osSys_mavlink_taskTaskBuffer
                0x20000d94       0x54 build/mavlink_task.o
 .bss.status    0x20000de8       0x18 build/mavlink_task.o
 .bss.xIdleStack
                0x20000e00      0x200 build/freertos.o
 .bss.xIdleTaskTCBBuffer
                0x20001000       0x54 build/freertos.o
 .bss.pxCurrentTCB
                0x20001054        0x4 build/tasks.o
                0x20001054                pxCurrentTCB
 .bss.pxDelayedTaskList
                0x20001058        0x4 build/tasks.o
 .bss.pxOverflowDelayedTaskList
                0x2000105c        0x4 build/tasks.o
 .bss.pxReadyTasksLists
                0x20001060       0x8c build/tasks.o
 .bss.uxCurrentNumberOfTasks
                0x200010ec        0x4 build/tasks.o
 .bss.uxDeletedTasksWaitingCleanUp
                0x200010f0        0x4 build/tasks.o
 .bss.uxPendedTicks
                0x200010f4        0x4 build/tasks.o
 .bss.uxSchedulerSuspended
                0x200010f8        0x4 build/tasks.o
 .bss.uxTaskNumber
                0x200010fc        0x4 build/tasks.o
 .bss.uxTopReadyPriority
                0x20001100        0x4 build/tasks.o
 .bss.xDelayedTaskList1
                0x20001104       0x14 build/tasks.o
 .bss.xDelayedTaskList2
                0x20001118       0x14 build/tasks.o
 .bss.xNextTaskUnblockTime
                0x2000112c        0x4 build/tasks.o
 .bss.xNumOfOverflows
                0x20001130        0x4 build/tasks.o
 .bss.xPendingReadyList
                0x20001134       0x14 build/tasks.o
 .bss.xSchedulerRunning
                0x20001148        0x4 build/tasks.o
 .bss.xSuspendedTaskList
                0x2000114c       0x14 build/tasks.o
 .bss.xTasksWaitingTermination
                0x20001160       0x14 build/tasks.o
 .bss.xTickCount
                0x20001174        0x4 build/tasks.o
 .bss.xYieldPending
                0x20001178        0x4 build/tasks.o
 .bss.pxEnd     0x2000117c        0x4 build/heap_4.o
 .bss.ucHeap    0x20001180     0x3c00 build/heap_4.o
 .bss.xBlockAllocatedBit
                0x20004d80        0x4 build/heap_4.o
 .bss.xFreeBytesRemaining
                0x20004d84        0x4 build/heap_4.o
 .bss.xMinimumEverFreeBytesRemaining
                0x20004d88        0x4 build/heap_4.o
 .bss.xStart    0x20004d8c        0x8 build/heap_4.o
 .bss.ucMaxSysCallPriority
                0x20004d94        0x1 build/port.o
 *fill*         0x20004d95        0x3 
 .bss.ulMaxPRIGROUPValue
                0x20004d98        0x4 build/port.o
 .bss.__malloc_free_list
                0x20004d9c        0x4 e:/gnu tools arm embedded/9 2019-q4-major/bin/../lib/gcc/arm-none-eabi/9.2.1/../../../../arm-none-eabi/lib/thumb/v7e-m+fp/hard\libc_nano.a(lib_a-nano-mallocr.o)
                0x20004d9c                __malloc_free_list
 .bss.__malloc_sbrk_start
                0x20004da0        0x4 e:/gnu tools arm embedded/9 2019-q4-major/bin/../lib/gcc/arm-none-eabi/9.2.1/../../../../arm-none-eabi/lib/thumb/v7e-m+fp/hard\libc_nano.a(lib_a-nano-mallocr.o)
                0x20004da0                __malloc_sbrk_start
 .bss.heap_end.5507
                0x20004da4        0x4 e:/gnu tools arm embedded/9 2019-q4-major/bin/../lib/gcc/arm-none-eabi/9.2.1/../../../../arm-none-eabi/lib/thumb/v7e-m+fp/hard\libnosys.a(sbrk.o)
 *(COMMON)
 COMMON         0x20004da8        0x4 build/uart4.o
                0x20004da8                uart4_queue
 COMMON         0x20004dac        0x4 build/freertos.o
                0x20004dac                defaultTaskHandle
 COMMON         0x20004db0      0x200 build/usart.o
                0x20004db0                hdma_uart4_rx
                0x20004e10                hdma_usart1_tx
                0x20004e70                hdma_usart1_rx
                0x20004ed0                huart1
                0x20004f10                huart4
                0x20004f50                hdma_uart4_tx
 COMMON         0x20004fb0       0x40 build/stm32f4xx_hal_timebase_tim.o
                0x20004fb0                htim7
 COMMON         0x20004ff0        0x4 build/stm32f4xx_hal.o
                0x20004ff0                uwTick
 COMMON         0x20004ff4        0x9 e:/gnu tools arm embedded/9 2019-q4-major/bin/../lib/gcc/arm-none-eabi/9.2.1/../../../../arm-none-eabi/lib/thumb/v7e-m+fp/hard\libc_nano.a(lib_a-lock.o)
                0x20004ff4                __lock___atexit_recursive_mutex
                0x20004ff5                __lock___arc4random_mutex
                0x20004ff6                __lock___env_recursive_mutex
                0x20004ff7                __lock___sinit_recursive_mutex
                0x20004ff8                __lock___malloc_recursive_mutex
                0x20004ff9                __lock___at_quick_exit_mutex
                0x20004ffa                __lock___dd_hash_mutex
                0x20004ffb                __lock___tz_mutex
                0x20004ffc                __lock___sfp_recursive_mutex
 *fill*         0x20004ffd        0x3 
 COMMON         0x20005000        0x4 e:/gnu tools arm embedded/9 2019-q4-major/bin/../lib/gcc/arm-none-eabi/9.2.1/../../../../arm-none-eabi/lib/thumb/v7e-m+fp/hard\libc_nano.a(lib_a-reent.o)
                0x20005000                errno
                0x20005004                . = ALIGN (0x4)
                0x20005004                _ebss = .
                0x20005004                __bss_end__ = _ebss

._user_heap_stack
                0x20005004      0x604
                0x20005008                . = ALIGN (0x8)
 *fill*         0x20005004        0x4 
                0x20005008                PROVIDE (end = .)
                [!provide]                PROVIDE (_end = .)
                0x20005208                . = (. + _Min_Heap_Size)
 *fill*         0x20005008      0x200 
                0x20005608                . = (. + _Min_Stack_Size)
 *fill*         0x20005208      0x400 
                0x20005608                . = ALIGN (0x8)

/DISCARD/
 libc.a(*)
 libm.a(*)
 libgcc.a(*)

.ARM.attributes
                0x00000000       0x30
 *(.ARM.attributes)
 .ARM.attributes
                0x00000000       0x1e e:/gnu tools arm embedded/9 2019-q4-major/bin/../lib/gcc/arm-none-eabi/9.2.1/thumb/v7e-m+fp/hard/crti.o
 .ARM.attributes
                0x0000001e       0x34 e:/gnu tools arm embedded/9 2019-q4-major/bin/../lib/gcc/arm-none-eabi/9.2.1/thumb/v7e-m+fp/hard/crtbegin.o
 .ARM.attributes
                0x00000052       0x34 build/uart4.o
 .ARM.attributes
                0x00000086       0x34 build/mavlink_task.o
 .ARM.attributes
                0x000000ba       0x34 build/utils.o
 .ARM.attributes
                0x000000ee       0x34 build/main.o
 .ARM.attributes
                0x00000122       0x34 build/gpio.o
 .ARM.attributes
                0x00000156       0x34 build/dma.o
 .ARM.attributes
                0x0000018a       0x34 build/freertos.o
 .ARM.attributes
                0x000001be       0x34 build/usart.o
 .ARM.attributes
                0x000001f2       0x34 build/stm32f4xx_it.o
 .ARM.attributes
                0x00000226       0x34 build/stm32f4xx_hal_msp.o
 .ARM.attributes
                0x0000025a       0x34 build/stm32f4xx_hal_timebase_tim.o
 .ARM.attributes
                0x0000028e       0x34 build/stm32f4xx_hal_rcc.o
 .ARM.attributes
                0x000002c2       0x34 build/stm32f4xx_hal_gpio.o
 .ARM.attributes
                0x000002f6       0x34 build/stm32f4xx_hal_dma.o
 .ARM.attributes
                0x0000032a       0x34 build/stm32f4xx_hal_cortex.o
 .ARM.attributes
                0x0000035e       0x34 build/stm32f4xx_hal.o
 .ARM.attributes
                0x00000392       0x34 build/stm32f4xx_hal_tim.o
 .ARM.attributes
                0x000003c6       0x34 build/stm32f4xx_hal_tim_ex.o
 .ARM.attributes
                0x000003fa       0x34 build/stm32f4xx_hal_uart.o
 .ARM.attributes
                0x0000042e       0x34 build/system_stm32f4xx.o
 .ARM.attributes
                0x00000462       0x34 build/list.o
 .ARM.attributes
                0x00000496       0x34 build/queue.o
 .ARM.attributes
                0x000004ca       0x34 build/tasks.o
 .ARM.attributes
                0x000004fe       0x34 build/cmsis_os.o
 .ARM.attributes
                0x00000532       0x34 build/heap_4.o
 .ARM.attributes
                0x00000566       0x34 build/port.o
 .ARM.attributes
                0x0000059a       0x21 build/startup_stm32f407xx.o
 .ARM.attributes
                0x000005bb       0x32 e:/gnu tools arm embedded/9 2019-q4-major/bin/../lib/gcc/arm-none-eabi/9.2.1/../../../../arm-none-eabi/lib/thumb/v7e-m+fp/hard\libc_nano.a(lib_a-impure.o)
 .ARM.attributes
                0x000005ed       0x34 e:/gnu tools arm embedded/9 2019-q4-major/bin/../lib/gcc/arm-none-eabi/9.2.1/../../../../arm-none-eabi/lib/thumb/v7e-m+fp/hard\libc_nano.a(lib_a-init.o)
 .ARM.attributes
                0x00000621       0x34 e:/gnu tools arm embedded/9 2019-q4-major/bin/../lib/gcc/arm-none-eabi/9.2.1/../../../../arm-none-eabi/lib/thumb/v7e-m+fp/hard\libc_nano.a(lib_a-memcmp.o)
 .ARM.attributes
                0x00000655       0x34 e:/gnu tools arm embedded/9 2019-q4-major/bin/../lib/gcc/arm-none-eabi/9.2.1/../../../../arm-none-eabi/lib/thumb/v7e-m+fp/hard\libc_nano.a(lib_a-memcpy-stub.o)
 .ARM.attributes
                0x00000689       0x34 e:/gnu tools arm embedded/9 2019-q4-major/bin/../lib/gcc/arm-none-eabi/9.2.1/../../../../arm-none-eabi/lib/thumb/v7e-m+fp/hard\libc_nano.a(lib_a-memset.o)
 .ARM.attributes
                0x000006bd       0x34 e:/gnu tools arm embedded/9 2019-q4-major/bin/../lib/gcc/arm-none-eabi/9.2.1/../../../../arm-none-eabi/lib/thumb/v7e-m+fp/hard\libc_nano.a(lib_a-printf.o)
 .ARM.attributes
                0x000006f1       0x34 e:/gnu tools arm embedded/9 2019-q4-major/bin/../lib/gcc/arm-none-eabi/9.2.1/../../../../arm-none-eabi/lib/thumb/v7e-m+fp/hard\libc_nano.a(lib_a-findfp.o)
 .ARM.attributes
                0x00000725       0x34 e:/gnu tools arm embedded/9 2019-q4-major/bin/../lib/gcc/arm-none-eabi/9.2.1/../../../../arm-none-eabi/lib/thumb/v7e-m+fp/hard\libc_nano.a(lib_a-fwalk.o)
 .ARM.attributes
                0x00000759       0x34 e:/gnu tools arm embedded/9 2019-q4-major/bin/../lib/gcc/arm-none-eabi/9.2.1/../../../../arm-none-eabi/lib/thumb/v7e-m+fp/hard\libc_nano.a(lib_a-lock.o)
 .ARM.attributes
                0x0000078d       0x34 e:/gnu tools arm embedded/9 2019-q4-major/bin/../lib/gcc/arm-none-eabi/9.2.1/../../../../arm-none-eabi/lib/thumb/v7e-m+fp/hard\libc_nano.a(lib_a-nano-mallocr.o)
 .ARM.attributes
                0x000007c1       0x34 e:/gnu tools arm embedded/9 2019-q4-major/bin/../lib/gcc/arm-none-eabi/9.2.1/../../../../arm-none-eabi/lib/thumb/v7e-m+fp/hard\libc_nano.a(lib_a-nano-vfprintf.o)
 .ARM.attributes
                0x000007f5       0x34 e:/gnu tools arm embedded/9 2019-q4-major/bin/../lib/gcc/arm-none-eabi/9.2.1/../../../../arm-none-eabi/lib/thumb/v7e-m+fp/hard\libc_nano.a(lib_a-nano-vfprintf_i.o)
 .ARM.attributes
                0x00000829       0x34 e:/gnu tools arm embedded/9 2019-q4-major/bin/../lib/gcc/arm-none-eabi/9.2.1/../../../../arm-none-eabi/lib/thumb/v7e-m+fp/hard\libc_nano.a(lib_a-sbrkr.o)
 .ARM.attributes
                0x0000085d       0x34 e:/gnu tools arm embedded/9 2019-q4-major/bin/../lib/gcc/arm-none-eabi/9.2.1/../../../../arm-none-eabi/lib/thumb/v7e-m+fp/hard\libc_nano.a(lib_a-stdio.o)
 .ARM.attributes
                0x00000891       0x34 e:/gnu tools arm embedded/9 2019-q4-major/bin/../lib/gcc/arm-none-eabi/9.2.1/../../../../arm-none-eabi/lib/thumb/v7e-m+fp/hard\libc_nano.a(lib_a-wbuf.o)
 .ARM.attributes
                0x000008c5       0x34 e:/gnu tools arm embedded/9 2019-q4-major/bin/../lib/gcc/arm-none-eabi/9.2.1/../../../../arm-none-eabi/lib/thumb/v7e-m+fp/hard\libc_nano.a(lib_a-writer.o)
 .ARM.attributes
                0x000008f9       0x34 e:/gnu tools arm embedded/9 2019-q4-major/bin/../lib/gcc/arm-none-eabi/9.2.1/../../../../arm-none-eabi/lib/thumb/v7e-m+fp/hard\libc_nano.a(lib_a-wsetup.o)
 .ARM.attributes
                0x0000092d       0x34 e:/gnu tools arm embedded/9 2019-q4-major/bin/../lib/gcc/arm-none-eabi/9.2.1/../../../../arm-none-eabi/lib/thumb/v7e-m+fp/hard\libc_nano.a(lib_a-closer.o)
 .ARM.attributes
                0x00000961       0x34 e:/gnu tools arm embedded/9 2019-q4-major/bin/../lib/gcc/arm-none-eabi/9.2.1/../../../../arm-none-eabi/lib/thumb/v7e-m+fp/hard\libc_nano.a(lib_a-fflush.o)
 .ARM.attributes
                0x00000995       0x34 e:/gnu tools arm embedded/9 2019-q4-major/bin/../lib/gcc/arm-none-eabi/9.2.1/../../../../arm-none-eabi/lib/thumb/v7e-m+fp/hard\libc_nano.a(lib_a-lseekr.o)
 .ARM.attributes
                0x000009c9       0x34 e:/gnu tools arm embedded/9 2019-q4-major/bin/../lib/gcc/arm-none-eabi/9.2.1/../../../../arm-none-eabi/lib/thumb/v7e-m+fp/hard\libc_nano.a(lib_a-makebuf.o)
 .ARM.attributes
                0x000009fd       0x1c e:/gnu tools arm embedded/9 2019-q4-major/bin/../lib/gcc/arm-none-eabi/9.2.1/../../../../arm-none-eabi/lib/thumb/v7e-m+fp/hard\libc_nano.a(lib_a-memchr.o)
 .ARM.attributes
                0x00000a19       0x34 e:/gnu tools arm embedded/9 2019-q4-major/bin/../lib/gcc/arm-none-eabi/9.2.1/../../../../arm-none-eabi/lib/thumb/v7e-m+fp/hard\libc_nano.a(lib_a-mlock.o)
 .ARM.attributes
                0x00000a4d       0x34 e:/gnu tools arm embedded/9 2019-q4-major/bin/../lib/gcc/arm-none-eabi/9.2.1/../../../../arm-none-eabi/lib/thumb/v7e-m+fp/hard\libc_nano.a(lib_a-nano-freer.o)
 .ARM.attributes
                0x00000a81       0x34 e:/gnu tools arm embedded/9 2019-q4-major/bin/../lib/gcc/arm-none-eabi/9.2.1/../../../../arm-none-eabi/lib/thumb/v7e-m+fp/hard\libc_nano.a(lib_a-readr.o)
 .ARM.attributes
                0x00000ab5       0x34 e:/gnu tools arm embedded/9 2019-q4-major/bin/../lib/gcc/arm-none-eabi/9.2.1/../../../../arm-none-eabi/lib/thumb/v7e-m+fp/hard\libc_nano.a(lib_a-reent.o)
 .ARM.attributes
                0x00000ae9       0x34 e:/gnu tools arm embedded/9 2019-q4-major/bin/../lib/gcc/arm-none-eabi/9.2.1/../../../../arm-none-eabi/lib/thumb/v7e-m+fp/hard\libc_nano.a(lib_a-fstatr.o)
 .ARM.attributes
                0x00000b1d       0x34 e:/gnu tools arm embedded/9 2019-q4-major/bin/../lib/gcc/arm-none-eabi/9.2.1/../../../../arm-none-eabi/lib/thumb/v7e-m+fp/hard\libc_nano.a(lib_a-isattyr.o)
 .ARM.attributes
                0x00000b51       0x34 e:/gnu tools arm embedded/9 2019-q4-major/bin/../lib/gcc/arm-none-eabi/9.2.1/../../../../arm-none-eabi/lib/thumb/v7e-m+fp/hard\libnosys.a(close.o)
 .ARM.attributes
                0x00000b85       0x34 e:/gnu tools arm embedded/9 2019-q4-major/bin/../lib/gcc/arm-none-eabi/9.2.1/../../../../arm-none-eabi/lib/thumb/v7e-m+fp/hard\libnosys.a(fstat.o)
 .ARM.attributes
                0x00000bb9       0x34 e:/gnu tools arm embedded/9 2019-q4-major/bin/../lib/gcc/arm-none-eabi/9.2.1/../../../../arm-none-eabi/lib/thumb/v7e-m+fp/hard\libnosys.a(isatty.o)
 .ARM.attributes
                0x00000bed       0x34 e:/gnu tools arm embedded/9 2019-q4-major/bin/../lib/gcc/arm-none-eabi/9.2.1/../../../../arm-none-eabi/lib/thumb/v7e-m+fp/hard\libnosys.a(lseek.o)
 .ARM.attributes
                0x00000c21       0x34 e:/gnu tools arm embedded/9 2019-q4-major/bin/../lib/gcc/arm-none-eabi/9.2.1/../../../../arm-none-eabi/lib/thumb/v7e-m+fp/hard\libnosys.a(read.o)
 .ARM.attributes
                0x00000c55       0x34 e:/gnu tools arm embedded/9 2019-q4-major/bin/../lib/gcc/arm-none-eabi/9.2.1/../../../../arm-none-eabi/lib/thumb/v7e-m+fp/hard\libnosys.a(sbrk.o)
 .ARM.attributes
                0x00000c89       0x1e e:/gnu tools arm embedded/9 2019-q4-major/bin/../lib/gcc/arm-none-eabi/9.2.1/thumb/v7e-m+fp/hard\libgcc.a(_aeabi_uldivmod.o)
 .ARM.attributes
                0x00000ca7       0x34 e:/gnu tools arm embedded/9 2019-q4-major/bin/../lib/gcc/arm-none-eabi/9.2.1/thumb/v7e-m+fp/hard\libgcc.a(_udivmoddi4.o)
 .ARM.attributes
                0x00000cdb       0x1e e:/gnu tools arm embedded/9 2019-q4-major/bin/../lib/gcc/arm-none-eabi/9.2.1/thumb/v7e-m+fp/hard\libgcc.a(_dvmd_tls.o)
 .ARM.attributes
                0x00000cf9       0x1e e:/gnu tools arm embedded/9 2019-q4-major/bin/../lib/gcc/arm-none-eabi/9.2.1/thumb/v7e-m+fp/hard/crtn.o
OUTPUT(build/mainboard.elf elf32-littlearm)

.debug_info     0x00000000    0x26672
 .debug_info    0x00000000     0x155d build/uart4.o
 .debug_info    0x0000155d     0x33cb build/mavlink_task.o
 .debug_info    0x00004928     0x11c7 build/utils.o
 .debug_info    0x00005aef     0x1a90 build/main.o
 .debug_info    0x0000757f     0x145a build/gpio.o
 .debug_info    0x000089d9     0x15aa build/dma.o
 .debug_info    0x00009f83     0x140f build/freertos.o
 .debug_info    0x0000b392     0x19b4 build/usart.o
 .debug_info    0x0000cd46     0x1492 build/stm32f4xx_it.o
 .debug_info    0x0000e1d8     0x14f1 build/stm32f4xx_hal_msp.o
 .debug_info    0x0000f6c9      0xd9e build/stm32f4xx_hal_timebase_tim.o
 .debug_info    0x00010467      0xc44 build/stm32f4xx_hal_rcc.o
 .debug_info    0x000110ab      0x915 build/stm32f4xx_hal_gpio.o
 .debug_info    0x000119c0      0xc8b build/stm32f4xx_hal_dma.o
 .debug_info    0x0001264b     0x123e build/stm32f4xx_hal_cortex.o
 .debug_info    0x00013889      0xb5e build/stm32f4xx_hal.o
 .debug_info    0x000143e7     0x39b3 build/stm32f4xx_hal_tim.o
 .debug_info    0x00017d9a     0x187c build/stm32f4xx_hal_tim_ex.o
 .debug_info    0x00019616     0x1b31 build/stm32f4xx_hal_uart.o
 .debug_info    0x0001b147      0x63c build/system_stm32f4xx.o
 .debug_info    0x0001b783      0xca4 build/list.o
 .debug_info    0x0001c427     0x2d69 build/queue.o
 .debug_info    0x0001f190     0x333e build/tasks.o
 .debug_info    0x000224ce     0x2d8a build/cmsis_os.o
 .debug_info    0x00025258      0xe30 build/heap_4.o
 .debug_info    0x00026088      0x5c8 build/port.o
 .debug_info    0x00026650       0x22 build/startup_stm32f407xx.o

.debug_abbrev   0x00000000     0x4a08
 .debug_abbrev  0x00000000      0x2b3 build/uart4.o
 .debug_abbrev  0x000002b3      0x509 build/mavlink_task.o
 .debug_abbrev  0x000007bc      0x26d build/utils.o
 .debug_abbrev  0x00000a29      0x2f8 build/main.o
 .debug_abbrev  0x00000d21      0x239 build/gpio.o
 .debug_abbrev  0x00000f5a      0x242 build/dma.o
 .debug_abbrev  0x0000119c      0x283 build/freertos.o
 .debug_abbrev  0x0000141f      0x297 build/usart.o
 .debug_abbrev  0x000016b6      0x231 build/stm32f4xx_it.o
 .debug_abbrev  0x000018e7      0x235 build/stm32f4xx_hal_msp.o
 .debug_abbrev  0x00001b1c      0x21c build/stm32f4xx_hal_timebase_tim.o
 .debug_abbrev  0x00001d38      0x2cd build/stm32f4xx_hal_rcc.o
 .debug_abbrev  0x00002005      0x258 build/stm32f4xx_hal_gpio.o
 .debug_abbrev  0x0000225d      0x312 build/stm32f4xx_hal_dma.o
 .debug_abbrev  0x0000256f      0x3a8 build/stm32f4xx_hal_cortex.o
 .debug_abbrev  0x00002917      0x21c build/stm32f4xx_hal.o
 .debug_abbrev  0x00002b33      0x2af build/stm32f4xx_hal_tim.o
 .debug_abbrev  0x00002de2      0x2ab build/stm32f4xx_hal_tim_ex.o
 .debug_abbrev  0x0000308d      0x318 build/stm32f4xx_hal_uart.o
 .debug_abbrev  0x000033a5      0x14a build/system_stm32f4xx.o
 .debug_abbrev  0x000034ef      0x245 build/list.o
 .debug_abbrev  0x00003734      0x44c build/queue.o
 .debug_abbrev  0x00003b80      0x448 build/tasks.o
 .debug_abbrev  0x00003fc8      0x437 build/cmsis_os.o
 .debug_abbrev  0x000043ff      0x36d build/heap_4.o
 .debug_abbrev  0x0000476c      0x28a build/port.o
 .debug_abbrev  0x000049f6       0x12 build/startup_stm32f407xx.o

.debug_loc      0x00000000    0x12f97
 .debug_loc     0x00000000      0x1d9 build/uart4.o
 .debug_loc     0x000001d9     0x2981 build/mavlink_task.o
 .debug_loc     0x00002b5a      0x2c0 build/utils.o
 .debug_loc     0x00002e1a       0xbb build/main.o
 .debug_loc     0x00002ed5       0x38 build/gpio.o
 .debug_loc     0x00002f0d       0x38 build/dma.o
 .debug_loc     0x00002f45       0x7d build/freertos.o
 .debug_loc     0x00002fc2      0x150 build/usart.o
 .debug_loc     0x00003112       0x80 build/stm32f4xx_it.o
 .debug_loc     0x00003192       0x38 build/stm32f4xx_hal_msp.o
 .debug_loc     0x000031ca       0xbc build/stm32f4xx_hal_timebase_tim.o
 .debug_loc     0x00003286      0x6c7 build/stm32f4xx_hal_rcc.o
 .debug_loc     0x0000394d      0x5c7 build/stm32f4xx_hal_gpio.o
 .debug_loc     0x00003f14      0xd6d build/stm32f4xx_hal_dma.o
 .debug_loc     0x00004c81      0x7d4 build/stm32f4xx_hal_cortex.o
 .debug_loc     0x00005455      0x1e1 build/stm32f4xx_hal.o
 .debug_loc     0x00005636     0x457e build/stm32f4xx_hal_tim.o
 .debug_loc     0x00009bb4     0x15b0 build/stm32f4xx_hal_tim_ex.o
 .debug_loc     0x0000b164     0x1d79 build/stm32f4xx_hal_uart.o
 .debug_loc     0x0000cedd      0x16c build/system_stm32f4xx.o
 .debug_loc     0x0000d049       0xe5 build/list.o
 .debug_loc     0x0000d12e     0x1ab9 build/queue.o
 .debug_loc     0x0000ebe7     0x23ef build/tasks.o
 .debug_loc     0x00010fd6     0x1a4c build/cmsis_os.o
 .debug_loc     0x00012a22      0x3b5 build/heap_4.o
 .debug_loc     0x00012dd7      0x1c0 build/port.o

.debug_aranges  0x00000000     0x1200
 .debug_aranges
                0x00000000       0x50 build/uart4.o
 .debug_aranges
                0x00000050       0x30 build/mavlink_task.o
 .debug_aranges
                0x00000080       0x30 build/utils.o
 .debug_aranges
                0x000000b0       0x38 build/main.o
 .debug_aranges
                0x000000e8       0x20 build/gpio.o
 .debug_aranges
                0x00000108       0x20 build/dma.o
 .debug_aranges
                0x00000128       0x30 build/freertos.o
 .debug_aranges
                0x00000158       0x38 build/usart.o
 .debug_aranges
                0x00000190       0x68 build/stm32f4xx_it.o
 .debug_aranges
                0x000001f8       0x20 build/stm32f4xx_hal_msp.o
 .debug_aranges
                0x00000218       0x30 build/stm32f4xx_hal_timebase_tim.o
 .debug_aranges
                0x00000248       0x88 build/stm32f4xx_hal_rcc.o
 .debug_aranges
                0x000002d0       0x58 build/stm32f4xx_hal_gpio.o
 .debug_aranges
                0x00000328       0x90 build/stm32f4xx_hal_dma.o
 .debug_aranges
                0x000003b8       0xa8 build/stm32f4xx_hal_cortex.o
 .debug_aranges
                0x00000460       0xf0 build/stm32f4xx_hal.o
 .debug_aranges
                0x00000550      0x3a8 build/stm32f4xx_hal_tim.o
 .debug_aranges
                0x000008f8      0x150 build/stm32f4xx_hal_tim_ex.o
 .debug_aranges
                0x00000a48      0x1d0 build/stm32f4xx_hal_uart.o
 .debug_aranges
                0x00000c18       0x28 build/system_stm32f4xx.o
 .debug_aranges
                0x00000c40       0x40 build/list.o
 .debug_aranges
                0x00000c80      0x108 build/queue.o
 .debug_aranges
                0x00000d88      0x1a8 build/tasks.o
 .debug_aranges
                0x00000f30      0x1d8 build/cmsis_os.o
 .debug_aranges
                0x00001108       0x50 build/heap_4.o
 .debug_aranges
                0x00001158       0x80 build/port.o
 .debug_aranges
                0x000011d8       0x28 build/startup_stm32f407xx.o

.debug_ranges   0x00000000     0x1518
 .debug_ranges  0x00000000       0x40 build/uart4.o
 .debug_ranges  0x00000040      0x2c0 build/mavlink_task.o
 .debug_ranges  0x00000300       0x20 build/utils.o
 .debug_ranges  0x00000320       0x28 build/main.o
 .debug_ranges  0x00000348       0x10 build/gpio.o
 .debug_ranges  0x00000358       0x10 build/dma.o
 .debug_ranges  0x00000368       0x20 build/freertos.o
 .debug_ranges  0x00000388       0x28 build/usart.o
 .debug_ranges  0x000003b0       0x58 build/stm32f4xx_it.o
 .debug_ranges  0x00000408       0x10 build/stm32f4xx_hal_msp.o
 .debug_ranges  0x00000418       0x20 build/stm32f4xx_hal_timebase_tim.o
 .debug_ranges  0x00000438       0x90 build/stm32f4xx_hal_rcc.o
 .debug_ranges  0x000004c8       0x48 build/stm32f4xx_hal_gpio.o
 .debug_ranges  0x00000510       0x80 build/stm32f4xx_hal_dma.o
 .debug_ranges  0x00000590       0xf8 build/stm32f4xx_hal_cortex.o
 .debug_ranges  0x00000688       0xe0 build/stm32f4xx_hal.o
 .debug_ranges  0x00000768      0x398 build/stm32f4xx_hal_tim.o
 .debug_ranges  0x00000b00      0x140 build/stm32f4xx_hal_tim_ex.o
 .debug_ranges  0x00000c40      0x1c0 build/stm32f4xx_hal_uart.o
 .debug_ranges  0x00000e00       0x18 build/system_stm32f4xx.o
 .debug_ranges  0x00000e18       0x30 build/list.o
 .debug_ranges  0x00000e48      0x1c8 build/queue.o
 .debug_ranges  0x00001010      0x258 build/tasks.o
 .debug_ranges  0x00001268      0x1c8 build/cmsis_os.o
 .debug_ranges  0x00001430       0x40 build/heap_4.o
 .debug_ranges  0x00001470       0x88 build/port.o
 .debug_ranges  0x000014f8       0x20 build/startup_stm32f407xx.o

.debug_line     0x00000000    0x1399d
 .debug_line    0x00000000      0x4b8 build/uart4.o
 .debug_line    0x000004b8     0x1aab build/mavlink_task.o
 .debug_line    0x00001f63      0x3cb build/utils.o
 .debug_line    0x0000232e      0x4bf build/main.o
 .debug_line    0x000027ed      0x2c8 build/gpio.o
 .debug_line    0x00002ab5      0x2a1 build/dma.o
 .debug_line    0x00002d56      0x3c7 build/freertos.o
 .debug_line    0x0000311d      0x605 build/usart.o
 .debug_line    0x00003722      0x39a build/stm32f4xx_it.o
 .debug_line    0x00003abc      0x2a9 build/stm32f4xx_hal_msp.o
 .debug_line    0x00003d65      0x2ba build/stm32f4xx_hal_timebase_tim.o
 .debug_line    0x0000401f      0xb26 build/stm32f4xx_hal_rcc.o
 .debug_line    0x00004b45      0x717 build/stm32f4xx_hal_gpio.o
 .debug_line    0x0000525c      0xe15 build/stm32f4xx_hal_dma.o
 .debug_line    0x00006071      0x790 build/stm32f4xx_hal_cortex.o
 .debug_line    0x00006801      0x553 build/stm32f4xx_hal.o
 .debug_line    0x00006d54     0x36b5 build/stm32f4xx_hal_tim.o
 .debug_line    0x0000a409     0x11e1 build/stm32f4xx_hal_tim_ex.o
 .debug_line    0x0000b5ea     0x1c57 build/stm32f4xx_hal_uart.o
 .debug_line    0x0000d241      0x277 build/system_stm32f4xx.o
 .debug_line    0x0000d4b8      0x426 build/list.o
 .debug_line    0x0000d8de     0x1c67 build/queue.o
 .debug_line    0x0000f545     0x244a build/tasks.o
 .debug_line    0x0001198f     0x1213 build/cmsis_os.o
 .debug_line    0x00012ba2      0x6a4 build/heap_4.o
 .debug_line    0x00013246      0x6e4 build/port.o
 .debug_line    0x0001392a       0x73 build/startup_stm32f407xx.o

.debug_str      0x00000000     0x667b
 .debug_str     0x00000000      0xc51 build/uart4.o
                                0xd5e (size before relaxing)
 .debug_str     0x00000c51      0x993 build/mavlink_task.o
                               0x1547 (size before relaxing)
 .debug_str     0x000015e4       0x58 build/utils.o
                                0xae8 (size before relaxing)
 .debug_str     0x0000163c      0x4e9 build/main.o
                               0x102d (size before relaxing)
 .debug_str     0x00001b25       0xaf build/gpio.o
                                0xc38 (size before relaxing)
 .debug_str     0x00001bd4      0x520 build/dma.o
                               0x10a8 (size before relaxing)
 .debug_str     0x000020f4      0x1d8 build/freertos.o
                                0xd74 (size before relaxing)
 .debug_str     0x000022cc       0xc3 build/usart.o
                               0x1228 (size before relaxing)
 .debug_str     0x0000238f       0xe3 build/stm32f4xx_it.o
                                0xd74 (size before relaxing)
 .debug_str     0x00002472       0x24 build/stm32f4xx_hal_msp.o
                               0x10a3 (size before relaxing)
 .debug_str     0x00002496       0xf0 build/stm32f4xx_hal_timebase_tim.o
                                0xe2b (size before relaxing)
 .debug_str     0x00002586      0x1a8 build/stm32f4xx_hal_rcc.o
                                0x79e (size before relaxing)
 .debug_str     0x0000272e      0x125 build/stm32f4xx_hal_gpio.o
                                0x5c0 (size before relaxing)
 .debug_str     0x00002853      0x2dc build/stm32f4xx_hal_dma.o
                                0x846 (size before relaxing)
 .debug_str     0x00002b2f      0x4b6 build/stm32f4xx_hal_cortex.o
                                0xcfa (size before relaxing)
 .debug_str     0x00002fe5      0x1f8 build/stm32f4xx_hal.o
                                0xbbb (size before relaxing)
 .debug_str     0x000031dd      0xdd1 build/stm32f4xx_hal_tim.o
                               0x159d (size before relaxing)
 .debug_str     0x00003fae      0x545 build/stm32f4xx_hal_tim_ex.o
                                0xdb5 (size before relaxing)
 .debug_str     0x000044f3      0x496 build/stm32f4xx_hal_uart.o
                                0xd01 (size before relaxing)
 .debug_str     0x00004989       0x42 build/system_stm32f4xx.o
                                0x424 (size before relaxing)
 .debug_str     0x000049cb      0x140 build/list.o
                                0x70c (size before relaxing)
 .debug_str     0x00004b0b      0x73c build/queue.o
                                0xf5b (size before relaxing)
 .debug_str     0x00005247      0x946 build/tasks.o
                               0x13e0 (size before relaxing)
 .debug_str     0x00005b8d      0x76f build/cmsis_os.o
                               0x1449 (size before relaxing)
 .debug_str     0x000062fc      0x1de build/heap_4.o
                                0x7f5 (size before relaxing)
 .debug_str     0x000064da      0x17d build/port.o
                                0x492 (size before relaxing)
 .debug_str     0x00006657       0x24 build/startup_stm32f407xx.o
                                 0x5c (size before relaxing)

.comment        0x00000000       0x79
 .comment       0x00000000       0x79 build/uart4.o
                                 0x7a (size before relaxing)
 .comment       0x00000079       0x7a build/mavlink_task.o
 .comment       0x00000079       0x7a build/utils.o
 .comment       0x00000079       0x7a build/main.o
 .comment       0x00000079       0x7a build/gpio.o
 .comment       0x00000079       0x7a build/dma.o
 .comment       0x00000079       0x7a build/freertos.o
 .comment       0x00000079       0x7a build/usart.o
 .comment       0x00000079       0x7a build/stm32f4xx_it.o
 .comment       0x00000079       0x7a build/stm32f4xx_hal_msp.o
 .comment       0x00000079       0x7a build/stm32f4xx_hal_timebase_tim.o
 .comment       0x00000079       0x7a build/stm32f4xx_hal_rcc.o
 .comment       0x00000079       0x7a build/stm32f4xx_hal_gpio.o
 .comment       0x00000079       0x7a build/stm32f4xx_hal_dma.o
 .comment       0x00000079       0x7a build/stm32f4xx_hal_cortex.o
 .comment       0x00000079       0x7a build/stm32f4xx_hal.o
 .comment       0x00000079       0x7a build/stm32f4xx_hal_tim.o
 .comment       0x00000079       0x7a build/stm32f4xx_hal_tim_ex.o
 .comment       0x00000079       0x7a build/stm32f4xx_hal_uart.o
 .comment       0x00000079       0x7a build/system_stm32f4xx.o
 .comment       0x00000079       0x7a build/list.o
 .comment       0x00000079       0x7a build/queue.o
 .comment       0x00000079       0x7a build/tasks.o
 .comment       0x00000079       0x7a build/cmsis_os.o
 .comment       0x00000079       0x7a build/heap_4.o
 .comment       0x00000079       0x7a build/port.o

.debug_frame    0x00000000     0x3e4c
 .debug_frame   0x00000000       0xe0 build/uart4.o
 .debug_frame   0x000000e0       0x80 build/mavlink_task.o
 .debug_frame   0x00000160       0x78 build/utils.o
 .debug_frame   0x000001d8       0x7c build/main.o
 .debug_frame   0x00000254       0x34 build/gpio.o
 .debug_frame   0x00000288       0x30 build/dma.o
 .debug_frame   0x000002b8       0x60 build/freertos.o
 .debug_frame   0x00000318       0x8c build/usart.o
 .debug_frame   0x000003a4       0xe0 build/stm32f4xx_it.o
 .debug_frame   0x00000484       0x2c build/stm32f4xx_hal_msp.o
 .debug_frame   0x000004b0       0x54 build/stm32f4xx_hal_timebase_tim.o
 .debug_frame   0x00000504      0x1ac build/stm32f4xx_hal_rcc.o
 .debug_frame   0x000006b0       0xf0 build/stm32f4xx_hal_gpio.o
 .debug_frame   0x000007a0      0x1b8 build/stm32f4xx_hal_dma.o
 .debug_frame   0x00000958      0x16c build/stm32f4xx_hal_cortex.o
 .debug_frame   0x00000ac4      0x200 build/stm32f4xx_hal.o
 .debug_frame   0x00000cc4      0xbd0 build/stm32f4xx_hal_tim.o
 .debug_frame   0x00001894      0x428 build/stm32f4xx_hal_tim_ex.o
 .debug_frame   0x00001cbc      0x57c build/stm32f4xx_hal_uart.o
 .debug_frame   0x00002238       0x30 build/system_stm32f4xx.o
 .debug_frame   0x00002268       0x74 build/list.o
 .debug_frame   0x000022dc      0x3dc build/queue.o
 .debug_frame   0x000026b8      0x61c build/tasks.o
 .debug_frame   0x00002cd4      0x648 build/cmsis_os.o
 .debug_frame   0x0000331c       0xbc build/heap_4.o
 .debug_frame   0x000033d8      0x114 build/port.o
 .debug_frame   0x000034ec       0x2c e:/gnu tools arm embedded/9 2019-q4-major/bin/../lib/gcc/arm-none-eabi/9.2.1/../../../../arm-none-eabi/lib/thumb/v7e-m+fp/hard\libc_nano.a(lib_a-init.o)
 .debug_frame   0x00003518       0x2c e:/gnu tools arm embedded/9 2019-q4-major/bin/../lib/gcc/arm-none-eabi/9.2.1/../../../../arm-none-eabi/lib/thumb/v7e-m+fp/hard\libc_nano.a(lib_a-memcmp.o)
 .debug_frame   0x00003544       0x28 e:/gnu tools arm embedded/9 2019-q4-major/bin/../lib/gcc/arm-none-eabi/9.2.1/../../../../arm-none-eabi/lib/thumb/v7e-m+fp/hard\libc_nano.a(lib_a-memcpy-stub.o)
 .debug_frame   0x0000356c       0x20 e:/gnu tools arm embedded/9 2019-q4-major/bin/../lib/gcc/arm-none-eabi/9.2.1/../../../../arm-none-eabi/lib/thumb/v7e-m+fp/hard\libc_nano.a(lib_a-memset.o)
 .debug_frame   0x0000358c       0x74 e:/gnu tools arm embedded/9 2019-q4-major/bin/../lib/gcc/arm-none-eabi/9.2.1/../../../../arm-none-eabi/lib/thumb/v7e-m+fp/hard\libc_nano.a(lib_a-printf.o)
 .debug_frame   0x00003600      0x14c e:/gnu tools arm embedded/9 2019-q4-major/bin/../lib/gcc/arm-none-eabi/9.2.1/../../../../arm-none-eabi/lib/thumb/v7e-m+fp/hard\libc_nano.a(lib_a-findfp.o)
 .debug_frame   0x0000374c       0x54 e:/gnu tools arm embedded/9 2019-q4-major/bin/../lib/gcc/arm-none-eabi/9.2.1/../../../../arm-none-eabi/lib/thumb/v7e-m+fp/hard\libc_nano.a(lib_a-fwalk.o)
 .debug_frame   0x000037a0       0xb0 e:/gnu tools arm embedded/9 2019-q4-major/bin/../lib/gcc/arm-none-eabi/9.2.1/../../../../arm-none-eabi/lib/thumb/v7e-m+fp/hard\libc_nano.a(lib_a-lock.o)
 .debug_frame   0x00003850       0x30 e:/gnu tools arm embedded/9 2019-q4-major/bin/../lib/gcc/arm-none-eabi/9.2.1/../../../../arm-none-eabi/lib/thumb/v7e-m+fp/hard\libc_nano.a(lib_a-nano-mallocr.o)
 .debug_frame   0x00003880       0xac e:/gnu tools arm embedded/9 2019-q4-major/bin/../lib/gcc/arm-none-eabi/9.2.1/../../../../arm-none-eabi/lib/thumb/v7e-m+fp/hard\libc_nano.a(lib_a-nano-vfprintf.o)
 .debug_frame   0x0000392c       0x60 e:/gnu tools arm embedded/9 2019-q4-major/bin/../lib/gcc/arm-none-eabi/9.2.1/../../../../arm-none-eabi/lib/thumb/v7e-m+fp/hard\libc_nano.a(lib_a-nano-vfprintf_i.o)
 .debug_frame   0x0000398c       0x2c e:/gnu tools arm embedded/9 2019-q4-major/bin/../lib/gcc/arm-none-eabi/9.2.1/../../../../arm-none-eabi/lib/thumb/v7e-m+fp/hard\libc_nano.a(lib_a-sbrkr.o)
 .debug_frame   0x000039b8       0x88 e:/gnu tools arm embedded/9 2019-q4-major/bin/../lib/gcc/arm-none-eabi/9.2.1/../../../../arm-none-eabi/lib/thumb/v7e-m+fp/hard\libc_nano.a(lib_a-stdio.o)
 .debug_frame   0x00003a40       0x40 e:/gnu tools arm embedded/9 2019-q4-major/bin/../lib/gcc/arm-none-eabi/9.2.1/../../../../arm-none-eabi/lib/thumb/v7e-m+fp/hard\libc_nano.a(lib_a-wbuf.o)
 .debug_frame   0x00003a80       0x2c e:/gnu tools arm embedded/9 2019-q4-major/bin/../lib/gcc/arm-none-eabi/9.2.1/../../../../arm-none-eabi/lib/thumb/v7e-m+fp/hard\libc_nano.a(lib_a-writer.o)
 .debug_frame   0x00003aac       0x2c e:/gnu tools arm embedded/9 2019-q4-major/bin/../lib/gcc/arm-none-eabi/9.2.1/../../../../arm-none-eabi/lib/thumb/v7e-m+fp/hard\libc_nano.a(lib_a-wsetup.o)
 .debug_frame   0x00003ad8       0x2c e:/gnu tools arm embedded/9 2019-q4-major/bin/../lib/gcc/arm-none-eabi/9.2.1/../../../../arm-none-eabi/lib/thumb/v7e-m+fp/hard\libc_nano.a(lib_a-closer.o)
 .debug_frame   0x00003b04       0x5c e:/gnu tools arm embedded/9 2019-q4-major/bin/../lib/gcc/arm-none-eabi/9.2.1/../../../../arm-none-eabi/lib/thumb/v7e-m+fp/hard\libc_nano.a(lib_a-fflush.o)
 .debug_frame   0x00003b60       0x2c e:/gnu tools arm embedded/9 2019-q4-major/bin/../lib/gcc/arm-none-eabi/9.2.1/../../../../arm-none-eabi/lib/thumb/v7e-m+fp/hard\libc_nano.a(lib_a-lseekr.o)
 .debug_frame   0x00003b8c       0x58 e:/gnu tools arm embedded/9 2019-q4-major/bin/../lib/gcc/arm-none-eabi/9.2.1/../../../../arm-none-eabi/lib/thumb/v7e-m+fp/hard\libc_nano.a(lib_a-makebuf.o)
 .debug_frame   0x00003be4       0x30 e:/gnu tools arm embedded/9 2019-q4-major/bin/../lib/gcc/arm-none-eabi/9.2.1/../../../../arm-none-eabi/lib/thumb/v7e-m+fp/hard\libc_nano.a(lib_a-mlock.o)
 .debug_frame   0x00003c14       0x38 e:/gnu tools arm embedded/9 2019-q4-major/bin/../lib/gcc/arm-none-eabi/9.2.1/../../../../arm-none-eabi/lib/thumb/v7e-m+fp/hard\libc_nano.a(lib_a-nano-freer.o)
 .debug_frame   0x00003c4c       0x2c e:/gnu tools arm embedded/9 2019-q4-major/bin/../lib/gcc/arm-none-eabi/9.2.1/../../../../arm-none-eabi/lib/thumb/v7e-m+fp/hard\libc_nano.a(lib_a-readr.o)
 .debug_frame   0x00003c78       0x5c e:/gnu tools arm embedded/9 2019-q4-major/bin/../lib/gcc/arm-none-eabi/9.2.1/../../../../arm-none-eabi/lib/thumb/v7e-m+fp/hard\libc_nano.a(lib_a-reent.o)
 .debug_frame   0x00003cd4       0x2c e:/gnu tools arm embedded/9 2019-q4-major/bin/../lib/gcc/arm-none-eabi/9.2.1/../../../../arm-none-eabi/lib/thumb/v7e-m+fp/hard\libc_nano.a(lib_a-fstatr.o)
 .debug_frame   0x00003d00       0x2c e:/gnu tools arm embedded/9 2019-q4-major/bin/../lib/gcc/arm-none-eabi/9.2.1/../../../../arm-none-eabi/lib/thumb/v7e-m+fp/hard\libc_nano.a(lib_a-isattyr.o)
 .debug_frame   0x00003d2c       0x20 e:/gnu tools arm embedded/9 2019-q4-major/bin/../lib/gcc/arm-none-eabi/9.2.1/../../../../arm-none-eabi/lib/thumb/v7e-m+fp/hard\libnosys.a(close.o)
 .debug_frame   0x00003d4c       0x20 e:/gnu tools arm embedded/9 2019-q4-major/bin/../lib/gcc/arm-none-eabi/9.2.1/../../../../arm-none-eabi/lib/thumb/v7e-m+fp/hard\libnosys.a(fstat.o)
 .debug_frame   0x00003d6c       0x20 e:/gnu tools arm embedded/9 2019-q4-major/bin/../lib/gcc/arm-none-eabi/9.2.1/../../../../arm-none-eabi/lib/thumb/v7e-m+fp/hard\libnosys.a(isatty.o)
 .debug_frame   0x00003d8c       0x20 e:/gnu tools arm embedded/9 2019-q4-major/bin/../lib/gcc/arm-none-eabi/9.2.1/../../../../arm-none-eabi/lib/thumb/v7e-m+fp/hard\libnosys.a(lseek.o)
 .debug_frame   0x00003dac       0x20 e:/gnu tools arm embedded/9 2019-q4-major/bin/../lib/gcc/arm-none-eabi/9.2.1/../../../../arm-none-eabi/lib/thumb/v7e-m+fp/hard\libnosys.a(read.o)
 .debug_frame   0x00003dcc       0x20 e:/gnu tools arm embedded/9 2019-q4-major/bin/../lib/gcc/arm-none-eabi/9.2.1/../../../../arm-none-eabi/lib/thumb/v7e-m+fp/hard\libnosys.a(sbrk.o)
 .debug_frame   0x00003dec       0x2c e:/gnu tools arm embedded/9 2019-q4-major/bin/../lib/gcc/arm-none-eabi/9.2.1/thumb/v7e-m+fp/hard\libgcc.a(_aeabi_uldivmod.o)
 .debug_frame   0x00003e18       0x34 e:/gnu tools arm embedded/9 2019-q4-major/bin/../lib/gcc/arm-none-eabi/9.2.1/thumb/v7e-m+fp/hard\libgcc.a(_udivmoddi4.o)

.stab           0x00000000       0x84
 .stab          0x00000000       0x24 e:/gnu tools arm embedded/9 2019-q4-major/bin/../lib/gcc/arm-none-eabi/9.2.1/../../../../arm-none-eabi/lib/thumb/v7e-m+fp/hard\libnosys.a(close.o)
 .stab          0x00000024       0x18 e:/gnu tools arm embedded/9 2019-q4-major/bin/../lib/gcc/arm-none-eabi/9.2.1/../../../../arm-none-eabi/lib/thumb/v7e-m+fp/hard\libnosys.a(fstat.o)
                                 0x24 (size before relaxing)
 .stab          0x0000003c       0x18 e:/gnu tools arm embedded/9 2019-q4-major/bin/../lib/gcc/arm-none-eabi/9.2.1/../../../../arm-none-eabi/lib/thumb/v7e-m+fp/hard\libnosys.a(isatty.o)
                                 0x24 (size before relaxing)
 .stab          0x00000054       0x18 e:/gnu tools arm embedded/9 2019-q4-major/bin/../lib/gcc/arm-none-eabi/9.2.1/../../../../arm-none-eabi/lib/thumb/v7e-m+fp/hard\libnosys.a(lseek.o)
                                 0x24 (size before relaxing)
 .stab          0x0000006c       0x18 e:/gnu tools arm embedded/9 2019-q4-major/bin/../lib/gcc/arm-none-eabi/9.2.1/../../../../arm-none-eabi/lib/thumb/v7e-m+fp/hard\libnosys.a(read.o)
                                 0x24 (size before relaxing)

.stabstr        0x00000000      0x117
 .stabstr       0x00000000      0x117 e:/gnu tools arm embedded/9 2019-q4-major/bin/../lib/gcc/arm-none-eabi/9.2.1/../../../../arm-none-eabi/lib/thumb/v7e-m+fp/hard\libnosys.a(close.o)

Cross Reference Table

Symbol                                            File
ADC_IRQHandler                                    build/startup_stm32f407xx.o
AHBPrescTable                                     build/system_stm32f4xx.o
                                                  build/stm32f4xx_hal_rcc.o
APBPrescTable                                     build/system_stm32f4xx.o
                                                  build/stm32f4xx_hal_rcc.o
BusFault_Handler                                  build/stm32f4xx_it.o
CAN1_RX0_IRQHandler                               build/startup_stm32f407xx.o
CAN1_RX1_IRQHandler                               build/startup_stm32f407xx.o
CAN1_SCE_IRQHandler                               build/startup_stm32f407xx.o
CAN1_TX_IRQHandler                                build/startup_stm32f407xx.o
CAN2_RX0_IRQHandler                               build/startup_stm32f407xx.o
CAN2_RX1_IRQHandler                               build/startup_stm32f407xx.o
CAN2_SCE_IRQHandler                               build/startup_stm32f407xx.o
CAN2_TX_IRQHandler                                build/startup_stm32f407xx.o
DCMI_IRQHandler                                   build/startup_stm32f407xx.o
DMA1_Stream0_IRQHandler                           build/startup_stm32f407xx.o
DMA1_Stream1_IRQHandler                           build/startup_stm32f407xx.o
DMA1_Stream2_IRQHandler                           build/uart4.o
DMA1_Stream3_IRQHandler                           build/startup_stm32f407xx.o
DMA1_Stream4_IRQHandler                           build/uart4.o
DMA1_Stream5_IRQHandler                           build/startup_stm32f407xx.o
DMA1_Stream6_IRQHandler                           build/startup_stm32f407xx.o
DMA1_Stream7_IRQHandler                           build/startup_stm32f407xx.o
DMA2_Stream0_IRQHandler                           build/startup_stm32f407xx.o
DMA2_Stream1_IRQHandler                           build/startup_stm32f407xx.o
DMA2_Stream2_IRQHandler                           build/stm32f4xx_it.o
DMA2_Stream3_IRQHandler                           build/startup_stm32f407xx.o
DMA2_Stream4_IRQHandler                           build/startup_stm32f407xx.o
DMA2_Stream5_IRQHandler                           build/startup_stm32f407xx.o
DMA2_Stream6_IRQHandler                           build/startup_stm32f407xx.o
DMA2_Stream7_IRQHandler                           build/stm32f4xx_it.o
DebugMon_Handler                                  build/stm32f4xx_it.o
Default_Handler                                   build/startup_stm32f407xx.o
ETH_IRQHandler                                    build/startup_stm32f407xx.o
ETH_WKUP_IRQHandler                               build/startup_stm32f407xx.o
EXTI0_IRQHandler                                  build/startup_stm32f407xx.o
EXTI15_10_IRQHandler                              build/startup_stm32f407xx.o
EXTI1_IRQHandler                                  build/startup_stm32f407xx.o
EXTI2_IRQHandler                                  build/startup_stm32f407xx.o
EXTI3_IRQHandler                                  build/startup_stm32f407xx.o
EXTI4_IRQHandler                                  build/startup_stm32f407xx.o
EXTI9_5_IRQHandler                                build/startup_stm32f407xx.o
Error_Handler                                     build/main.o
                                                  build/usart.o
FLASH_Erase_Sector                                build/stm32f4xx_hal_flash_ex.o
                                                  build/stm32f4xx_hal_flash.o
FLASH_FlushCaches                                 build/stm32f4xx_hal_flash_ex.o
                                                  build/stm32f4xx_hal_flash.o
FLASH_IRQHandler                                  build/startup_stm32f407xx.o
FLASH_WaitForLastOperation                        build/stm32f4xx_hal_flash.o
                                                  build/stm32f4xx_hal_flash_ex.o