Archive member included to satisfy reference by file (symbol)

e:/gnu tools arm embedded/9 2019-q4-major/bin/../lib/gcc/arm-none-eabi/9.2.1/../../../../arm-none-eabi/lib/thumb/v7e-m+fp/hard\libc_nano.a(lib_a-exit.o)
                              e:/gnu tools arm embedded/9 2019-q4-major/bin/../lib/gcc/arm-none-eabi/9.2.1/../../../../arm-none-eabi/lib/thumb/v7e-m+fp/hard/crt0.o (exit)
e:/gnu tools arm embedded/9 2019-q4-major/bin/../lib/gcc/arm-none-eabi/9.2.1/../../../../arm-none-eabi/lib/thumb/v7e-m+fp/hard\libc_nano.a(lib_a-impure.o)
                              e:/gnu tools arm embedded/9 2019-q4-major/bin/../lib/gcc/arm-none-eabi/9.2.1/../../../../arm-none-eabi/lib/thumb/v7e-m+fp/hard\libc_nano.a(lib_a-exit.o) (_global_impure_ptr)
e:/gnu tools arm embedded/9 2019-q4-major/bin/../lib/gcc/arm-none-eabi/9.2.1/../../../../arm-none-eabi/lib/thumb/v7e-m+fp/hard\libc_nano.a(lib_a-init.o)
                              e:/gnu tools arm embedded/9 2019-q4-major/bin/../lib/gcc/arm-none-eabi/9.2.1/../../../../arm-none-eabi/lib/thumb/v7e-m+fp/hard/crt0.o (__libc_init_array)
e:/gnu tools arm embedded/9 2019-q4-major/bin/../lib/gcc/arm-none-eabi/9.2.1/../../../../arm-none-eabi/lib/thumb/v7e-m+fp/hard\libc_nano.a(lib_a-memcmp.o)
                              build/uart4.o (memcmp)
e:/gnu tools arm embedded/9 2019-q4-major/bin/../lib/gcc/arm-none-eabi/9.2.1/../../../../arm-none-eabi/lib/thumb/v7e-m+fp/hard\libc_nano.a(lib_a-memcpy-stub.o)
                              build/uart4.o (memcpy)
e:/gnu tools arm embedded/9 2019-q4-major/bin/../lib/gcc/arm-none-eabi/9.2.1/../../../../arm-none-eabi/lib/thumb/v7e-m+fp/hard\libc_nano.a(lib_a-memset.o)
                              e:/gnu tools arm embedded/9 2019-q4-major/bin/../lib/gcc/arm-none-eabi/9.2.1/../../../../arm-none-eabi/lib/thumb/v7e-m+fp/hard/crt0.o (memset)
e:/gnu tools arm embedded/9 2019-q4-major/bin/../lib/gcc/arm-none-eabi/9.2.1/../../../../arm-none-eabi/lib/thumb/v7e-m+fp/hard\libc_nano.a(lib_a-puts.o)
                              build/uart4.o (puts)
e:/gnu tools arm embedded/9 2019-q4-major/bin/../lib/gcc/arm-none-eabi/9.2.1/../../../../arm-none-eabi/lib/thumb/v7e-m+fp/hard\libc_nano.a(lib_a-wbuf.o)
                              e:/gnu tools arm embedded/9 2019-q4-major/bin/../lib/gcc/arm-none-eabi/9.2.1/../../../../arm-none-eabi/lib/thumb/v7e-m+fp/hard\libc_nano.a(lib_a-puts.o) (__swbuf_r)
e:/gnu tools arm embedded/9 2019-q4-major/bin/../lib/gcc/arm-none-eabi/9.2.1/../../../../arm-none-eabi/lib/thumb/v7e-m+fp/hard\libc_nano.a(lib_a-wsetup.o)
                              e:/gnu tools arm embedded/9 2019-q4-major/bin/../lib/gcc/arm-none-eabi/9.2.1/../../../../arm-none-eabi/lib/thumb/v7e-m+fp/hard\libc_nano.a(lib_a-puts.o) (__swsetup_r)
e:/gnu tools arm embedded/9 2019-q4-major/bin/../lib/gcc/arm-none-eabi/9.2.1/../../../../arm-none-eabi/lib/thumb/v7e-m+fp/hard\libc_nano.a(lib_a-fflush.o)
                              e:/gnu tools arm embedded/9 2019-q4-major/bin/../lib/gcc/arm-none-eabi/9.2.1/../../../../arm-none-eabi/lib/thumb/v7e-m+fp/hard\libc_nano.a(lib_a-wbuf.o) (_fflush_r)
e:/gnu tools arm embedded/9 2019-q4-major/bin/../lib/gcc/arm-none-eabi/9.2.1/../../../../arm-none-eabi/lib/thumb/v7e-m+fp/hard\libc_nano.a(lib_a-findfp.o)
                              e:/gnu tools arm embedded/9 2019-q4-major/bin/../lib/gcc/arm-none-eabi/9.2.1/../../../../arm-none-eabi/lib/thumb/v7e-m+fp/hard\libc_nano.a(lib_a-puts.o) (__sinit)
e:/gnu tools arm embedded/9 2019-q4-major/bin/../lib/gcc/arm-none-eabi/9.2.1/../../../../arm-none-eabi/lib/thumb/v7e-m+fp/hard\libc_nano.a(lib_a-fwalk.o)
                              e:/gnu tools arm embedded/9 2019-q4-major/bin/../lib/gcc/arm-none-eabi/9.2.1/../../../../arm-none-eabi/lib/thumb/v7e-m+fp/hard\libc_nano.a(lib_a-findfp.o) (_fwalk)
e:/gnu tools arm embedded/9 2019-q4-major/bin/../lib/gcc/arm-none-eabi/9.2.1/../../../../arm-none-eabi/lib/thumb/v7e-m+fp/hard\libc_nano.a(lib_a-lock.o)
                              e:/gnu tools arm embedded/9 2019-q4-major/bin/../lib/gcc/arm-none-eabi/9.2.1/../../../../arm-none-eabi/lib/thumb/v7e-m+fp/hard\libc_nano.a(lib_a-findfp.o) (__retarget_lock_init_recursive)
e:/gnu tools arm embedded/9 2019-q4-major/bin/../lib/gcc/arm-none-eabi/9.2.1/../../../../arm-none-eabi/lib/thumb/v7e-m+fp/hard\libc_nano.a(lib_a-makebuf.o)
                              e:/gnu tools arm embedded/9 2019-q4-major/bin/../lib/gcc/arm-none-eabi/9.2.1/../../../../arm-none-eabi/lib/thumb/v7e-m+fp/hard\libc_nano.a(lib_a-wsetup.o) (__smakebuf_r)
e:/gnu tools arm embedded/9 2019-q4-major/bin/../lib/gcc/arm-none-eabi/9.2.1/../../../../arm-none-eabi/lib/thumb/v7e-m+fp/hard\libc_nano.a(lib_a-nano-freer.o)
                              e:/gnu tools arm embedded/9 2019-q4-major/bin/../lib/gcc/arm-none-eabi/9.2.1/../../../../arm-none-eabi/lib/thumb/v7e-m+fp/hard\libc_nano.a(lib_a-wsetup.o) (_free_r)
[...]
Memory Configuration

Name             Origin             Length             Attributes
RAM              0x20000000         0x00020000         xrw
CCMRAM           0x10000000         0x00010000         xrw
FLASH            0x08000000         0x00080000         xr
*default*        0x00000000         0xffffffff

Linker script and memory map

LOAD e:/gnu tools arm embedded/9 2019-q4-major/bin/../lib/gcc/arm-none-eabi/9.2.1/thumb/v7e-m+fp/hard/crti.o
LOAD e:/gnu tools arm embedded/9 2019-q4-major/bin/../lib/gcc/arm-none-eabi/9.2.1/thumb/v7e-m+fp/hard/crtbegin.o
LOAD e:/gnu tools arm embedded/9 2019-q4-major/bin/../lib/gcc/arm-none-eabi/9.2.1/../../../../arm-none-eabi/lib/thumb/v7e-m+fp/hard/crt0.o
LOAD build/uart4.o
LOAD build/utils.o
LOAD build/main.o
LOAD build/gpio.o
LOAD build/dma.o
LOAD build/freertos.o
LOAD build/usart.o
LOAD build/stm32f4xx_it.o
LOAD build/stm32f4xx_hal_msp.o
LOAD build/stm32f4xx_hal_timebase_tim.o
LOAD build/stm32f4xx_hal_rcc.o
LOAD build/stm32f4xx_hal_rcc_ex.o
LOAD build/stm32f4xx_hal_flash.o
LOAD build/stm32f4xx_hal_flash_ex.o
LOAD build/stm32f4xx_hal_flash_ramfunc.o
LOAD build/stm32f4xx_hal_gpio.o
LOAD build/stm32f4xx_hal_dma_ex.o
LOAD build/stm32f4xx_hal_dma.o
LOAD build/stm32f4xx_hal_pwr.o
LOAD build/stm32f4xx_hal_pwr_ex.o
LOAD build/stm32f4xx_hal_cortex.o
LOAD build/stm32f4xx_hal.o
LOAD build/stm32f4xx_hal_exti.o
LOAD build/stm32f4xx_hal_tim.o
LOAD build/stm32f4xx_hal_tim_ex.o
LOAD build/stm32f4xx_hal_uart.o
LOAD build/system_stm32f4xx.o
LOAD build/croutine.o
LOAD build/event_groups.o
LOAD build/list.o
LOAD build/queue.o
LOAD build/stream_buffer.o
LOAD build/tasks.o
LOAD build/timers.o
LOAD build/cmsis_os.o
LOAD build/heap_4.o
LOAD build/port.o
LOAD build/startup_stm32f407xx.o
LOAD e:/gnu tools arm embedded/9 2019-q4-major/bin/../lib/gcc/arm-none-eabi/9.2.1/../../../../arm-none-eabi/lib/thumb/v7e-m+fp/hard\libc_nano.a
LOAD e:/gnu tools arm embedded/9 2019-q4-major/bin/../lib/gcc/arm-none-eabi/9.2.1/../../../../arm-none-eabi/lib/thumb/v7e-m+fp/hard\libm.a
LOAD e:/gnu tools arm embedded/9 2019-q4-major/bin/../lib/gcc/arm-none-eabi/9.2.1/../../../../arm-none-eabi/lib/thumb/v7e-m+fp/hard\libnosys.a
START GROUP
LOAD e:/gnu tools arm embedded/9 2019-q4-major/bin/../lib/gcc/arm-none-eabi/9.2.1/thumb/v7e-m+fp/hard\libgcc.a
LOAD e:/gnu tools arm embedded/9 2019-q4-major/bin/../lib/gcc/arm-none-eabi/9.2.1/../../../../arm-none-eabi/lib/thumb/v7e-m+fp/hard\libc_nano.a
END GROUP
START GROUP
LOAD e:/gnu tools arm embedded/9 2019-q4-major/bin/../lib/gcc/arm-none-eabi/9.2.1/thumb/v7e-m+fp/hard\libgcc.a
LOAD e:/gnu tools arm embedded/9 2019-q4-major/bin/../lib/gcc/arm-none-eabi/9.2.1/../../../../arm-none-eabi/lib/thumb/v7e-m+fp/hard\libc_nano.a
END GROUP
LOAD e:/gnu tools arm embedded/9 2019-q4-major/bin/../lib/gcc/arm-none-eabi/9.2.1/thumb/v7e-m+fp/hard/crtend.o
LOAD e:/gnu tools arm embedded/9 2019-q4-major/bin/../lib/gcc/arm-none-eabi/9.2.1/thumb/v7e-m+fp/hard/crtn.o
                0x20020000                _estack = 0x20020000
                0x00000200                _Min_Heap_Size = 0x200
                0x00000400                _Min_Stack_Size = 0x400

.isr_vector     0x08000000      0x188
                0x08000000                . = ALIGN (0x4)
 *(.isr_vector)
 .isr_vector    0x08000000      0x188 build/startup_stm32f407xx.o
                0x08000000                g_pfnVectors
                0x08000188                . = ALIGN (0x4)

.text           0x08000190     0x2b5c
                0x08000190                . = ALIGN (0x4)
 *(.text)
 .text          0x08000190       0x40 e:/gnu tools arm embedded/9 2019-q4-major/bin/../lib/gcc/arm-none-eabi/9.2.1/thumb/v7e-m+fp/hard/crtbegin.o
 .text          0x080001d0       0x30 e:/gnu tools arm embedded/9 2019-q4-major/bin/../lib/gcc/arm-none-eabi/9.2.1/thumb/v7e-m+fp/hard\libgcc.a(_aeabi_uldivmod.o)
                0x080001d0                __aeabi_uldivmod
 .text          0x08000200      0x2c4 e:/gnu tools arm embedded/9 2019-q4-major/bin/../lib/gcc/arm-none-eabi/9.2.1/thumb/v7e-m+fp/hard\libgcc.a(_udivmoddi4.o)
                0x08000200                __udivmoddi4
 .text          0x080004c4        0x4 e:/gnu tools arm embedded/9 2019-q4-major/bin/../lib/gcc/arm-none-eabi/9.2.1/thumb/v7e-m+fp/hard\libgcc.a(_dvmd_tls.o)
                0x080004c4                __aeabi_idiv0
                0x080004c4                __aeabi_ldiv0
 *(.text*)
 .text.Uart4Init
                0x080004c8       0x20 build/uart4.o
                0x080004c8                Uart4Init
 .text.DMA1_Stream2_IRQHandler
                0x080004e8       0x10 build/uart4.o
                0x080004e8                DMA1_Stream2_IRQHandler
 .text.UartRxCheck
                0x080004f8       0x28 build/uart4.o
                0x080004f8                UartRxCheck
 .text.UART4_IRQHandler
                0x08000520       0x30 build/uart4.o
                0x08000520                UART4_IRQHandler
 .text.HAL_UART_RxCpltCallback
                0x08000550       0x18 build/uart4.o
                0x08000550                HAL_UART_RxCpltCallback
 .text.HAL_UART_RxHalfCpltCallback
                0x08000568       0x18 build/uart4.o
                0x08000568                HAL_UART_RxHalfCpltCallback
 .text.__io_putchar
                0x08000580       0x20 build/utils.o
                0x08000580                __io_putchar
 .text._write   0x080005a0       0x1c build/utils.o
                0x080005a0                _write
 .text.itoa     0x080005bc       0x5c build/utils.o
                0x080005bc                itoa
 .text.SystemClock_Config
                0x08000618       0x94 build/main.o
                0x08000618                SystemClock_Config
 .text.main     0x080006ac       0x20 build/main.o
                0x080006ac                main
 .text.HAL_TIM_PeriodElapsedCallback
                0x080006cc       0x18 build/main.o
                0x080006cc                HAL_TIM_PeriodElapsedCallback
 .text.Error_Handler
                0x080006e4        0x2 build/main.o
                0x080006e4                Error_Handler
 *fill*         0x080006e6        0x2 
 .text.MX_GPIO_Init
                0x080006e8       0x80 build/gpio.o
                0x080006e8                MX_GPIO_Init
 .text.MX_DMA_Init
                0x08000768       0x34 build/dma.o
                0x08000768                MX_DMA_Init
 .text.MX_UART4_Init
                0x0800079c       0x34 build/usart.o
                0x0800079c                MX_UART4_Init
 .text.MX_USART1_UART_Init
                0x080007d0       0x34 build/usart.o
                0x080007d0                MX_USART1_UART_Init
 .text.HAL_UART_MspInit
                0x08000804      0x118 build/usart.o
                0x08000804                HAL_UART_MspInit
 .text.NMI_Handler
                0x0800091c        0x2 build/stm32f4xx_it.o
                0x0800091c                NMI_Handler
 .text.HardFault_Handler
                0x0800091e        0x2 build/stm32f4xx_it.o
                0x0800091e                HardFault_Handler
 .text.MemManage_Handler
                0x08000920        0x2 build/stm32f4xx_it.o
                0x08000920                MemManage_Handler
 .text.BusFault_Handler
                0x08000922        0x2 build/stm32f4xx_it.o
                0x08000922                BusFault_Handler
 .text.UsageFault_Handler
                0x08000924        0x2 build/stm32f4xx_it.o
                0x08000924                UsageFault_Handler
 .text.DebugMon_Handler
                0x08000926        0x2 build/stm32f4xx_it.o
                0x08000926                DebugMon_Handler
 .text.TIM7_IRQHandler
                0x08000928       0x10 build/stm32f4xx_it.o
                0x08000928                TIM7_IRQHandler
 .text.HAL_MspInit
                0x08000938       0x44 build/stm32f4xx_hal_msp.o
                0x08000938                HAL_MspInit
 .text.HAL_InitTick
                0x0800097c       0x7c build/stm32f4xx_hal_timebase_tim.o
                0x0800097c                HAL_InitTick
 .text.HAL_RCC_OscConfig
                0x080009f8      0x3ec build/stm32f4xx_hal_rcc.o
                0x080009f8                HAL_RCC_OscConfig
 .text.HAL_RCC_GetSysClockFreq
                0x08000de4       0xcc build/stm32f4xx_hal_rcc.o
                0x08000de4                HAL_RCC_GetSysClockFreq
 .text.HAL_RCC_ClockConfig
                0x08000eb0      0x160 build/stm32f4xx_hal_rcc.o
                0x08000eb0                HAL_RCC_ClockConfig
 .text.HAL_RCC_GetHCLKFreq
                0x08001010        0xc build/stm32f4xx_hal_rcc.o
                0x08001010                HAL_RCC_GetHCLKFreq
 .text.HAL_RCC_GetPCLK1Freq
                0x0800101c       0x20 build/stm32f4xx_hal_rcc.o
                0x0800101c                HAL_RCC_GetPCLK1Freq
 .text.HAL_RCC_GetPCLK2Freq
                0x0800103c       0x20 build/stm32f4xx_hal_rcc.o
                0x0800103c                HAL_RCC_GetPCLK2Freq
 .text.HAL_RCC_GetClockConfig
                0x0800105c       0x3c build/stm32f4xx_hal_rcc.o
                0x0800105c                HAL_RCC_GetClockConfig
 .text.HAL_GPIO_Init
                0x08001098      0x1cc build/stm32f4xx_hal_gpio.o
                0x08001098                HAL_GPIO_Init
 .text.HAL_GPIO_WritePin
                0x08001264        0xc build/stm32f4xx_hal_gpio.o
                0x08001264                HAL_GPIO_WritePin
 .text.DMA_SetConfig
                0x08001270       0x2c build/stm32f4xx_hal_dma.o
 .text.DMA_CalcBaseAndBitshift
                0x0800129c       0x44 build/stm32f4xx_hal_dma.o
 .text.DMA_CheckFifoParam
                0x080012e0       0x8e build/stm32f4xx_hal_dma.o
 *fill*         0x0800136e        0x2 
 .text.HAL_DMA_Init
                0x08001370       0xcc build/stm32f4xx_hal_dma.o
                0x08001370                HAL_DMA_Init
 .text.HAL_DMA_Start_IT
                0x0800143c       0x6a build/stm32f4xx_hal_dma.o
                0x0800143c                HAL_DMA_Start_IT
 *fill*         0x080014a6        0x2 
 .text.HAL_DMA_IRQHandler
                0x080014a8      0x1dc build/stm32f4xx_hal_dma.o
                0x080014a8                HAL_DMA_IRQHandler
 .text.HAL_NVIC_SetPriorityGrouping
                0x08001684       0x24 build/stm32f4xx_hal_cortex.o
                0x08001684                HAL_NVIC_SetPriorityGrouping
 .text.HAL_NVIC_SetPriority
                0x080016a8       0x68 build/stm32f4xx_hal_cortex.o
                0x080016a8                HAL_NVIC_SetPriority
 .text.HAL_NVIC_EnableIRQ
                0x08001710       0x1c build/stm32f4xx_hal_cortex.o
                0x08001710                HAL_NVIC_EnableIRQ
 .text.HAL_Init
                0x0800172c       0x34 build/stm32f4xx_hal.o
                0x0800172c                HAL_Init
 .text.HAL_IncTick
                0x08001760       0x18 build/stm32f4xx_hal.o
                0x08001760                HAL_IncTick
 .text.HAL_GetTick
                0x08001778        0xc build/stm32f4xx_hal.o
                0x08001778                HAL_GetTick
 .text.HAL_TIM_Base_MspInit
                0x08001784        0x2 build/stm32f4xx_hal_tim.o
                0x08001784                HAL_TIM_Base_MspInit
 .text.HAL_TIM_Base_Start_IT
                0x08001786       0x22 build/stm32f4xx_hal_tim.o
                0x08001786                HAL_TIM_Base_Start_IT
 .text.HAL_TIM_OC_DelayElapsedCallback
                0x080017a8        0x2 build/stm32f4xx_hal_tim.o
                0x080017a8                HAL_TIM_OC_DelayElapsedCallback
 .text.HAL_TIM_IC_CaptureCallback
                0x080017aa        0x2 build/stm32f4xx_hal_tim.o
                0x080017aa                HAL_TIM_IC_CaptureCallback
 .text.HAL_TIM_PWM_PulseFinishedCallback
                0x080017ac        0x2 build/stm32f4xx_hal_tim.o
                0x080017ac                HAL_TIM_PWM_PulseFinishedCallback
 .text.HAL_TIM_TriggerCallback
                0x080017ae        0x2 build/stm32f4xx_hal_tim.o
                0x080017ae                HAL_TIM_TriggerCallback
 .text.HAL_TIM_IRQHandler
                0x080017b0      0x17a build/stm32f4xx_hal_tim.o
                0x080017b0                HAL_TIM_IRQHandler
 *fill*         0x0800192a        0x2 
 .text.TIM_Base_SetConfig
                0x0800192c       0xc8 build/stm32f4xx_hal_tim.o
                0x0800192c                TIM_Base_SetConfig
 .text.HAL_TIM_Base_Init
                0x080019f4       0x34 build/stm32f4xx_hal_tim.o
                0x080019f4                HAL_TIM_Base_Init
 .text.HAL_TIMEx_CommutCallback
                0x08001a28        0x2 build/stm32f4xx_hal_tim_ex.o
                0x08001a28                HAL_TIMEx_CommutCallback
 .text.HAL_TIMEx_BreakCallback
                0x08001a2a        0x2 build/stm32f4xx_hal_tim_ex.o
                0x08001a2a                HAL_TIMEx_BreakCallback
 .text.UART_EndTxTransfer
                0x08001a2c       0x12 build/stm32f4xx_hal_uart.o
 .text.UART_EndRxTransfer
                0x08001a3e       0x1c build/stm32f4xx_hal_uart.o
 *fill*         0x08001a5a        0x2 
 .text.UART_SetConfig
                0x08001a5c      0x1e8 build/stm32f4xx_hal_uart.o
 .text.UART_WaitOnFlagUntilTimeout
                0x08001c44       0x68 build/stm32f4xx_hal_uart.o
 .text.HAL_UART_Init
                0x08001cac       0x5e build/stm32f4xx_hal_uart.o
                0x08001cac                HAL_UART_Init
 .text.HAL_UART_Transmit
                0x08001d0a       0xe2 build/stm32f4xx_hal_uart.o
                0x08001d0a                HAL_UART_Transmit
 .text.HAL_UART_Receive_DMA
                0x08001dec       0xa8 build/stm32f4xx_hal_uart.o
                0x08001dec                HAL_UART_Receive_DMA
 .text.UART_DMAReceiveCplt
                0x08001e94       0x3e build/stm32f4xx_hal_uart.o
 .text.UART_DMARxHalfCplt
                0x08001ed2        0xa build/stm32f4xx_hal_uart.o
 .text.HAL_UART_ErrorCallback
                0x08001edc        0x2 build/stm32f4xx_hal_uart.o
                0x08001edc                HAL_UART_ErrorCallback
 .text.UART_DMAError
                0x08001ede       0x58 build/stm32f4xx_hal_uart.o
 *fill*         0x08001f36        0x2 
 .text.SystemInit
                0x08001f38       0x1c build/system_stm32f4xx.o
                0x08001f38                SystemInit
 .text.vListInsertEnd
                0x08001f54       0x16 build/list.o
                0x08001f54                vListInsertEnd
 .text.uxListRemove
                0x08001f6a       0x26 build/list.o
                0x08001f6a                uxListRemove
 .text.prvResetNextTaskUnblockTime
                0x08001f90       0x2c build/tasks.o
 .text.xTaskIncrementTick
                0x08001fbc      0x118 build/tasks.o
                0x08001fbc                xTaskIncrementTick
 .text.vTaskSwitchContext
                0x080020d4       0x98 build/tasks.o
                0x080020d4                vTaskSwitchContext
 *fill*         0x0800216c        0x4 
 .text.SVC_Handler
                0x08002170       0x24 build/port.o
                0x08002170                SVC_Handler
 *fill*         0x08002194        0xc 
 .text.PendSV_Handler
                0x080021a0       0x64 build/port.o
                0x080021a0                PendSV_Handler
 .text.SysTick_Handler
                0x08002204       0x2c build/port.o
                0x08002204                SysTick_Handler
 .text.Reset_Handler
                0x08002230       0x50 build/startup_stm32f407xx.o
                0x08002230                Reset_Handler
 .text.Default_Handler
                0x08002280        0x2 build/startup_stm32f407xx.o
                0x08002280                RTC_Alarm_IRQHandler
                0x08002280                HASH_RNG_IRQHandler
                0x08002280                EXTI2_IRQHandler
                0x08002280                TIM8_CC_IRQHandler
                0x08002280                TIM1_CC_IRQHandler
                0x08002280                DMA2_Stream5_IRQHandler
                0x08002280                DMA1_Stream5_IRQHandler
                0x08002280                PVD_IRQHandler
                0x08002280                SDIO_IRQHandler
                0x08002280                TAMP_STAMP_IRQHandler
                0x08002280                CAN2_RX1_IRQHandler
                0x08002280                EXTI3_IRQHandler
                0x08002280                TIM8_TRG_COM_TIM14_IRQHandler
                0x08002280                TIM1_UP_TIM10_IRQHandler
                0x08002280                TIM8_UP_TIM13_IRQHandler
                0x08002280                I2C3_ER_IRQHandler
                0x08002280                EXTI0_IRQHandler
                0x08002280                I2C2_EV_IRQHandler
                0x08002280                CAN1_RX0_IRQHandler
                0x08002280                FPU_IRQHandler
                0x08002280                OTG_HS_WKUP_IRQHandler
                0x08002280                CAN2_SCE_IRQHandler
                0x08002280                DMA2_Stream2_IRQHandler
                0x08002280                SPI1_IRQHandler
                0x08002280                TIM6_DAC_IRQHandler
                0x08002280                TIM1_BRK_TIM9_IRQHandler
                0x08002280                DCMI_IRQHandler
                0x08002280                CAN2_RX0_IRQHandler
                0x08002280                DMA2_Stream3_IRQHandler
                0x08002280                USART6_IRQHandler
                0x08002280                USART3_IRQHandler
                0x08002280                CAN1_RX1_IRQHandler
                0x08002280                UART5_IRQHandler
                0x08002280                DMA2_Stream0_IRQHandler
                0x08002280                TIM4_IRQHandler
                0x08002280                I2C1_EV_IRQHandler
                0x08002280                DMA1_Stream6_IRQHandler
                0x08002280                DMA1_Stream1_IRQHandler
                0x08002280                TIM3_IRQHandler
                0x08002280                RCC_IRQHandler
                0x08002280                TIM8_BRK_TIM12_IRQHandler
                0x08002280                Default_Handler
                0x08002280                EXTI15_10_IRQHandler
                0x08002280                ADC_IRQHandler
                0x08002280                DMA1_Stream7_IRQHandler
                0x08002280                CAN2_TX_IRQHandler
                0x08002280                TIM5_IRQHandler
                0x08002280                DMA2_Stream7_IRQHandler
                0x08002280                I2C3_EV_IRQHandler
                0x08002280                EXTI9_5_IRQHandler
                0x08002280                RTC_WKUP_IRQHandler
                0x08002280                ETH_WKUP_IRQHandler
                0x08002280                SPI2_IRQHandler
                0x08002280                OTG_HS_EP1_IN_IRQHandler
                0x08002280                DMA1_Stream0_IRQHandler
                0x08002280                CAN1_TX_IRQHandler
                0x08002280                EXTI4_IRQHandler
                0x08002280                FSMC_IRQHandler
                0x08002280                ETH_IRQHandler
                0x08002280                OTG_HS_EP1_OUT_IRQHandler
                0x08002280                WWDG_IRQHandler
                0x08002280                TIM2_IRQHandler
                0x08002280                OTG_FS_WKUP_IRQHandler
                0x08002280                TIM1_TRG_COM_TIM11_IRQHandler
                0x08002280                OTG_HS_IRQHandler
                0x08002280                EXTI1_IRQHandler
                0x08002280                USART2_IRQHandler
                0x08002280                I2C2_ER_IRQHandler
                0x08002280                DMA2_Stream1_IRQHandler
                0x08002280                CAN1_SCE_IRQHandler
                0x08002280                FLASH_IRQHandler
                0x08002280                DMA2_Stream4_IRQHandler
                0x08002280                USART1_IRQHandler
                0x08002280                OTG_FS_IRQHandler
                0x08002280                SPI3_IRQHandler
                0x08002280                DMA1_Stream4_IRQHandler
                0x08002280                I2C1_ER_IRQHandler
                0x08002280                DMA2_Stream6_IRQHandler
                0x08002280                DMA1_Stream3_IRQHandler
 *fill*         0x08002282        0x2 
 .text.__libc_init_array
                0x08002284       0x48 e:/gnu tools arm embedded/9 2019-q4-major/bin/../lib/gcc/arm-none-eabi/9.2.1/../../../../arm-none-eabi/lib/thumb/v7e-m+fp/hard\libc_nano.a(lib_a-init.o)
                0x08002284                __libc_init_array
 .text.memset   0x080022cc       0x10 e:/gnu tools arm embedded/9 2019-q4-major/bin/../lib/gcc/arm-none-eabi/9.2.1/../../../../arm-none-eabi/lib/thumb/v7e-m+fp/hard\libc_nano.a(lib_a-memset.o)
                0x080022cc                memset
 .text._puts_r  0x080022dc       0xdc e:/gnu tools arm embedded/9 2019-q4-major/bin/../lib/gcc/arm-none-eabi/9.2.1/../../../../arm-none-eabi/lib/thumb/v7e-m+fp/hard\libc_nano.a(lib_a-puts.o)
                0x080022dc                _puts_r
 .text.puts     0x080023b8       0x10 e:/gnu tools arm embedded/9 2019-q4-major/bin/../lib/gcc/arm-none-eabi/9.2.1/../../../../arm-none-eabi/lib/thumb/v7e-m+fp/hard\libc_nano.a(lib_a-puts.o)
                0x080023b8                puts
 .text.__swbuf_r
                0x080023c8       0xa4 e:/gnu tools arm embedded/9 2019-q4-major/bin/../lib/gcc/arm-none-eabi/9.2.1/../../../../arm-none-eabi/lib/thumb/v7e-m+fp/hard\libc_nano.a(lib_a-wbuf.o)
                0x080023c8                __swbuf_r
 .text.__swsetup_r
                0x0800246c       0xdc e:/gnu tools arm embedded/9 2019-q4-major/bin/../lib/gcc/arm-none-eabi/9.2.1/../../../../arm-none-eabi/lib/thumb/v7e-m+fp/hard\libc_nano.a(lib_a-wsetup.o)
                0x0800246c                __swsetup_r
 .text.__sflush_r
                0x08002548      0x10c e:/gnu tools arm embedded/9 2019-q4-major/bin/../lib/gcc/arm-none-eabi/9.2.1/../../../../arm-none-eabi/lib/thumb/v7e-m+fp/hard\libc_nano.a(lib_a-fflush.o)
                0x08002548                __sflush_r
 .text._fflush_r
                0x08002654       0x78 e:/gnu tools arm embedded/9 2019-q4-major/bin/../lib/gcc/arm-none-eabi/9.2.1/../../../../arm-none-eabi/lib/thumb/v7e-m+fp/hard\libc_nano.a(lib_a-fflush.o)
                0x08002654                _fflush_r
 .text.std      0x080026cc       0x48 e:/gnu tools arm embedded/9 2019-q4-major/bin/../lib/gcc/arm-none-eabi/9.2.1/../../../../arm-none-eabi/lib/thumb/v7e-m+fp/hard\libc_nano.a(lib_a-findfp.o)
 .text._cleanup_r
                0x08002714        0xc e:/gnu tools arm embedded/9 2019-q4-major/bin/../lib/gcc/arm-none-eabi/9.2.1/../../../../arm-none-eabi/lib/thumb/v7e-m+fp/hard\libc_nano.a(lib_a-findfp.o)
                0x08002714                _cleanup_r
 .text.__sfmoreglue
                0x08002720       0x2c e:/gnu tools arm embedded/9 2019-q4-major/bin/../lib/gcc/arm-none-eabi/9.2.1/../../../../arm-none-eabi/lib/thumb/v7e-m+fp/hard\libc_nano.a(lib_a-findfp.o)
                0x08002720                __sfmoreglue
 .text.__sfp_lock_acquire
                0x0800274c        0xc e:/gnu tools arm embedded/9 2019-q4-major/bin/../lib/gcc/arm-none-eabi/9.2.1/../../../../arm-none-eabi/lib/thumb/v7e-m+fp/hard\libc_nano.a(lib_a-findfp.o)
                0x0800274c                __sfp_lock_acquire
 .text.__sfp_lock_release
                0x08002758        0xc e:/gnu tools arm embedded/9 2019-q4-major/bin/../lib/gcc/arm-none-eabi/9.2.1/../../../../arm-none-eabi/lib/thumb/v7e-m+fp/hard\libc_nano.a(lib_a-findfp.o)
                0x08002758                __sfp_lock_release
 .text.__sinit_lock_acquire
                0x08002764        0xc e:/gnu tools arm embedded/9 2019-q4-major/bin/../lib/gcc/arm-none-eabi/9.2.1/../../../../arm-none-eabi/lib/thumb/v7e-m+fp/hard\libc_nano.a(lib_a-findfp.o)
                0x08002764                __sinit_lock_acquire
 .text.__sinit_lock_release
                0x08002770        0xc e:/gnu tools arm embedded/9 2019-q4-major/bin/../lib/gcc/arm-none-eabi/9.2.1/../../../../arm-none-eabi/lib/thumb/v7e-m+fp/hard\libc_nano.a(lib_a-findfp.o)
                0x08002770                __sinit_lock_release
 .text.__sinit  0x0800277c       0x70 e:/gnu tools arm embedded/9 2019-q4-major/bin/../lib/gcc/arm-none-eabi/9.2.1/../../../../arm-none-eabi/lib/thumb/v7e-m+fp/hard\libc_nano.a(lib_a-findfp.o)
                0x0800277c                __sinit
 .text.__sfp    0x080027ec       0x8c e:/gnu tools arm embedded/9 2019-q4-major/bin/../lib/gcc/arm-none-eabi/9.2.1/../../../../arm-none-eabi/lib/thumb/v7e-m+fp/hard\libc_nano.a(lib_a-findfp.o)
                0x080027ec                __sfp
 .text._fwalk_reent
                0x08002878       0x3e e:/gnu tools arm embedded/9 2019-q4-major/bin/../lib/gcc/arm-none-eabi/9.2.1/../../../../arm-none-eabi/lib/thumb/v7e-m+fp/hard\libc_nano.a(lib_a-fwalk.o)
                0x08002878                _fwalk_reent
 .text.__retarget_lock_init_recursive
                0x080028b6        0x2 e:/gnu tools arm embedded/9 2019-q4-major/bin/../lib/gcc/arm-none-eabi/9.2.1/../../../../arm-none-eabi/lib/thumb/v7e-m+fp/hard\libc_nano.a(lib_a-lock.o)
                0x080028b6                __retarget_lock_init_recursive
 .text.__retarget_lock_acquire_recursive
                0x080028b8        0x2 e:/gnu tools arm embedded/9 2019-q4-major/bin/../lib/gcc/arm-none-eabi/9.2.1/../../../../arm-none-eabi/lib/thumb/v7e-m+fp/hard\libc_nano.a(lib_a-lock.o)
                0x080028b8                __retarget_lock_acquire_recursive
 .text.__retarget_lock_release_recursive
                0x080028ba        0x2 e:/gnu tools arm embedded/9 2019-q4-major/bin/../lib/gcc/arm-none-eabi/9.2.1/../../../../arm-none-eabi/lib/thumb/v7e-m+fp/hard\libc_nano.a(lib_a-lock.o)
                0x080028ba                __retarget_lock_release_recursive
 .text.__swhatbuf_r
                0x080028bc       0x48 e:/gnu tools arm embedded/9 2019-q4-major/bin/../lib/gcc/arm-none-eabi/9.2.1/../../../../arm-none-eabi/lib/thumb/v7e-m+fp/hard\libc_nano.a(lib_a-makebuf.o)
                0x080028bc                __swhatbuf_r
 .text.__smakebuf_r
                0x08002904       0x80 e:/gnu tools arm embedded/9 2019-q4-major/bin/../lib/gcc/arm-none-eabi/9.2.1/../../../../arm-none-eabi/lib/thumb/v7e-m+fp/hard\libc_nano.a(lib_a-makebuf.o)
                0x08002904                __smakebuf_r
 .text._free_r  0x08002984       0xa0 e:/gnu tools arm embedded/9 2019-q4-major/bin/../lib/gcc/arm-none-eabi/9.2.1/../../../../arm-none-eabi/lib/thumb/v7e-m+fp/hard\libc_nano.a(lib_a-nano-freer.o)
                0x08002984                _free_r
 .text._malloc_r
                0x08002a24       0xb4 e:/gnu tools arm embedded/9 2019-q4-major/bin/../lib/gcc/arm-none-eabi/9.2.1/../../../../arm-none-eabi/lib/thumb/v7e-m+fp/hard\libc_nano.a(lib_a-nano-mallocr.o)
                0x08002a24                _malloc_r
 .text._sbrk_r  0x08002ad8       0x20 e:/gnu tools arm embedded/9 2019-q4-major/bin/../lib/gcc/arm-none-eabi/9.2.1/../../../../arm-none-eabi/lib/thumb/v7e-m+fp/hard\libc_nano.a(lib_a-sbrkr.o)
                0x08002ad8                _sbrk_r
 .text.__sread  0x08002af8       0x22 e:/gnu tools arm embedded/9 2019-q4-major/bin/../lib/gcc/arm-none-eabi/9.2.1/../../../../arm-none-eabi/lib/thumb/v7e-m+fp/hard\libc_nano.a(lib_a-stdio.o)
                0x08002af8                __sread
 .text.__swrite
                0x08002b1a       0x38 e:/gnu tools arm embedded/9 2019-q4-major/bin/../lib/gcc/arm-none-eabi/9.2.1/../../../../arm-none-eabi/lib/thumb/v7e-m+fp/hard\libc_nano.a(lib_a-stdio.o)
                0x08002b1a                __swrite
 .text.__sseek  0x08002b52       0x24 e:/gnu tools arm embedded/9 2019-q4-major/bin/../lib/gcc/arm-none-eabi/9.2.1/../../../../arm-none-eabi/lib/thumb/v7e-m+fp/hard\libc_nano.a(lib_a-stdio.o)
                0x08002b52                __sseek
 .text.__sclose
                0x08002b76        0x8 e:/gnu tools arm embedded/9 2019-q4-major/bin/../lib/gcc/arm-none-eabi/9.2.1/../../../../arm-none-eabi/lib/thumb/v7e-m+fp/hard\libc_nano.a(lib_a-stdio.o)
                0x08002b76                __sclose
 *fill*         0x08002b7e        0x2 
 .text._write_r
                0x08002b80       0x24 e:/gnu tools arm embedded/9 2019-q4-major/bin/../lib/gcc/arm-none-eabi/9.2.1/../../../../arm-none-eabi/lib/thumb/v7e-m+fp/hard\libc_nano.a(lib_a-writer.o)
                0x08002b80                _write_r
 .text._close_r
                0x08002ba4       0x20 e:/gnu tools arm embedded/9 2019-q4-major/bin/../lib/gcc/arm-none-eabi/9.2.1/../../../../arm-none-eabi/lib/thumb/v7e-m+fp/hard\libc_nano.a(lib_a-closer.o)
                0x08002ba4                _close_r
 .text._fstat_r
                0x08002bc4       0x24 e:/gnu tools arm embedded/9 2019-q4-major/bin/../lib/gcc/arm-none-eabi/9.2.1/../../../../arm-none-eabi/lib/thumb/v7e-m+fp/hard\libc_nano.a(lib_a-fstatr.o)
                0x08002bc4                _fstat_r
 .text._isatty_r
                0x08002be8       0x20 e:/gnu tools arm embedded/9 2019-q4-major/bin/../lib/gcc/arm-none-eabi/9.2.1/../../../../arm-none-eabi/lib/thumb/v7e-m+fp/hard\libc_nano.a(lib_a-isattyr.o)
                0x08002be8                _isatty_r
 .text._lseek_r
                0x08002c08       0x24 e:/gnu tools arm embedded/9 2019-q4-major/bin/../lib/gcc/arm-none-eabi/9.2.1/../../../../arm-none-eabi/lib/thumb/v7e-m+fp/hard\libc_nano.a(lib_a-lseekr.o)
                0x08002c08                _lseek_r
 .text.__malloc_lock
                0x08002c2c        0xc e:/gnu tools arm embedded/9 2019-q4-major/bin/../lib/gcc/arm-none-eabi/9.2.1/../../../../arm-none-eabi/lib/thumb/v7e-m+fp/hard\libc_nano.a(lib_a-mlock.o)
                0x08002c2c                __malloc_lock
 .text.__malloc_unlock
                0x08002c38        0xc e:/gnu tools arm embedded/9 2019-q4-major/bin/../lib/gcc/arm-none-eabi/9.2.1/../../../../arm-none-eabi/lib/thumb/v7e-m+fp/hard\libc_nano.a(lib_a-mlock.o)
                0x08002c38                __malloc_unlock
 .text._read_r  0x08002c44       0x24 e:/gnu tools arm embedded/9 2019-q4-major/bin/../lib/gcc/arm-none-eabi/9.2.1/../../../../arm-none-eabi/lib/thumb/v7e-m+fp/hard\libc_nano.a(lib_a-readr.o)
                0x08002c44                _read_r
 .text._close   0x08002c68       0x10 e:/gnu tools arm embedded/9 2019-q4-major/bin/../lib/gcc/arm-none-eabi/9.2.1/../../../../arm-none-eabi/lib/thumb/v7e-m+fp/hard\libnosys.a(close.o)
                0x08002c68                _close
 .text._fstat   0x08002c78       0x10 e:/gnu tools arm embedded/9 2019-q4-major/bin/../lib/gcc/arm-none-eabi/9.2.1/../../../../arm-none-eabi/lib/thumb/v7e-m+fp/hard\libnosys.a(fstat.o)
                0x08002c78                _fstat
 .text._isatty  0x08002c88       0x10 e:/gnu tools arm embedded/9 2019-q4-major/bin/../lib/gcc/arm-none-eabi/9.2.1/../../../../arm-none-eabi/lib/thumb/v7e-m+fp/hard\libnosys.a(isatty.o)
                0x08002c88                _isatty
 .text._lseek   0x08002c98       0x10 e:/gnu tools arm embedded/9 2019-q4-major/bin/../lib/gcc/arm-none-eabi/9.2.1/../../../../arm-none-eabi/lib/thumb/v7e-m+fp/hard\libnosys.a(lseek.o)
                0x08002c98                _lseek
 .text._read    0x08002ca8       0x10 e:/gnu tools arm embedded/9 2019-q4-major/bin/../lib/gcc/arm-none-eabi/9.2.1/../../../../arm-none-eabi/lib/thumb/v7e-m+fp/hard\libnosys.a(read.o)
                0x08002ca8                _read
 .text._sbrk    0x08002cb8       0x1c e:/gnu tools arm embedded/9 2019-q4-major/bin/../lib/gcc/arm-none-eabi/9.2.1/../../../../arm-none-eabi/lib/thumb/v7e-m+fp/hard\libnosys.a(sbrk.o)
                0x08002cb8                _sbrk
 *(.glue_7)
 .glue_7        0x08002cd4        0x0 linker stubs
 *(.glue_7t)
 .glue_7t       0x08002cd4        0x0 linker stubs
 *(.eh_frame)
 .eh_frame      0x08002cd4        0x0 e:/gnu tools arm embedded/9 2019-q4-major/bin/../lib/gcc/arm-none-eabi/9.2.1/thumb/v7e-m+fp/hard/crtbegin.o
 *(.init)
 .init          0x08002cd4        0x4 e:/gnu tools arm embedded/9 2019-q4-major/bin/../lib/gcc/arm-none-eabi/9.2.1/thumb/v7e-m+fp/hard/crti.o
                0x08002cd4                _init
 .init          0x08002cd8        0x8 e:/gnu tools arm embedded/9 2019-q4-major/bin/../lib/gcc/arm-none-eabi/9.2.1/thumb/v7e-m+fp/hard/crtn.o
 *(.fini)
 .fini          0x08002ce0        0x4 e:/gnu tools arm embedded/9 2019-q4-major/bin/../lib/gcc/arm-none-eabi/9.2.1/thumb/v7e-m+fp/hard/crti.o
                0x08002ce0                _fini
 .fini          0x08002ce4        0x8 e:/gnu tools arm embedded/9 2019-q4-major/bin/../lib/gcc/arm-none-eabi/9.2.1/thumb/v7e-m+fp/hard/crtn.o
                0x08002cec                . = ALIGN (0x4)
                0x08002cec                _etext = .

.vfp11_veneer   0x08002cec        0x0
 .vfp11_veneer  0x08002cec        0x0 linker stubs

.v4_bx          0x08002cec        0x0
 .v4_bx         0x08002cec        0x0 linker stubs

.iplt           0x08002cec        0x0
 .iplt          0x08002cec        0x0 e:/gnu tools arm embedded/9 2019-q4-major/bin/../lib/gcc/arm-none-eabi/9.2.1/thumb/v7e-m+fp/hard/crtbegin.o

.rodata         0x08002cec       0xcc
                0x08002cec                . = ALIGN (0x4)
 *(.rodata)
 *(.rodata*)
 .rodata.itoa.str1.4
                0x08002cec       0x48 build/utils.o
 .rodata.flagBitshiftOffset.8249
                0x08002d34        0x8 build/stm32f4xx_hal_dma.o
 .rodata.AHBPrescTable
                0x08002d3c       0x10 build/system_stm32f4xx.o
                0x08002d3c                AHBPrescTable
 .rodata.APBPrescTable
                0x08002d4c        0x8 build/system_stm32f4xx.o
                0x08002d4c                APBPrescTable
 .rodata._global_impure_ptr
                0x08002d54        0x4 e:/gnu tools arm embedded/9 2019-q4-major/bin/../lib/gcc/arm-none-eabi/9.2.1/../../../../arm-none-eabi/lib/thumb/v7e-m+fp/hard\libc_nano.a(lib_a-impure.o)
                0x08002d54                _global_impure_ptr
 .rodata.__sf_fake_stderr
                0x08002d58       0x20 e:/gnu tools arm embedded/9 2019-q4-major/bin/../lib/gcc/arm-none-eabi/9.2.1/../../../../arm-none-eabi/lib/thumb/v7e-m+fp/hard\libc_nano.a(lib_a-findfp.o)
                0x08002d58                __sf_fake_stderr
 .rodata.__sf_fake_stdin
                0x08002d78       0x20 e:/gnu tools arm embedded/9 2019-q4-major/bin/../lib/gcc/arm-none-eabi/9.2.1/../../../../arm-none-eabi/lib/thumb/v7e-m+fp/hard\libc_nano.a(lib_a-findfp.o)
                0x08002d78                __sf_fake_stdin
 .rodata.__sf_fake_stdout
                0x08002d98       0x20 e:/gnu tools arm embedded/9 2019-q4-major/bin/../lib/gcc/arm-none-eabi/9.2.1/../../../../arm-none-eabi/lib/thumb/v7e-m+fp/hard\libc_nano.a(lib_a-findfp.o)
                0x08002d98                __sf_fake_stdout
                0x08002db8                . = ALIGN (0x4)

.ARM.extab
 *(.ARM.extab* .gnu.linkonce.armextab.*)

.ARM            0x08002db8        0x8
                0x08002db8                __exidx_start = .
 *(.ARM.exidx*)
 .ARM.exidx     0x08002db8        0x8 e:/gnu tools arm embedded/9 2019-q4-major/bin/../lib/gcc/arm-none-eabi/9.2.1/thumb/v7e-m+fp/hard\libgcc.a(_udivmoddi4.o)
                0x08002dc0                __exidx_end = .

.rel.dyn        0x08002dc0        0x0
 .rel.iplt      0x08002dc0        0x0 e:/gnu tools arm embedded/9 2019-q4-major/bin/../lib/gcc/arm-none-eabi/9.2.1/thumb/v7e-m+fp/hard/crtbegin.o

.preinit_array  0x08002dc0        0x0
                0x08002dc0                PROVIDE (__preinit_array_start = .)
 *(.preinit_array*)
                0x08002dc0                PROVIDE (__preinit_array_end = .)

.init_array     0x08002dc0        0x4
                0x08002dc0                PROVIDE (__init_array_start = .)
 *(SORT_BY_NAME(.init_array.*))
 *(.init_array*)
 .init_array    0x08002dc0        0x4 e:/gnu tools arm embedded/9 2019-q4-major/bin/../lib/gcc/arm-none-eabi/9.2.1/thumb/v7e-m+fp/hard/crtbegin.o
                0x08002dc4                PROVIDE (__init_array_end = .)

.fini_array     0x08002dc4        0x4
                [!provide]                PROVIDE (__fini_array_start = .)
 *(SORT_BY_NAME(.fini_array.*))
 *(.fini_array*)
 .fini_array    0x08002dc4        0x4 e:/gnu tools arm embedded/9 2019-q4-major/bin/../lib/gcc/arm-none-eabi/9.2.1/thumb/v7e-m+fp/hard/crtbegin.o
                [!provide]                PROVIDE (__fini_array_end = .)
                0x08002dc8                _sidata = LOADADDR (.data)

.data           0x20000000       0x70 load address 0x08002dc8
                0x20000000                . = ALIGN (0x4)
                0x20000000                _sdata = .
 *(.data)
 *(.data*)
 .data.uwTickFreq
                0x20000000        0x1 build/stm32f4xx_hal.o
                0x20000000                uwTickFreq
 *fill*         0x20000001        0x3 
 .data.uwTickPrio
                0x20000004        0x4 build/stm32f4xx_hal.o
                0x20000004                uwTickPrio
 .data.SystemCoreClock
                0x20000008        0x4 build/system_stm32f4xx.o
                0x20000008                SystemCoreClock
 .data._impure_ptr
                0x2000000c        0x4 e:/gnu tools arm embedded/9 2019-q4-major/bin/../lib/gcc/arm-none-eabi/9.2.1/../../../../arm-none-eabi/lib/thumb/v7e-m+fp/hard\libc_nano.a(lib_a-impure.o)
                0x2000000c                _impure_ptr
 .data.impure_data
                0x20000010       0x60 e:/gnu tools arm embedded/9 2019-q4-major/bin/../lib/gcc/arm-none-eabi/9.2.1/../../../../arm-none-eabi/lib/thumb/v7e-m+fp/hard\libc_nano.a(lib_a-impure.o)
                0x20000070                . = ALIGN (0x4)
                0x20000070                _edata = .
                0x08002e38                _siccmram = LOADADDR (.ccmram)

.igot.plt       0x20000070        0x0 load address 0x08002e38
 .igot.plt      0x20000070        0x0 e:/gnu tools arm embedded/9 2019-q4-major/bin/../lib/gcc/arm-none-eabi/9.2.1/thumb/v7e-m+fp/hard/crtbegin.o

.ccmram         0x10000000        0x0 load address 0x08002e38
                0x10000000                . = ALIGN (0x4)
                0x10000000                _sccmram = .
 *(.ccmram)
 *(.ccmram*)
                0x10000000                . = ALIGN (0x4)
                0x10000000                _eccmram = .
                0x10000000                . = ALIGN (0x4)

.bss            0x20000070      0x290
                0x20000070                _sbss = .
                0x20000070                __bss_start__ = _sbss
 *(.bss)
 .bss           0x20000070       0x1c e:/gnu tools arm embedded/9 2019-q4-major/bin/../lib/gcc/arm-none-eabi/9.2.1/thumb/v7e-m+fp/hard/crtbegin.o
 *(.bss*)
 .bss.rx_buffer
                0x2000008c       0x80 build/uart4.o
 .bss.pxCurrentTCB
                0x2000010c        0x4 build/tasks.o
                0x2000010c                pxCurrentTCB
 .bss.pxDelayedTaskList
                0x20000110        0x4 build/tasks.o
 .bss.pxOverflowDelayedTaskList
                0x20000114        0x4 build/tasks.o
 .bss.pxReadyTasksLists
                0x20000118       0x8c build/tasks.o
 .bss.uxPendedTicks
                0x200001a4        0x4 build/tasks.o
 .bss.uxSchedulerSuspended
                0x200001a8        0x4 build/tasks.o
 .bss.uxTopReadyPriority
                0x200001ac        0x4 build/tasks.o
 .bss.xNextTaskUnblockTime
                0x200001b0        0x4 build/tasks.o
 .bss.xNumOfOverflows
                0x200001b4        0x4 build/tasks.o
 .bss.xTickCount
                0x200001b8        0x4 build/tasks.o
 .bss.xYieldPending
                0x200001bc        0x4 build/tasks.o
 .bss.__malloc_free_list
                0x200001c0        0x4 e:/gnu tools arm embedded/9 2019-q4-major/bin/../lib/gcc/arm-none-eabi/9.2.1/../../../../arm-none-eabi/lib/thumb/v7e-m+fp/hard\libc_nano.a(lib_a-nano-mallocr.o)
                0x200001c0                __malloc_free_list
 .bss.__malloc_sbrk_start
                0x200001c4        0x4 e:/gnu tools arm embedded/9 2019-q4-major/bin/../lib/gcc/arm-none-eabi/9.2.1/../../../../arm-none-eabi/lib/thumb/v7e-m+fp/hard\libc_nano.a(lib_a-nano-mallocr.o)
                0x200001c4                __malloc_sbrk_start
 .bss.heap_end.5507
                0x200001c8        0x4 e:/gnu tools arm embedded/9 2019-q4-major/bin/../lib/gcc/arm-none-eabi/9.2.1/../../../../arm-none-eabi/lib/thumb/v7e-m+fp/hard\libnosys.a(sbrk.o)
 *(COMMON)
 COMMON         0x200001cc       0xe0 build/usart.o
                0x200001cc                hdma_uart4_rx
                0x2000022c                huart1
                0x2000026c                huart4
 COMMON         0x200002ac       0x40 build/stm32f4xx_hal_timebase_tim.o
                0x200002ac                htim7
 COMMON         0x200002ec        0x4 build/stm32f4xx_hal.o
                0x200002ec                uwTick
 COMMON         0x200002f0        0x9 e:/gnu tools arm embedded/9 2019-q4-major/bin/../lib/gcc/arm-none-eabi/9.2.1/../../../../arm-none-eabi/lib/thumb/v7e-m+fp/hard\libc_nano.a(lib_a-lock.o)
                0x200002f0                __lock___atexit_recursive_mutex
                0x200002f1                __lock___arc4random_mutex
                0x200002f2                __lock___env_recursive_mutex
                0x200002f3                __lock___sinit_recursive_mutex
                0x200002f4                __lock___malloc_recursive_mutex
                0x200002f5                __lock___at_quick_exit_mutex
                0x200002f6                __lock___dd_hash_mutex
                0x200002f7                __lock___tz_mutex
                0x200002f8                __lock___sfp_recursive_mutex
 *fill*         0x200002f9        0x3 
 COMMON         0x200002fc        0x4 e:/gnu tools arm embedded/9 2019-q4-major/bin/../lib/gcc/arm-none-eabi/9.2.1/../../../../arm-none-eabi/lib/thumb/v7e-m+fp/hard\libc_nano.a(lib_a-reent.o)
                0x200002fc                errno
                0x20000300                . = ALIGN (0x4)
                0x20000300                _ebss = .
                0x20000300                __bss_end__ = _ebss

._user_heap_stack
                0x20000300      0x600
                0x20000300                . = ALIGN (0x8)
                0x20000300                PROVIDE (end = .)
                [!provide]                PROVIDE (_end = .)
                0x20000500                . = (. + _Min_Heap_Size)
 *fill*         0x20000300      0x200 
                0x20000900                . = (. + _Min_Stack_Size)
 *fill*         0x20000500      0x400 
                0x20000900                . = ALIGN (0x8)

/DISCARD/
 libc.a(*)
 libm.a(*)
 libgcc.a(*)

.ARM.attributes
                0x00000000       0x30
 *(.ARM.attributes)
 .ARM.attributes
                0x00000000       0x1e e:/gnu tools arm embedded/9 2019-q4-major/bin/../lib/gcc/arm-none-eabi/9.2.1/thumb/v7e-m+fp/hard/crti.o
 .ARM.attributes
                0x0000001e       0x34 e:/gnu tools arm embedded/9 2019-q4-major/bin/../lib/gcc/arm-none-eabi/9.2.1/thumb/v7e-m+fp/hard/crtbegin.o
 .ARM.attributes
                0x00000052       0x34 build/uart4.o
 .ARM.attributes
                0x00000086       0x34 build/utils.o
 .ARM.attributes
                0x000000ba       0x34 build/main.o
 .ARM.attributes
                0x000000ee       0x34 build/gpio.o
 .ARM.attributes
                0x00000122       0x34 build/dma.o
 .ARM.attributes
                0x00000156       0x34 build/usart.o
 .ARM.attributes
                0x0000018a       0x34 build/stm32f4xx_it.o
 .ARM.attributes
                0x000001be       0x34 build/stm32f4xx_hal_msp.o
 .ARM.attributes
                0x000001f2       0x34 build/stm32f4xx_hal_timebase_tim.o
 .ARM.attributes
                0x00000226       0x34 build/stm32f4xx_hal_rcc.o
 .ARM.attributes
                0x0000025a       0x34 build/stm32f4xx_hal_gpio.o
 .ARM.attributes
                0x0000028e       0x34 build/stm32f4xx_hal_dma.o
 .ARM.attributes
                0x000002c2       0x34 build/stm32f4xx_hal_cortex.o
 .ARM.attributes
                0x000002f6       0x34 build/stm32f4xx_hal.o
 .ARM.attributes
                0x0000032a       0x34 build/stm32f4xx_hal_tim.o
 .ARM.attributes
                0x0000035e       0x34 build/stm32f4xx_hal_tim_ex.o
 .ARM.attributes
                0x00000392       0x34 build/stm32f4xx_hal_uart.o
 .ARM.attributes
                0x000003c6       0x34 build/system_stm32f4xx.o
 .ARM.attributes
                0x000003fa       0x34 build/list.o
 .ARM.attributes
                0x0000042e       0x34 build/tasks.o
 .ARM.attributes
                0x00000462       0x34 build/port.o
 .ARM.attributes
                0x00000496       0x21 build/startup_stm32f407xx.o
 .ARM.attributes
                0x000004b7       0x32 e:/gnu tools arm embedded/9 2019-q4-major/bin/../lib/gcc/arm-none-eabi/9.2.1/../../../../arm-none-eabi/lib/thumb/v7e-m+fp/hard\libc_nano.a(lib_a-impure.o)
 .ARM.attributes
                0x000004e9       0x34 e:/gnu tools arm embedded/9 2019-q4-major/bin/../lib/gcc/arm-none-eabi/9.2.1/../../../../arm-none-eabi/lib/thumb/v7e-m+fp/hard\libc_nano.a(lib_a-init.o)
 .ARM.attributes
                0x0000051d       0x34 e:/gnu tools arm embedded/9 2019-q4-major/bin/../lib/gcc/arm-none-eabi/9.2.1/../../../../arm-none-eabi/lib/thumb/v7e-m+fp/hard\libc_nano.a(lib_a-memset.o)
 .ARM.attributes
                0x00000551       0x34 e:/gnu tools arm embedded/9 2019-q4-major/bin/../lib/gcc/arm-none-eabi/9.2.1/../../../../arm-none-eabi/lib/thumb/v7e-m+fp/hard\libc_nano.a(lib_a-puts.o)
 .ARM.attributes
                0x00000585       0x34 e:/gnu tools arm embedded/9 2019-q4-major/bin/../lib/gcc/arm-none-eabi/9.2.1/../../../../arm-none-eabi/lib/thumb/v7e-m+fp/hard\libc_nano.a(lib_a-wbuf.o)
 .ARM.attributes
                0x000005b9       0x34 e:/gnu tools arm embedded/9 2019-q4-major/bin/../lib/gcc/arm-none-eabi/9.2.1/../../../../arm-none-eabi/lib/thumb/v7e-m+fp/hard\libc_nano.a(lib_a-wsetup.o)
 .ARM.attributes
                0x000005ed       0x34 e:/gnu tools arm embedded/9 2019-q4-major/bin/../lib/gcc/arm-none-eabi/9.2.1/../../../../arm-none-eabi/lib/thumb/v7e-m+fp/hard\libc_nano.a(lib_a-fflush.o)
 .ARM.attributes
                0x00000621       0x34 e:/gnu tools arm embedded/9 2019-q4-major/bin/../lib/gcc/arm-none-eabi/9.2.1/../../../../arm-none-eabi/lib/thumb/v7e-m+fp/hard\libc_nano.a(lib_a-findfp.o)
 .ARM.attributes
                0x00000655       0x34 e:/gnu tools arm embedded/9 2019-q4-major/bin/../lib/gcc/arm-none-eabi/9.2.1/../../../../arm-none-eabi/lib/thumb/v7e-m+fp/hard\libc_nano.a(lib_a-fwalk.o)
 .ARM.attributes
                0x00000689       0x34 e:/gnu tools arm embedded/9 2019-q4-major/bin/../lib/gcc/arm-none-eabi/9.2.1/../../../../arm-none-eabi/lib/thumb/v7e-m+fp/hard\libc_nano.a(lib_a-lock.o)
 .ARM.attributes
                0x000006bd       0x34 e:/gnu tools arm embedded/9 2019-q4-major/bin/../lib/gcc/arm-none-eabi/9.2.1/../../../../arm-none-eabi/lib/thumb/v7e-m+fp/hard\libc_nano.a(lib_a-makebuf.o)
 .ARM.attributes
                0x000006f1       0x34 e:/gnu tools arm embedded/9 2019-q4-major/bin/../lib/gcc/arm-none-eabi/9.2.1/../../../../arm-none-eabi/lib/thumb/v7e-m+fp/hard\libc_nano.a(lib_a-nano-freer.o)
 .ARM.attributes
                0x00000725       0x34 e:/gnu tools arm embedded/9 2019-q4-major/bin/../lib/gcc/arm-none-eabi/9.2.1/../../../../arm-none-eabi/lib/thumb/v7e-m+fp/hard\libc_nano.a(lib_a-nano-mallocr.o)
 .ARM.attributes
                0x00000759       0x34 e:/gnu tools arm embedded/9 2019-q4-major/bin/../lib/gcc/arm-none-eabi/9.2.1/../../../../arm-none-eabi/lib/thumb/v7e-m+fp/hard\libc_nano.a(lib_a-sbrkr.o)
 .ARM.attributes
                0x0000078d       0x34 e:/gnu tools arm embedded/9 2019-q4-major/bin/../lib/gcc/arm-none-eabi/9.2.1/../../../../arm-none-eabi/lib/thumb/v7e-m+fp/hard\libc_nano.a(lib_a-stdio.o)
 .ARM.attributes
                0x000007c1       0x34 e:/gnu tools arm embedded/9 2019-q4-major/bin/../lib/gcc/arm-none-eabi/9.2.1/../../../../arm-none-eabi/lib/thumb/v7e-m+fp/hard\libc_nano.a(lib_a-writer.o)
 .ARM.attributes
                0x000007f5       0x34 e:/gnu tools arm embedded/9 2019-q4-major/bin/../lib/gcc/arm-none-eabi/9.2.1/../../../../arm-none-eabi/lib/thumb/v7e-m+fp/hard\libc_nano.a(lib_a-closer.o)
 .ARM.attributes
                0x00000829       0x34 e:/gnu tools arm embedded/9 2019-q4-major/bin/../lib/gcc/arm-none-eabi/9.2.1/../../../../arm-none-eabi/lib/thumb/v7e-m+fp/hard\libc_nano.a(lib_a-fstatr.o)
 .ARM.attributes
                0x0000085d       0x34 e:/gnu tools arm embedded/9 2019-q4-major/bin/../lib/gcc/arm-none-eabi/9.2.1/../../../../arm-none-eabi/lib/thumb/v7e-m+fp/hard\libc_nano.a(lib_a-isattyr.o)
 .ARM.attributes
                0x00000891       0x34 e:/gnu tools arm embedded/9 2019-q4-major/bin/../lib/gcc/arm-none-eabi/9.2.1/../../../../arm-none-eabi/lib/thumb/v7e-m+fp/hard\libc_nano.a(lib_a-lseekr.o)
 .ARM.attributes
                0x000008c5       0x34 e:/gnu tools arm embedded/9 2019-q4-major/bin/../lib/gcc/arm-none-eabi/9.2.1/../../../../arm-none-eabi/lib/thumb/v7e-m+fp/hard\libc_nano.a(lib_a-mlock.o)
 .ARM.attributes
                0x000008f9       0x34 e:/gnu tools arm embedded/9 2019-q4-major/bin/../lib/gcc/arm-none-eabi/9.2.1/../../../../arm-none-eabi/lib/thumb/v7e-m+fp/hard\libc_nano.a(lib_a-readr.o)
 .ARM.attributes
                0x0000092d       0x34 e:/gnu tools arm embedded/9 2019-q4-major/bin/../lib/gcc/arm-none-eabi/9.2.1/../../../../arm-none-eabi/lib/thumb/v7e-m+fp/hard\libc_nano.a(lib_a-reent.o)
 .ARM.attributes
                0x00000961       0x34 e:/gnu tools arm embedded/9 2019-q4-major/bin/../lib/gcc/arm-none-eabi/9.2.1/../../../../arm-none-eabi/lib/thumb/v7e-m+fp/hard\libnosys.a(close.o)
 .ARM.attributes
                0x00000995       0x34 e:/gnu tools arm embedded/9 2019-q4-major/bin/../lib/gcc/arm-none-eabi/9.2.1/../../../../arm-none-eabi/lib/thumb/v7e-m+fp/hard\libnosys.a(fstat.o)
 .ARM.attributes
                0x000009c9       0x34 e:/gnu tools arm embedded/9 2019-q4-major/bin/../lib/gcc/arm-none-eabi/9.2.1/../../../../arm-none-eabi/lib/thumb/v7e-m+fp/hard\libnosys.a(isatty.o)
 .ARM.attributes
                0x000009fd       0x34 e:/gnu tools arm embedded/9 2019-q4-major/bin/../lib/gcc/arm-none-eabi/9.2.1/../../../../arm-none-eabi/lib/thumb/v7e-m+fp/hard\libnosys.a(lseek.o)
 .ARM.attributes
                0x00000a31       0x34 e:/gnu tools arm embedded/9 2019-q4-major/bin/../lib/gcc/arm-none-eabi/9.2.1/../../../../arm-none-eabi/lib/thumb/v7e-m+fp/hard\libnosys.a(read.o)
 .ARM.attributes
                0x00000a65       0x34 e:/gnu tools arm embedded/9 2019-q4-major/bin/../lib/gcc/arm-none-eabi/9.2.1/../../../../arm-none-eabi/lib/thumb/v7e-m+fp/hard\libnosys.a(sbrk.o)
 .ARM.attributes
                0x00000a99       0x1e e:/gnu tools arm embedded/9 2019-q4-major/bin/../lib/gcc/arm-none-eabi/9.2.1/thumb/v7e-m+fp/hard\libgcc.a(_aeabi_uldivmod.o)
 .ARM.attributes
                0x00000ab7       0x34 e:/gnu tools arm embedded/9 2019-q4-major/bin/../lib/gcc/arm-none-eabi/9.2.1/thumb/v7e-m+fp/hard\libgcc.a(_udivmoddi4.o)
 .ARM.attributes
                0x00000aeb       0x1e e:/gnu tools arm embedded/9 2019-q4-major/bin/../lib/gcc/arm-none-eabi/9.2.1/thumb/v7e-m+fp/hard\libgcc.a(_dvmd_tls.o)
 .ARM.attributes
                0x00000b09       0x1e e:/gnu tools arm embedded/9 2019-q4-major/bin/../lib/gcc/arm-none-eabi/9.2.1/thumb/v7e-m+fp/hard/crtn.o
OUTPUT(build/mainboard.elf elf32-littlearm)

.debug_info     0x00000000    0x1d42c
 .debug_info    0x00000000     0x32a7 build/uart4.o
 .debug_info    0x000032a7     0x11c7 build/utils.o
 .debug_info    0x0000446e     0x1e5a build/main.o
 .debug_info    0x000062c8     0x145a build/gpio.o
 .debug_info    0x00007722     0x14f5 build/dma.o
 .debug_info    0x00008c17     0x18b5 build/usart.o
 .debug_info    0x0000a4cc     0x13e9 build/stm32f4xx_it.o
 .debug_info    0x0000b8b5     0x14f1 build/stm32f4xx_hal_msp.o
 .debug_info    0x0000cda6      0xd9e build/stm32f4xx_hal_timebase_tim.o
 .debug_info    0x0000db44      0xc44 build/stm32f4xx_hal_rcc.o
 .debug_info    0x0000e788      0x915 build/stm32f4xx_hal_gpio.o
 .debug_info    0x0000f09d      0xc8b build/stm32f4xx_hal_dma.o
 .debug_info    0x0000fd28     0x123e build/stm32f4xx_hal_cortex.o
 .debug_info    0x00010f66      0xb5e build/stm32f4xx_hal.o
 .debug_info    0x00011ac4     0x39b3 build/stm32f4xx_hal_tim.o
 .debug_info    0x00015477     0x187c build/stm32f4xx_hal_tim_ex.o
 .debug_info    0x00016cf3     0x1b31 build/stm32f4xx_hal_uart.o
 .debug_info    0x00018824      0x63c build/system_stm32f4xx.o
 .debug_info    0x00018e60      0xca4 build/list.o
 .debug_info    0x00019b04     0x333e build/tasks.o
 .debug_info    0x0001ce42      0x5c8 build/port.o
 .debug_info    0x0001d40a       0x22 build/startup_stm32f407xx.o

.debug_abbrev   0x00000000     0x3913
 .debug_abbrev  0x00000000      0x4f4 build/uart4.o
 .debug_abbrev  0x000004f4      0x26d build/utils.o
 .debug_abbrev  0x00000761      0x33e build/main.o
 .debug_abbrev  0x00000a9f      0x239 build/gpio.o
 .debug_abbrev  0x00000cd8      0x242 build/dma.o
 .debug_abbrev  0x00000f1a      0x297 build/usart.o
 .debug_abbrev  0x000011b1      0x231 build/stm32f4xx_it.o
 .debug_abbrev  0x000013e2      0x235 build/stm32f4xx_hal_msp.o
 .debug_abbrev  0x00001617      0x21c build/stm32f4xx_hal_timebase_tim.o
 .debug_abbrev  0x00001833      0x2cd build/stm32f4xx_hal_rcc.o
 .debug_abbrev  0x00001b00      0x258 build/stm32f4xx_hal_gpio.o
 .debug_abbrev  0x00001d58      0x312 build/stm32f4xx_hal_dma.o
 .debug_abbrev  0x0000206a      0x3a8 build/stm32f4xx_hal_cortex.o
 .debug_abbrev  0x00002412      0x21c build/stm32f4xx_hal.o
 .debug_abbrev  0x0000262e      0x2af build/stm32f4xx_hal_tim.o
 .debug_abbrev  0x000028dd      0x2ab build/stm32f4xx_hal_tim_ex.o
 .debug_abbrev  0x00002b88      0x318 build/stm32f4xx_hal_uart.o
 .debug_abbrev  0x00002ea0      0x14a build/system_stm32f4xx.o
 .debug_abbrev  0x00002fea      0x245 build/list.o
 .debug_abbrev  0x0000322f      0x448 build/tasks.o
 .debug_abbrev  0x00003677      0x28a build/port.o
 .debug_abbrev  0x00003901       0x12 build/startup_stm32f407xx.o

.debug_loc      0x00000000     0xf558
 .debug_loc     0x00000000     0x2aa6 build/uart4.o
 .debug_loc     0x00002aa6      0x2c0 build/utils.o
 .debug_loc     0x00002d66       0xbb build/main.o
 .debug_loc     0x00002e21       0x38 build/gpio.o
 .debug_loc     0x00002e59       0x38 build/dma.o
 .debug_loc     0x00002e91      0x15c build/usart.o
 .debug_loc     0x00002fed       0x20 build/stm32f4xx_it.o
 .debug_loc     0x0000300d       0x38 build/stm32f4xx_hal_msp.o
 .debug_loc     0x00003045       0xbc build/stm32f4xx_hal_timebase_tim.o
 .debug_loc     0x00003101      0x6c7 build/stm32f4xx_hal_rcc.o
 .debug_loc     0x000037c8      0x5c7 build/stm32f4xx_hal_gpio.o
 .debug_loc     0x00003d8f      0xd6d build/stm32f4xx_hal_dma.o
 .debug_loc     0x00004afc      0x7d4 build/stm32f4xx_hal_cortex.o
 .debug_loc     0x000052d0      0x1e1 build/stm32f4xx_hal.o
 .debug_loc     0x000054b1     0x457e build/stm32f4xx_hal_tim.o
 .debug_loc     0x00009a2f     0x15b0 build/stm32f4xx_hal_tim_ex.o
 .debug_loc     0x0000afdf     0x1d79 build/stm32f4xx_hal_uart.o
 .debug_loc     0x0000cd58      0x16c build/system_stm32f4xx.o
 .debug_loc     0x0000cec4       0xe5 build/list.o
 .debug_loc     0x0000cfa9     0x23ef build/tasks.o
 .debug_loc     0x0000f398      0x1c0 build/port.o

.debug_aranges  0x00000000      0xe58
 .debug_aranges
                0x00000000       0x50 build/uart4.o
 .debug_aranges
                0x00000050       0x30 build/utils.o
 .debug_aranges
                0x00000080       0x38 build/main.o
 .debug_aranges
                0x000000b8       0x20 build/gpio.o
 .debug_aranges
                0x000000d8       0x20 build/dma.o
 .debug_aranges
                0x000000f8       0x38 build/usart.o
 .debug_aranges
                0x00000130       0x50 build/stm32f4xx_it.o
 .debug_aranges
                0x00000180       0x20 build/stm32f4xx_hal_msp.o
 .debug_aranges
                0x000001a0       0x30 build/stm32f4xx_hal_timebase_tim.o
 .debug_aranges
                0x000001d0       0x88 build/stm32f4xx_hal_rcc.o
 .debug_aranges
                0x00000258       0x58 build/stm32f4xx_hal_gpio.o
 .debug_aranges
                0x000002b0       0x90 build/stm32f4xx_hal_dma.o
 .debug_aranges
                0x00000340       0xa8 build/stm32f4xx_hal_cortex.o
 .debug_aranges
                0x000003e8       0xf0 build/stm32f4xx_hal.o
 .debug_aranges
                0x000004d8      0x3a8 build/stm32f4xx_hal_tim.o
 .debug_aranges
                0x00000880      0x150 build/stm32f4xx_hal_tim_ex.o
 .debug_aranges
                0x000009d0      0x1d0 build/stm32f4xx_hal_uart.o
 .debug_aranges
                0x00000ba0       0x28 build/system_stm32f4xx.o
 .debug_aranges
                0x00000bc8       0x40 build/list.o
 .debug_aranges
                0x00000c08      0x1a8 build/tasks.o
 .debug_aranges
                0x00000db0       0x80 build/port.o
 .debug_aranges
                0x00000e30       0x28 build/startup_stm32f407xx.o

.debug_ranges   0x00000000     0x10f0
 .debug_ranges  0x00000000      0x2e0 build/uart4.o
 .debug_ranges  0x000002e0       0x20 build/utils.o
 .debug_ranges  0x00000300       0x28 build/main.o
 .debug_ranges  0x00000328       0x10 build/gpio.o
 .debug_ranges  0x00000338       0x10 build/dma.o
 .debug_ranges  0x00000348       0x28 build/usart.o
 .debug_ranges  0x00000370       0x40 build/stm32f4xx_it.o
 .debug_ranges  0x000003b0       0x10 build/stm32f4xx_hal_msp.o
 .debug_ranges  0x000003c0       0x20 build/stm32f4xx_hal_timebase_tim.o
 .debug_ranges  0x000003e0       0x90 build/stm32f4xx_hal_rcc.o
 .debug_ranges  0x00000470       0x48 build/stm32f4xx_hal_gpio.o
 .debug_ranges  0x000004b8       0x80 build/stm32f4xx_hal_dma.o
 .debug_ranges  0x00000538       0xf8 build/stm32f4xx_hal_cortex.o
 .debug_ranges  0x00000630       0xe0 build/stm32f4xx_hal.o
 .debug_ranges  0x00000710      0x398 build/stm32f4xx_hal_tim.o
 .debug_ranges  0x00000aa8      0x140 build/stm32f4xx_hal_tim_ex.o
 .debug_ranges  0x00000be8      0x1c0 build/stm32f4xx_hal_uart.o
 .debug_ranges  0x00000da8       0x18 build/system_stm32f4xx.o
 .debug_ranges  0x00000dc0       0x30 build/list.o
 .debug_ranges  0x00000df0      0x258 build/tasks.o
 .debug_ranges  0x00001048       0x88 build/port.o
 .debug_ranges  0x000010d0       0x20 build/startup_stm32f407xx.o

.debug_line     0x00000000     0xfa22
 .debug_line    0x00000000     0x1a91 build/uart4.o
 .debug_line    0x00001a91      0x3cb build/utils.o
 .debug_line    0x00001e5c      0x486 build/main.o
 .debug_line    0x000022e2      0x2c8 build/gpio.o
 .debug_line    0x000025aa      0x295 build/dma.o
 .debug_line    0x0000283f      0x4d1 build/usart.o
 .debug_line    0x00002d10      0x34f build/stm32f4xx_it.o
 .debug_line    0x0000305f      0x2a9 build/stm32f4xx_hal_msp.o
 .debug_line    0x00003308      0x2ba build/stm32f4xx_hal_timebase_tim.o
 .debug_line    0x000035c2      0xb26 build/stm32f4xx_hal_rcc.o
 .debug_line    0x000040e8      0x717 build/stm32f4xx_hal_gpio.o
 .debug_line    0x000047ff      0xe15 build/stm32f4xx_hal_dma.o
 .debug_line    0x00005614      0x790 build/stm32f4xx_hal_cortex.o
 .debug_line    0x00005da4      0x553 build/stm32f4xx_hal.o
 .debug_line    0x000062f7     0x36b5 build/stm32f4xx_hal_tim.o
 .debug_line    0x000099ac     0x11e1 build/stm32f4xx_hal_tim_ex.o
 .debug_line    0x0000ab8d     0x1c57 build/stm32f4xx_hal_uart.o
 .debug_line    0x0000c7e4      0x277 build/system_stm32f4xx.o
 .debug_line    0x0000ca5b      0x426 build/list.o
 .debug_line    0x0000ce81     0x244a build/tasks.o
 .debug_line    0x0000f2cb      0x6e4 build/port.o
 .debug_line    0x0000f9af       0x73 build/startup_stm32f407xx.o

.debug_str      0x00000000     0x545b
 .debug_str     0x00000000     0x12b4 build/uart4.o
                               0x1425 (size before relaxing)
 .debug_str     0x000012b4       0x53 build/utils.o
                                0xae8 (size before relaxing)
 .debug_str     0x00001307      0x4ca build/main.o
                               0x1455 (size before relaxing)
 .debug_str     0x000017d1       0xaf build/gpio.o
                                0xc38 (size before relaxing)
 .debug_str     0x00001880      0x520 build/dma.o
                               0x10a8 (size before relaxing)
 .debug_str     0x00001da0       0x97 build/usart.o
                               0x11fc (size before relaxing)
 .debug_str     0x00001e37       0xa1 build/stm32f4xx_it.o
                                0xced (size before relaxing)
 .debug_str     0x00001ed8       0x24 build/stm32f4xx_hal_msp.o
                               0x10a3 (size before relaxing)
 .debug_str     0x00001efc       0xf0 build/stm32f4xx_hal_timebase_tim.o
                                0xe2b (size before relaxing)
 .debug_str     0x00001fec      0x1a8 build/stm32f4xx_hal_rcc.o
                                0x79e (size before relaxing)
 .debug_str     0x00002194      0x125 build/stm32f4xx_hal_gpio.o
                                0x5c0 (size before relaxing)
 .debug_str     0x000022b9      0x2dc build/stm32f4xx_hal_dma.o
                                0x846 (size before relaxing)
 .debug_str     0x00002595      0x4bf build/stm32f4xx_hal_cortex.o
                                0xcfa (size before relaxing)
 .debug_str     0x00002a54      0x1f8 build/stm32f4xx_hal.o
                                0xbbb (size before relaxing)
 .debug_str     0x00002c4c      0xdd1 build/stm32f4xx_hal_tim.o
                               0x159d (size before relaxing)
 .debug_str     0x00003a1d      0x545 build/stm32f4xx_hal_tim_ex.o
                                0xdb5 (size before relaxing)
 .debug_str     0x00003f62      0x4aa build/stm32f4xx_hal_uart.o
                                0xd01 (size before relaxing)
 .debug_str     0x0000440c       0x42 build/system_stm32f4xx.o
                                0x424 (size before relaxing)
 .debug_str     0x0000444e      0x16d build/list.o
                                0x70c (size before relaxing)
 .debug_str     0x000045bb      0xcef build/tasks.o
                               0x13e0 (size before relaxing)
 .debug_str     0x000052aa      0x18d build/port.o
                                0x492 (size before relaxing)
 .debug_str     0x00005437       0x24 build/startup_stm32f407xx.o
                                 0x5c (size before relaxing)

.comment        0x00000000       0x79
 .comment       0x00000000       0x79 build/uart4.o
                                 0x7a (size before relaxing)
 .comment       0x00000079       0x7a build/utils.o
 .comment       0x00000079       0x7a build/main.o
 .comment       0x00000079       0x7a build/gpio.o
 .comment       0x00000079       0x7a build/dma.o
 .comment       0x00000079       0x7a build/usart.o
 .comment       0x00000079       0x7a build/stm32f4xx_it.o
 .comment       0x00000079       0x7a build/stm32f4xx_hal_msp.o
 .comment       0x00000079       0x7a build/stm32f4xx_hal_timebase_tim.o
 .comment       0x00000079       0x7a build/stm32f4xx_hal_rcc.o
 .comment       0x00000079       0x7a build/stm32f4xx_hal_gpio.o
 .comment       0x00000079       0x7a build/stm32f4xx_hal_dma.o
 .comment       0x00000079       0x7a build/stm32f4xx_hal_cortex.o
 .comment       0x00000079       0x7a build/stm32f4xx_hal.o
 .comment       0x00000079       0x7a build/stm32f4xx_hal_tim.o
 .comment       0x00000079       0x7a build/stm32f4xx_hal_tim_ex.o
 .comment       0x00000079       0x7a build/stm32f4xx_hal_uart.o
 .comment       0x00000079       0x7a build/system_stm32f4xx.o
 .comment       0x00000079       0x7a build/list.o
 .comment       0x00000079       0x7a build/tasks.o
 .comment       0x00000079       0x7a build/port.o

.debug_frame    0x00000000     0x30ac
 .debug_frame   0x00000000       0xf0 build/uart4.o
 .debug_frame   0x000000f0       0x78 build/utils.o
 .debug_frame   0x00000168       0x7c build/main.o
 .debug_frame   0x000001e4       0x34 build/gpio.o
 .debug_frame   0x00000218       0x2c build/dma.o
 .debug_frame   0x00000244       0x8c build/usart.o
 .debug_frame   0x000002d0       0x8c build/stm32f4xx_it.o
 .debug_frame   0x0000035c       0x2c build/stm32f4xx_hal_msp.o
 .debug_frame   0x00000388       0x54 build/stm32f4xx_hal_timebase_tim.o
 .debug_frame   0x000003dc      0x1ac build/stm32f4xx_hal_rcc.o
 .debug_frame   0x00000588       0xf0 build/stm32f4xx_hal_gpio.o
 .debug_frame   0x00000678      0x1b8 build/stm32f4xx_hal_dma.o
 .debug_frame   0x00000830      0x16c build/stm32f4xx_hal_cortex.o
 .debug_frame   0x0000099c      0x200 build/stm32f4xx_hal.o
 .debug_frame   0x00000b9c      0xbd0 build/stm32f4xx_hal_tim.o
 .debug_frame   0x0000176c      0x428 build/stm32f4xx_hal_tim_ex.o
 .debug_frame   0x00001b94      0x57c build/stm32f4xx_hal_uart.o
 .debug_frame   0x00002110       0x30 build/system_stm32f4xx.o
 .debug_frame   0x00002140       0x74 build/list.o
 .debug_frame   0x000021b4      0x61c build/tasks.o
 .debug_frame   0x000027d0      0x114 build/port.o
 .debug_frame   0x000028e4       0x2c e:/gnu tools arm embedded/9 2019-q4-major/bin/../lib/gcc/arm-none-eabi/9.2.1/../../../../arm-none-eabi/lib/thumb/v7e-m+fp/hard\libc_nano.a(lib_a-init.o)
 .debug_frame   0x00002910       0x20 e:/gnu tools arm embedded/9 2019-q4-major/bin/../lib/gcc/arm-none-eabi/9.2.1/../../../../arm-none-eabi/lib/thumb/v7e-m+fp/hard\libc_nano.a(lib_a-memset.o)
 .debug_frame   0x00002930       0x3c e:/gnu tools arm embedded/9 2019-q4-major/bin/../lib/gcc/arm-none-eabi/9.2.1/../../../../arm-none-eabi/lib/thumb/v7e-m+fp/hard\libc_nano.a(lib_a-puts.o)
 .debug_frame   0x0000296c       0x40 e:/gnu tools arm embedded/9 2019-q4-major/bin/../lib/gcc/arm-none-eabi/9.2.1/../../../../arm-none-eabi/lib/thumb/v7e-m+fp/hard\libc_nano.a(lib_a-wbuf.o)
 .debug_frame   0x000029ac       0x2c e:/gnu tools arm embedded/9 2019-q4-major/bin/../lib/gcc/arm-none-eabi/9.2.1/../../../../arm-none-eabi/lib/thumb/v7e-m+fp/hard\libc_nano.a(lib_a-wsetup.o)
 .debug_frame   0x000029d8       0x5c e:/gnu tools arm embedded/9 2019-q4-major/bin/../lib/gcc/arm-none-eabi/9.2.1/../../../../arm-none-eabi/lib/thumb/v7e-m+fp/hard\libc_nano.a(lib_a-fflush.o)
 .debug_frame   0x00002a34      0x14c e:/gnu tools arm embedded/9 2019-q4-major/bin/../lib/gcc/arm-none-eabi/9.2.1/../../../../arm-none-eabi/lib/thumb/v7e-m+fp/hard\libc_nano.a(lib_a-findfp.o)
 .debug_frame   0x00002b80       0x54 e:/gnu tools arm embedded/9 2019-q4-major/bin/../lib/gcc/arm-none-eabi/9.2.1/../../../../arm-none-eabi/lib/thumb/v7e-m+fp/hard\libc_nano.a(lib_a-fwalk.o)
 .debug_frame   0x00002bd4       0xb0 e:/gnu tools arm embedded/9 2019-q4-major/bin/../lib/gcc/arm-none-eabi/9.2.1/../../../../arm-none-eabi/lib/thumb/v7e-m+fp/hard\libc_nano.a(lib_a-lock.o)
 .debug_frame   0x00002c84       0x58 e:/gnu tools arm embedded/9 2019-q4-major/bin/../lib/gcc/arm-none-eabi/9.2.1/../../../../arm-none-eabi/lib/thumb/v7e-m+fp/hard\libc_nano.a(lib_a-makebuf.o)
 .debug_frame   0x00002cdc       0x38 e:/gnu tools arm embedded/9 2019-q4-major/bin/../lib/gcc/arm-none-eabi/9.2.1/../../../../arm-none-eabi/lib/thumb/v7e-m+fp/hard\libc_nano.a(lib_a-nano-freer.o)
 .debug_frame   0x00002d14       0x30 e:/gnu tools arm embedded/9 2019-q4-major/bin/../lib/gcc/arm-none-eabi/9.2.1/../../../../arm-none-eabi/lib/thumb/v7e-m+fp/hard\libc_nano.a(lib_a-nano-mallocr.o)
 .debug_frame   0x00002d44       0x2c e:/gnu tools arm embedded/9 2019-q4-major/bin/../lib/gcc/arm-none-eabi/9.2.1/../../../../arm-none-eabi/lib/thumb/v7e-m+fp/hard\libc_nano.a(lib_a-sbrkr.o)
 .debug_frame   0x00002d70       0x88 e:/gnu tools arm embedded/9 2019-q4-major/bin/../lib/gcc/arm-none-eabi/9.2.1/../../../../arm-none-eabi/lib/thumb/v7e-m+fp/hard\libc_nano.a(lib_a-stdio.o)
 .debug_frame   0x00002df8       0x2c e:/gnu tools arm embedded/9 2019-q4-major/bin/../lib/gcc/arm-none-eabi/9.2.1/../../../../arm-none-eabi/lib/thumb/v7e-m+fp/hard\libc_nano.a(lib_a-writer.o)
 .debug_frame   0x00002e24       0x2c e:/gnu tools arm embedded/9 2019-q4-major/bin/../lib/gcc/arm-none-eabi/9.2.1/../../../../arm-none-eabi/lib/thumb/v7e-m+fp/hard\libc_nano.a(lib_a-closer.o)
 .debug_frame   0x00002e50       0x2c e:/gnu tools arm embedded/9 2019-q4-major/bin/../lib/gcc/arm-none-eabi/9.2.1/../../../../arm-none-eabi/lib/thumb/v7e-m+fp/hard\libc_nano.a(lib_a-fstatr.o)
 .debug_frame   0x00002e7c       0x2c e:/gnu tools arm embedded/9 2019-q4-major/bin/../lib/gcc/arm-none-eabi/9.2.1/../../../../arm-none-eabi/lib/thumb/v7e-m+fp/hard\libc_nano.a(lib_a-isattyr.o)
 .debug_frame   0x00002ea8       0x2c e:/gnu tools arm embedded/9 2019-q4-major/bin/../lib/gcc/arm-none-eabi/9.2.1/../../../../arm-none-eabi/lib/thumb/v7e-m+fp/hard\libc_nano.a(lib_a-lseekr.o)
 .debug_frame   0x00002ed4       0x30 e:/gnu tools arm embedded/9 2019-q4-major/bin/../lib/gcc/arm-none-eabi/9.2.1/../../../../arm-none-eabi/lib/thumb/v7e-m+fp/hard\libc_nano.a(lib_a-mlock.o)
 .debug_frame   0x00002f04       0x2c e:/gnu tools arm embedded/9 2019-q4-major/bin/../lib/gcc/arm-none-eabi/9.2.1/../../../../arm-none-eabi/lib/thumb/v7e-m+fp/hard\libc_nano.a(lib_a-readr.o)
 .debug_frame   0x00002f30       0x5c e:/gnu tools arm embedded/9 2019-q4-major/bin/../lib/gcc/arm-none-eabi/9.2.1/../../../../arm-none-eabi/lib/thumb/v7e-m+fp/hard\libc_nano.a(lib_a-reent.o)
 .debug_frame   0x00002f8c       0x20 e:/gnu tools arm embedded/9 2019-q4-major/bin/../lib/gcc/arm-none-eabi/9.2.1/../../../../arm-none-eabi/lib/thumb/v7e-m+fp/hard\libnosys.a(close.o)
 .debug_frame   0x00002fac       0x20 e:/gnu tools arm embedded/9 2019-q4-major/bin/../lib/gcc/arm-none-eabi/9.2.1/../../../../arm-none-eabi/lib/thumb/v7e-m+fp/hard\libnosys.a(fstat.o)
 .debug_frame   0x00002fcc       0x20 e:/gnu tools arm embedded/9 2019-q4-major/bin/../lib/gcc/arm-none-eabi/9.2.1/../../../../arm-none-eabi/lib/thumb/v7e-m+fp/hard\libnosys.a(isatty.o)
 .debug_frame   0x00002fec       0x20 e:/gnu tools arm embedded/9 2019-q4-major/bin/../lib/gcc/arm-none-eabi/9.2.1/../../../../arm-none-eabi/lib/thumb/v7e-m+fp/hard\libnosys.a(lseek.o)
 .debug_frame   0x0000300c       0x20 e:/gnu tools arm embedded/9 2019-q4-major/bin/../lib/gcc/arm-none-eabi/9.2.1/../../../../arm-none-eabi/lib/thumb/v7e-m+fp/hard\libnosys.a(read.o)
 .debug_frame   0x0000302c       0x20 e:/gnu tools arm embedded/9 2019-q4-major/bin/../lib/gcc/arm-none-eabi/9.2.1/../../../../arm-none-eabi/lib/thumb/v7e-m+fp/hard\libnosys.a(sbrk.o)
 .debug_frame   0x0000304c       0x2c e:/gnu tools arm embedded/9 2019-q4-major/bin/../lib/gcc/arm-none-eabi/9.2.1/thumb/v7e-m+fp/hard\libgcc.a(_aeabi_uldivmod.o)
 .debug_frame   0x00003078       0x34 e:/gnu tools arm embedded/9 2019-q4-major/bin/../lib/gcc/arm-none-eabi/9.2.1/thumb/v7e-m+fp/hard\libgcc.a(_udivmoddi4.o)

.stab           0x00000000       0x84
 .stab          0x00000000       0x24 e:/gnu tools arm embedded/9 2019-q4-major/bin/../lib/gcc/arm-none-eabi/9.2.1/../../../../arm-none-eabi/lib/thumb/v7e-m+fp/hard\libnosys.a(close.o)
 .stab          0x00000024       0x18 e:/gnu tools arm embedded/9 2019-q4-major/bin/../lib/gcc/arm-none-eabi/9.2.1/../../../../arm-none-eabi/lib/thumb/v7e-m+fp/hard\libnosys.a(fstat.o)
                                 0x24 (size before relaxing)
 .stab          0x0000003c       0x18 e:/gnu tools arm embedded/9 2019-q4-major/bin/../lib/gcc/arm-none-eabi/9.2.1/../../../../arm-none-eabi/lib/thumb/v7e-m+fp/hard\libnosys.a(isatty.o)
                                 0x24 (size before relaxing)
 .stab          0x00000054       0x18 e:/gnu tools arm embedded/9 2019-q4-major/bin/../lib/gcc/arm-none-eabi/9.2.1/../../../../arm-none-eabi/lib/thumb/v7e-m+fp/hard\libnosys.a(lseek.o)
                                 0x24 (size before relaxing)
 .stab          0x0000006c       0x18 e:/gnu tools arm embedded/9 2019-q4-major/bin/../lib/gcc/arm-none-eabi/9.2.1/../../../../arm-none-eabi/lib/thumb/v7e-m+fp/hard\libnosys.a(read.o)
                                 0x24 (size before relaxing)

.stabstr        0x00000000      0x117
 .stabstr       0x00000000      0x117 e:/gnu tools arm embedded/9 2019-q4-major/bin/../lib/gcc/arm-none-eabi/9.2.1/../../../../arm-none-eabi/lib/thumb/v7e-m+fp/hard\libnosys.a(close.o)

Cross Reference Table

Symbol                                            File
ADC_IRQHandler                                    build/startup_stm32f407xx.o
AHBPrescTable                                     build/system_stm32f4xx.o
                                                  build/stm32f4xx_hal_rcc.o
APBPrescTable                                     build/system_stm32f4xx.o
                                                  build/stm32f4xx_hal_rcc.o
BusFault_Handler                                  build/stm32f4xx_it.o
CAN1_RX0_IRQHandler                               build/startup_stm32f407xx.o
CAN1_RX1_IRQHandler                               build/startup_stm32f407xx.o
CAN1_SCE_IRQHandler                               build/startup_stm32f407xx.o
CAN1_TX_IRQHandler                                build/startup_stm32f407xx.o
CAN2_RX0_IRQHandler                               build/startup_stm32f407xx.o
CAN2_RX1_IRQHandler                               build/startup_stm32f407xx.o
CAN2_SCE_IRQHandler                               build/startup_stm32f407xx.o
CAN2_TX_IRQHandler                                build/startup_stm32f407xx.o
DCMI_IRQHandler                                   build/startup_stm32f407xx.o
DMA1_Stream0_IRQHandler                           build/startup_stm32f407xx.o
DMA1_Stream1_IRQHandler                           build/startup_stm32f407xx.o
DMA1_Stream2_IRQHandler                           build/uart4.o
DMA1_Stream3_IRQHandler                           build/startup_stm32f407xx.o
DMA1_Stream4_IRQHandler                           build/startup_stm32f407xx.o
DMA1_Stream5_IRQHandler                           build/startup_stm32f407xx.o
DMA1_Stream6_IRQHandler                           build/startup_stm32f407xx.o
DMA1_Stream7_IRQHandler                           build/startup_stm32f407xx.o
DMA2_Stream0_IRQHandler                           build/startup_stm32f407xx.o
DMA2_Stream1_IRQHandler                           build/startup_stm32f407xx.o
DMA2_Stream2_IRQHandler                           build/startup_stm32f407xx.o
DMA2_Stream3_IRQHandler                           build/startup_stm32f407xx.o
DMA2_Stream4_IRQHandler                           build/startup_stm32f407xx.o
DMA2_Stream5_IRQHandler                           build/startup_stm32f407xx.o
DMA2_Stream6_IRQHandler                           build/startup_stm32f407xx.o
DMA2_Stream7_IRQHandler                           build/startup_stm32f407xx.o
DebugMon_Handler                                  build/stm32f4xx_it.o
Default_Handler                                   build/startup_stm32f407xx.o
ETH_IRQHandler                                    build/startup_stm32f407xx.o
ETH_WKUP_IRQHandler                               build/startup_stm32f407xx.o
EXTI0_IRQHandler                                  build/startup_stm32f407xx.o
EXTI15_10_IRQHandler                              build/startup_stm32f407xx.o
EXTI1_IRQHandler                                  build/startup_stm32f407xx.o
EXTI2_IRQHandler                                  build/startup_stm32f407xx.o
EXTI3_IRQHandler                                  build/startup_stm32f407xx.o
EXTI4_IRQHandler                                  build/startup_stm32f407xx.o
EXTI9_5_IRQHandler                                build/startup_stm32f407xx.o
Error_Handler                                     build/main.o
                                                  build/usart.o
FLASH_Erase_Sector                                build/stm32f4xx_hal_flash_ex.o
                                                  build/stm32f4xx_hal_flash.o
FLASH_FlushCaches                                 build/stm32f4xx_hal_flash_ex.o
                                                  build/stm32f4xx_hal_flash.o
FLASH_IRQHandler                                  build/startup_stm32f407xx.o
FLASH_WaitForLastOperation                        build/stm32f4xx_hal_flash.o
                                                  build/stm32f4xx_hal_flash_ex.o
FPU_IRQHandler                                    build/startup_stm32f407xx.o
FSMC_IRQHandler                                   build/startup_stm32f407xx.o
HAL_DBGMCU_DisableDBGSleepMode                    build/stm32f4xx_hal.o
HAL_DBGMCU_DisableDBGStandbyMode                  build/stm32f4xx_hal.o
HAL_DBGMCU_DisableDBGStopMode                     build/stm32f4xx_hal.o
HAL_DBGMCU_EnableDBGSleepMode                     build/stm32f4xx_hal.o
HAL_DBGMCU_EnableDBGStandbyMode                   build/stm32f4xx_hal.o
HAL_DBGMCU_EnableDBGStopMode                      build/stm32f4xx_hal.o
HAL_DMAEx_ChangeMemory                            build/stm32f4xx_hal_dma_ex.o
HAL_DMAEx_MultiBufferStart                        build/stm32f4xx_hal_dma_ex.o
HAL_DMAEx_MultiBufferStart_IT                     build/stm32f4xx_hal_dma_ex.o
HAL_DMA_Abort                                     build/stm32f4xx_hal_dma.o
                                                  build/stm32f4xx_hal_uart.o
HAL_DMA_Abort_IT                                  build/stm32f4xx_hal_dma.o
                                                  build/stm32f4xx_hal_uart.o
                                                  build/stm32f4xx_hal_tim_ex.o
                                                  build/stm32f4xx_hal_tim.o
HAL_DMA_DeInit                                    build/stm32f4xx_hal_dma.o
                                                  build/usart.o
HAL_DMA_GetError                                  build/stm32f4xx_hal_dma.o
                                                  build/stm32f4xx_hal_uart.o
HAL_DMA_GetState                                  build/stm32f4xx_hal_dma.o
HAL_DMA_IRQHandler                                build/stm32f4xx_hal_dma.o
                                                  build/uart4.o
HAL_DMA_Init                                      build/stm32f4xx_hal_dma.o
                                                  build/usart.o
HAL_DMA_PollForTransfer                           build/stm32f4xx_hal_dma.o
HAL_DMA_RegisterCallback                          build/stm32f4xx_hal_dma.o
HAL_DMA_Start                                     build/stm32f4xx_hal_dma.o
HAL_DMA_Start_IT                                  build/stm32f4xx_hal_dma.o
                                                  build/stm32f4xx_hal_uart.o
                                                  build/stm32f4xx_hal_tim_ex.o
                                                  build/stm32f4xx_hal_tim.o
HAL_DMA_UnRegisterCallback                        build/stm32f4xx_hal_dma.o
HAL_DeInit                                        build/stm32f4xx_hal.o
HAL_Delay                                         build/stm32f4xx_hal.o
HAL_DisableCompensationCell                       build/stm32f4xx_hal.o
HAL_EXTI_ClearConfigLine                          build/stm32f4xx_hal_exti.o
HAL_EXTI_ClearPending                             build/stm32f4xx_hal_exti.o
HAL_EXTI_GenerateSWI                              build/stm32f4xx_hal_exti.o
HAL_EXTI_GetConfigLine                            build/stm32f4xx_hal_exti.o
HAL_EXTI_GetHandle                                build/stm32f4xx_hal_exti.o
HAL_EXTI_GetPending                               build/stm32f4xx_hal_exti.o
HAL_EXTI_IRQHandler                               build/stm32f4xx_hal_exti.o
HAL_EXTI_RegisterCallback                         build/stm32f4xx_hal_exti.o
HAL_EXTI_SetConfigLine                            build/stm32f4xx_hal_exti.o
HAL_EnableCompensationCell                        build/stm32f4xx_hal.o
HAL_FLASHEx_Erase                                 build/stm32f4xx_hal_flash_ex.o
HAL_FLASHEx_Erase_IT                              build/stm32f4xx_hal_flash_ex.o
HAL_FLASHEx_OBGetConfig                           build/stm32f4xx_hal_flash_ex.o
HAL_FLASHEx_OBProgram                             build/stm32f4xx_hal_flash_ex.o
HAL_FLASH_EndOfOperationCallback                  build/stm32f4xx_hal_flash.o
HAL_FLASH_GetError                                build/stm32f4xx_hal_flash.o
HAL_FLASH_IRQHandler                              build/stm32f4xx_hal_flash.o
HAL_FLASH_Lock                                    build/stm32f4xx_hal_flash.o
HAL_FLASH_OB_Launch                               build/stm32f4xx_hal_flash.o
HAL_FLASH_OB_Lock                                 build/stm32f4xx_hal_flash.o
HAL_FLASH_OB_Unlock                               build/stm32f4xx_hal_flash.o
HAL_FLASH_OperationErrorCallback                  build/stm32f4xx_hal_flash.o
HAL_FLASH_Program                                 build/stm32f4xx_hal_flash.o
HAL_FLASH_Program_IT                              build/stm32f4xx_hal_flash.o
HAL_FLASH_Unlock                                  build/stm32f4xx_hal_flash.o
HAL_GPIO_DeInit                                   build/stm32f4xx_hal_gpio.o
                                                  build/usart.o
HAL_GPIO_EXTI_Callback                            build/stm32f4xx_hal_gpio.o
HAL_GPIO_EXTI_IRQHandler                          build/stm32f4xx_hal_gpio.o
HAL_GPIO_Init                                     build/stm32f4xx_hal_gpio.o
                                                  build/stm32f4xx_hal_rcc.o
                                                  build/usart.o
                                                  build/gpio.o
HAL_GPIO_LockPin                                  build/stm32f4xx_hal_gpio.o
HAL_GPIO_ReadPin                                  build/stm32f4xx_hal_gpio.o
HAL_GPIO_TogglePin                                build/stm32f4xx_hal_gpio.o
HAL_GPIO_WritePin                                 build/stm32f4xx_hal_gpio.o
                                                  build/gpio.o
HAL_GetDEVID                                      build/stm32f4xx_hal.o
HAL_GetHalVersion                                 build/stm32f4xx_hal.o
HAL_GetREVID                                      build/stm32f4xx_hal.o
HAL_GetTick                                       build/stm32f4xx_hal.o
                                                  build/stm32f4xx_hal_uart.o
                                                  build/stm32f4xx_hal_pwr_ex.o
                                                  build/stm32f4xx_hal_dma.o
                                                  build/stm32f4xx_hal_flash.o
                                                  build/stm32f4xx_hal_rcc_ex.o
                                                  build/stm32f4xx_hal_rcc.o
HAL_GetTickFreq                                   build/stm32f4xx_hal.o
HAL_GetTickPrio                                   build/stm32f4xx_hal.o
HAL_GetUIDw0                                      build/stm32f4xx_hal.o
HAL_GetUIDw1                                      build/stm32f4xx_hal.o
HAL_GetUIDw2                                      build/stm32f4xx_hal.o
HAL_HalfDuplex_EnableReceiver                     build/stm32f4xx_hal_uart.o
HAL_HalfDuplex_EnableTransmitter                  build/stm32f4xx_hal_uart.o
HAL_HalfDuplex_Init                               build/stm32f4xx_hal_uart.o
HAL_IncTick                                       build/stm32f4xx_hal.o
                                                  build/main.o
HAL_Init                                          build/stm32f4xx_hal.o
                                                  build/main.o
HAL_InitTick                                      build/stm32f4xx_hal_timebase_tim.o
                                                  build/stm32f4xx_hal_rcc_ex.o
                                                  build/stm32f4xx_hal_rcc.o
HAL_LIN_Init                                      build/stm32f4xx_hal_uart.o
HAL_LIN_SendBreak                                 build/stm32f4xx_hal_uart.o
HAL_MPU_ConfigRegion                              build/stm32f4xx_hal_cortex.o
HAL_MPU_Disable                                   build/stm32f4xx_hal_cortex.o
HAL_MPU_Enable                                    build/stm32f4xx_hal_cortex.o
HAL_MspDeInit                                     build/stm32f4xx_hal.o
HAL_MspInit                                       build/stm32f4xx_hal_msp.o
HAL_MultiProcessor_EnterMuteMode                  build/stm32f4xx_hal_uart.o
HAL_MultiProcessor_ExitMuteMode                   build/stm32f4xx_hal_uart.o
HAL_MultiProcessor_Init                           build/stm32f4xx_hal_uart.o
HAL_NVIC_ClearPendingIRQ                          build/stm32f4xx_hal_cortex.o
HAL_NVIC_DisableIRQ                               build/stm32f4xx_hal_cortex.o
                                                  build/usart.o
HAL_NVIC_EnableIRQ                                build/stm32f4xx_hal_cortex.o
                                                  build/stm32f4xx_hal_timebase_tim.o
                                                  build/usart.o
                                                  build/dma.o
HAL_NVIC_GetActive                                build/stm32f4xx_hal_cortex.o
HAL_NVIC_GetPendingIRQ                            build/stm32f4xx_hal_cortex.o
HAL_NVIC_GetPriority                              build/stm32f4xx_hal_cortex.o
HAL_NVIC_GetPriorityGrouping                      build/stm32f4xx_hal_cortex.o
HAL_NVIC_SetPendingIRQ                            build/stm32f4xx_hal_cortex.o
HAL_NVIC_SetPriority                              build/stm32f4xx_hal_cortex.o
                                                  build/stm32f4xx_hal.o
                                                  build/stm32f4xx_hal_timebase_tim.o
                                                  build/stm32f4xx_hal_msp.o
                                                  build/usart.o
                                                  build/dma.o
HAL_NVIC_SetPriorityGrouping                      build/stm32f4xx_hal_cortex.o
                                                  build/stm32f4xx_hal.o
HAL_NVIC_SystemReset                              build/stm32f4xx_hal_cortex.o
HAL_PWREx_ControlVoltageScaling                   build/stm32f4xx_hal_pwr_ex.o
HAL_PWREx_DisableBkUpReg                          build/stm32f4xx_hal_pwr_ex.o
HAL_PWREx_DisableFlashPowerDown                   build/stm32f4xx_hal_pwr_ex.o
HAL_PWREx_EnableBkUpReg                           build/stm32f4xx_hal_pwr_ex.o
HAL_PWREx_EnableFlashPowerDown                    build/stm32f4xx_hal_pwr_ex.o
HAL_PWREx_GetVoltageRange                         build/stm32f4xx_hal_pwr_ex.o
HAL_PWR_ConfigPVD                                 build/stm32f4xx_hal_pwr.o
HAL_PWR_DeInit                                    build/stm32f4xx_hal_pwr.o
HAL_PWR_DisableBkUpAccess                         build/stm32f4xx_hal_pwr.o
HAL_PWR_DisablePVD                                build/stm32f4xx_hal_pwr.o
HAL_PWR_DisableSEVOnPend                          build/stm32f4xx_hal_pwr.o
HAL_PWR_DisableSleepOnExit                        build/stm32f4xx_hal_pwr.o
HAL_PWR_DisableWakeUpPin                          build/stm32f4xx_hal_pwr.o
HAL_PWR_EnableBkUpAccess                          build/stm32f4xx_hal_pwr.o
HAL_PWR_EnablePVD                                 build/stm32f4xx_hal_pwr.o
HAL_PWR_EnableSEVOnPend                           build/stm32f4xx_hal_pwr.o
HAL_PWR_EnableSleepOnExit                         build/stm32f4xx_hal_pwr.o
HAL_PWR_EnableWakeUpPin                           build/stm32f4xx_hal_pwr.o
HAL_PWR_EnterSLEEPMode                            build/stm32f4xx_hal_pwr.o
HAL_PWR_EnterSTANDBYMode                          build/stm32f4xx_hal_pwr.o
HAL_PWR_EnterSTOPMode                             build/stm32f4xx_hal_pwr.o
HAL_PWR_PVDCallback                               build/stm32f4xx_hal_pwr.o
HAL_PWR_PVD_IRQHandler                            build/stm32f4xx_hal_pwr.o
HAL_RCCEx_DisablePLLI2S                           build/stm32f4xx_hal_rcc_ex.o
HAL_RCCEx_EnablePLLI2S                            build/stm32f4xx_hal_rcc_ex.o
HAL_RCCEx_GetPeriphCLKConfig                      build/stm32f4xx_hal_rcc_ex.o
HAL_RCCEx_GetPeriphCLKFreq                        build/stm32f4xx_hal_rcc_ex.o
HAL_RCCEx_PeriphCLKConfig                         build/stm32f4xx_hal_rcc_ex.o
HAL_RCC_CSSCallback                               build/stm32f4xx_hal_rcc.o
HAL_RCC_ClockConfig                               build/stm32f4xx_hal_rcc.o
                                                  build/main.o
HAL_RCC_DeInit                                    build/stm32f4xx_hal_rcc_ex.o
                                                  build/stm32f4xx_hal_rcc.o
HAL_RCC_DisableCSS                                build/stm32f4xx_hal_rcc.o
HAL_RCC_EnableCSS                                 build/stm32f4xx_hal_rcc.o
HAL_RCC_GetClockConfig                            build/stm32f4xx_hal_rcc.o
                                                  build/stm32f4xx_hal_timebase_tim.o
HAL_RCC_GetHCLKFreq                               build/stm32f4xx_hal_rcc.o
HAL_RCC_GetOscConfig                              build/stm32f4xx_hal_rcc.o
HAL_RCC_GetPCLK1Freq                              build/stm32f4xx_hal_rcc.o
                                                  build/stm32f4xx_hal_uart.o
                                                  build/stm32f4xx_hal_timebase_tim.o
HAL_RCC_GetPCLK2Freq                              build/stm32f4xx_hal_rcc.o
                                                  build/stm32f4xx_hal_uart.o
HAL_RCC_GetSysClockFreq                           build/stm32f4xx_hal_rcc.o
HAL_RCC_MCOConfig                                 build/stm32f4xx_hal_rcc.o
HAL_RCC_NMI_IRQHandler                            build/stm32f4xx_hal_rcc.o
HAL_RCC_OscConfig                                 build/stm32f4xx_hal_rcc.o
                                                  build/main.o
HAL_ResumeTick                                    build/stm32f4xx_hal_timebase_tim.o
HAL_SYSTICK_CLKSourceConfig                       build/stm32f4xx_hal_cortex.o
HAL_SYSTICK_Callback                              build/stm32f4xx_hal_cortex.o
HAL_SYSTICK_Config                                build/stm32f4xx_hal_cortex.o
                                                  build/stm32f4xx_hal.o
HAL_SYSTICK_IRQHandler                            build/stm32f4xx_hal_cortex.o
HAL_SetTickFreq                                   build/stm32f4xx_hal.o
HAL_SuspendTick                                   build/stm32f4xx_hal_timebase_tim.o
HAL_TIMEx_BreakCallback                           build/stm32f4xx_hal_tim_ex.o
                                                  build/stm32f4xx_hal_tim.o
HAL_TIMEx_CommutCallback                          build/stm32f4xx_hal_tim_ex.o
                                                  build/stm32f4xx_hal_tim.o
HAL_TIMEx_CommutHalfCpltCallback                  build/stm32f4xx_hal_tim_ex.o
HAL_TIMEx_ConfigBreakDeadTime                     build/stm32f4xx_hal_tim_ex.o
HAL_TIMEx_ConfigCommutEvent                       build/stm32f4xx_hal_tim_ex.o
HAL_TIMEx_ConfigCommutEvent_DMA                   build/stm32f4xx_hal_tim_ex.o
HAL_TIMEx_ConfigCommutEvent_IT                    build/stm32f4xx_hal_tim_ex.o
HAL_TIMEx_HallSensor_DeInit                       build/stm32f4xx_hal_tim_ex.o
HAL_TIMEx_HallSensor_GetState                     build/stm32f4xx_hal_tim_ex.o
HAL_TIMEx_HallSensor_Init                         build/stm32f4xx_hal_tim_ex.o
HAL_TIMEx_HallSensor_MspDeInit                    build/stm32f4xx_hal_tim_ex.o
HAL_TIMEx_HallSensor_MspInit                      build/stm32f4xx_hal_tim_ex.o
HAL_TIMEx_HallSensor_Start                        build/stm32f4xx_hal_tim_ex.o
HAL_TIMEx_HallSensor_Start_DMA                    build/stm32f4xx_hal_tim_ex.o
HAL_TIMEx_HallSensor_Start_IT                     build/stm32f4xx_hal_tim_ex.o
HAL_TIMEx_HallSensor_Stop                         build/stm32f4xx_hal_tim_ex.o
HAL_TIMEx_HallSensor_Stop_DMA                     build/stm32f4xx_hal_tim_ex.o
HAL_TIMEx_HallSensor_Stop_IT                      build/stm32f4xx_hal_tim_ex.o
HAL_TIMEx_MasterConfigSynchronization             build/stm32f4xx_hal_tim_ex.o
HAL_TIMEx_OCN_Start                               build/stm32f4xx_hal_tim_ex.o
HAL_TIMEx_OCN_Start_DMA                           build/stm32f4xx_hal_tim_ex.o
HAL_TIMEx_OCN_Start_IT                            build/stm32f4xx_hal_tim_ex.o
HAL_TIMEx_OCN_Stop                                build/stm32f4xx_hal_tim_ex.o
HAL_TIMEx_OCN_Stop_DMA                            build/stm32f4xx_hal_tim_ex.o
HAL_TIMEx_OCN_Stop_IT                             build/stm32f4xx_hal_tim_ex.o
HAL_TIMEx_OnePulseN_Start                         build/stm32f4xx_hal_tim_ex.o
HAL_TIMEx_OnePulseN_Start_IT                      build/stm32f4xx_hal_tim_ex.o
HAL_TIMEx_OnePulseN_Stop                          build/stm32f4xx_hal_tim_ex.o
HAL_TIMEx_OnePulseN_Stop_IT                       build/stm32f4xx_hal_tim_ex.o
HAL_TIMEx_PWMN_Start                              build/stm32f4xx_hal_tim_ex.o
HAL_TIMEx_PWMN_Start_DMA                          build/stm32f4xx_hal_tim_ex.o
HAL_TIMEx_PWMN_Start_IT                           build/stm32f4xx_hal_tim_ex.o
HAL_TIMEx_PWMN_Stop                               build/stm32f4xx_hal_tim_ex.o
HAL_TIMEx_PWMN_Stop_DMA                           build/stm32f4xx_hal_tim_ex.o
HAL_TIMEx_PWMN_Stop_IT                            build/stm32f4xx_hal_tim_ex.o
HAL_TIMEx_RemapConfig                             build/stm32f4xx_hal_tim_ex.o
HAL_TIM_Base_DeInit                               build/stm32f4xx_hal_tim.o
HAL_TIM_Base_GetState                             build/stm32f4xx_hal_tim.o
HAL_TIM_Base_Init                                 build/stm32f4xx_hal_tim.o
                                                  build/stm32f4xx_hal_timebase_tim.o
HAL_TIM_Base_MspDeInit                            build/stm32f4xx_hal_tim.o
HAL_TIM_Base_MspInit                              build/stm32f4xx_hal_tim.o
HAL_TIM_Base_Start                                build/stm32f4xx_hal_tim.o
HAL_TIM_Base_Start_DMA                            build/stm32f4xx_hal_tim.o
HAL_TIM_Base_Start_IT                             build/stm32f4xx_hal_tim.o
                                                  build/stm32f4xx_hal_timebase_tim.o
HAL_TIM_Base_Stop                                 build/stm32f4xx_hal_tim.o
HAL_TIM_Base_Stop_DMA                             build/stm32f4xx_hal_tim.o
HAL_TIM_Base_Stop_IT                              build/stm32f4xx_hal_tim.o
HAL_TIM_ConfigClockSource                         build/stm32f4xx_hal_tim.o