Archive member included to satisfy reference by file (symbol)

e:/gnu tools arm embedded/9 2019-q4-major/bin/../lib/gcc/arm-none-eabi/9.2.1/../../../../arm-none-eabi/lib/thumb/v7e-m+fp/hard\libc_nano.a(lib_a-exit.o)
                              e:/gnu tools arm embedded/9 2019-q4-major/bin/../lib/gcc/arm-none-eabi/9.2.1/../../../../arm-none-eabi/lib/thumb/v7e-m+fp/hard/crt0.o (exit)
e:/gnu tools arm embedded/9 2019-q4-major/bin/../lib/gcc/arm-none-eabi/9.2.1/../../../../arm-none-eabi/lib/thumb/v7e-m+fp/hard\libc_nano.a(lib_a-impure.o)
                              e:/gnu tools arm embedded/9 2019-q4-major/bin/../lib/gcc/arm-none-eabi/9.2.1/../../../../arm-none-eabi/lib/thumb/v7e-m+fp/hard\libc_nano.a(lib_a-exit.o) (_global_impure_ptr)
e:/gnu tools arm embedded/9 2019-q4-major/bin/../lib/gcc/arm-none-eabi/9.2.1/../../../../arm-none-eabi/lib/thumb/v7e-m+fp/hard\libc_nano.a(lib_a-init.o)
                              e:/gnu tools arm embedded/9 2019-q4-major/bin/../lib/gcc/arm-none-eabi/9.2.1/../../../../arm-none-eabi/lib/thumb/v7e-m+fp/hard/crt0.o (__libc_init_array)
e:/gnu tools arm embedded/9 2019-q4-major/bin/../lib/gcc/arm-none-eabi/9.2.1/../../../../arm-none-eabi/lib/thumb/v7e-m+fp/hard\libc_nano.a(lib_a-memcpy-stub.o)
                              build/queue.o (memcpy)
e:/gnu tools arm embedded/9 2019-q4-major/bin/../lib/gcc/arm-none-eabi/9.2.1/../../../../arm-none-eabi/lib/thumb/v7e-m+fp/hard\libc_nano.a(lib_a-memset.o)
                              e:/gnu tools arm embedded/9 2019-q4-major/bin/../lib/gcc/arm-none-eabi/9.2.1/../../../../arm-none-eabi/lib/thumb/v7e-m+fp/hard/crt0.o (memset)
e:/gnu tools arm embedded/9 2019-q4-major/bin/../lib/gcc/arm-none-eabi/9.2.1/../../../../arm-none-eabi/lib/thumb/v7e-m+fp/hard\libc_nano.a(lib_a-nano-vfprintf_float.o)
                              (_printf_float)
e:/gnu tools arm embedded/9 2019-q4-major/bin/../lib/gcc/arm-none-eabi/9.2.1/../../../../arm-none-eabi/lib/thumb/v7e-m+fp/hard\libc_nano.a(lib_a-nano-vfprintf_i.o)
                              e:/gnu tools arm embedded/9 2019-q4-major/bin/../lib/gcc/arm-none-eabi/9.2.1/../../../../arm-none-eabi/lib/thumb/v7e-m+fp/hard\libc_nano.a(lib_a-nano-vfprintf_float.o) (_printf_common)
e:/gnu tools arm embedded/9 2019-q4-major/bin/../lib/gcc/arm-none-eabi/9.2.1/../../../../arm-none-eabi/lib/thumb/v7e-m+fp/hard\libc_nano.a(lib_a-printf.o)
                              build/sensors.o (printf)
e:/gnu tools arm embedded/9 2019-q4-major/bin/../lib/gcc/arm-none-eabi/9.2.1/../../../../arm-none-eabi/lib/thumb/v7e-m+fp/hard\libc_nano.a(lib_a-puts.o)
                              build/sensors.o (puts)
e:/gnu tools arm embedded/9 2019-q4-major/bin/../lib/gcc/arm-none-eabi/9.2.1/../../../../arm-none-eabi/lib/thumb/v7e-m+fp/hard\libc_nano.a(lib_a-strlen.o)
                              e:/gnu tools arm embedded/9 2019-q4-major/bin/../lib/gcc/arm-none-eabi/9.2.1/../../../../arm-none-eabi/lib/thumb/v7e-m+fp/hard\libc_nano.a(lib_a-nano-vfprintf_float.o) (strlen)
e:/gnu tools arm embedded/9 2019-q4-major/bin/../lib/gcc/arm-none-eabi/9.2.1/../../../../arm-none-eabi/lib/thumb/v7e-m+fp/hard\libc_nano.a(lib_a-wbuf.o)
                              e:/gnu tools arm embedded/9 2019-q4-major/bin/../lib/gcc/arm-none-eabi/9.2.1/../../../../arm-none-eabi/lib/thumb/v7e-m+fp/hard\libc_nano.a(lib_a-puts.o) (__swbuf_r)
e:/gnu tools arm embedded/9 2019-q4-major/bin/../lib/gcc/arm-none-eabi/9.2.1/../../../../arm-none-eabi/lib/thumb/v7e-m+fp/hard\libc_nano.a(lib_a-wsetup.o)
                              e:/gnu tools arm embedded/9 2019-q4-major/bin/../lib/gcc/arm-none-eabi/9.2.1/../../../../arm-none-eabi/lib/thumb/v7e-m+fp/hard\libc_nano.a(lib_a-puts.o) (__swsetup_r)
e:/gnu tools arm embedded/9 2019-q4-major/bin/../lib/gcc/arm-none-eabi/9.2.1/../../../../arm-none-eabi/lib/thumb/v7e-m+fp/hard\libc_nano.a(lib_a-dtoa.o)
                              e:/gnu tools arm embedded/9 2019-q4-major/bin/../lib/gcc/arm-none-eabi/9.2.1/../../../../arm-none-eabi/lib/thumb/v7e-m+fp/hard\libc_nano.a(lib_a-nano-vfprintf_float.o) (_dtoa_r)
e:/gnu tools arm embedded/9 2019-q4-major/bin/../lib/gcc/arm-none-eabi/9.2.1/../../../../arm-none-eabi/lib/thumb/v7e-m+fp/hard\libc_nano.a(lib_a-fflush.o)
                              e:/gnu tools arm embedded/9 2019-q4-major/bin/../lib/gcc/arm-none-eabi/9.2.1/../../../../arm-none-eabi/lib/thumb/v7e-m+fp/hard\libc_nano.a(lib_a-wbuf.o) (_fflush_r)
e:/gnu tools arm embedded/9 2019-q4-major/bin/../lib/gcc/arm-none-eabi/9.2.1/../../../../arm-none-eabi/lib/thumb/v7e-m+fp/hard\libc_nano.a(lib_a-findfp.o)
                              e:/gnu tools arm embedded/9 2019-q4-major/bin/../lib/gcc/arm-none-eabi/9.2.1/../../../../arm-none-eabi/lib/thumb/v7e-m+fp/hard\libc_nano.a(lib_a-printf.o) (__sinit)
e:/gnu tools arm embedded/9 2019-q4-major/bin/../lib/gcc/arm-none-eabi/9.2.1/../../../../arm-none-eabi/lib/thumb/v7e-m+fp/hard\libc_nano.a(lib_a-fwalk.o)
[...]
Memory Configuration

Name             Origin             Length             Attributes
RAM              0x20000000         0x00020000         xrw
CCMRAM           0x10000000         0x00010000         xrw
FLASH            0x08000000         0x00080000         xr
*default*        0x00000000         0xffffffff

Linker script and memory map

LOAD e:/gnu tools arm embedded/9 2019-q4-major/bin/../lib/gcc/arm-none-eabi/9.2.1/thumb/v7e-m+fp/hard/crti.o
LOAD e:/gnu tools arm embedded/9 2019-q4-major/bin/../lib/gcc/arm-none-eabi/9.2.1/thumb/v7e-m+fp/hard/crtbegin.o
LOAD e:/gnu tools arm embedded/9 2019-q4-major/bin/../lib/gcc/arm-none-eabi/9.2.1/../../../../arm-none-eabi/lib/thumb/v7e-m+fp/hard/crt0.o
LOAD build/usart2.o
LOAD build/motor.o
LOAD build/mavlink_task.o
LOAD build/utils.o
LOAD build/mpu6050.o
LOAD build/ms5611.o
LOAD build/hmc5883l.o
LOAD build/sensors.o
LOAD build/i2c1.o
LOAD build/dmp.o
LOAD build/system_task.o
LOAD build/main.o
LOAD build/gpio.o
LOAD build/dma.o
LOAD build/freertos.o
LOAD build/i2c.o
LOAD build/tim.o
LOAD build/usart.o
LOAD build/stm32f4xx_it.o
LOAD build/stm32f4xx_hal_msp.o
LOAD build/stm32f4xx_hal_timebase_tim.o
LOAD build/stm32f4xx_hal_rcc.o
LOAD build/stm32f4xx_hal_rcc_ex.o
LOAD build/stm32f4xx_hal_flash.o
LOAD build/stm32f4xx_hal_flash_ex.o
LOAD build/stm32f4xx_hal_flash_ramfunc.o
LOAD build/stm32f4xx_hal_gpio.o
LOAD build/stm32f4xx_hal_dma_ex.o
LOAD build/stm32f4xx_hal_dma.o
LOAD build/stm32f4xx_hal_pwr.o
LOAD build/stm32f4xx_hal_pwr_ex.o
LOAD build/stm32f4xx_hal_cortex.o
LOAD build/stm32f4xx_hal.o
LOAD build/stm32f4xx_hal_exti.o
LOAD build/stm32f4xx_hal_i2c.o
LOAD build/stm32f4xx_hal_i2c_ex.o
LOAD build/stm32f4xx_hal_tim.o
LOAD build/stm32f4xx_hal_tim_ex.o
LOAD build/stm32f4xx_hal_uart.o
LOAD build/system_stm32f4xx.o
LOAD build/croutine.o
LOAD build/event_groups.o
LOAD build/list.o
LOAD build/queue.o
LOAD build/stream_buffer.o
LOAD build/tasks.o
LOAD build/timers.o
LOAD build/cmsis_os.o
LOAD build/heap_4.o
LOAD build/port.o
LOAD build/startup_stm32f407xx.o
LOAD e:/gnu tools arm embedded/9 2019-q4-major/bin/../lib/gcc/arm-none-eabi/9.2.1/../../../../arm-none-eabi/lib/thumb/v7e-m+fp/hard\libc_nano.a
LOAD e:/gnu tools arm embedded/9 2019-q4-major/bin/../lib/gcc/arm-none-eabi/9.2.1/../../../../arm-none-eabi/lib/thumb/v7e-m+fp/hard\libm.a
LOAD e:/gnu tools arm embedded/9 2019-q4-major/bin/../lib/gcc/arm-none-eabi/9.2.1/../../../../arm-none-eabi/lib/thumb/v7e-m+fp/hard\libnosys.a
START GROUP
LOAD e:/gnu tools arm embedded/9 2019-q4-major/bin/../lib/gcc/arm-none-eabi/9.2.1/thumb/v7e-m+fp/hard\libgcc.a
LOAD e:/gnu tools arm embedded/9 2019-q4-major/bin/../lib/gcc/arm-none-eabi/9.2.1/../../../../arm-none-eabi/lib/thumb/v7e-m+fp/hard\libc_nano.a
END GROUP
START GROUP
LOAD e:/gnu tools arm embedded/9 2019-q4-major/bin/../lib/gcc/arm-none-eabi/9.2.1/thumb/v7e-m+fp/hard\libgcc.a
LOAD e:/gnu tools arm embedded/9 2019-q4-major/bin/../lib/gcc/arm-none-eabi/9.2.1/../../../../arm-none-eabi/lib/thumb/v7e-m+fp/hard\libc_nano.a
END GROUP
LOAD e:/gnu tools arm embedded/9 2019-q4-major/bin/../lib/gcc/arm-none-eabi/9.2.1/thumb/v7e-m+fp/hard/crtend.o
LOAD e:/gnu tools arm embedded/9 2019-q4-major/bin/../lib/gcc/arm-none-eabi/9.2.1/thumb/v7e-m+fp/hard/crtn.o
                0x20020000                _estack = 0x20020000
                0x00000200                _Min_Heap_Size = 0x200
                0x00000400                _Min_Stack_Size = 0x400

.isr_vector     0x08000000      0x188
                0x08000000                . = ALIGN (0x4)
 *(.isr_vector)
 .isr_vector    0x08000000      0x188 build/startup_stm32f407xx.o
                0x08000000                g_pfnVectors
                0x08000188                . = ALIGN (0x4)

.text           0x08000190     0x91e0
                0x08000190                . = ALIGN (0x4)
 *(.text)
 .text          0x08000190       0x40 e:/gnu tools arm embedded/9 2019-q4-major/bin/../lib/gcc/arm-none-eabi/9.2.1/thumb/v7e-m+fp/hard/crtbegin.o
 .text          0x080001d0       0x10 e:/gnu tools arm embedded/9 2019-q4-major/bin/../lib/gcc/arm-none-eabi/9.2.1/../../../../arm-none-eabi/lib/thumb/v7e-m+fp/hard\libc_nano.a(lib_a-strlen.o)
                0x080001d0                strlen
 .text          0x080001e0       0xa0 e:/gnu tools arm embedded/9 2019-q4-major/bin/../lib/gcc/arm-none-eabi/9.2.1/../../../../arm-none-eabi/lib/thumb/v7e-m+fp/hard\libc_nano.a(lib_a-memchr.o)
                0x080001e0                memchr
 .text          0x08000280      0x378 e:/gnu tools arm embedded/9 2019-q4-major/bin/../lib/gcc/arm-none-eabi/9.2.1/thumb/v7e-m+fp/hard\libgcc.a(_arm_addsubdf3.o)
                0x08000280                __aeabi_drsub
                0x08000288                __aeabi_dsub
                0x08000288                __subdf3
                0x0800028c                __aeabi_dadd
                0x0800028c                __adddf3
                0x08000504                __floatunsidf
                0x08000504                __aeabi_ui2d
                0x08000524                __floatsidf
                0x08000524                __aeabi_i2d
                0x08000548                __aeabi_f2d
                0x08000548                __extendsfdf2
                0x0800058c                __floatundidf
                0x0800058c                __aeabi_ul2d
                0x0800059c                __floatdidf
                0x0800059c                __aeabi_l2d
 .text          0x080005f8      0x424 e:/gnu tools arm embedded/9 2019-q4-major/bin/../lib/gcc/arm-none-eabi/9.2.1/thumb/v7e-m+fp/hard\libgcc.a(_arm_muldivdf3.o)
                0x080005f8                __aeabi_dmul
                0x080005f8                __muldf3
                0x0800084c                __divdf3
                0x0800084c                __aeabi_ddiv
 .text          0x08000a1c      0x110 e:/gnu tools arm embedded/9 2019-q4-major/bin/../lib/gcc/arm-none-eabi/9.2.1/thumb/v7e-m+fp/hard\libgcc.a(_arm_cmpdf2.o)
                0x08000a1c                __gtdf2
                0x08000a1c                __gedf2
                0x08000a24                __ltdf2
                0x08000a24                __ledf2
                0x08000a2c                __nedf2
                0x08000a2c                __eqdf2
                0x08000a2c                __cmpdf2
                0x08000aa8                __aeabi_cdrcmple
                0x08000ab8                __aeabi_cdcmpeq
                0x08000ab8                __aeabi_cdcmple
                0x08000ac8                __aeabi_dcmpeq
                0x08000adc                __aeabi_dcmplt
                0x08000af0                __aeabi_dcmple
                0x08000b04                __aeabi_dcmpge
                0x08000b18                __aeabi_dcmpgt
 .text          0x08000b2c       0x2c e:/gnu tools arm embedded/9 2019-q4-major/bin/../lib/gcc/arm-none-eabi/9.2.1/thumb/v7e-m+fp/hard\libgcc.a(_arm_unorddf2.o)
                0x08000b2c                __unorddf2
                0x08000b2c                __aeabi_dcmpun
 .text          0x08000b58       0x50 e:/gnu tools arm embedded/9 2019-q4-major/bin/../lib/gcc/arm-none-eabi/9.2.1/thumb/v7e-m+fp/hard\libgcc.a(_arm_fixdfsi.o)
                0x08000b58                __aeabi_d2iz
                0x08000b58                __fixdfsi
 .text          0x08000ba8       0x30 e:/gnu tools arm embedded/9 2019-q4-major/bin/../lib/gcc/arm-none-eabi/9.2.1/thumb/v7e-m+fp/hard\libgcc.a(_aeabi_uldivmod.o)
                0x08000ba8                __aeabi_uldivmod
 .text          0x08000bd8      0x2c4 e:/gnu tools arm embedded/9 2019-q4-major/bin/../lib/gcc/arm-none-eabi/9.2.1/thumb/v7e-m+fp/hard\libgcc.a(_udivmoddi4.o)
                0x08000bd8                __udivmoddi4
 .text          0x08000e9c        0x4 e:/gnu tools arm embedded/9 2019-q4-major/bin/../lib/gcc/arm-none-eabi/9.2.1/thumb/v7e-m+fp/hard\libgcc.a(_dvmd_tls.o)
                0x08000e9c                __aeabi_idiv0
                0x08000e9c                __aeabi_ldiv0
 *(.text*)
 .text.UartRxCheck
                0x08000ea0       0xa4 build/usart2.o
 .text.USART2_IRQHandler
                0x08000f44       0x34 build/usart2.o
                0x08000f44                USART2_IRQHandler
 .text.DMA1_Stream5_IRQHandler
                0x08000f78       0x10 build/usart2.o
                0x08000f78                DMA1_Stream5_IRQHandler
 .text.DMA1_Stream6_IRQHandler
                0x08000f88       0x10 build/usart2.o
                0x08000f88                DMA1_Stream6_IRQHandler
 .text.HAL_UART_RxCpltCallback
                0x08000f98       0x18 build/usart2.o
                0x08000f98                HAL_UART_RxCpltCallback
 .text.__io_putchar
                0x08000fb0       0x20 build/utils.o
                0x08000fb0                __io_putchar
 .text._write   0x08000fd0       0x1c build/utils.o
                0x08000fd0                _write
 .text.MPU6050Init
                0x08000fec      0x110 build/mpu6050.o
                0x08000fec                MPU6050Init
 .text.MS5611Init
                0x080010fc       0xe4 build/ms5611.o
                0x080010fc                MS5611Init
 .text.HMC5883LInit
                0x080011e0       0x60 build/hmc5883l.o
                0x080011e0                HMC5883LInit
 .text.SensorsInit
                0x08001240       0x68 build/sensors.o
                0x08001240                SensorsInit
 .text.I2C1MenRead
                0x080012a8       0x50 build/i2c1.o
                0x080012a8                I2C1MenRead
 .text.I2C1MenWrite
                0x080012f8       0x50 build/i2c1.o
                0x080012f8                I2C1MenWrite
 .text.I2C1Write
                0x08001348       0x40 build/i2c1.o
                0x08001348                I2C1Write
 .text.HAL_I2C_MemRxCpltCallback
                0x08001388       0x34 build/i2c1.o
                0x08001388                HAL_I2C_MemRxCpltCallback
 .text.HAL_I2C_MemTxCpltCallback
                0x080013bc       0x34 build/i2c1.o
                0x080013bc                HAL_I2C_MemTxCpltCallback
 .text.HAL_I2C_MasterTxCpltCallback
                0x080013f0       0x34 build/i2c1.o
                0x080013f0                HAL_I2C_MasterTxCpltCallback
 .text.HAL_I2C_MasterRxCpltCallback
                0x08001424       0x34 build/i2c1.o
                0x08001424                HAL_I2C_MasterRxCpltCallback
 .text.SystemLaunch
                0x08001458       0x34 build/system_task.o
                0x08001458                SystemLaunch
 .text.SystemInitiate
                0x0800148c       0x24 build/system_task.o
                0x0800148c                SystemInitiate
 .text.SystemTask
                0x080014b0        0x8 build/system_task.o
 .text.SystemClock_Config
                0x080014b8       0x94 build/main.o
                0x080014b8                SystemClock_Config
 .text.main     0x0800154c       0x30 build/main.o
                0x0800154c                main
 .text.HAL_TIM_PeriodElapsedCallback
                0x0800157c       0x18 build/main.o
                0x0800157c                HAL_TIM_PeriodElapsedCallback
 .text.Error_Handler
                0x08001594        0x2 build/main.o
                0x08001594                Error_Handler
 *fill*         0x08001596        0x2 
 .text.MX_GPIO_Init
                0x08001598       0xa8 build/gpio.o
                0x08001598                MX_GPIO_Init
 .text.MX_DMA_Init
                0x08001640       0x98 build/dma.o
                0x08001640                MX_DMA_Init
 .text.StartDefaultTask
                0x080016d8        0xa build/freertos.o
                0x080016d8                StartDefaultTask
 *fill*         0x080016e2        0x2 
 .text.vApplicationGetIdleTaskMemory
                0x080016e4       0x18 build/freertos.o
                0x080016e4                vApplicationGetIdleTaskMemory
 .text.MX_FREERTOS_Init
                0x080016fc       0x2c build/freertos.o
                0x080016fc                MX_FREERTOS_Init
 .text.MX_I2C1_Init
                0x08001728       0x3c build/i2c.o
                0x08001728                MX_I2C1_Init
 .text.HAL_I2C_MspInit
                0x08001764      0x114 build/i2c.o
                0x08001764                HAL_I2C_MspInit
 .text.HAL_TIM_Base_MspInit
                0x08001878       0x30 build/tim.o
                0x08001878                HAL_TIM_Base_MspInit
 .text.HAL_TIM_MspPostInit
                0x080018a8       0x5c build/tim.o
                0x080018a8                HAL_TIM_MspPostInit
 .text.MX_TIM4_Init
                0x08001904       0xe8 build/tim.o
                0x08001904                MX_TIM4_Init
 .text.MX_USART1_UART_Init
                0x080019ec       0x34 build/usart.o
                0x080019ec                MX_USART1_UART_Init
 .text.MX_USART2_UART_Init
                0x08001a20       0x34 build/usart.o
                0x08001a20                MX_USART2_UART_Init
 .text.HAL_UART_MspInit
                0x08001a54      0x1e4 build/usart.o
                0x08001a54                HAL_UART_MspInit
 .text.NMI_Handler
                0x08001c38        0x2 build/stm32f4xx_it.o
                0x08001c38                NMI_Handler
 .text.HardFault_Handler
                0x08001c3a        0x2 build/stm32f4xx_it.o
                0x08001c3a                HardFault_Handler
 .text.MemManage_Handler
                0x08001c3c        0x2 build/stm32f4xx_it.o
                0x08001c3c                MemManage_Handler
 .text.BusFault_Handler
                0x08001c3e        0x2 build/stm32f4xx_it.o
                0x08001c3e                BusFault_Handler
 .text.UsageFault_Handler
                0x08001c40        0x2 build/stm32f4xx_it.o
                0x08001c40                UsageFault_Handler
 .text.DebugMon_Handler
                0x08001c42        0x2 build/stm32f4xx_it.o
                0x08001c42                DebugMon_Handler
 .text.DMA1_Stream0_IRQHandler
                0x08001c44       0x10 build/stm32f4xx_it.o
                0x08001c44                DMA1_Stream0_IRQHandler
 .text.I2C1_EV_IRQHandler
                0x08001c54       0x10 build/stm32f4xx_it.o
                0x08001c54                I2C1_EV_IRQHandler
 .text.I2C1_ER_IRQHandler
                0x08001c64       0x10 build/stm32f4xx_it.o
                0x08001c64                I2C1_ER_IRQHandler
 .text.USART1_IRQHandler
                0x08001c74       0x10 build/stm32f4xx_it.o
                0x08001c74                USART1_IRQHandler
 .text.DMA1_Stream7_IRQHandler
                0x08001c84       0x10 build/stm32f4xx_it.o
                0x08001c84                DMA1_Stream7_IRQHandler
 .text.TIM7_IRQHandler
                0x08001c94       0x10 build/stm32f4xx_it.o
                0x08001c94                TIM7_IRQHandler
 .text.DMA2_Stream2_IRQHandler
                0x08001ca4       0x10 build/stm32f4xx_it.o
                0x08001ca4                DMA2_Stream2_IRQHandler
 .text.DMA2_Stream7_IRQHandler
                0x08001cb4       0x10 build/stm32f4xx_it.o
                0x08001cb4                DMA2_Stream7_IRQHandler
 .text.HAL_MspInit
                0x08001cc4       0x44 build/stm32f4xx_hal_msp.o
                0x08001cc4                HAL_MspInit
 .text.HAL_InitTick
                0x08001d08       0x7c build/stm32f4xx_hal_timebase_tim.o
                0x08001d08                HAL_InitTick
 .text.HAL_RCC_OscConfig
                0x08001d84      0x3f8 build/stm32f4xx_hal_rcc.o
                0x08001d84                HAL_RCC_OscConfig
 .text.HAL_RCC_GetSysClockFreq
                0x0800217c       0xcc build/stm32f4xx_hal_rcc.o
                0x0800217c                HAL_RCC_GetSysClockFreq
 .text.HAL_RCC_ClockConfig
                0x08002248      0x160 build/stm32f4xx_hal_rcc.o
                0x08002248                HAL_RCC_ClockConfig
 .text.HAL_RCC_GetHCLKFreq
                0x080023a8        0xc build/stm32f4xx_hal_rcc.o
                0x080023a8                HAL_RCC_GetHCLKFreq
 .text.HAL_RCC_GetPCLK1Freq
                0x080023b4       0x20 build/stm32f4xx_hal_rcc.o
                0x080023b4                HAL_RCC_GetPCLK1Freq
 .text.HAL_RCC_GetPCLK2Freq
                0x080023d4       0x20 build/stm32f4xx_hal_rcc.o
                0x080023d4                HAL_RCC_GetPCLK2Freq
 .text.HAL_RCC_GetClockConfig
                0x080023f4       0x3c build/stm32f4xx_hal_rcc.o
                0x080023f4                HAL_RCC_GetClockConfig
 .text.HAL_GPIO_Init
                0x08002430      0x1d4 build/stm32f4xx_hal_gpio.o
                0x08002430                HAL_GPIO_Init
 .text.HAL_GPIO_WritePin
                0x08002604        0xc build/stm32f4xx_hal_gpio.o
                0x08002604                HAL_GPIO_WritePin
 .text.DMA_SetConfig
                0x08002610       0x2c build/stm32f4xx_hal_dma.o
 .text.DMA_CalcBaseAndBitshift
                0x0800263c       0x44 build/stm32f4xx_hal_dma.o
 .text.DMA_CheckFifoParam
                0x08002680       0x8e build/stm32f4xx_hal_dma.o
 *fill*         0x0800270e        0x2 
 .text.HAL_DMA_Init
                0x08002710       0xcc build/stm32f4xx_hal_dma.o
                0x08002710                HAL_DMA_Init
 .text.HAL_DMA_Start_IT
                0x080027dc       0x6a build/stm32f4xx_hal_dma.o
                0x080027dc                HAL_DMA_Start_IT
 .text.HAL_DMA_Abort
                0x08002846       0x94 build/stm32f4xx_hal_dma.o
                0x08002846                HAL_DMA_Abort
 .text.HAL_DMA_Abort_IT
                0x080028da       0x26 build/stm32f4xx_hal_dma.o
                0x080028da                HAL_DMA_Abort_IT
 .text.HAL_DMA_IRQHandler
                0x08002900      0x1dc build/stm32f4xx_hal_dma.o
                0x08002900                HAL_DMA_IRQHandler
 .text.HAL_DMA_GetState
                0x08002adc        0x6 build/stm32f4xx_hal_dma.o
                0x08002adc                HAL_DMA_GetState
 .text.HAL_DMA_GetError
                0x08002ae2        0x4 build/stm32f4xx_hal_dma.o
                0x08002ae2                HAL_DMA_GetError
 *fill*         0x08002ae6        0x2 
 .text.HAL_NVIC_SetPriorityGrouping
                0x08002ae8       0x24 build/stm32f4xx_hal_cortex.o
                0x08002ae8                HAL_NVIC_SetPriorityGrouping
 .text.HAL_NVIC_SetPriority
                0x08002b0c       0x68 build/stm32f4xx_hal_cortex.o
                0x08002b0c                HAL_NVIC_SetPriority
 .text.HAL_NVIC_EnableIRQ
                0x08002b74       0x1c build/stm32f4xx_hal_cortex.o
                0x08002b74                HAL_NVIC_EnableIRQ
 .text.HAL_Init
                0x08002b90       0x34 build/stm32f4xx_hal.o
                0x08002b90                HAL_Init
 .text.HAL_IncTick
                0x08002bc4       0x18 build/stm32f4xx_hal.o
                0x08002bc4                HAL_IncTick
 .text.HAL_GetTick
                0x08002bdc        0xc build/stm32f4xx_hal.o
                0x08002bdc                HAL_GetTick
 .text.I2C_Master_SB
                0x08002be8       0xa8 build/stm32f4xx_hal_i2c.o
 .text.I2C_Master_ADD10
                0x08002c90       0x2a build/stm32f4xx_hal_i2c.o
 .text.I2C_Master_ADDR
                0x08002cba      0x206 build/stm32f4xx_hal_i2c.o
 .text.I2C_SlaveTransmit_BTF
                0x08002ec0       0x20 build/stm32f4xx_hal_i2c.o
 .text.I2C_SlaveReceive_BTF
                0x08002ee0       0x20 build/stm32f4xx_hal_i2c.o
 .text.I2C_WaitOnSTOPRequestThroughIT
                0x08002f00       0x48 build/stm32f4xx_hal_i2c.o
 .text.I2C_IsAcknowledgeFailed
                0x08002f48       0x32 build/stm32f4xx_hal_i2c.o
 .text.I2C_ConvertOtherXferOptions
                0x08002f7a       0x1e build/stm32f4xx_hal_i2c.o
 .text.I2C_WaitOnFlagUntilTimeout
                0x08002f98       0x74 build/stm32f4xx_hal_i2c.o
 .text.I2C_WaitOnMasterAddressFlagUntilTimeout
                0x0800300c       0xaa build/stm32f4xx_hal_i2c.o
 .text.I2C_WaitOnTXEFlagUntilTimeout
                0x080030b6       0x54 build/stm32f4xx_hal_i2c.o
 *fill*         0x0800310a        0x2 
 .text.I2C_RequestMemoryWrite
                0x0800310c       0xd8 build/stm32f4xx_hal_i2c.o
 .text.I2C_RequestMemoryRead
                0x080031e4      0x154 build/stm32f4xx_hal_i2c.o
 .text.HAL_I2C_Init
                0x08003338      0x1bc build/stm32f4xx_hal_i2c.o
                0x08003338                HAL_I2C_Init
 .text.HAL_I2C_Master_Transmit_DMA
                0x080034f4      0x190 build/stm32f4xx_hal_i2c.o
                0x080034f4                HAL_I2C_Master_Transmit_DMA
 .text.HAL_I2C_Mem_Write_DMA
                0x08003684      0x1d0 build/stm32f4xx_hal_i2c.o
                0x08003684                HAL_I2C_Mem_Write_DMA
 .text.HAL_I2C_Mem_Read_DMA
                0x08003854      0x210 build/stm32f4xx_hal_i2c.o
                0x08003854                HAL_I2C_Mem_Read_DMA
 .text.HAL_I2C_IsDeviceReady
                0x08003a64      0x194 build/stm32f4xx_hal_i2c.o
                0x08003a64                HAL_I2C_IsDeviceReady
 .text.I2C_MasterTransmit_BTF
                0x08003bf8       0x86 build/stm32f4xx_hal_i2c.o
 .text.HAL_I2C_SlaveTxCpltCallback
                0x08003c7e        0x2 build/stm32f4xx_hal_i2c.o
                0x08003c7e                HAL_I2C_SlaveTxCpltCallback
 .text.I2C_SlaveTransmit_TXE
                0x08003c80       0x4c build/stm32f4xx_hal_i2c.o
 .text.HAL_I2C_SlaveRxCpltCallback
                0x08003ccc        0x2 build/stm32f4xx_hal_i2c.o
                0x08003ccc                HAL_I2C_SlaveRxCpltCallback
 .text.I2C_SlaveReceive_RXNE
                0x08003cce       0x4c build/stm32f4xx_hal_i2c.o
 .text.HAL_I2C_AddrCallback
                0x08003d1a        0x2 build/stm32f4xx_hal_i2c.o
                0x08003d1a                HAL_I2C_AddrCallback
 .text.I2C_Slave_ADDR
                0x08003d1c       0x4e build/stm32f4xx_hal_i2c.o
 .text.HAL_I2C_ListenCpltCallback
                0x08003d6a        0x2 build/stm32f4xx_hal_i2c.o
                0x08003d6a                HAL_I2C_ListenCpltCallback
 .text.I2C_Slave_AF
                0x08003d6c       0x94 build/stm32f4xx_hal_i2c.o
 .text.I2C_MemoryTransmit_TXE_BTF
                0x08003e00       0xb8 build/stm32f4xx_hal_i2c.o
 .text.I2C_MasterTransmit_TXE
                0x08003eb8       0xd0 build/stm32f4xx_hal_i2c.o
 .text.I2C_MasterReceive_BTF
                0x08003f88      0x128 build/stm32f4xx_hal_i2c.o
 .text.HAL_I2C_ErrorCallback
                0x080040b0        0x2 build/stm32f4xx_hal_i2c.o
                0x080040b0                HAL_I2C_ErrorCallback
 .text.I2C_DMAError
                0x080040b2       0x46 build/stm32f4xx_hal_i2c.o
 .text.I2C_DMAXferCplt
                0x080040f8      0x122 build/stm32f4xx_hal_i2c.o
 .text.I2C_MasterReceive_RXNE
                0x0800421a       0xec build/stm32f4xx_hal_i2c.o
 .text.HAL_I2C_AbortCpltCallback
                0x08004306        0x2 build/stm32f4xx_hal_i2c.o
                0x08004306                HAL_I2C_AbortCpltCallback
 .text.I2C_DMAAbort
                0x08004308       0xe4 build/stm32f4xx_hal_i2c.o
 .text.I2C_ITError
                0x080043ec      0x178 build/stm32f4xx_hal_i2c.o
 .text.I2C_Slave_STOPF
                0x08004564      0x18c build/stm32f4xx_hal_i2c.o
 .text.HAL_I2C_EV_IRQHandler
                0x080046f0      0x19a build/stm32f4xx_hal_i2c.o
                0x080046f0                HAL_I2C_EV_IRQHandler
 .text.HAL_I2C_ER_IRQHandler
                0x0800488a       0xc4 build/stm32f4xx_hal_i2c.o
                0x0800488a                HAL_I2C_ER_IRQHandler
 *fill*         0x0800494e        0x2 
 .text.TIM_OC1_SetConfig
                0x08004950       0x68 build/stm32f4xx_hal_tim.o
 .text.TIM_OC3_SetConfig
                0x080049b8       0x70 build/stm32f4xx_hal_tim.o
 .text.TIM_OC4_SetConfig
                0x08004a28       0x50 build/stm32f4xx_hal_tim.o
 .text.TIM_TI1_ConfigInputStage
                0x08004a78       0x24 build/stm32f4xx_hal_tim.o
 .text.TIM_TI2_ConfigInputStage
                0x08004a9c       0x26 build/stm32f4xx_hal_tim.o
 .text.TIM_ITRx_SetConfig
                0x08004ac2       0x10 build/stm32f4xx_hal_tim.o
 *fill*         0x08004ad2        0x2 
 .text.HAL_TIM_Base_Start_IT
                0x08004ad4       0x88 build/stm32f4xx_hal_tim.o
                0x08004ad4                HAL_TIM_Base_Start_IT
 .text.HAL_TIM_PWM_MspInit
                0x08004b5c        0x2 build/stm32f4xx_hal_tim.o
                0x08004b5c                HAL_TIM_PWM_MspInit
 .text.HAL_TIM_OC_DelayElapsedCallback
                0x08004b5e        0x2 build/stm32f4xx_hal_tim.o
                0x08004b5e                HAL_TIM_OC_DelayElapsedCallback
 .text.HAL_TIM_IC_CaptureCallback
                0x08004b60        0x2 build/stm32f4xx_hal_tim.o
                0x08004b60                HAL_TIM_IC_CaptureCallback
 .text.HAL_TIM_PWM_PulseFinishedCallback
                0x08004b62        0x2 build/stm32f4xx_hal_tim.o
                0x08004b62                HAL_TIM_PWM_PulseFinishedCallback
 .text.HAL_TIM_TriggerCallback
                0x08004b64        0x2 build/stm32f4xx_hal_tim.o
                0x08004b64                HAL_TIM_TriggerCallback
 .text.HAL_TIM_IRQHandler
                0x08004b66      0x17a build/stm32f4xx_hal_tim.o
                0x08004b66                HAL_TIM_IRQHandler
 .text.TIM_Base_SetConfig
                0x08004ce0       0xc8 build/stm32f4xx_hal_tim.o
                0x08004ce0                TIM_Base_SetConfig
 .text.HAL_TIM_Base_Init
                0x08004da8       0x58 build/stm32f4xx_hal_tim.o
                0x08004da8                HAL_TIM_Base_Init
 .text.HAL_TIM_PWM_Init
                0x08004e00       0x58 build/stm32f4xx_hal_tim.o
                0x08004e00                HAL_TIM_PWM_Init
 .text.TIM_OC2_SetConfig
                0x08004e58       0x70 build/stm32f4xx_hal_tim.o
                0x08004e58                TIM_OC2_SetConfig
 .text.HAL_TIM_PWM_ConfigChannel
                0x08004ec8       0xd0 build/stm32f4xx_hal_tim.o
                0x08004ec8                HAL_TIM_PWM_ConfigChannel
 .text.TIM_ETR_SetConfig
                0x08004f98       0x18 build/stm32f4xx_hal_tim.o
                0x08004f98                TIM_ETR_SetConfig
 .text.HAL_TIM_ConfigClockSource
                0x08004fb0       0xda build/stm32f4xx_hal_tim.o
                0x08004fb0                HAL_TIM_ConfigClockSource
 *fill*         0x0800508a        0x2 
 .text.HAL_TIMEx_MasterConfigSynchronization
                0x0800508c       0x88 build/stm32f4xx_hal_tim_ex.o
                0x0800508c                HAL_TIMEx_MasterConfigSynchronization
 .text.HAL_TIMEx_CommutCallback
                0x08005114        0x2 build/stm32f4xx_hal_tim_ex.o
                0x08005114                HAL_TIMEx_CommutCallback
 .text.HAL_TIMEx_BreakCallback
                0x08005116        0x2 build/stm32f4xx_hal_tim_ex.o
                0x08005116                HAL_TIMEx_BreakCallback
 .text.UART_EndRxTransfer
                0x08005118       0x32 build/stm32f4xx_hal_uart.o
 .text.UART_Transmit_IT
                0x0800514a       0x60 build/stm32f4xx_hal_uart.o
 *fill*         0x080051aa        0x2 
 .text.UART_SetConfig
                0x080051ac      0x11c build/stm32f4xx_hal_uart.o
 .text.UART_WaitOnFlagUntilTimeout
                0x080052c8       0x68 build/stm32f4xx_hal_uart.o
 .text.HAL_UART_Init
                0x08005330       0x5e build/stm32f4xx_hal_uart.o
                0x08005330                HAL_UART_Init
 .text.HAL_UART_Transmit
                0x0800538e       0xd8 build/stm32f4xx_hal_uart.o
                0x0800538e                HAL_UART_Transmit
 .text.HAL_UART_TxCpltCallback
                0x08005466        0x2 build/stm32f4xx_hal_uart.o
                0x08005466                HAL_UART_TxCpltCallback
 .text.UART_EndTransmit_IT
                0x08005468       0x1a build/stm32f4xx_hal_uart.o
 .text.HAL_UART_ErrorCallback
                0x08005482        0x2 build/stm32f4xx_hal_uart.o
                0x08005482                HAL_UART_ErrorCallback
 .text.UART_DMAAbortOnError
                0x08005484       0x10 build/stm32f4xx_hal_uart.o
 .text.HAL_UARTEx_RxEventCallback
                0x08005494        0x2 build/stm32f4xx_hal_uart.o
                0x08005494                HAL_UARTEx_RxEventCallback
 .text.UART_Receive_IT
                0x08005496       0xba build/stm32f4xx_hal_uart.o
 .text.HAL_UART_IRQHandler
                0x08005550      0x208 build/stm32f4xx_hal_uart.o
                0x08005550                HAL_UART_IRQHandler
 .text.SystemInit
                0x08005758       0x1c build/system_stm32f4xx.o
                0x08005758                SystemInit
 .text.vListInitialise
                0x08005774       0x16 build/list.o
                0x08005774                vListInitialise
 .text.vListInitialiseItem
                0x0800578a        0x6 build/list.o
                0x0800578a                vListInitialiseItem
 .text.vListInsertEnd
                0x08005790       0x16 build/list.o
                0x08005790                vListInsertEnd
 .text.vListInsert
                0x080057a6       0x32 build/list.o
                0x080057a6                vListInsert
 .text.uxListRemove
                0x080057d8       0x26 build/list.o
                0x080057d8                uxListRemove
 .text.prvCopyDataToQueue
                0x080057fe       0x76 build/queue.o
 .text.xQueueGenericSendFromISR
                0x08005874       0xd0 build/queue.o
                0x08005874                xQueueGenericSendFromISR
 .text.prvResetNextTaskUnblockTime
                0x08005944       0x2c build/tasks.o
 .text.prvInitialiseNewTask
                0x08005970       0x8e build/tasks.o
 *fill*         0x080059fe        0x2 
 .text.prvInitialiseTaskLists
                0x08005a00       0x68 build/tasks.o
 .text.prvAddNewTaskToReadyList
                0x08005a68       0xa8 build/tasks.o
 .text.prvDeleteTCB
                0x08005b10       0x38 build/tasks.o
 .text.prvCheckTasksWaitingTermination
                0x08005b48       0x4c build/tasks.o
 .text.prvIdleTask
                0x08005b94       0x28 build/tasks.o
 .text.prvAddCurrentTaskToDelayedList
                0x08005bbc       0x98 build/tasks.o
 .text.xTaskCreateStatic
                0x08005c54       0x74 build/tasks.o
                0x08005c54                xTaskCreateStatic
 .text.xTaskCreate
                0x08005cc8       0x68 build/tasks.o
                0x08005cc8                xTaskCreate
 .text.vTaskStartScheduler
                0x08005d30       0x6c build/tasks.o
                0x08005d30                vTaskStartScheduler
 .text.vTaskSuspendAll
                0x08005d9c       0x10 build/tasks.o
                0x08005d9c                vTaskSuspendAll
 .text.xTaskIncrementTick
                0x08005dac      0x118 build/tasks.o
                0x08005dac                xTaskIncrementTick
 .text.xTaskResumeAll
                0x08005ec4       0xf8 build/tasks.o
                0x08005ec4                xTaskResumeAll
 .text.vTaskDelay
                0x08005fbc       0x4c build/tasks.o
                0x08005fbc                vTaskDelay
 .text.vTaskSwitchContext
                0x08006008       0x98 build/tasks.o
                0x08006008                vTaskSwitchContext
 .text.xTaskRemoveFromEventList
                0x080060a0       0x8c build/tasks.o
                0x080060a0                xTaskRemoveFromEventList
 .text.xTaskGetCurrentTaskHandle
                0x0800612c        0xc build/tasks.o
                0x0800612c                xTaskGetCurrentTaskHandle
 .text.xTaskPriorityDisinherit
                0x08006138       0xb4 build/tasks.o
                0x08006138                xTaskPriorityDisinherit
 .text.ulTaskNotifyTake
                0x080061ec       0x78 build/tasks.o
                0x080061ec                ulTaskNotifyTake
 .text.vTaskNotifyGiveFromISR
                0x08006264       0xd0 build/tasks.o
                0x08006264                vTaskNotifyGiveFromISR
 .text.makeFreeRtosPriority
                0x08006334        0xc build/cmsis_os.o
 .text.osKernelStart
                0x08006340        0xa build/cmsis_os.o
                0x08006340                osKernelStart
 .text.osThreadCreate
                0x0800634a       0x6a build/cmsis_os.o
                0x0800634a                osThreadCreate
 .text.osDelay  0x080063b4        0xe build/cmsis_os.o
                0x080063b4                osDelay
 *fill*         0x080063c2        0x2 
 .text.prvHeapInit
                0x080063c4       0x64 build/heap_4.o
 .text.prvInsertBlockIntoFreeList
                0x08006428       0x58 build/heap_4.o
 .text.pvPortMalloc
                0x08006480       0xfc build/heap_4.o
                0x08006480                pvPortMalloc
 .text.vPortFree
                0x0800657c       0x7c build/heap_4.o
                0x0800657c                vPortFree
 .text.prvTaskExitError
                0x080065f8       0x40 build/port.o
 .text.prvPortStartFirstTask
                0x08006638       0x28 build/port.o
 .text.vPortEnableVFP
                0x08006660       0x14 build/port.o
 .text.pxPortInitialiseStack
                0x08006674       0x2c build/port.o
                0x08006674                pxPortInitialiseStack
 .text.SVC_Handler
                0x080066a0       0x24 build/port.o
                0x080066a0                SVC_Handler
 .text.vPortEnterCritical
                0x080066c4       0x44 build/port.o
                0x080066c4                vPortEnterCritical
 .text.vPortExitCritical
                0x08006708       0x2c build/port.o
                0x08006708                vPortExitCritical
 *fill*         0x08006734        0xc 
 .text.PendSV_Handler
                0x08006740       0x64 build/port.o
                0x08006740                PendSV_Handler
 .text.SysTick_Handler
                0x080067a4       0x2c build/port.o
                0x080067a4                SysTick_Handler
 .text.vPortSetupTimerInterrupt
                0x080067d0       0x38 build/port.o
                0x080067d0                vPortSetupTimerInterrupt
 .text.xPortStartScheduler
                0x08006808      0x110 build/port.o
                0x08006808                xPortStartScheduler
 .text.vPortValidateInterruptPriority
                0x08006918       0x5c build/port.o
                0x08006918                vPortValidateInterruptPriority
 .text.Reset_Handler
                0x08006974       0x50 build/startup_stm32f407xx.o
                0x08006974                Reset_Handler
 .text.Default_Handler
                0x080069c4        0x2 build/startup_stm32f407xx.o
                0x080069c4                RTC_Alarm_IRQHandler
                0x080069c4                HASH_RNG_IRQHandler
                0x080069c4                EXTI2_IRQHandler
                0x080069c4                TIM8_CC_IRQHandler
                0x080069c4                TIM1_CC_IRQHandler
                0x080069c4                DMA2_Stream5_IRQHandler
                0x080069c4                PVD_IRQHandler
                0x080069c4                SDIO_IRQHandler
                0x080069c4                TAMP_STAMP_IRQHandler
                0x080069c4                CAN2_RX1_IRQHandler
                0x080069c4                EXTI3_IRQHandler
                0x080069c4                TIM8_TRG_COM_TIM14_IRQHandler
                0x080069c4                TIM1_UP_TIM10_IRQHandler
                0x080069c4                TIM8_UP_TIM13_IRQHandler
                0x080069c4                I2C3_ER_IRQHandler
                0x080069c4                EXTI0_IRQHandler
                0x080069c4                I2C2_EV_IRQHandler
                0x080069c4                DMA1_Stream2_IRQHandler
                0x080069c4                CAN1_RX0_IRQHandler
                0x080069c4                FPU_IRQHandler
                0x080069c4                OTG_HS_WKUP_IRQHandler
                0x080069c4                CAN2_SCE_IRQHandler
                0x080069c4                SPI1_IRQHandler
                0x080069c4                TIM6_DAC_IRQHandler
                0x080069c4                TIM1_BRK_TIM9_IRQHandler
                0x080069c4                DCMI_IRQHandler
                0x080069c4                CAN2_RX0_IRQHandler
                0x080069c4                DMA2_Stream3_IRQHandler
                0x080069c4                USART6_IRQHandler
                0x080069c4                USART3_IRQHandler
                0x080069c4                CAN1_RX1_IRQHandler
                0x080069c4                UART5_IRQHandler
                0x080069c4                DMA2_Stream0_IRQHandler
                0x080069c4                TIM4_IRQHandler
                0x080069c4                DMA1_Stream1_IRQHandler
                0x080069c4                UART4_IRQHandler
                0x080069c4                TIM3_IRQHandler
                0x080069c4                RCC_IRQHandler
                0x080069c4                TIM8_BRK_TIM12_IRQHandler
                0x080069c4                Default_Handler
                0x080069c4                EXTI15_10_IRQHandler
                0x080069c4                ADC_IRQHandler
                0x080069c4                CAN2_TX_IRQHandler
                0x080069c4                TIM5_IRQHandler
                0x080069c4                I2C3_EV_IRQHandler
                0x080069c4                EXTI9_5_IRQHandler
                0x080069c4                RTC_WKUP_IRQHandler
                0x080069c4                ETH_WKUP_IRQHandler
                0x080069c4                SPI2_IRQHandler
                0x080069c4                OTG_HS_EP1_IN_IRQHandler
                0x080069c4                CAN1_TX_IRQHandler
                0x080069c4                EXTI4_IRQHandler
                0x080069c4                FSMC_IRQHandler
                0x080069c4                ETH_IRQHandler
                0x080069c4                OTG_HS_EP1_OUT_IRQHandler
                0x080069c4                WWDG_IRQHandler
                0x080069c4                TIM2_IRQHandler
                0x080069c4                OTG_FS_WKUP_IRQHandler
                0x080069c4                TIM1_TRG_COM_TIM11_IRQHandler
                0x080069c4                OTG_HS_IRQHandler
                0x080069c4                EXTI1_IRQHandler
                0x080069c4                I2C2_ER_IRQHandler
                0x080069c4                DMA2_Stream1_IRQHandler
                0x080069c4                CAN1_SCE_IRQHandler
                0x080069c4                FLASH_IRQHandler
                0x080069c4                DMA2_Stream4_IRQHandler
                0x080069c4                OTG_FS_IRQHandler
                0x080069c4                SPI3_IRQHandler
                0x080069c4                DMA1_Stream4_IRQHandler
                0x080069c4                DMA2_Stream6_IRQHandler
                0x080069c4                DMA1_Stream3_IRQHandler
 *fill*         0x080069c6        0x2 
 .text.__libc_init_array
                0x080069c8       0x48 e:/gnu tools arm embedded/9 2019-q4-major/bin/../lib/gcc/arm-none-eabi/9.2.1/../../../../arm-none-eabi/lib/thumb/v7e-m+fp/hard\libc_nano.a(lib_a-init.o)
                0x080069c8                __libc_init_array
 .text.memcpy   0x08006a10       0x1c e:/gnu tools arm embedded/9 2019-q4-major/bin/../lib/gcc/arm-none-eabi/9.2.1/../../../../arm-none-eabi/lib/thumb/v7e-m+fp/hard\libc_nano.a(lib_a-memcpy-stub.o)
                0x08006a10                memcpy
 .text.memset   0x08006a2c       0x10 e:/gnu tools arm embedded/9 2019-q4-major/bin/../lib/gcc/arm-none-eabi/9.2.1/../../../../arm-none-eabi/lib/thumb/v7e-m+fp/hard\libc_nano.a(lib_a-memset.o)
                0x08006a2c                memset
 .text.__cvt    0x08006a3c       0xc4 e:/gnu tools arm embedded/9 2019-q4-major/bin/../lib/gcc/arm-none-eabi/9.2.1/../../../../arm-none-eabi/lib/thumb/v7e-m+fp/hard\libc_nano.a(lib_a-nano-vfprintf_float.o)
                0x08006a3c                __cvt
 .text.__exponent
                0x08006b00       0x7c e:/gnu tools arm embedded/9 2019-q4-major/bin/../lib/gcc/arm-none-eabi/9.2.1/../../../../arm-none-eabi/lib/thumb/v7e-m+fp/hard\libc_nano.a(lib_a-nano-vfprintf_float.o)
                0x08006b00                __exponent
 .text._printf_float
                0x08006b7c      0x46c e:/gnu tools arm embedded/9 2019-q4-major/bin/../lib/gcc/arm-none-eabi/9.2.1/../../../../arm-none-eabi/lib/thumb/v7e-m+fp/hard\libc_nano.a(lib_a-nano-vfprintf_float.o)
                0x08006b7c                _printf_float
 .text._printf_common
                0x08006fe8       0xda e:/gnu tools arm embedded/9 2019-q4-major/bin/../lib/gcc/arm-none-eabi/9.2.1/../../../../arm-none-eabi/lib/thumb/v7e-m+fp/hard\libc_nano.a(lib_a-nano-vfprintf_i.o)
                0x08006fe8                _printf_common
 *fill*         0x080070c2        0x2 
 .text._printf_i
                0x080070c4      0x24c e:/gnu tools arm embedded/9 2019-q4-major/bin/../lib/gcc/arm-none-eabi/9.2.1/../../../../arm-none-eabi/lib/thumb/v7e-m+fp/hard\libc_nano.a(lib_a-nano-vfprintf_i.o)
                0x080070c4                _printf_i
 .text.printf   0x08007310       0x30 e:/gnu tools arm embedded/9 2019-q4-major/bin/../lib/gcc/arm-none-eabi/9.2.1/../../../../arm-none-eabi/lib/thumb/v7e-m+fp/hard\libc_nano.a(lib_a-printf.o)
                0x08007310                iprintf
                0x08007310                printf
 .text._puts_r  0x08007340       0xdc e:/gnu tools arm embedded/9 2019-q4-major/bin/../lib/gcc/arm-none-eabi/9.2.1/../../../../arm-none-eabi/lib/thumb/v7e-m+fp/hard\libc_nano.a(lib_a-puts.o)
                0x08007340                _puts_r
 .text.puts     0x0800741c       0x10 e:/gnu tools arm embedded/9 2019-q4-major/bin/../lib/gcc/arm-none-eabi/9.2.1/../../../../arm-none-eabi/lib/thumb/v7e-m+fp/hard\libc_nano.a(lib_a-puts.o)
                0x0800741c                puts
 .text.__swbuf_r
                0x0800742c       0xa4 e:/gnu tools arm embedded/9 2019-q4-major/bin/../lib/gcc/arm-none-eabi/9.2.1/../../../../arm-none-eabi/lib/thumb/v7e-m+fp/hard\libc_nano.a(lib_a-wbuf.o)
                0x0800742c                __swbuf_r
 .text.__swsetup_r
                0x080074d0       0xdc e:/gnu tools arm embedded/9 2019-q4-major/bin/../lib/gcc/arm-none-eabi/9.2.1/../../../../arm-none-eabi/lib/thumb/v7e-m+fp/hard\libc_nano.a(lib_a-wsetup.o)
                0x080074d0                __swsetup_r
 .text.quorem   0x080075ac      0x116 e:/gnu tools arm embedded/9 2019-q4-major/bin/../lib/gcc/arm-none-eabi/9.2.1/../../../../arm-none-eabi/lib/thumb/v7e-m+fp/hard\libc_nano.a(lib_a-dtoa.o)
 *fill*         0x080076c2        0x6 
 .text._dtoa_r  0x080076c8      0xbbc e:/gnu tools arm embedded/9 2019-q4-major/bin/../lib/gcc/arm-none-eabi/9.2.1/../../../../arm-none-eabi/lib/thumb/v7e-m+fp/hard\libc_nano.a(lib_a-dtoa.o)
                0x080076c8                _dtoa_r
 .text.__sflush_r
                0x08008284      0x10c e:/gnu tools arm embedded/9 2019-q4-major/bin/../lib/gcc/arm-none-eabi/9.2.1/../../../../arm-none-eabi/lib/thumb/v7e-m+fp/hard\libc_nano.a(lib_a-fflush.o)
                0x08008284                __sflush_r
 .text._fflush_r
                0x08008390       0x78 e:/gnu tools arm embedded/9 2019-q4-major/bin/../lib/gcc/arm-none-eabi/9.2.1/../../../../arm-none-eabi/lib/thumb/v7e-m+fp/hard\libc_nano.a(lib_a-fflush.o)
                0x08008390                _fflush_r
 .text.std      0x08008408       0x48 e:/gnu tools arm embedded/9 2019-q4-major/bin/../lib/gcc/arm-none-eabi/9.2.1/../../../../arm-none-eabi/lib/thumb/v7e-m+fp/hard\libc_nano.a(lib_a-findfp.o)
 .text._cleanup_r
                0x08008450        0xc e:/gnu tools arm embedded/9 2019-q4-major/bin/../lib/gcc/arm-none-eabi/9.2.1/../../../../arm-none-eabi/lib/thumb/v7e-m+fp/hard\libc_nano.a(lib_a-findfp.o)
                0x08008450                _cleanup_r
 .text.__sfmoreglue
                0x0800845c       0x2c e:/gnu tools arm embedded/9 2019-q4-major/bin/../lib/gcc/arm-none-eabi/9.2.1/../../../../arm-none-eabi/lib/thumb/v7e-m+fp/hard\libc_nano.a(lib_a-findfp.o)
                0x0800845c                __sfmoreglue
 .text.__sfp_lock_acquire
                0x08008488        0xc e:/gnu tools arm embedded/9 2019-q4-major/bin/../lib/gcc/arm-none-eabi/9.2.1/../../../../arm-none-eabi/lib/thumb/v7e-m+fp/hard\libc_nano.a(lib_a-findfp.o)
                0x08008488                __sfp_lock_acquire
 .text.__sfp_lock_release
                0x08008494        0xc e:/gnu tools arm embedded/9 2019-q4-major/bin/../lib/gcc/arm-none-eabi/9.2.1/../../../../arm-none-eabi/lib/thumb/v7e-m+fp/hard\libc_nano.a(lib_a-findfp.o)
                0x08008494                __sfp_lock_release
 .text.__sinit_lock_acquire
                0x080084a0        0xc e:/gnu tools arm embedded/9 2019-q4-major/bin/../lib/gcc/arm-none-eabi/9.2.1/../../../../arm-none-eabi/lib/thumb/v7e-m+fp/hard\libc_nano.a(lib_a-findfp.o)
                0x080084a0                __sinit_lock_acquire
 .text.__sinit_lock_release
                0x080084ac        0xc e:/gnu tools arm embedded/9 2019-q4-major/bin/../lib/gcc/arm-none-eabi/9.2.1/../../../../arm-none-eabi/lib/thumb/v7e-m+fp/hard\libc_nano.a(lib_a-findfp.o)
                0x080084ac                __sinit_lock_release
 .text.__sinit  0x080084b8       0x70 e:/gnu tools arm embedded/9 2019-q4-major/bin/../lib/gcc/arm-none-eabi/9.2.1/../../../../arm-none-eabi/lib/thumb/v7e-m+fp/hard\libc_nano.a(lib_a-findfp.o)
                0x080084b8                __sinit
 .text.__sfp    0x08008528       0x8c e:/gnu tools arm embedded/9 2019-q4-major/bin/../lib/gcc/arm-none-eabi/9.2.1/../../../../arm-none-eabi/lib/thumb/v7e-m+fp/hard\libc_nano.a(lib_a-findfp.o)
                0x08008528                __sfp
 .text._fwalk_reent
                0x080085b4       0x3e e:/gnu tools arm embedded/9 2019-q4-major/bin/../lib/gcc/arm-none-eabi/9.2.1/../../../../arm-none-eabi/lib/thumb/v7e-m+fp/hard\libc_nano.a(lib_a-fwalk.o)
                0x080085b4                _fwalk_reent
 *fill*         0x080085f2        0x2 
 .text._localeconv_r
                0x080085f4        0x8 e:/gnu tools arm embedded/9 2019-q4-major/bin/../lib/gcc/arm-none-eabi/9.2.1/../../../../arm-none-eabi/lib/thumb/v7e-m+fp/hard\libc_nano.a(lib_a-localeconv.o)
                0x080085f4                _localeconv_r
 .text.__retarget_lock_init_recursive
                0x080085fc        0x2 e:/gnu tools arm embedded/9 2019-q4-major/bin/../lib/gcc/arm-none-eabi/9.2.1/../../../../arm-none-eabi/lib/thumb/v7e-m+fp/hard\libc_nano.a(lib_a-lock.o)
                0x080085fc                __retarget_lock_init_recursive
 .text.__retarget_lock_acquire_recursive
                0x080085fe        0x2 e:/gnu tools arm embedded/9 2019-q4-major/bin/../lib/gcc/arm-none-eabi/9.2.1/../../../../arm-none-eabi/lib/thumb/v7e-m+fp/hard\libc_nano.a(lib_a-lock.o)
                0x080085fe                __retarget_lock_acquire_recursive
 .text.__retarget_lock_release_recursive
                0x08008600        0x2 e:/gnu tools arm embedded/9 2019-q4-major/bin/../lib/gcc/arm-none-eabi/9.2.1/../../../../arm-none-eabi/lib/thumb/v7e-m+fp/hard\libc_nano.a(lib_a-lock.o)
                0x08008600                __retarget_lock_release_recursive
 .text.__swhatbuf_r
                0x08008602       0x48 e:/gnu tools arm embedded/9 2019-q4-major/bin/../lib/gcc/arm-none-eabi/9.2.1/../../../../arm-none-eabi/lib/thumb/v7e-m+fp/hard\libc_nano.a(lib_a-makebuf.o)
                0x08008602                __swhatbuf_r
 *fill*         0x0800864a        0x2 
 .text.__smakebuf_r
                0x0800864c       0x80 e:/gnu tools arm embedded/9 2019-q4-major/bin/../lib/gcc/arm-none-eabi/9.2.1/../../../../arm-none-eabi/lib/thumb/v7e-m+fp/hard\libc_nano.a(lib_a-makebuf.o)
                0x0800864c                __smakebuf_r
 .text.malloc   0x080086cc       0x10 e:/gnu tools arm embedded/9 2019-q4-major/bin/../lib/gcc/arm-none-eabi/9.2.1/../../../../arm-none-eabi/lib/thumb/v7e-m+fp/hard\libc_nano.a(lib_a-malloc.o)
                0x080086cc                malloc
 .text._Balloc  0x080086dc       0x68 e:/gnu tools arm embedded/9 2019-q4-major/bin/../lib/gcc/arm-none-eabi/9.2.1/../../../../arm-none-eabi/lib/thumb/v7e-m+fp/hard\libc_nano.a(lib_a-mprec.o)
                0x080086dc                _Balloc
 .text._Bfree   0x08008744       0x2e e:/gnu tools arm embedded/9 2019-q4-major/bin/../lib/gcc/arm-none-eabi/9.2.1/../../../../arm-none-eabi/lib/thumb/v7e-m+fp/hard\libc_nano.a(lib_a-mprec.o)
                0x08008744                _Bfree
 .text.__multadd
                0x08008772       0x7c e:/gnu tools arm embedded/9 2019-q4-major/bin/../lib/gcc/arm-none-eabi/9.2.1/../../../../arm-none-eabi/lib/thumb/v7e-m+fp/hard\libc_nano.a(lib_a-mprec.o)
                0x08008772                __multadd
 .text.__hi0bits
                0x080087ee       0x40 e:/gnu tools arm embedded/9 2019-q4-major/bin/../lib/gcc/arm-none-eabi/9.2.1/../../../../arm-none-eabi/lib/thumb/v7e-m+fp/hard\libc_nano.a(lib_a-mprec.o)
                0x080087ee                __hi0bits
 .text.__lo0bits
                0x0800882e       0x60 e:/gnu tools arm embedded/9 2019-q4-major/bin/../lib/gcc/arm-none-eabi/9.2.1/../../../../arm-none-eabi/lib/thumb/v7e-m+fp/hard\libc_nano.a(lib_a-mprec.o)
                0x0800882e                __lo0bits
 .text.__i2b    0x0800888e       0x12 e:/gnu tools arm embedded/9 2019-q4-major/bin/../lib/gcc/arm-none-eabi/9.2.1/../../../../arm-none-eabi/lib/thumb/v7e-m+fp/hard\libc_nano.a(lib_a-mprec.o)
                0x0800888e                __i2b
 .text.__multiply
                0x080088a0      0x138 e:/gnu tools arm embedded/9 2019-q4-major/bin/../lib/gcc/arm-none-eabi/9.2.1/../../../../arm-none-eabi/lib/thumb/v7e-m+fp/hard\libc_nano.a(lib_a-mprec.o)
                0x080088a0                __multiply
 .text.__pow5mult
                0x080089d8       0x9c e:/gnu tools arm embedded/9 2019-q4-major/bin/../lib/gcc/arm-none-eabi/9.2.1/../../../../arm-none-eabi/lib/thumb/v7e-m+fp/hard\libc_nano.a(lib_a-mprec.o)
                0x080089d8                __pow5mult
 .text.__lshift
                0x08008a74       0xbe e:/gnu tools arm embedded/9 2019-q4-major/bin/../lib/gcc/arm-none-eabi/9.2.1/../../../../arm-none-eabi/lib/thumb/v7e-m+fp/hard\libc_nano.a(lib_a-mprec.o)
                0x08008a74                __lshift
 .text.__mcmp   0x08008b32       0x38 e:/gnu tools arm embedded/9 2019-q4-major/bin/../lib/gcc/arm-none-eabi/9.2.1/../../../../arm-none-eabi/lib/thumb/v7e-m+fp/hard\libc_nano.a(lib_a-mprec.o)
                0x08008b32                __mcmp
 .text.__mdiff  0x08008b6a       0xec e:/gnu tools arm embedded/9 2019-q4-major/bin/../lib/gcc/arm-none-eabi/9.2.1/../../../../arm-none-eabi/lib/thumb/v7e-m+fp/hard\libc_nano.a(lib_a-mprec.o)
                0x08008b6a                __mdiff
 .text.__d2b    0x08008c56       0xa0 e:/gnu tools arm embedded/9 2019-q4-major/bin/../lib/gcc/arm-none-eabi/9.2.1/../../../../arm-none-eabi/lib/thumb/v7e-m+fp/hard\libc_nano.a(lib_a-mprec.o)
                0x08008c56                __d2b
 .text._calloc_r
                0x08008cf6       0x1e e:/gnu tools arm embedded/9 2019-q4-major/bin/../lib/gcc/arm-none-eabi/9.2.1/../../../../arm-none-eabi/lib/thumb/v7e-m+fp/hard\libc_nano.a(lib_a-nano-callocr.o)
                0x08008cf6                _calloc_r
 .text._free_r  0x08008d14       0xa0 e:/gnu tools arm embedded/9 2019-q4-major/bin/../lib/gcc/arm-none-eabi/9.2.1/../../../../arm-none-eabi/lib/thumb/v7e-m+fp/hard\libc_nano.a(lib_a-nano-freer.o)
                0x08008d14                _free_r
 .text._malloc_r
                0x08008db4       0xb4 e:/gnu tools arm embedded/9 2019-q4-major/bin/../lib/gcc/arm-none-eabi/9.2.1/../../../../arm-none-eabi/lib/thumb/v7e-m+fp/hard\libc_nano.a(lib_a-nano-mallocr.o)
                0x08008db4                _malloc_r
 .text.__sfputc_r
                0x08008e68       0x2e e:/gnu tools arm embedded/9 2019-q4-major/bin/../lib/gcc/arm-none-eabi/9.2.1/../../../../arm-none-eabi/lib/thumb/v7e-m+fp/hard\libc_nano.a(lib_a-nano-vfprintf.o)
 .text.__sfputs_r
                0x08008e96       0x24 e:/gnu tools arm embedded/9 2019-q4-major/bin/../lib/gcc/arm-none-eabi/9.2.1/../../../../arm-none-eabi/lib/thumb/v7e-m+fp/hard\libc_nano.a(lib_a-nano-vfprintf.o)
                0x08008e96                __sfputs_r
 *fill*         0x08008eba        0x2 
 .text._vfprintf_r
                0x08008ebc      0x260 e:/gnu tools arm embedded/9 2019-q4-major/bin/../lib/gcc/arm-none-eabi/9.2.1/../../../../arm-none-eabi/lib/thumb/v7e-m+fp/hard\libc_nano.a(lib_a-nano-vfprintf.o)
                0x08008ebc                _vfprintf_r
                0x08008ebc                _vfiprintf_r
 .text._sbrk_r  0x0800911c       0x20 e:/gnu tools arm embedded/9 2019-q4-major/bin/../lib/gcc/arm-none-eabi/9.2.1/../../../../arm-none-eabi/lib/thumb/v7e-m+fp/hard\libc_nano.a(lib_a-sbrkr.o)
                0x0800911c                _sbrk_r
 .text.__sread  0x0800913c       0x22 e:/gnu tools arm embedded/9 2019-q4-major/bin/../lib/gcc/arm-none-eabi/9.2.1/../../../../arm-none-eabi/lib/thumb/v7e-m+fp/hard\libc_nano.a(lib_a-stdio.o)
                0x0800913c                __sread
 .text.__swrite
                0x0800915e       0x38 e:/gnu tools arm embedded/9 2019-q4-major/bin/../lib/gcc/arm-none-eabi/9.2.1/../../../../arm-none-eabi/lib/thumb/v7e-m+fp/hard\libc_nano.a(lib_a-stdio.o)
                0x0800915e                __swrite
 .text.__sseek  0x08009196       0x24 e:/gnu tools arm embedded/9 2019-q4-major/bin/../lib/gcc/arm-none-eabi/9.2.1/../../../../arm-none-eabi/lib/thumb/v7e-m+fp/hard\libc_nano.a(lib_a-stdio.o)
                0x08009196                __sseek
 .text.__sclose
                0x080091ba        0x8 e:/gnu tools arm embedded/9 2019-q4-major/bin/../lib/gcc/arm-none-eabi/9.2.1/../../../../arm-none-eabi/lib/thumb/v7e-m+fp/hard\libc_nano.a(lib_a-stdio.o)
                0x080091ba                __sclose
 *fill*         0x080091c2        0x2 
 .text._write_r
                0x080091c4       0x24 e:/gnu tools arm embedded/9 2019-q4-major/bin/../lib/gcc/arm-none-eabi/9.2.1/../../../../arm-none-eabi/lib/thumb/v7e-m+fp/hard\libc_nano.a(lib_a-writer.o)
                0x080091c4                _write_r
 .text._close_r
                0x080091e8       0x20 e:/gnu tools arm embedded/9 2019-q4-major/bin/../lib/gcc/arm-none-eabi/9.2.1/../../../../arm-none-eabi/lib/thumb/v7e-m+fp/hard\libc_nano.a(lib_a-closer.o)
                0x080091e8                _close_r
 .text._fstat_r
                0x08009208       0x24 e:/gnu tools arm embedded/9 2019-q4-major/bin/../lib/gcc/arm-none-eabi/9.2.1/../../../../arm-none-eabi/lib/thumb/v7e-m+fp/hard\libc_nano.a(lib_a-fstatr.o)
                0x08009208                _fstat_r
 .text._isatty_r
                0x0800922c       0x20 e:/gnu tools arm embedded/9 2019-q4-major/bin/../lib/gcc/arm-none-eabi/9.2.1/../../../../arm-none-eabi/lib/thumb/v7e-m+fp/hard\libc_nano.a(lib_a-isattyr.o)
                0x0800922c                _isatty_r
 .text._lseek_r
                0x0800924c       0x24 e:/gnu tools arm embedded/9 2019-q4-major/bin/../lib/gcc/arm-none-eabi/9.2.1/../../../../arm-none-eabi/lib/thumb/v7e-m+fp/hard\libc_nano.a(lib_a-lseekr.o)
                0x0800924c                _lseek_r
 .text.__ascii_mbtowc
                0x08009270       0x24 e:/gnu tools arm embedded/9 2019-q4-major/bin/../lib/gcc/arm-none-eabi/9.2.1/../../../../arm-none-eabi/lib/thumb/v7e-m+fp/hard\libc_nano.a(lib_a-mbtowc_r.o)
                0x08009270                __ascii_mbtowc
 .text.__malloc_lock
                0x08009294        0xc e:/gnu tools arm embedded/9 2019-q4-major/bin/../lib/gcc/arm-none-eabi/9.2.1/../../../../arm-none-eabi/lib/thumb/v7e-m+fp/hard\libc_nano.a(lib_a-mlock.o)
                0x08009294                __malloc_lock
 .text.__malloc_unlock
                0x080092a0        0xc e:/gnu tools arm embedded/9 2019-q4-major/bin/../lib/gcc/arm-none-eabi/9.2.1/../../../../arm-none-eabi/lib/thumb/v7e-m+fp/hard\libc_nano.a(lib_a-mlock.o)
                0x080092a0                __malloc_unlock
 .text._read_r  0x080092ac       0x24 e:/gnu tools arm embedded/9 2019-q4-major/bin/../lib/gcc/arm-none-eabi/9.2.1/../../../../arm-none-eabi/lib/thumb/v7e-m+fp/hard\libc_nano.a(lib_a-readr.o)
                0x080092ac                _read_r
 .text.__ascii_wctomb
                0x080092d0       0x1a e:/gnu tools arm embedded/9 2019-q4-major/bin/../lib/gcc/arm-none-eabi/9.2.1/../../../../arm-none-eabi/lib/thumb/v7e-m+fp/hard\libc_nano.a(lib_a-wctomb_r.o)
                0x080092d0                __ascii_wctomb
 *fill*         0x080092ea        0x2 
 .text._close   0x080092ec       0x10 e:/gnu tools arm embedded/9 2019-q4-major/bin/../lib/gcc/arm-none-eabi/9.2.1/../../../../arm-none-eabi/lib/thumb/v7e-m+fp/hard\libnosys.a(close.o)
                0x080092ec                _close
 .text._fstat   0x080092fc       0x10 e:/gnu tools arm embedded/9 2019-q4-major/bin/../lib/gcc/arm-none-eabi/9.2.1/../../../../arm-none-eabi/lib/thumb/v7e-m+fp/hard\libnosys.a(fstat.o)
                0x080092fc                _fstat
 .text._isatty  0x0800930c       0x10 e:/gnu tools arm embedded/9 2019-q4-major/bin/../lib/gcc/arm-none-eabi/9.2.1/../../../../arm-none-eabi/lib/thumb/v7e-m+fp/hard\libnosys.a(isatty.o)
                0x0800930c                _isatty
 .text._lseek   0x0800931c       0x10 e:/gnu tools arm embedded/9 2019-q4-major/bin/../lib/gcc/arm-none-eabi/9.2.1/../../../../arm-none-eabi/lib/thumb/v7e-m+fp/hard\libnosys.a(lseek.o)
                0x0800931c                _lseek
 .text._read    0x0800932c       0x10 e:/gnu tools arm embedded/9 2019-q4-major/bin/../lib/gcc/arm-none-eabi/9.2.1/../../../../arm-none-eabi/lib/thumb/v7e-m+fp/hard\libnosys.a(read.o)
                0x0800932c                _read
 .text._sbrk    0x0800933c       0x1c e:/gnu tools arm embedded/9 2019-q4-major/bin/../lib/gcc/arm-none-eabi/9.2.1/../../../../arm-none-eabi/lib/thumb/v7e-m+fp/hard\libnosys.a(sbrk.o)
                0x0800933c                _sbrk
 *(.glue_7)
 .glue_7        0x08009358        0x0 linker stubs
 *(.glue_7t)
 .glue_7t       0x08009358        0x0 linker stubs
 *(.eh_frame)
 .eh_frame      0x08009358        0x0 e:/gnu tools arm embedded/9 2019-q4-major/bin/../lib/gcc/arm-none-eabi/9.2.1/thumb/v7e-m+fp/hard/crtbegin.o
 *(.init)
 .init          0x08009358        0x4 e:/gnu tools arm embedded/9 2019-q4-major/bin/../lib/gcc/arm-none-eabi/9.2.1/thumb/v7e-m+fp/hard/crti.o
                0x08009358                _init
 .init          0x0800935c        0x8 e:/gnu tools arm embedded/9 2019-q4-major/bin/../lib/gcc/arm-none-eabi/9.2.1/thumb/v7e-m+fp/hard/crtn.o
 *(.fini)
 .fini          0x08009364        0x4 e:/gnu tools arm embedded/9 2019-q4-major/bin/../lib/gcc/arm-none-eabi/9.2.1/thumb/v7e-m+fp/hard/crti.o
                0x08009364                _fini
 .fini          0x08009368        0x8 e:/gnu tools arm embedded/9 2019-q4-major/bin/../lib/gcc/arm-none-eabi/9.2.1/thumb/v7e-m+fp/hard/crtn.o
                0x08009370                . = ALIGN (0x4)
                0x08009370                _etext = .

.vfp11_veneer   0x08009370        0x0
 .vfp11_veneer  0x08009370        0x0 linker stubs

.v4_bx          0x08009370        0x0
 .v4_bx         0x08009370        0x0 linker stubs

.iplt           0x08009370        0x0
 .iplt          0x08009370        0x0 e:/gnu tools arm embedded/9 2019-q4-major/bin/../lib/gcc/arm-none-eabi/9.2.1/thumb/v7e-m+fp/hard/crtbegin.o

.rodata         0x08009370      0x3c0
                0x08009370                . = ALIGN (0x4)
 *(.rodata)
 .rodata        0x08009370       0x1c build/freertos.o
 *(.rodata*)
 .rodata.SensorsInit.str1.4
                0x0800938c       0x85 build/sensors.o
 *fill*         0x08009411        0x3 
 .rodata.SystemLaunch.str1.4
                0x08009414        0xb build/system_task.o
 *fill*         0x0800941f        0x1 
 .rodata.SystemInitiate.str1.4
                0x08009420       0x17 build/system_task.o
 *fill*         0x08009437        0x1 
 .rodata.str1.4
                0x08009438        0xc build/freertos.o
 .rodata.flagBitshiftOffset.8557
                0x08009444        0x8 build/stm32f4xx_hal_dma.o
 .rodata.AHBPrescTable
                0x0800944c       0x10 build/system_stm32f4xx.o
                0x0800944c                AHBPrescTable
 .rodata.APBPrescTable
                0x0800945c        0x8 build/system_stm32f4xx.o
                0x0800945c                APBPrescTable
 .rodata.vTaskStartScheduler.str1.4
                0x08009464        0x5 build/tasks.o
 *fill*         0x08009469        0x3 
 .rodata._global_impure_ptr
                0x0800946c        0x4 e:/gnu tools arm embedded/9 2019-q4-major/bin/../lib/gcc/arm-none-eabi/9.2.1/../../../../arm-none-eabi/lib/thumb/v7e-m+fp/hard\libc_nano.a(lib_a-impure.o)
                0x0800946c                _global_impure_ptr
 .rodata._printf_float.str1.1
                0x08009470       0x12 e:/gnu tools arm embedded/9 2019-q4-major/bin/../lib/gcc/arm-none-eabi/9.2.1/../../../../arm-none-eabi/lib/thumb/v7e-m+fp/hard\libc_nano.a(lib_a-nano-vfprintf_float.o)
 .rodata._printf_i.str1.1
                0x08009482       0x22 e:/gnu tools arm embedded/9 2019-q4-major/bin/../lib/gcc/arm-none-eabi/9.2.1/../../../../arm-none-eabi/lib/thumb/v7e-m+fp/hard\libc_nano.a(lib_a-nano-vfprintf_i.o)
 .rodata._dtoa_r.str1.1
                0x080094a4        0xd e:/gnu tools arm embedded/9 2019-q4-major/bin/../lib/gcc/arm-none-eabi/9.2.1/../../../../arm-none-eabi/lib/thumb/v7e-m+fp/hard\libc_nano.a(lib_a-dtoa.o)
                                  0xf (size before relaxing)
 *fill*         0x080094b1        0x3 
 .rodata.__sf_fake_stderr
                0x080094b4       0x20 e:/gnu tools arm embedded/9 2019-q4-major/bin/../lib/gcc/arm-none-eabi/9.2.1/../../../../arm-none-eabi/lib/thumb/v7e-m+fp/hard\libc_nano.a(lib_a-findfp.o)
                0x080094b4                __sf_fake_stderr
 .rodata.__sf_fake_stdin
                0x080094d4       0x20 e:/gnu tools arm embedded/9 2019-q4-major/bin/../lib/gcc/arm-none-eabi/9.2.1/../../../../arm-none-eabi/lib/thumb/v7e-m+fp/hard\libc_nano.a(lib_a-findfp.o)
                0x080094d4                __sf_fake_stdin
 .rodata.__sf_fake_stdout
                0x080094f4       0x20 e:/gnu tools arm embedded/9 2019-q4-major/bin/../lib/gcc/arm-none-eabi/9.2.1/../../../../arm-none-eabi/lib/thumb/v7e-m+fp/hard\libc_nano.a(lib_a-findfp.o)
                0x080094f4                __sf_fake_stdout
 *fill*         0x08009514        0x4 
 .rodata.__mprec_bigtens
                0x08009518       0x28 e:/gnu tools arm embedded/9 2019-q4-major/bin/../lib/gcc/arm-none-eabi/9.2.1/../../../../arm-none-eabi/lib/thumb/v7e-m+fp/hard\libc_nano.a(lib_a-mprec.o)
                0x08009518                __mprec_bigtens
 .rodata.__mprec_tens
                0x08009540       0xc8 e:/gnu tools arm embedded/9 2019-q4-major/bin/../lib/gcc/arm-none-eabi/9.2.1/../../../../arm-none-eabi/lib/thumb/v7e-m+fp/hard\libc_nano.a(lib_a-mprec.o)
                0x08009540                __mprec_tens
 .rodata.p05.7490
                0x08009608        0xc e:/gnu tools arm embedded/9 2019-q4-major/bin/../lib/gcc/arm-none-eabi/9.2.1/../../../../arm-none-eabi/lib/thumb/v7e-m+fp/hard\libc_nano.a(lib_a-mprec.o)
 .rodata._vfprintf_r.str1.1
                0x08009614       0x11 e:/gnu tools arm embedded/9 2019-q4-major/bin/../lib/gcc/arm-none-eabi/9.2.1/../../../../arm-none-eabi/lib/thumb/v7e-m+fp/hard\libc_nano.a(lib_a-nano-vfprintf.o)
 .rodata._setlocale_r.str1.1
                0x08009625        0x8 e:/gnu tools arm embedded/9 2019-q4-major/bin/../lib/gcc/arm-none-eabi/9.2.1/../../../../arm-none-eabi/lib/thumb/v7e-m+fp/hard\libc_nano.a(lib_a-locale.o)
                                  0x9 (size before relaxing)
 .rodata.str1.1
                0x0800962d        0x2 e:/gnu tools arm embedded/9 2019-q4-major/bin/../lib/gcc/arm-none-eabi/9.2.1/../../../../arm-none-eabi/lib/thumb/v7e-m+fp/hard\libc_nano.a(lib_a-locale.o)
 .rodata._ctype_
                0x0800962f      0x101 e:/gnu tools arm embedded/9 2019-q4-major/bin/../lib/gcc/arm-none-eabi/9.2.1/../../../../arm-none-eabi/lib/thumb/v7e-m+fp/hard\libc_nano.a(lib_a-ctype_.o)
                0x0800962f                _ctype_
                0x08009730                . = ALIGN (0x4)

.ARM.extab
 *(.ARM.extab* .gnu.linkonce.armextab.*)

.ARM            0x08009730        0x8
                0x08009730                __exidx_start = .
 *(.ARM.exidx*)
 .ARM.exidx     0x08009730        0x8 e:/gnu tools arm embedded/9 2019-q4-major/bin/../lib/gcc/arm-none-eabi/9.2.1/thumb/v7e-m+fp/hard\libgcc.a(_udivmoddi4.o)
                0x08009738                __exidx_end = .

.rel.dyn        0x08009738        0x0
 .rel.iplt      0x08009738        0x0 e:/gnu tools arm embedded/9 2019-q4-major/bin/../lib/gcc/arm-none-eabi/9.2.1/thumb/v7e-m+fp/hard/crtbegin.o

.preinit_array  0x08009738        0x0
                0x08009738                PROVIDE (__preinit_array_start = .)
 *(.preinit_array*)
                0x08009738                PROVIDE (__preinit_array_end = .)

.init_array     0x08009738        0x4
                0x08009738                PROVIDE (__init_array_start = .)
 *(SORT_BY_NAME(.init_array.*))
 *(.init_array*)
 .init_array    0x08009738        0x4 e:/gnu tools arm embedded/9 2019-q4-major/bin/../lib/gcc/arm-none-eabi/9.2.1/thumb/v7e-m+fp/hard/crtbegin.o
                0x0800973c                PROVIDE (__init_array_end = .)

.fini_array     0x0800973c        0x4
                [!provide]                PROVIDE (__fini_array_start = .)
 *(SORT_BY_NAME(.fini_array.*))
 *(.fini_array*)
 .fini_array    0x0800973c        0x4 e:/gnu tools arm embedded/9 2019-q4-major/bin/../lib/gcc/arm-none-eabi/9.2.1/thumb/v7e-m+fp/hard/crtbegin.o
                [!provide]                PROVIDE (__fini_array_end = .)
                0x08009740                _sidata = LOADADDR (.data)

.data           0x20000000      0x1e0 load address 0x08009740
                0x20000000                . = ALIGN (0x4)
                0x20000000                _sdata = .
 *(.data)
 *(.data*)
 .data.uwTickFreq
                0x20000000        0x1 build/stm32f4xx_hal.o
                0x20000000                uwTickFreq
 *fill*         0x20000001        0x3 
 .data.uwTickPrio
                0x20000004        0x4 build/stm32f4xx_hal.o
                0x20000004                uwTickPrio
 .data.SystemCoreClock
                0x20000008        0x4 build/system_stm32f4xx.o
                0x20000008                SystemCoreClock
 .data.uxCriticalNesting
                0x2000000c        0x4 build/port.o
 .data._impure_ptr
                0x20000010        0x4 e:/gnu tools arm embedded/9 2019-q4-major/bin/../lib/gcc/arm-none-eabi/9.2.1/../../../../arm-none-eabi/lib/thumb/v7e-m+fp/hard\libc_nano.a(lib_a-impure.o)
                0x20000010                _impure_ptr
 .data.impure_data
                0x20000014       0x60 e:/gnu tools arm embedded/9 2019-q4-major/bin/../lib/gcc/arm-none-eabi/9.2.1/../../../../arm-none-eabi/lib/thumb/v7e-m+fp/hard\libc_nano.a(lib_a-impure.o)
 .data.__global_locale
                0x20000074      0x16c e:/gnu tools arm embedded/9 2019-q4-major/bin/../lib/gcc/arm-none-eabi/9.2.1/../../../../arm-none-eabi/lib/thumb/v7e-m+fp/hard\libc_nano.a(lib_a-locale.o)
                0x20000074                __global_locale
                0x200001e0                . = ALIGN (0x4)
                0x200001e0                _edata = .
                0x08009920                _siccmram = LOADADDR (.ccmram)

.igot.plt       0x200001e0        0x0 load address 0x08009920
 .igot.plt      0x200001e0        0x0 e:/gnu tools arm embedded/9 2019-q4-major/bin/../lib/gcc/arm-none-eabi/9.2.1/thumb/v7e-m+fp/hard/crtbegin.o

.ccmram         0x10000000        0x0 load address 0x08009920
                0x10000000                . = ALIGN (0x4)
                0x10000000                _sccmram = .
 *(.ccmram)
 *(.ccmram*)
                0x10000000                . = ALIGN (0x4)
                0x10000000                _eccmram = .
                0x10000000                . = ALIGN (0x4)

.bss            0x200001e0     0x4898
                0x200001e0                _sbss = .
                0x200001e0                __bss_start__ = _sbss
 *(.bss)
 .bss           0x200001e0       0x1c e:/gnu tools arm embedded/9 2019-q4-major/bin/../lib/gcc/arm-none-eabi/9.2.1/thumb/v7e-m+fp/hard/crtbegin.o
 *(.bss*)
 .bss.old_pos.10015
                0x200001fc        0x4 build/usart2.o
 .bss.rx_buffer
                0x20000200       0x80 build/usart2.o
 .bss.i2c_data  0x20000280        0x1 build/mpu6050.o
 *fill*         0x20000281        0x7 
 .bss.OFF_t2    0x20000288        0x8 build/ms5611.o
 .bss.SENS_t2   0x20000290        0x8 build/ms5611.o
 .bss.TCO       0x20000298        0x2 build/ms5611.o
 .bss.TCS       0x2000029a        0x2 build/ms5611.o
 .bss.TEMPSENS  0x2000029c        0x2 build/ms5611.o
 .bss.TREF      0x2000029e        0x2 build/ms5611.o
 .bss.command   0x200002a0        0x1 build/ms5611.o
 .bss.i2c_data  0x200002a1        0x1 build/hmc5883l.o
 *fill*         0x200002a2        0x2 
 .bss.i2c1_notify
                0x200002a4        0x4 build/i2c1.o
 .bss.is_init   0x200002a8        0x1 build/system_task.o
 *fill*         0x200002a9        0x3 
 .bss.osSys_system_taskStackBuffer
                0x200002ac      0x400 build/system_task.o
 .bss.osSys_system_taskTaskBuffer
                0x200006ac       0x54 build/system_task.o
 .bss.xIdleStack
                0x20000700      0x200 build/freertos.o
 .bss.xIdleTaskTCBBuffer
                0x20000900       0x54 build/freertos.o
 .bss.pxCurrentTCB
                0x20000954        0x4 build/tasks.o
                0x20000954                pxCurrentTCB
 .bss.pxDelayedTaskList
                0x20000958        0x4 build/tasks.o
 .bss.pxOverflowDelayedTaskList
                0x2000095c        0x4 build/tasks.o
 .bss.pxReadyTasksLists
                0x20000960       0x8c build/tasks.o
 .bss.uxCurrentNumberOfTasks
                0x200009ec        0x4 build/tasks.o
 .bss.uxDeletedTasksWaitingCleanUp
                0x200009f0        0x4 build/tasks.o
 .bss.uxSchedulerSuspended
                0x200009f4        0x4 build/tasks.o
 .bss.uxTaskNumber
                0x200009f8        0x4 build/tasks.o
 .bss.uxTopReadyPriority
                0x200009fc        0x4 build/tasks.o
 .bss.xDelayedTaskList1
                0x20000a00       0x14 build/tasks.o
 .bss.xDelayedTaskList2
                0x20000a14       0x14 build/tasks.o
 .bss.xNextTaskUnblockTime
                0x20000a28        0x4 build/tasks.o
 .bss.xNumOfOverflows
                0x20000a2c        0x4 build/tasks.o
 .bss.xPendedTicks
                0x20000a30        0x4 build/tasks.o
 .bss.xPendingReadyList
                0x20000a34       0x14 build/tasks.o
 .bss.xSchedulerRunning
                0x20000a48        0x4 build/tasks.o
 .bss.xSuspendedTaskList
                0x20000a4c       0x14 build/tasks.o
 .bss.xTasksWaitingTermination
                0x20000a60       0x14 build/tasks.o
 .bss.xTickCount
                0x20000a74        0x4 build/tasks.o
 .bss.xYieldPending
                0x20000a78        0x4 build/tasks.o
 .bss.pxEnd     0x20000a7c        0x4 build/heap_4.o
 .bss.ucHeap    0x20000a80     0x3c00 build/heap_4.o
 .bss.xBlockAllocatedBit
                0x20004680        0x4 build/heap_4.o
 .bss.xFreeBytesRemaining
                0x20004684        0x4 build/heap_4.o
 .bss.xMinimumEverFreeBytesRemaining
                0x20004688        0x4 build/heap_4.o
 .bss.xNumberOfSuccessfulAllocations
                0x2000468c        0x4 build/heap_4.o
 .bss.xNumberOfSuccessfulFrees
                0x20004690        0x4 build/heap_4.o
 .bss.xStart    0x20004694        0x8 build/heap_4.o
 .bss.ucMaxSysCallPriority
                0x2000469c        0x1 build/port.o
 *fill*         0x2000469d        0x3 
 .bss.ulMaxPRIGROUPValue
                0x200046a0        0x4 build/port.o
 .bss.__malloc_free_list
                0x200046a4        0x4 e:/gnu tools arm embedded/9 2019-q4-major/bin/../lib/gcc/arm-none-eabi/9.2.1/../../../../arm-none-eabi/lib/thumb/v7e-m+fp/hard\libc_nano.a(lib_a-nano-mallocr.o)
                0x200046a4                __malloc_free_list
 .bss.__malloc_sbrk_start
                0x200046a8        0x4 e:/gnu tools arm embedded/9 2019-q4-major/bin/../lib/gcc/arm-none-eabi/9.2.1/../../../../arm-none-eabi/lib/thumb/v7e-m+fp/hard\libc_nano.a(lib_a-nano-mallocr.o)
                0x200046a8                __malloc_sbrk_start
 .bss.heap_end.5507
                0x200046ac        0x4 e:/gnu tools arm embedded/9 2019-q4-major/bin/../lib/gcc/arm-none-eabi/9.2.1/../../../../arm-none-eabi/lib/thumb/v7e-m+fp/hard\libnosys.a(sbrk.o)
 *(COMMON)
 COMMON         0x200046b0        0x4 build/usart2.o
                0x200046b0                usart2_queue
 COMMON         0x200046b4        0x4 build/freertos.o
                0x200046b4                defaultTaskHandle
 COMMON         0x200046b8      0x114 build/i2c.o
                0x200046b8                hdma_i2c1_tx
                0x20004718                hi2c1
                0x2000476c                hdma_i2c1_rx
 COMMON         0x200047cc       0x48 build/tim.o
                0x200047cc                htim4
 COMMON         0x20004814      0x208 build/usart.o
                0x20004814                hdma_usart2_rx
                0x20004874                hdma_usart1_tx
                0x200048d4                hdma_usart1_rx
                0x20004934                hdma_usart2_tx
                0x20004994                huart1
                0x200049d8                huart2
 COMMON         0x20004a1c       0x48 build/stm32f4xx_hal_timebase_tim.o
                0x20004a1c                htim7
 COMMON         0x20004a64        0x4 build/stm32f4xx_hal.o
                0x20004a64                uwTick
 COMMON         0x20004a68        0x9 e:/gnu tools arm embedded/9 2019-q4-major/bin/../lib/gcc/arm-none-eabi/9.2.1/../../../../arm-none-eabi/lib/thumb/v7e-m+fp/hard\libc_nano.a(lib_a-lock.o)
                0x20004a68                __lock___atexit_recursive_mutex
                0x20004a69                __lock___arc4random_mutex
                0x20004a6a                __lock___env_recursive_mutex
                0x20004a6b                __lock___sinit_recursive_mutex
                0x20004a6c                __lock___malloc_recursive_mutex
                0x20004a6d                __lock___at_quick_exit_mutex
                0x20004a6e                __lock___dd_hash_mutex
                0x20004a6f                __lock___tz_mutex
                0x20004a70                __lock___sfp_recursive_mutex
 *fill*         0x20004a71        0x3 
 COMMON         0x20004a74        0x4 e:/gnu tools arm embedded/9 2019-q4-major/bin/../lib/gcc/arm-none-eabi/9.2.1/../../../../arm-none-eabi/lib/thumb/v7e-m+fp/hard\libc_nano.a(lib_a-reent.o)
                0x20004a74                errno
                0x20004a78                . = ALIGN (0x4)
                0x20004a78                _ebss = .
                0x20004a78                __bss_end__ = _ebss

._user_heap_stack
                0x20004a78      0x600
                0x20004a78                . = ALIGN (0x8)
                0x20004a78                PROVIDE (end = .)
                [!provide]                PROVIDE (_end = .)
                0x20004c78                . = (. + _Min_Heap_Size)
 *fill*         0x20004a78      0x200 
                0x20005078                . = (. + _Min_Stack_Size)
 *fill*         0x20004c78      0x400 
                0x20005078                . = ALIGN (0x8)

/DISCARD/
 libc.a(*)
 libm.a(*)
 libgcc.a(*)

.ARM.attributes
                0x00000000       0x30
 *(.ARM.attributes)
 .ARM.attributes
                0x00000000       0x1e e:/gnu tools arm embedded/9 2019-q4-major/bin/../lib/gcc/arm-none-eabi/9.2.1/thumb/v7e-m+fp/hard/crti.o
 .ARM.attributes
                0x0000001e       0x34 e:/gnu tools arm embedded/9 2019-q4-major/bin/../lib/gcc/arm-none-eabi/9.2.1/thumb/v7e-m+fp/hard/crtbegin.o
 .ARM.attributes
                0x00000052       0x34 build/usart2.o
 .ARM.attributes
                0x00000086       0x34 build/utils.o
 .ARM.attributes
                0x000000ba       0x34 build/mpu6050.o
 .ARM.attributes
                0x000000ee       0x34 build/ms5611.o
 .ARM.attributes
                0x00000122       0x34 build/hmc5883l.o
 .ARM.attributes
                0x00000156       0x34 build/sensors.o
 .ARM.attributes
                0x0000018a       0x34 build/i2c1.o
 .ARM.attributes
                0x000001be       0x34 build/system_task.o
 .ARM.attributes
                0x000001f2       0x34 build/main.o
 .ARM.attributes
                0x00000226       0x34 build/gpio.o
 .ARM.attributes
                0x0000025a       0x34 build/dma.o
 .ARM.attributes
                0x0000028e       0x34 build/freertos.o
 .ARM.attributes
                0x000002c2       0x34 build/i2c.o
 .ARM.attributes
                0x000002f6       0x34 build/tim.o
 .ARM.attributes
                0x0000032a       0x34 build/usart.o
 .ARM.attributes
                0x0000035e       0x34 build/stm32f4xx_it.o
 .ARM.attributes
                0x00000392       0x34 build/stm32f4xx_hal_msp.o
 .ARM.attributes
                0x000003c6       0x34 build/stm32f4xx_hal_timebase_tim.o
 .ARM.attributes
                0x000003fa       0x34 build/stm32f4xx_hal_rcc.o
 .ARM.attributes
                0x0000042e       0x34 build/stm32f4xx_hal_gpio.o
 .ARM.attributes
                0x00000462       0x34 build/stm32f4xx_hal_dma.o
 .ARM.attributes
                0x00000496       0x34 build/stm32f4xx_hal_cortex.o
 .ARM.attributes
                0x000004ca       0x34 build/stm32f4xx_hal.o
 .ARM.attributes
                0x000004fe       0x34 build/stm32f4xx_hal_i2c.o
 .ARM.attributes
                0x00000532       0x34 build/stm32f4xx_hal_tim.o
 .ARM.attributes
                0x00000566       0x34 build/stm32f4xx_hal_tim_ex.o
 .ARM.attributes
                0x0000059a       0x34 build/stm32f4xx_hal_uart.o
 .ARM.attributes
                0x000005ce       0x34 build/system_stm32f4xx.o
 .ARM.attributes
                0x00000602       0x34 build/list.o
 .ARM.attributes
                0x00000636       0x34 build/queue.o
 .ARM.attributes
                0x0000066a       0x34 build/tasks.o
 .ARM.attributes
                0x0000069e       0x34 build/cmsis_os.o
 .ARM.attributes
                0x000006d2       0x34 build/heap_4.o
 .ARM.attributes
                0x00000706       0x34 build/port.o
 .ARM.attributes
                0x0000073a       0x21 build/startup_stm32f407xx.o
 .ARM.attributes
                0x0000075b       0x32 e:/gnu tools arm embedded/9 2019-q4-major/bin/../lib/gcc/arm-none-eabi/9.2.1/../../../../arm-none-eabi/lib/thumb/v7e-m+fp/hard\libc_nano.a(lib_a-impure.o)
 .ARM.attributes
                0x0000078d       0x34 e:/gnu tools arm embedded/9 2019-q4-major/bin/../lib/gcc/arm-none-eabi/9.2.1/../../../../arm-none-eabi/lib/thumb/v7e-m+fp/hard\libc_nano.a(lib_a-init.o)
 .ARM.attributes
                0x000007c1       0x34 e:/gnu tools arm embedded/9 2019-q4-major/bin/../lib/gcc/arm-none-eabi/9.2.1/../../../../arm-none-eabi/lib/thumb/v7e-m+fp/hard\libc_nano.a(lib_a-memcpy-stub.o)
 .ARM.attributes
                0x000007f5       0x34 e:/gnu tools arm embedded/9 2019-q4-major/bin/../lib/gcc/arm-none-eabi/9.2.1/../../../../arm-none-eabi/lib/thumb/v7e-m+fp/hard\libc_nano.a(lib_a-memset.o)
 .ARM.attributes
                0x00000829       0x34 e:/gnu tools arm embedded/9 2019-q4-major/bin/../lib/gcc/arm-none-eabi/9.2.1/../../../../arm-none-eabi/lib/thumb/v7e-m+fp/hard\libc_nano.a(lib_a-nano-vfprintf_float.o)
 .ARM.attributes
                0x0000085d       0x34 e:/gnu tools arm embedded/9 2019-q4-major/bin/../lib/gcc/arm-none-eabi/9.2.1/../../../../arm-none-eabi/lib/thumb/v7e-m+fp/hard\libc_nano.a(lib_a-nano-vfprintf_i.o)
 .ARM.attributes
                0x00000891       0x34 e:/gnu tools arm embedded/9 2019-q4-major/bin/../lib/gcc/arm-none-eabi/9.2.1/../../../../arm-none-eabi/lib/thumb/v7e-m+fp/hard\libc_nano.a(lib_a-printf.o)
 .ARM.attributes
                0x000008c5       0x34 e:/gnu tools arm embedded/9 2019-q4-major/bin/../lib/gcc/arm-none-eabi/9.2.1/../../../../arm-none-eabi/lib/thumb/v7e-m+fp/hard\libc_nano.a(lib_a-puts.o)
 .ARM.attributes
                0x000008f9       0x17 e:/gnu tools arm embedded/9 2019-q4-major/bin/../lib/gcc/arm-none-eabi/9.2.1/../../../../arm-none-eabi/lib/thumb/v7e-m+fp/hard\libc_nano.a(lib_a-strlen.o)
 .ARM.attributes
                0x00000910       0x34 e:/gnu tools arm embedded/9 2019-q4-major/bin/../lib/gcc/arm-none-eabi/9.2.1/../../../../arm-none-eabi/lib/thumb/v7e-m+fp/hard\libc_nano.a(lib_a-wbuf.o)
 .ARM.attributes
                0x00000944       0x34 e:/gnu tools arm embedded/9 2019-q4-major/bin/../lib/gcc/arm-none-eabi/9.2.1/../../../../arm-none-eabi/lib/thumb/v7e-m+fp/hard\libc_nano.a(lib_a-wsetup.o)
 .ARM.attributes
                0x00000978       0x34 e:/gnu tools arm embedded/9 2019-q4-major/bin/../lib/gcc/arm-none-eabi/9.2.1/../../../../arm-none-eabi/lib/thumb/v7e-m+fp/hard\libc_nano.a(lib_a-dtoa.o)
 .ARM.attributes
                0x000009ac       0x34 e:/gnu tools arm embedded/9 2019-q4-major/bin/../lib/gcc/arm-none-eabi/9.2.1/../../../../arm-none-eabi/lib/thumb/v7e-m+fp/hard\libc_nano.a(lib_a-fflush.o)
 .ARM.attributes
                0x000009e0       0x34 e:/gnu tools arm embedded/9 2019-q4-major/bin/../lib/gcc/arm-none-eabi/9.2.1/../../../../arm-none-eabi/lib/thumb/v7e-m+fp/hard\libc_nano.a(lib_a-findfp.o)
 .ARM.attributes
                0x00000a14       0x34 e:/gnu tools arm embedded/9 2019-q4-major/bin/../lib/gcc/arm-none-eabi/9.2.1/../../../../arm-none-eabi/lib/thumb/v7e-m+fp/hard\libc_nano.a(lib_a-fwalk.o)
 .ARM.attributes
                0x00000a48       0x34 e:/gnu tools arm embedded/9 2019-q4-major/bin/../lib/gcc/arm-none-eabi/9.2.1/../../../../arm-none-eabi/lib/thumb/v7e-m+fp/hard\libc_nano.a(lib_a-localeconv.o)
 .ARM.attributes
                0x00000a7c       0x34 e:/gnu tools arm embedded/9 2019-q4-major/bin/../lib/gcc/arm-none-eabi/9.2.1/../../../../arm-none-eabi/lib/thumb/v7e-m+fp/hard\libc_nano.a(lib_a-lock.o)
 .ARM.attributes
                0x00000ab0       0x34 e:/gnu tools arm embedded/9 2019-q4-major/bin/../lib/gcc/arm-none-eabi/9.2.1/../../../../arm-none-eabi/lib/thumb/v7e-m+fp/hard\libc_nano.a(lib_a-makebuf.o)
 .ARM.attributes
                0x00000ae4       0x34 e:/gnu tools arm embedded/9 2019-q4-major/bin/../lib/gcc/arm-none-eabi/9.2.1/../../../../arm-none-eabi/lib/thumb/v7e-m+fp/hard\libc_nano.a(lib_a-malloc.o)
 .ARM.attributes
                0x00000b18       0x1c e:/gnu tools arm embedded/9 2019-q4-major/bin/../lib/gcc/arm-none-eabi/9.2.1/../../../../arm-none-eabi/lib/thumb/v7e-m+fp/hard\libc_nano.a(lib_a-memchr.o)
 .ARM.attributes
                0x00000b34       0x34 e:/gnu tools arm embedded/9 2019-q4-major/bin/../lib/gcc/arm-none-eabi/9.2.1/../../../../arm-none-eabi/lib/thumb/v7e-m+fp/hard\libc_nano.a(lib_a-mprec.o)
 .ARM.attributes
                0x00000b68       0x34 e:/gnu tools arm embedded/9 2019-q4-major/bin/../lib/gcc/arm-none-eabi/9.2.1/../../../../arm-none-eabi/lib/thumb/v7e-m+fp/hard\libc_nano.a(lib_a-nano-callocr.o)
 .ARM.attributes
                0x00000b9c       0x34 e:/gnu tools arm embedded/9 2019-q4-major/bin/../lib/gcc/arm-none-eabi/9.2.1/../../../../arm-none-eabi/lib/thumb/v7e-m+fp/hard\libc_nano.a(lib_a-nano-freer.o)
 .ARM.attributes
                0x00000bd0       0x34 e:/gnu tools arm embedded/9 2019-q4-major/bin/../lib/gcc/arm-none-eabi/9.2.1/../../../../arm-none-eabi/lib/thumb/v7e-m+fp/hard\libc_nano.a(lib_a-nano-mallocr.o)
 .ARM.attributes
                0x00000c04       0x34 e:/gnu tools arm embedded/9 2019-q4-major/bin/../lib/gcc/arm-none-eabi/9.2.1/../../../../arm-none-eabi/lib/thumb/v7e-m+fp/hard\libc_nano.a(lib_a-nano-vfprintf.o)
 .ARM.attributes
                0x00000c38       0x34 e:/gnu tools arm embedded/9 2019-q4-major/bin/../lib/gcc/arm-none-eabi/9.2.1/../../../../arm-none-eabi/lib/thumb/v7e-m+fp/hard\libc_nano.a(lib_a-sbrkr.o)
 .ARM.attributes
                0x00000c6c       0x34 e:/gnu tools arm embedded/9 2019-q4-major/bin/../lib/gcc/arm-none-eabi/9.2.1/../../../../arm-none-eabi/lib/thumb/v7e-m+fp/hard\libc_nano.a(lib_a-stdio.o)
 .ARM.attributes
                0x00000ca0       0x34 e:/gnu tools arm embedded/9 2019-q4-major/bin/../lib/gcc/arm-none-eabi/9.2.1/../../../../arm-none-eabi/lib/thumb/v7e-m+fp/hard\libc_nano.a(lib_a-writer.o)
 .ARM.attributes
                0x00000cd4       0x34 e:/gnu tools arm embedded/9 2019-q4-major/bin/../lib/gcc/arm-none-eabi/9.2.1/../../../../arm-none-eabi/lib/thumb/v7e-m+fp/hard\libc_nano.a(lib_a-closer.o)
 .ARM.attributes
                0x00000d08       0x34 e:/gnu tools arm embedded/9 2019-q4-major/bin/../lib/gcc/arm-none-eabi/9.2.1/../../../../arm-none-eabi/lib/thumb/v7e-m+fp/hard\libc_nano.a(lib_a-fstatr.o)
 .ARM.attributes
                0x00000d3c       0x34 e:/gnu tools arm embedded/9 2019-q4-major/bin/../lib/gcc/arm-none-eabi/9.2.1/../../../../arm-none-eabi/lib/thumb/v7e-m+fp/hard\libc_nano.a(lib_a-isattyr.o)
 .ARM.attributes
                0x00000d70       0x34 e:/gnu tools arm embedded/9 2019-q4-major/bin/../lib/gcc/arm-none-eabi/9.2.1/../../../../arm-none-eabi/lib/thumb/v7e-m+fp/hard\libc_nano.a(lib_a-locale.o)
 .ARM.attributes
                0x00000da4       0x34 e:/gnu tools arm embedded/9 2019-q4-major/bin/../lib/gcc/arm-none-eabi/9.2.1/../../../../arm-none-eabi/lib/thumb/v7e-m+fp/hard\libc_nano.a(lib_a-lseekr.o)
 .ARM.attributes
                0x00000dd8       0x34 e:/gnu tools arm embedded/9 2019-q4-major/bin/../lib/gcc/arm-none-eabi/9.2.1/../../../../arm-none-eabi/lib/thumb/v7e-m+fp/hard\libc_nano.a(lib_a-mbtowc_r.o)
 .ARM.attributes
                0x00000e0c       0x34 e:/gnu tools arm embedded/9 2019-q4-major/bin/../lib/gcc/arm-none-eabi/9.2.1/../../../../arm-none-eabi/lib/thumb/v7e-m+fp/hard\libc_nano.a(lib_a-mlock.o)
 .ARM.attributes
                0x00000e40       0x34 e:/gnu tools arm embedded/9 2019-q4-major/bin/../lib/gcc/arm-none-eabi/9.2.1/../../../../arm-none-eabi/lib/thumb/v7e-m+fp/hard\libc_nano.a(lib_a-readr.o)
 .ARM.attributes
                0x00000e74       0x34 e:/gnu tools arm embedded/9 2019-q4-major/bin/../lib/gcc/arm-none-eabi/9.2.1/../../../../arm-none-eabi/lib/thumb/v7e-m+fp/hard\libc_nano.a(lib_a-reent.o)
 .ARM.attributes
                0x00000ea8       0x34 e:/gnu tools arm embedded/9 2019-q4-major/bin/../lib/gcc/arm-none-eabi/9.2.1/../../../../arm-none-eabi/lib/thumb/v7e-m+fp/hard\libc_nano.a(lib_a-wctomb_r.o)
 .ARM.attributes
                0x00000edc       0x32 e:/gnu tools arm embedded/9 2019-q4-major/bin/../lib/gcc/arm-none-eabi/9.2.1/../../../../arm-none-eabi/lib/thumb/v7e-m+fp/hard\libc_nano.a(lib_a-ctype_.o)
 .ARM.attributes
                0x00000f0e       0x34 e:/gnu tools arm embedded/9 2019-q4-major/bin/../lib/gcc/arm-none-eabi/9.2.1/../../../../arm-none-eabi/lib/thumb/v7e-m+fp/hard\libnosys.a(close.o)
 .ARM.attributes
                0x00000f42       0x34 e:/gnu tools arm embedded/9 2019-q4-major/bin/../lib/gcc/arm-none-eabi/9.2.1/../../../../arm-none-eabi/lib/thumb/v7e-m+fp/hard\libnosys.a(fstat.o)
 .ARM.attributes
                0x00000f76       0x34 e:/gnu tools arm embedded/9 2019-q4-major/bin/../lib/gcc/arm-none-eabi/9.2.1/../../../../arm-none-eabi/lib/thumb/v7e-m+fp/hard\libnosys.a(isatty.o)
 .ARM.attributes
                0x00000faa       0x34 e:/gnu tools arm embedded/9 2019-q4-major/bin/../lib/gcc/arm-none-eabi/9.2.1/../../../../arm-none-eabi/lib/thumb/v7e-m+fp/hard\libnosys.a(lseek.o)
 .ARM.attributes
                0x00000fde       0x34 e:/gnu tools arm embedded/9 2019-q4-major/bin/../lib/gcc/arm-none-eabi/9.2.1/../../../../arm-none-eabi/lib/thumb/v7e-m+fp/hard\libnosys.a(read.o)
 .ARM.attributes
                0x00001012       0x34 e:/gnu tools arm embedded/9 2019-q4-major/bin/../lib/gcc/arm-none-eabi/9.2.1/../../../../arm-none-eabi/lib/thumb/v7e-m+fp/hard\libnosys.a(sbrk.o)
 .ARM.attributes
                0x00001046       0x1e e:/gnu tools arm embedded/9 2019-q4-major/bin/../lib/gcc/arm-none-eabi/9.2.1/thumb/v7e-m+fp/hard\libgcc.a(_arm_addsubdf3.o)
 .ARM.attributes
                0x00001064       0x1e e:/gnu tools arm embedded/9 2019-q4-major/bin/../lib/gcc/arm-none-eabi/9.2.1/thumb/v7e-m+fp/hard\libgcc.a(_arm_muldivdf3.o)
 .ARM.attributes
                0x00001082       0x1e e:/gnu tools arm embedded/9 2019-q4-major/bin/../lib/gcc/arm-none-eabi/9.2.1/thumb/v7e-m+fp/hard\libgcc.a(_arm_cmpdf2.o)
 .ARM.attributes
                0x000010a0       0x1e e:/gnu tools arm embedded/9 2019-q4-major/bin/../lib/gcc/arm-none-eabi/9.2.1/thumb/v7e-m+fp/hard\libgcc.a(_arm_unorddf2.o)
 .ARM.attributes
                0x000010be       0x1e e:/gnu tools arm embedded/9 2019-q4-major/bin/../lib/gcc/arm-none-eabi/9.2.1/thumb/v7e-m+fp/hard\libgcc.a(_arm_fixdfsi.o)
 .ARM.attributes
                0x000010dc       0x1e e:/gnu tools arm embedded/9 2019-q4-major/bin/../lib/gcc/arm-none-eabi/9.2.1/thumb/v7e-m+fp/hard\libgcc.a(_aeabi_uldivmod.o)
 .ARM.attributes
                0x000010fa       0x34 e:/gnu tools arm embedded/9 2019-q4-major/bin/../lib/gcc/arm-none-eabi/9.2.1/thumb/v7e-m+fp/hard\libgcc.a(_udivmoddi4.o)
 .ARM.attributes
                0x0000112e       0x1e e:/gnu tools arm embedded/9 2019-q4-major/bin/../lib/gcc/arm-none-eabi/9.2.1/thumb/v7e-m+fp/hard\libgcc.a(_dvmd_tls.o)
 .ARM.attributes
                0x0000114c       0x1e e:/gnu tools arm embedded/9 2019-q4-major/bin/../lib/gcc/arm-none-eabi/9.2.1/thumb/v7e-m+fp/hard/crtn.o
OUTPUT(build/mainboard.elf elf32-littlearm)

.debug_info     0x00000000    0x35b21
 .debug_info    0x00000000     0x157d build/usart2.o
 .debug_info    0x0000157d     0x11e7 build/utils.o
 .debug_info    0x00002764     0x18f9 build/mpu6050.o
 .debug_info    0x0000405d     0x1898 build/ms5611.o
 .debug_info    0x000058f5     0x15d8 build/hmc5883l.o
 .debug_info    0x00006ecd     0x1d4f build/sensors.o
 .debug_info    0x00008c1c     0x1a08 build/i2c1.o
 .debug_info    0x0000a624     0x1925 build/system_task.o
 .debug_info    0x0000bf49     0x1fef build/main.o
 .debug_info    0x0000df38     0x14b4 build/gpio.o
 .debug_info    0x0000f3ec     0x162e build/dma.o
 .debug_info    0x00010a1a     0x142f build/freertos.o
 .debug_info    0x00011e49     0x1b9c build/i2c.o
 .debug_info    0x000139e5     0x1b45 build/tim.o
 .debug_info    0x0001552a     0x19d4 build/usart.o
 .debug_info    0x00016efe     0x1926 build/stm32f4xx_it.o
 .debug_info    0x00018824     0x1511 build/stm32f4xx_hal_msp.o
 .debug_info    0x00019d35      0xe4b build/stm32f4xx_hal_timebase_tim.o
 .debug_info    0x0001ab80      0xc44 build/stm32f4xx_hal_rcc.o
 .debug_info    0x0001b7c4      0x92a build/stm32f4xx_hal_gpio.o
 .debug_info    0x0001c0ee      0xc8b build/stm32f4xx_hal_dma.o
 .debug_info    0x0001cd79     0x123e build/stm32f4xx_hal_cortex.o
 .debug_info    0x0001dfb7      0xb5e build/stm32f4xx_hal.o
 .debug_info    0x0001eb15     0x3bda build/stm32f4xx_hal_i2c.o
 .debug_info    0x000226ef     0x3f02 build/stm32f4xx_hal_tim.o
 .debug_info    0x000265f1     0x1cbb build/stm32f4xx_hal_tim_ex.o
 .debug_info    0x000282ac     0x1f4e build/stm32f4xx_hal_uart.o
 .debug_info    0x0002a1fa      0x63c build/system_stm32f4xx.o
 .debug_info    0x0002a836      0xca4 build/list.o
 .debug_info    0x0002b4da     0x2d88 build/queue.o
 .debug_info    0x0002e262     0x3568 build/tasks.o
 .debug_info    0x000317ca     0x2dbe build/cmsis_os.o
 .debug_info    0x00034588      0xfaf build/heap_4.o
 .debug_info    0x00035537      0x5c8 build/port.o
 .debug_info    0x00035aff       0x22 build/startup_stm32f407xx.o

.debug_abbrev   0x00000000     0x5e5c
 .debug_abbrev  0x00000000      0x2b3 build/usart2.o
 .debug_abbrev  0x000002b3      0x26d build/utils.o
 .debug_abbrev  0x00000520      0x299 build/mpu6050.o
 .debug_abbrev  0x000007b9      0x340 build/ms5611.o
 .debug_abbrev  0x00000af9      0x27b build/hmc5883l.o
 .debug_abbrev  0x00000d74      0x31f build/sensors.o
 .debug_abbrev  0x00001093      0x2ba build/i2c1.o
 .debug_abbrev  0x0000134d      0x2a4 build/system_task.o
 .debug_abbrev  0x000015f1      0x2da build/main.o
 .debug_abbrev  0x000018cb      0x239 build/gpio.o
 .debug_abbrev  0x00001b04      0x242 build/dma.o
 .debug_abbrev  0x00001d46      0x283 build/freertos.o
 .debug_abbrev  0x00001fc9      0x297 build/i2c.o
 .debug_abbrev  0x00002260      0x2c4 build/tim.o
 .debug_abbrev  0x00002524      0x297 build/usart.o
 .debug_abbrev  0x000027bb      0x24d build/stm32f4xx_it.o
 .debug_abbrev  0x00002a08      0x235 build/stm32f4xx_hal_msp.o
 .debug_abbrev  0x00002c3d      0x21c build/stm32f4xx_hal_timebase_tim.o
 .debug_abbrev  0x00002e59      0x2cd build/stm32f4xx_hal_rcc.o
 .debug_abbrev  0x00003126      0x258 build/stm32f4xx_hal_gpio.o
 .debug_abbrev  0x0000337e      0x312 build/stm32f4xx_hal_dma.o
 .debug_abbrev  0x00003690      0x3a8 build/stm32f4xx_hal_cortex.o
 .debug_abbrev  0x00003a38      0x21c build/stm32f4xx_hal.o
 .debug_abbrev  0x00003c54      0x31f build/stm32f4xx_hal_i2c.o
 .debug_abbrev  0x00003f73      0x2af build/stm32f4xx_hal_tim.o
 .debug_abbrev  0x00004222      0x2ab build/stm32f4xx_hal_tim_ex.o
 .debug_abbrev  0x000044cd      0x318 build/stm32f4xx_hal_uart.o
 .debug_abbrev  0x000047e5      0x14a build/system_stm32f4xx.o
 .debug_abbrev  0x0000492f      0x245 build/list.o
 .debug_abbrev  0x00004b74      0x44c build/queue.o
 .debug_abbrev  0x00004fc0      0x448 build/tasks.o
 .debug_abbrev  0x00005408      0x437 build/cmsis_os.o
 .debug_abbrev  0x0000583f      0x381 build/heap_4.o
 .debug_abbrev  0x00005bc0      0x28a build/port.o
 .debug_abbrev  0x00005e4a       0x12 build/startup_stm32f407xx.o

.debug_loc      0x00000000    0x186a9
 .debug_loc     0x00000000      0x1d9 build/usart2.o
 .debug_loc     0x000001d9      0x2c0 build/utils.o
 .debug_loc     0x00000499      0x31e build/mpu6050.o
 .debug_loc     0x000007b7      0x269 build/ms5611.o
 .debug_loc     0x00000a20      0x17c build/hmc5883l.o
 .debug_loc     0x00000b9c      0x183 build/sensors.o
 .debug_loc     0x00000d1f      0x4c2 build/i2c1.o
 .debug_loc     0x000011e1       0xe3 build/system_task.o
 .debug_loc     0x000012c4       0xbb build/main.o
 .debug_loc     0x0000137f       0x38 build/gpio.o
 .debug_loc     0x000013b7       0x38 build/dma.o