Archive member included to satisfy reference by file (symbol)

c:/gnu_tools_arm_embedded/bin/../lib/gcc/arm-none-eabi/9.2.1/../../../../arm-none-eabi/lib/thumb/v7e-m+fp/hard\libc.a(lib_a-exit.o)
                              c:/gnu_tools_arm_embedded/bin/../lib/gcc/arm-none-eabi/9.2.1/../../../../arm-none-eabi/lib/thumb/v7e-m+fp/hard/crt0.o (exit)
c:/gnu_tools_arm_embedded/bin/../lib/gcc/arm-none-eabi/9.2.1/../../../../arm-none-eabi/lib/thumb/v7e-m+fp/hard\libc.a(lib_a-impure.o)
                              c:/gnu_tools_arm_embedded/bin/../lib/gcc/arm-none-eabi/9.2.1/../../../../arm-none-eabi/lib/thumb/v7e-m+fp/hard\libc.a(lib_a-exit.o) (_global_impure_ptr)
c:/gnu_tools_arm_embedded/bin/../lib/gcc/arm-none-eabi/9.2.1/../../../../arm-none-eabi/lib/thumb/v7e-m+fp/hard\libc.a(lib_a-init.o)
                              c:/gnu_tools_arm_embedded/bin/../lib/gcc/arm-none-eabi/9.2.1/../../../../arm-none-eabi/lib/thumb/v7e-m+fp/hard/crt0.o (__libc_init_array)
c:/gnu_tools_arm_embedded/bin/../lib/gcc/arm-none-eabi/9.2.1/../../../../arm-none-eabi/lib/thumb/v7e-m+fp/hard\libc.a(lib_a-memcpy.o)
                              build/queue.o (memcpy)
c:/gnu_tools_arm_embedded/bin/../lib/gcc/arm-none-eabi/9.2.1/../../../../arm-none-eabi/lib/thumb/v7e-m+fp/hard\libc.a(lib_a-memset.o)
                              c:/gnu_tools_arm_embedded/bin/../lib/gcc/arm-none-eabi/9.2.1/../../../../arm-none-eabi/lib/thumb/v7e-m+fp/hard/crt0.o (memset)
c:/gnu_tools_arm_embedded/bin/../lib/gcc/arm-none-eabi/9.2.1/../../../../arm-none-eabi/lib/thumb/v7e-m+fp/hard\libc.a(lib_a-printf.o)
                              build/utils.o (printf)
c:/gnu_tools_arm_embedded/bin/../lib/gcc/arm-none-eabi/9.2.1/../../../../arm-none-eabi/lib/thumb/v7e-m+fp/hard\libc.a(lib_a-puts.o)
                              build/sensors.o (puts)
c:/gnu_tools_arm_embedded/bin/../lib/gcc/arm-none-eabi/9.2.1/../../../../arm-none-eabi/lib/thumb/v7e-m+fp/hard\libc.a(lib_a-strlen.o)
                              c:/gnu_tools_arm_embedded/bin/../lib/gcc/arm-none-eabi/9.2.1/../../../../arm-none-eabi/lib/thumb/v7e-m+fp/hard\libc.a(lib_a-puts.o) (strlen)
c:/gnu_tools_arm_embedded/bin/../lib/gcc/arm-none-eabi/9.2.1/../../../../arm-none-eabi/lib/thumb/v7e-m+fp/hard\libc.a(lib_a-vfprintf.o)
                              c:/gnu_tools_arm_embedded/bin/../lib/gcc/arm-none-eabi/9.2.1/../../../../arm-none-eabi/lib/thumb/v7e-m+fp/hard\libc.a(lib_a-printf.o) (_vfprintf_r)
c:/gnu_tools_arm_embedded/bin/../lib/gcc/arm-none-eabi/9.2.1/../../../../arm-none-eabi/lib/thumb/v7e-m+fp/hard\libc.a(lib_a-wsetup.o)
                              c:/gnu_tools_arm_embedded/bin/../lib/gcc/arm-none-eabi/9.2.1/../../../../arm-none-eabi/lib/thumb/v7e-m+fp/hard\libc.a(lib_a-vfprintf.o) (__swsetup_r)
c:/gnu_tools_arm_embedded/bin/../lib/gcc/arm-none-eabi/9.2.1/../../../../arm-none-eabi/lib/thumb/v7e-m+fp/hard\libc.a(lib_a-__call_atexit.o)
                              c:/gnu_tools_arm_embedded/bin/../lib/gcc/arm-none-eabi/9.2.1/../../../../arm-none-eabi/lib/thumb/v7e-m+fp/hard\libc.a(lib_a-exit.o) (__call_exitprocs)
c:/gnu_tools_arm_embedded/bin/../lib/gcc/arm-none-eabi/9.2.1/../../../../arm-none-eabi/lib/thumb/v7e-m+fp/hard\libc.a(lib_a-atexit.o)
                              c:/gnu_tools_arm_embedded/bin/../lib/gcc/arm-none-eabi/9.2.1/../../../../arm-none-eabi/lib/thumb/v7e-m+fp/hard\libc.a(lib_a-__call_atexit.o) (atexit)
c:/gnu_tools_arm_embedded/bin/../lib/gcc/arm-none-eabi/9.2.1/../../../../arm-none-eabi/lib/thumb/v7e-m+fp/hard\libc.a(lib_a-dtoa.o)
                              c:/gnu_tools_arm_embedded/bin/../lib/gcc/arm-none-eabi/9.2.1/../../../../arm-none-eabi/lib/thumb/v7e-m+fp/hard\libc.a(lib_a-vfprintf.o) (_dtoa_r)
c:/gnu_tools_arm_embedded/bin/../lib/gcc/arm-none-eabi/9.2.1/../../../../arm-none-eabi/lib/thumb/v7e-m+fp/hard\libc.a(lib_a-fflush.o)
                              c:/gnu_tools_arm_embedded/bin/../lib/gcc/arm-none-eabi/9.2.1/../../../../arm-none-eabi/lib/thumb/v7e-m+fp/hard\libc.a(lib_a-vfprintf.o) (_fflush_r)
c:/gnu_tools_arm_embedded/bin/../lib/gcc/arm-none-eabi/9.2.1/../../../../arm-none-eabi/lib/thumb/v7e-m+fp/hard\libc.a(lib_a-findfp.o)
                              c:/gnu_tools_arm_embedded/bin/../lib/gcc/arm-none-eabi/9.2.1/../../../../arm-none-eabi/lib/thumb/v7e-m+fp/hard\libc.a(lib_a-puts.o) (__sinit)
c:/gnu_tools_arm_embedded/bin/../lib/gcc/arm-none-eabi/9.2.1/../../../../arm-none-eabi/lib/thumb/v7e-m+fp/hard\libc.a(lib_a-fini.o)
                              c:/gnu_tools_arm_embedded/bin/../lib/gcc/arm-none-eabi/9.2.1/../../../../arm-none-eabi/lib/thumb/v7e-m+fp/hard\libc.a(lib_a-__call_atexit.o) (__libc_fini_array)
c:/gnu_tools_arm_embedded/bin/../lib/gcc/arm-none-eabi/9.2.1/../../../../arm-none-eabi/lib/thumb/v7e-m+fp/hard\libc.a(lib_a-freer.o)
                              c:/gnu_tools_arm_embedded/bin/../lib/gcc/arm-none-eabi/9.2.1/../../../../arm-none-eabi/lib/thumb/v7e-m+fp/hard\libc.a(lib_a-vfprintf.o) (_free_r)
[...]
Memory Configuration

Name             Origin             Length             Attributes
RAM              0x20000000         0x00020000         xrw
CCMRAM           0x10000000         0x00010000         xrw
FLASH            0x08000000         0x00080000         xr
*default*        0x00000000         0xffffffff

Linker script and memory map

LOAD c:/gnu_tools_arm_embedded/bin/../lib/gcc/arm-none-eabi/9.2.1/thumb/v7e-m+fp/hard/crti.o
LOAD c:/gnu_tools_arm_embedded/bin/../lib/gcc/arm-none-eabi/9.2.1/thumb/v7e-m+fp/hard/crtbegin.o
LOAD c:/gnu_tools_arm_embedded/bin/../lib/gcc/arm-none-eabi/9.2.1/../../../../arm-none-eabi/lib/thumb/v7e-m+fp/hard/crt0.o
LOAD build/usart_com.o
LOAD build/motor.o
LOAD build/mavlink_task.o
LOAD build/utils.o
LOAD build/mpu6050.o
LOAD build/ms5611.o
LOAD build/hmc5883l.o
LOAD build/sensors.o
LOAD build/sensors_task.o
LOAD build/i2c1.o
LOAD build/system_task.o
LOAD build/filter.o
LOAD build/eskf.o
LOAD build/state_estimator_task.o
LOAD build/main.o
LOAD build/gpio.o
LOAD build/dma.o
LOAD build/freertos.o
LOAD build/i2c.o
LOAD build/tim.o
LOAD build/usart.o
LOAD build/stm32f4xx_it.o
LOAD build/stm32f4xx_hal_msp.o
LOAD build/stm32f4xx_hal_timebase_tim.o
LOAD build/stm32f4xx_hal_rcc.o
LOAD build/stm32f4xx_hal_rcc_ex.o
LOAD build/stm32f4xx_hal_flash.o
LOAD build/stm32f4xx_hal_flash_ex.o
LOAD build/stm32f4xx_hal_flash_ramfunc.o
LOAD build/stm32f4xx_hal_gpio.o
LOAD build/stm32f4xx_hal_dma_ex.o
LOAD build/stm32f4xx_hal_dma.o
LOAD build/stm32f4xx_hal_pwr.o
LOAD build/stm32f4xx_hal_pwr_ex.o
LOAD build/stm32f4xx_hal_cortex.o
LOAD build/stm32f4xx_hal.o
LOAD build/stm32f4xx_hal_exti.o
LOAD build/stm32f4xx_hal_i2c.o
LOAD build/stm32f4xx_hal_i2c_ex.o
LOAD build/stm32f4xx_hal_tim.o
LOAD build/stm32f4xx_hal_tim_ex.o
LOAD build/stm32f4xx_hal_uart.o
LOAD build/system_stm32f4xx.o
LOAD build/croutine.o
LOAD build/event_groups.o
LOAD build/list.o
LOAD build/queue.o
LOAD build/stream_buffer.o
LOAD build/tasks.o
LOAD build/timers.o
LOAD build/cmsis_os.o
LOAD build/heap_4.o
LOAD build/port.o
LOAD build/startup_stm32f407xx.o
LOAD c:/gnu_tools_arm_embedded/bin/../lib/gcc/arm-none-eabi/9.2.1/../../../../arm-none-eabi/lib/thumb/v7e-m+fp/hard\libc.a
LOAD c:/gnu_tools_arm_embedded/bin/../lib/gcc/arm-none-eabi/9.2.1/../../../../arm-none-eabi/lib/thumb/v7e-m+fp/hard\libm.a
LOAD c:/gnu_tools_arm_embedded/bin/../lib/gcc/arm-none-eabi/9.2.1/../../../../arm-none-eabi/lib/thumb/v7e-m+fp/hard\libnosys.a
LOAD Drivers/CMSIS/Lib/GCC\libarm_cortexM4lf_math.a
START GROUP
LOAD c:/gnu_tools_arm_embedded/bin/../lib/gcc/arm-none-eabi/9.2.1/thumb/v7e-m+fp/hard\libgcc.a
LOAD c:/gnu_tools_arm_embedded/bin/../lib/gcc/arm-none-eabi/9.2.1/../../../../arm-none-eabi/lib/thumb/v7e-m+fp/hard\libc.a
END GROUP
LOAD c:/gnu_tools_arm_embedded/bin/../lib/gcc/arm-none-eabi/9.2.1/thumb/v7e-m+fp/hard/crtend.o
LOAD c:/gnu_tools_arm_embedded/bin/../lib/gcc/arm-none-eabi/9.2.1/thumb/v7e-m+fp/hard/crtn.o
                0x20020000                _estack = 0x20020000
                0x00000200                _Min_Heap_Size = 0x200
                0x00000400                _Min_Stack_Size = 0x400

.isr_vector     0x08000000      0x188
                0x08000000                . = ALIGN (0x4)
 *(.isr_vector)
 .isr_vector    0x08000000      0x188 build/startup_stm32f407xx.o
                0x08000000                g_pfnVectors
                0x08000188                . = ALIGN (0x4)

.text           0x080001c0     0xf0ec
                0x080001c0                . = ALIGN (0x4)
 *(.text)
 .text          0x080001c0       0x40 c:/gnu_tools_arm_embedded/bin/../lib/gcc/arm-none-eabi/9.2.1/thumb/v7e-m+fp/hard/crtbegin.o
 .text          0x08000200      0x134 c:/gnu_tools_arm_embedded/bin/../lib/gcc/arm-none-eabi/9.2.1/../../../../arm-none-eabi/lib/thumb/v7e-m+fp/hard\libc.a(lib_a-memcpy.o)
                0x08000200                memcpy
 *fill*         0x08000334        0xc 
 .text          0x08000340       0xdc c:/gnu_tools_arm_embedded/bin/../lib/gcc/arm-none-eabi/9.2.1/../../../../arm-none-eabi/lib/thumb/v7e-m+fp/hard\libc.a(lib_a-strlen.o)
                0x08000340                strlen
 *fill*         0x0800041c        0x4 
 .text          0x08000420       0xa0 c:/gnu_tools_arm_embedded/bin/../lib/gcc/arm-none-eabi/9.2.1/../../../../arm-none-eabi/lib/thumb/v7e-m+fp/hard\libc.a(lib_a-memchr.o)
                0x08000420                memchr
 .text          0x080004c0      0x378 c:/gnu_tools_arm_embedded/bin/../lib/gcc/arm-none-eabi/9.2.1/thumb/v7e-m+fp/hard\libgcc.a(_arm_addsubdf3.o)
                0x080004c0                __aeabi_drsub
                0x080004c8                __aeabi_dsub
                0x080004c8                __subdf3
                0x080004cc                __aeabi_dadd
                0x080004cc                __adddf3
                0x08000744                __floatunsidf
                0x08000744                __aeabi_ui2d
                0x08000764                __floatsidf
                0x08000764                __aeabi_i2d
                0x08000788                __aeabi_f2d
                0x08000788                __extendsfdf2
                0x080007cc                __floatundidf
                0x080007cc                __aeabi_ul2d
                0x080007dc                __floatdidf
                0x080007dc                __aeabi_l2d
 .text          0x08000838      0x424 c:/gnu_tools_arm_embedded/bin/../lib/gcc/arm-none-eabi/9.2.1/thumb/v7e-m+fp/hard\libgcc.a(_arm_muldivdf3.o)
                0x08000838                __aeabi_dmul
                0x08000838                __muldf3
                0x08000a8c                __divdf3
                0x08000a8c                __aeabi_ddiv
 .text          0x08000c5c      0x110 c:/gnu_tools_arm_embedded/bin/../lib/gcc/arm-none-eabi/9.2.1/thumb/v7e-m+fp/hard\libgcc.a(_arm_cmpdf2.o)
                0x08000c5c                __gtdf2
                0x08000c5c                __gedf2
                0x08000c64                __ltdf2
                0x08000c64                __ledf2
                0x08000c6c                __nedf2
                0x08000c6c                __eqdf2
                0x08000c6c                __cmpdf2
                0x08000ce8                __aeabi_cdrcmple
                0x08000cf8                __aeabi_cdcmpeq
                0x08000cf8                __aeabi_cdcmple
                0x08000d08                __aeabi_dcmpeq
                0x08000d1c                __aeabi_dcmplt
                0x08000d30                __aeabi_dcmple
                0x08000d44                __aeabi_dcmpge
                0x08000d58                __aeabi_dcmpgt
 .text          0x08000d6c       0x2c c:/gnu_tools_arm_embedded/bin/../lib/gcc/arm-none-eabi/9.2.1/thumb/v7e-m+fp/hard\libgcc.a(_arm_unorddf2.o)
                0x08000d6c                __unorddf2
                0x08000d6c                __aeabi_dcmpun
 .text          0x08000d98       0x50 c:/gnu_tools_arm_embedded/bin/../lib/gcc/arm-none-eabi/9.2.1/thumb/v7e-m+fp/hard\libgcc.a(_arm_fixdfsi.o)
                0x08000d98                __aeabi_d2iz
                0x08000d98                __fixdfsi
 .text          0x08000de8       0xa0 c:/gnu_tools_arm_embedded/bin/../lib/gcc/arm-none-eabi/9.2.1/thumb/v7e-m+fp/hard\libgcc.a(_arm_truncdfsf2.o)
                0x08000de8                __truncdfsf2
                0x08000de8                __aeabi_d2f
 .text          0x08000e88      0x21c c:/gnu_tools_arm_embedded/bin/../lib/gcc/arm-none-eabi/9.2.1/thumb/v7e-m+fp/hard\libgcc.a(_arm_addsubsf3.o)
                0x08000e88                __aeabi_frsub
                0x08000e90                __subsf3
                0x08000e90                __aeabi_fsub
                0x08000e94                __aeabi_fadd
                0x08000e94                __addsf3
                0x08000ff4                __aeabi_ui2f
                0x08000ff4                __floatunsisf
                0x08000ffc                __aeabi_i2f
                0x08000ffc                __floatsisf
                0x08001018                __aeabi_ul2f
                0x08001018                __floatundisf
                0x08001028                __aeabi_l2f
                0x08001028                __floatdisf
 .text          0x080010a4       0x30 c:/gnu_tools_arm_embedded/bin/../lib/gcc/arm-none-eabi/9.2.1/thumb/v7e-m+fp/hard\libgcc.a(_aeabi_uldivmod.o)
                0x080010a4                __aeabi_uldivmod
 .text          0x080010d4      0x2c4 c:/gnu_tools_arm_embedded/bin/../lib/gcc/arm-none-eabi/9.2.1/thumb/v7e-m+fp/hard\libgcc.a(_udivmoddi4.o)
                0x080010d4                __udivmoddi4
 .text          0x08001398        0x4 c:/gnu_tools_arm_embedded/bin/../lib/gcc/arm-none-eabi/9.2.1/thumb/v7e-m+fp/hard\libgcc.a(_dvmd_tls.o)
                0x08001398                __aeabi_idiv0
                0x08001398                __aeabi_ldiv0
 *(.text*)
 .text.UartRxCheck
                0x0800139c       0xa4 build/usart_com.o
 .text.USART2_IRQHandler
                0x08001440       0x34 build/usart_com.o
                0x08001440                USART2_IRQHandler
 .text.DMA1_Stream5_IRQHandler
                0x08001474       0x10 build/usart_com.o
                0x08001474                DMA1_Stream5_IRQHandler
 .text.DMA1_Stream6_IRQHandler
                0x08001484       0x10 build/usart_com.o
                0x08001484                DMA1_Stream6_IRQHandler
 .text.HAL_UART_RxCpltCallback
                0x08001494       0x18 build/usart_com.o
                0x08001494                HAL_UART_RxCpltCallback
 .text.__io_putchar
                0x080014ac       0x20 build/utils.o
                0x080014ac                __io_putchar
 .text._write   0x080014cc       0x1c build/utils.o
                0x080014cc                _write
 .text.GetSysTimeUs
                0x080014e8       0x3c build/utils.o
                0x080014e8                GetSysTimeUs
 .text.MPU6050Init
                0x08001524      0x110 build/mpu6050.o
                0x08001524                MPU6050Init
 .text.MPU6050ReadAccelRaw
                0x08001634       0x40 build/mpu6050.o
                0x08001634                MPU6050ReadAccelRaw
 .text.MPU6050ReadGyroRaw
                0x08001674       0x40 build/mpu6050.o
                0x08001674                MPU6050ReadGyroRaw
 .text.CalibrateIMU
                0x080016b4      0x184 build/mpu6050.o
                0x080016b4                CalibrateIMU
 .text.MS5611Init
                0x08001838       0xe4 build/ms5611.o
                0x08001838                MS5611Init
 .text.MS5611ReadRawTemp
                0x0800191c       0x58 build/ms5611.o
                0x0800191c                MS5611ReadRawTemp
 .text.MS5611ReadRawPress
                0x08001974       0x58 build/ms5611.o
                0x08001974                MS5611ReadRawPress
 *fill*         0x080019cc        0x4 
 .text.MS5611ReadAlt
                0x080019d0      0x204 build/ms5611.o
                0x080019d0                MS5611ReadAlt
 .text.HMC5883LInit
                0x08001bd4       0x60 build/hmc5883l.o
                0x08001bd4                HMC5883LInit
 .text.HMC5883LReadMagRaw
                0x08001c34       0x40 build/hmc5883l.o
                0x08001c34                HMC5883LReadMagRaw
 .text.CalibrateMag
                0x08001c74       0xdc build/hmc5883l.o
                0x08001c74                CalibrateMag
 .text.SensorsInit
                0x08001d50       0xe8 build/sensors.o
                0x08001d50                SensorsInit
 .text.SensorsReadIMU
                0x08001e38       0x34 build/sensors.o
                0x08001e38                SensorsReadIMU
 .text.SensorsTask
                0x08001e6c       0xe8 build/sensors_task.o
                0x08001e6c                SensorsTask
 .text.SensorsLaunch
                0x08001f54       0x84 build/sensors_task.o
                0x08001f54                SensorsLaunch
 .text.I2C1MenRead
                0x08001fd8       0x50 build/i2c1.o
                0x08001fd8                I2C1MenRead
 .text.I2C1MenWrite
                0x08002028       0x50 build/i2c1.o
                0x08002028                I2C1MenWrite
 .text.I2C1Read
                0x08002078       0x40 build/i2c1.o
                0x08002078                I2C1Read
 .text.I2C1Write
                0x080020b8       0x40 build/i2c1.o
                0x080020b8                I2C1Write
 .text.HAL_I2C_MemRxCpltCallback
                0x080020f8       0x34 build/i2c1.o
                0x080020f8                HAL_I2C_MemRxCpltCallback
 .text.HAL_I2C_MemTxCpltCallback
                0x0800212c       0x34 build/i2c1.o
                0x0800212c                HAL_I2C_MemTxCpltCallback
 .text.HAL_I2C_MasterTxCpltCallback
                0x08002160       0x34 build/i2c1.o
                0x08002160                HAL_I2C_MasterTxCpltCallback
 .text.HAL_I2C_MasterRxCpltCallback
                0x08002194       0x34 build/i2c1.o
                0x08002194                HAL_I2C_MasterRxCpltCallback
 .text.SystemLaunch
                0x080021c8       0x34 build/system_task.o
                0x080021c8                SystemLaunch
 .text.SystemInitiate
                0x080021fc       0x54 build/system_task.o
                0x080021fc                SystemInitiate
 .text.SystemTask
                0x08002250       0x18 build/system_task.o
 .text.Lowpass2Init
                0x08002268       0x80 build/filter.o
                0x08002268                Lowpass2Init
 .text.Lowpass2Apply
                0x080022e8       0x64 build/filter.o
                0x080022e8                Lowpass2Apply
 .text.Lowpass2Apply3Axis
                0x0800234c       0x34 build/filter.o
                0x0800234c                Lowpass2Apply3Axis
 .text.EskfInit
                0x08002380       0xc4 build/eskf.o
                0x08002380                EskfInit
 .text.EskfPredict
                0x08002444        0x2 build/eskf.o
                0x08002444                EskfPredict
 .text.StateEstimatorTask
                0x08002446       0x28 build/state_estimator_task.o
                0x08002446                StateEstimatorTask
 *fill*         0x0800246e        0x2 
 .text.StateEstimatorLaunch
                0x08002470       0x34 build/state_estimator_task.o
                0x08002470                StateEstimatorLaunch
 .text.SystemClock_Config
                0x080024a4       0x94 build/main.o
                0x080024a4                SystemClock_Config
 .text.main     0x08002538       0x30 build/main.o
                0x08002538                main
 .text.HAL_TIM_PeriodElapsedCallback
                0x08002568       0x18 build/main.o
                0x08002568                HAL_TIM_PeriodElapsedCallback
 .text.Error_Handler
                0x08002580        0x2 build/main.o
                0x08002580                Error_Handler
 *fill*         0x08002582        0x2 
 .text.MX_GPIO_Init
                0x08002584       0xa8 build/gpio.o
                0x08002584                MX_GPIO_Init
 .text.MX_DMA_Init
                0x0800262c       0x98 build/dma.o
                0x0800262c                MX_DMA_Init
 .text.StartDefaultTask
                0x080026c4        0xa build/freertos.o
                0x080026c4                StartDefaultTask
 *fill*         0x080026ce        0x2 
 .text.vApplicationGetIdleTaskMemory
                0x080026d0       0x18 build/freertos.o
                0x080026d0                vApplicationGetIdleTaskMemory
 .text.MX_FREERTOS_Init
                0x080026e8       0x2c build/freertos.o
                0x080026e8                MX_FREERTOS_Init
 .text.MX_I2C1_Init
                0x08002714       0x3c build/i2c.o
                0x08002714                MX_I2C1_Init
 .text.HAL_I2C_MspInit
                0x08002750      0x114 build/i2c.o
                0x08002750                HAL_I2C_MspInit
 .text.HAL_TIM_Base_MspInit
                0x08002864       0x30 build/tim.o
                0x08002864                HAL_TIM_Base_MspInit
 .text.HAL_TIM_MspPostInit
                0x08002894       0x5c build/tim.o
                0x08002894                HAL_TIM_MspPostInit
 .text.MX_TIM4_Init
                0x080028f0       0xe8 build/tim.o
                0x080028f0                MX_TIM4_Init
 .text.MX_USART1_UART_Init
                0x080029d8       0x34 build/usart.o
                0x080029d8                MX_USART1_UART_Init
 .text.MX_USART2_UART_Init
                0x08002a0c       0x34 build/usart.o
                0x08002a0c                MX_USART2_UART_Init
 .text.HAL_UART_MspInit
                0x08002a40      0x1e4 build/usart.o
                0x08002a40                HAL_UART_MspInit
 .text.NMI_Handler
                0x08002c24        0x2 build/stm32f4xx_it.o
                0x08002c24                NMI_Handler
 .text.HardFault_Handler
                0x08002c26        0x2 build/stm32f4xx_it.o
                0x08002c26                HardFault_Handler
 .text.MemManage_Handler
                0x08002c28        0x2 build/stm32f4xx_it.o
                0x08002c28                MemManage_Handler
 .text.BusFault_Handler
                0x08002c2a        0x2 build/stm32f4xx_it.o
                0x08002c2a                BusFault_Handler
 .text.UsageFault_Handler
                0x08002c2c        0x2 build/stm32f4xx_it.o
                0x08002c2c                UsageFault_Handler
 .text.DebugMon_Handler
                0x08002c2e        0x2 build/stm32f4xx_it.o
                0x08002c2e                DebugMon_Handler
 .text.DMA1_Stream0_IRQHandler
                0x08002c30       0x10 build/stm32f4xx_it.o
                0x08002c30                DMA1_Stream0_IRQHandler
 .text.I2C1_EV_IRQHandler
                0x08002c40       0x10 build/stm32f4xx_it.o
                0x08002c40                I2C1_EV_IRQHandler
 .text.I2C1_ER_IRQHandler
                0x08002c50       0x10 build/stm32f4xx_it.o
                0x08002c50                I2C1_ER_IRQHandler
 .text.USART1_IRQHandler
                0x08002c60       0x10 build/stm32f4xx_it.o
                0x08002c60                USART1_IRQHandler
 .text.DMA1_Stream7_IRQHandler
                0x08002c70       0x10 build/stm32f4xx_it.o
                0x08002c70                DMA1_Stream7_IRQHandler
 .text.TIM7_IRQHandler
                0x08002c80       0x10 build/stm32f4xx_it.o
                0x08002c80                TIM7_IRQHandler
 .text.DMA2_Stream2_IRQHandler
                0x08002c90       0x10 build/stm32f4xx_it.o
                0x08002c90                DMA2_Stream2_IRQHandler
 .text.DMA2_Stream7_IRQHandler
                0x08002ca0       0x10 build/stm32f4xx_it.o
                0x08002ca0                DMA2_Stream7_IRQHandler
 .text.HAL_MspInit
                0x08002cb0       0x44 build/stm32f4xx_hal_msp.o
                0x08002cb0                HAL_MspInit
 .text.HAL_InitTick
                0x08002cf4       0x7c build/stm32f4xx_hal_timebase_tim.o
                0x08002cf4                HAL_InitTick
 .text.HAL_RCC_OscConfig
                0x08002d70      0x3f8 build/stm32f4xx_hal_rcc.o
                0x08002d70                HAL_RCC_OscConfig
 .text.HAL_RCC_GetSysClockFreq
                0x08003168       0xcc build/stm32f4xx_hal_rcc.o
                0x08003168                HAL_RCC_GetSysClockFreq
 .text.HAL_RCC_ClockConfig
                0x08003234      0x160 build/stm32f4xx_hal_rcc.o
                0x08003234                HAL_RCC_ClockConfig
 .text.HAL_RCC_GetHCLKFreq
                0x08003394        0xc build/stm32f4xx_hal_rcc.o
                0x08003394                HAL_RCC_GetHCLKFreq
 .text.HAL_RCC_GetPCLK1Freq
                0x080033a0       0x20 build/stm32f4xx_hal_rcc.o
                0x080033a0                HAL_RCC_GetPCLK1Freq
 .text.HAL_RCC_GetPCLK2Freq
                0x080033c0       0x20 build/stm32f4xx_hal_rcc.o
                0x080033c0                HAL_RCC_GetPCLK2Freq
 .text.HAL_RCC_GetClockConfig
                0x080033e0       0x3c build/stm32f4xx_hal_rcc.o
                0x080033e0                HAL_RCC_GetClockConfig
 .text.HAL_GPIO_Init
                0x0800341c      0x1d4 build/stm32f4xx_hal_gpio.o
                0x0800341c                HAL_GPIO_Init
 .text.HAL_GPIO_WritePin
                0x080035f0        0xc build/stm32f4xx_hal_gpio.o
                0x080035f0                HAL_GPIO_WritePin
 .text.DMA_SetConfig
                0x080035fc       0x2c build/stm32f4xx_hal_dma.o
 .text.DMA_CalcBaseAndBitshift
                0x08003628       0x44 build/stm32f4xx_hal_dma.o
 .text.DMA_CheckFifoParam
                0x0800366c       0x8e build/stm32f4xx_hal_dma.o
 *fill*         0x080036fa        0x2 
 .text.HAL_DMA_Init
                0x080036fc       0xcc build/stm32f4xx_hal_dma.o
                0x080036fc                HAL_DMA_Init
 .text.HAL_DMA_Start_IT
                0x080037c8       0x6a build/stm32f4xx_hal_dma.o
                0x080037c8                HAL_DMA_Start_IT
 .text.HAL_DMA_Abort
                0x08003832       0x94 build/stm32f4xx_hal_dma.o
                0x08003832                HAL_DMA_Abort
 .text.HAL_DMA_Abort_IT
                0x080038c6       0x26 build/stm32f4xx_hal_dma.o
                0x080038c6                HAL_DMA_Abort_IT
 .text.HAL_DMA_IRQHandler
                0x080038ec      0x1dc build/stm32f4xx_hal_dma.o
                0x080038ec                HAL_DMA_IRQHandler
 .text.HAL_DMA_GetState
                0x08003ac8        0x6 build/stm32f4xx_hal_dma.o
                0x08003ac8                HAL_DMA_GetState
 .text.HAL_DMA_GetError
                0x08003ace        0x4 build/stm32f4xx_hal_dma.o
                0x08003ace                HAL_DMA_GetError
 *fill*         0x08003ad2        0x2 
 .text.HAL_NVIC_SetPriorityGrouping
                0x08003ad4       0x24 build/stm32f4xx_hal_cortex.o
                0x08003ad4                HAL_NVIC_SetPriorityGrouping
 .text.HAL_NVIC_SetPriority
                0x08003af8       0x68 build/stm32f4xx_hal_cortex.o
                0x08003af8                HAL_NVIC_SetPriority
 .text.HAL_NVIC_EnableIRQ
                0x08003b60       0x1c build/stm32f4xx_hal_cortex.o
                0x08003b60                HAL_NVIC_EnableIRQ
 .text.HAL_Init
                0x08003b7c       0x34 build/stm32f4xx_hal.o
                0x08003b7c                HAL_Init
 .text.HAL_IncTick
                0x08003bb0       0x18 build/stm32f4xx_hal.o
                0x08003bb0                HAL_IncTick
 .text.HAL_GetTick
                0x08003bc8        0xc build/stm32f4xx_hal.o
                0x08003bc8                HAL_GetTick
 .text.I2C_Master_SB
                0x08003bd4       0xa8 build/stm32f4xx_hal_i2c.o
 .text.I2C_Master_ADD10
                0x08003c7c       0x2a build/stm32f4xx_hal_i2c.o
 .text.I2C_Master_ADDR
                0x08003ca6      0x206 build/stm32f4xx_hal_i2c.o
 .text.I2C_SlaveTransmit_BTF
                0x08003eac       0x20 build/stm32f4xx_hal_i2c.o
 .text.I2C_SlaveReceive_BTF
                0x08003ecc       0x20 build/stm32f4xx_hal_i2c.o
 .text.I2C_WaitOnSTOPRequestThroughIT
                0x08003eec       0x48 build/stm32f4xx_hal_i2c.o
 .text.I2C_IsAcknowledgeFailed
                0x08003f34       0x32 build/stm32f4xx_hal_i2c.o
 .text.I2C_ConvertOtherXferOptions
                0x08003f66       0x1e build/stm32f4xx_hal_i2c.o
 .text.I2C_WaitOnFlagUntilTimeout
                0x08003f84       0x74 build/stm32f4xx_hal_i2c.o
 .text.I2C_WaitOnMasterAddressFlagUntilTimeout
                0x08003ff8       0xaa build/stm32f4xx_hal_i2c.o
 .text.I2C_WaitOnTXEFlagUntilTimeout
                0x080040a2       0x54 build/stm32f4xx_hal_i2c.o
 *fill*         0x080040f6        0x2 
 .text.I2C_RequestMemoryWrite
                0x080040f8       0xd8 build/stm32f4xx_hal_i2c.o
 .text.I2C_RequestMemoryRead
                0x080041d0      0x154 build/stm32f4xx_hal_i2c.o
 .text.HAL_I2C_Init
                0x08004324      0x1bc build/stm32f4xx_hal_i2c.o
                0x08004324                HAL_I2C_Init
 .text.HAL_I2C_Master_Transmit_DMA
                0x080044e0      0x190 build/stm32f4xx_hal_i2c.o
                0x080044e0                HAL_I2C_Master_Transmit_DMA
 .text.HAL_I2C_Master_Receive_DMA
                0x08004670      0x190 build/stm32f4xx_hal_i2c.o
                0x08004670                HAL_I2C_Master_Receive_DMA
 .text.HAL_I2C_Mem_Write_DMA
                0x08004800      0x1d0 build/stm32f4xx_hal_i2c.o
                0x08004800                HAL_I2C_Mem_Write_DMA
 .text.HAL_I2C_Mem_Read_DMA
                0x080049d0      0x210 build/stm32f4xx_hal_i2c.o
                0x080049d0                HAL_I2C_Mem_Read_DMA
 .text.HAL_I2C_IsDeviceReady
                0x08004be0      0x194 build/stm32f4xx_hal_i2c.o
                0x08004be0                HAL_I2C_IsDeviceReady
 .text.I2C_MasterTransmit_BTF
                0x08004d74       0x86 build/stm32f4xx_hal_i2c.o
 .text.HAL_I2C_SlaveTxCpltCallback
                0x08004dfa        0x2 build/stm32f4xx_hal_i2c.o
                0x08004dfa                HAL_I2C_SlaveTxCpltCallback
 .text.I2C_SlaveTransmit_TXE
                0x08004dfc       0x4c build/stm32f4xx_hal_i2c.o
 .text.HAL_I2C_SlaveRxCpltCallback
                0x08004e48        0x2 build/stm32f4xx_hal_i2c.o
                0x08004e48                HAL_I2C_SlaveRxCpltCallback
 .text.I2C_SlaveReceive_RXNE
                0x08004e4a       0x4c build/stm32f4xx_hal_i2c.o
 .text.HAL_I2C_AddrCallback
                0x08004e96        0x2 build/stm32f4xx_hal_i2c.o
                0x08004e96                HAL_I2C_AddrCallback
 .text.I2C_Slave_ADDR
                0x08004e98       0x4e build/stm32f4xx_hal_i2c.o
 .text.HAL_I2C_ListenCpltCallback
                0x08004ee6        0x2 build/stm32f4xx_hal_i2c.o
                0x08004ee6                HAL_I2C_ListenCpltCallback
 .text.I2C_Slave_AF
                0x08004ee8       0x94 build/stm32f4xx_hal_i2c.o
 .text.I2C_MemoryTransmit_TXE_BTF
                0x08004f7c       0xb8 build/stm32f4xx_hal_i2c.o
 .text.I2C_MasterTransmit_TXE
                0x08005034       0xd0 build/stm32f4xx_hal_i2c.o
 .text.I2C_MasterReceive_BTF
                0x08005104      0x128 build/stm32f4xx_hal_i2c.o
 .text.HAL_I2C_ErrorCallback
                0x0800522c        0x2 build/stm32f4xx_hal_i2c.o
                0x0800522c                HAL_I2C_ErrorCallback
 .text.I2C_DMAError
                0x0800522e       0x46 build/stm32f4xx_hal_i2c.o
 .text.I2C_DMAXferCplt
                0x08005274      0x122 build/stm32f4xx_hal_i2c.o
 .text.I2C_MasterReceive_RXNE
                0x08005396       0xec build/stm32f4xx_hal_i2c.o
 .text.HAL_I2C_AbortCpltCallback
                0x08005482        0x2 build/stm32f4xx_hal_i2c.o
                0x08005482                HAL_I2C_AbortCpltCallback
 .text.I2C_DMAAbort
                0x08005484       0xe4 build/stm32f4xx_hal_i2c.o
 .text.I2C_ITError
                0x08005568      0x178 build/stm32f4xx_hal_i2c.o
 .text.I2C_Slave_STOPF
                0x080056e0      0x18c build/stm32f4xx_hal_i2c.o
 .text.HAL_I2C_EV_IRQHandler
                0x0800586c      0x19a build/stm32f4xx_hal_i2c.o
                0x0800586c                HAL_I2C_EV_IRQHandler
 .text.HAL_I2C_ER_IRQHandler
                0x08005a06       0xc4 build/stm32f4xx_hal_i2c.o
                0x08005a06                HAL_I2C_ER_IRQHandler
 *fill*         0x08005aca        0x2 
 .text.TIM_OC1_SetConfig
                0x08005acc       0x68 build/stm32f4xx_hal_tim.o
 .text.TIM_OC3_SetConfig
                0x08005b34       0x70 build/stm32f4xx_hal_tim.o
 .text.TIM_OC4_SetConfig
                0x08005ba4       0x50 build/stm32f4xx_hal_tim.o
 .text.TIM_TI1_ConfigInputStage
                0x08005bf4       0x24 build/stm32f4xx_hal_tim.o
 .text.TIM_TI2_ConfigInputStage
                0x08005c18       0x26 build/stm32f4xx_hal_tim.o
 .text.TIM_ITRx_SetConfig
                0x08005c3e       0x10 build/stm32f4xx_hal_tim.o
 *fill*         0x08005c4e        0x2 
 .text.HAL_TIM_Base_Start_IT
                0x08005c50       0x88 build/stm32f4xx_hal_tim.o
                0x08005c50                HAL_TIM_Base_Start_IT
 .text.HAL_TIM_PWM_MspInit
                0x08005cd8        0x2 build/stm32f4xx_hal_tim.o
                0x08005cd8                HAL_TIM_PWM_MspInit
 .text.HAL_TIM_OC_DelayElapsedCallback
                0x08005cda        0x2 build/stm32f4xx_hal_tim.o
                0x08005cda                HAL_TIM_OC_DelayElapsedCallback
 .text.HAL_TIM_IC_CaptureCallback
                0x08005cdc        0x2 build/stm32f4xx_hal_tim.o
                0x08005cdc                HAL_TIM_IC_CaptureCallback
 .text.HAL_TIM_PWM_PulseFinishedCallback
                0x08005cde        0x2 build/stm32f4xx_hal_tim.o
                0x08005cde                HAL_TIM_PWM_PulseFinishedCallback
 .text.HAL_TIM_TriggerCallback
                0x08005ce0        0x2 build/stm32f4xx_hal_tim.o
                0x08005ce0                HAL_TIM_TriggerCallback
 .text.HAL_TIM_IRQHandler
                0x08005ce2      0x17a build/stm32f4xx_hal_tim.o
                0x08005ce2                HAL_TIM_IRQHandler
 .text.TIM_Base_SetConfig
                0x08005e5c       0xc8 build/stm32f4xx_hal_tim.o
                0x08005e5c                TIM_Base_SetConfig
 .text.HAL_TIM_Base_Init
                0x08005f24       0x58 build/stm32f4xx_hal_tim.o
                0x08005f24                HAL_TIM_Base_Init
 .text.HAL_TIM_PWM_Init
                0x08005f7c       0x58 build/stm32f4xx_hal_tim.o
                0x08005f7c                HAL_TIM_PWM_Init
 .text.TIM_OC2_SetConfig
                0x08005fd4       0x70 build/stm32f4xx_hal_tim.o
                0x08005fd4                TIM_OC2_SetConfig
 .text.HAL_TIM_PWM_ConfigChannel
                0x08006044       0xd0 build/stm32f4xx_hal_tim.o
                0x08006044                HAL_TIM_PWM_ConfigChannel
 .text.TIM_ETR_SetConfig
                0x08006114       0x18 build/stm32f4xx_hal_tim.o
                0x08006114                TIM_ETR_SetConfig
 .text.HAL_TIM_ConfigClockSource
                0x0800612c       0xda build/stm32f4xx_hal_tim.o
                0x0800612c                HAL_TIM_ConfigClockSource
 *fill*         0x08006206        0x2 
 .text.HAL_TIMEx_MasterConfigSynchronization
                0x08006208       0x88 build/stm32f4xx_hal_tim_ex.o
                0x08006208                HAL_TIMEx_MasterConfigSynchronization
 .text.HAL_TIMEx_CommutCallback
                0x08006290        0x2 build/stm32f4xx_hal_tim_ex.o
                0x08006290                HAL_TIMEx_CommutCallback
 .text.HAL_TIMEx_BreakCallback
                0x08006292        0x2 build/stm32f4xx_hal_tim_ex.o
                0x08006292                HAL_TIMEx_BreakCallback
 .text.UART_EndRxTransfer
                0x08006294       0x32 build/stm32f4xx_hal_uart.o
 .text.UART_Transmit_IT
                0x080062c6       0x60 build/stm32f4xx_hal_uart.o
 *fill*         0x08006326        0x2 
 .text.UART_SetConfig
                0x08006328      0x11c build/stm32f4xx_hal_uart.o
 .text.UART_WaitOnFlagUntilTimeout
                0x08006444       0x68 build/stm32f4xx_hal_uart.o
 .text.HAL_UART_Init
                0x080064ac       0x5e build/stm32f4xx_hal_uart.o
                0x080064ac                HAL_UART_Init
 .text.HAL_UART_Transmit
                0x0800650a       0xd8 build/stm32f4xx_hal_uart.o
                0x0800650a                HAL_UART_Transmit
 .text.HAL_UART_TxCpltCallback
                0x080065e2        0x2 build/stm32f4xx_hal_uart.o
                0x080065e2                HAL_UART_TxCpltCallback
 .text.UART_EndTransmit_IT
                0x080065e4       0x1a build/stm32f4xx_hal_uart.o
 .text.HAL_UART_ErrorCallback
                0x080065fe        0x2 build/stm32f4xx_hal_uart.o
                0x080065fe                HAL_UART_ErrorCallback
 .text.UART_DMAAbortOnError
                0x08006600       0x10 build/stm32f4xx_hal_uart.o
 .text.HAL_UARTEx_RxEventCallback
                0x08006610        0x2 build/stm32f4xx_hal_uart.o
                0x08006610                HAL_UARTEx_RxEventCallback
 .text.UART_Receive_IT
                0x08006612       0xba build/stm32f4xx_hal_uart.o
 .text.HAL_UART_IRQHandler
                0x080066cc      0x208 build/stm32f4xx_hal_uart.o
                0x080066cc                HAL_UART_IRQHandler
 .text.SystemInit
                0x080068d4       0x1c build/system_stm32f4xx.o
                0x080068d4                SystemInit
 .text.vListInitialise
                0x080068f0       0x16 build/list.o
                0x080068f0                vListInitialise
 .text.vListInitialiseItem
                0x08006906        0x6 build/list.o
                0x08006906                vListInitialiseItem
 .text.vListInsertEnd
                0x0800690c       0x16 build/list.o
                0x0800690c                vListInsertEnd
 .text.vListInsert
                0x08006922       0x32 build/list.o
                0x08006922                vListInsert
 .text.uxListRemove
                0x08006954       0x26 build/list.o
                0x08006954                uxListRemove
 .text.prvIsQueueFull
                0x0800697a       0x1e build/queue.o
 .text.prvIsQueueEmpty
                0x08006998       0x1a build/queue.o
 .text.prvCopyDataToQueue
                0x080069b2       0x76 build/queue.o
 .text.prvCopyDataFromQueue
                0x08006a28       0x24 build/queue.o
 .text.prvUnlockQueue
                0x08006a4c       0x6e build/queue.o
 *fill*         0x08006aba        0x2 
 .text.xQueueGenericReset
                0x08006abc       0x84 build/queue.o
                0x08006abc                xQueueGenericReset
 .text.prvInitialiseNewQueue
                0x08006b40       0x1c build/queue.o
 .text.xQueueGenericCreateStatic
                0x08006b5c       0x94 build/queue.o
                0x08006b5c                xQueueGenericCreateStatic
 .text.xQueueGenericSend
                0x08006bf0      0x180 build/queue.o
                0x08006bf0                xQueueGenericSend
 .text.xQueueGenericSendFromISR
                0x08006d70       0xd0 build/queue.o
                0x08006d70                xQueueGenericSendFromISR
 .text.xQueuePeek
                0x08006e40      0x15c build/queue.o
                0x08006e40                xQueuePeek
 .text.prvResetNextTaskUnblockTime
                0x08006f9c       0x2c build/tasks.o
 .text.prvInitialiseNewTask
                0x08006fc8       0x8e build/tasks.o
 *fill*         0x08007056        0x2 
 .text.prvInitialiseTaskLists
                0x08007058       0x68 build/tasks.o
 .text.prvAddNewTaskToReadyList
                0x080070c0       0xa8 build/tasks.o
 .text.prvDeleteTCB
                0x08007168       0x38 build/tasks.o
 .text.prvCheckTasksWaitingTermination
                0x080071a0       0x4c build/tasks.o
 .text.prvIdleTask
                0x080071ec       0x28 build/tasks.o
 .text.prvAddCurrentTaskToDelayedList
                0x08007214       0x98 build/tasks.o
 .text.xTaskCreateStatic
                0x080072ac       0x74 build/tasks.o
                0x080072ac                xTaskCreateStatic
 .text.xTaskCreate
                0x08007320       0x68 build/tasks.o
                0x08007320                xTaskCreate
 .text.vTaskStartScheduler
                0x08007388       0x6c build/tasks.o
                0x08007388                vTaskStartScheduler
 .text.vTaskSuspendAll
                0x080073f4       0x10 build/tasks.o
                0x080073f4                vTaskSuspendAll
 .text.xTaskGetTickCount
                0x08007404        0xc build/tasks.o
                0x08007404                xTaskGetTickCount
 .text.xTaskIncrementTick
                0x08007410      0x118 build/tasks.o
                0x08007410                xTaskIncrementTick
 .text.xTaskResumeAll
                0x08007528       0xf8 build/tasks.o
                0x08007528                xTaskResumeAll
 .text.vTaskDelayUntil
                0x08007620       0xa4 build/tasks.o
                0x08007620                vTaskDelayUntil
 .text.vTaskDelay
                0x080076c4       0x4c build/tasks.o
                0x080076c4                vTaskDelay
 .text.vTaskSwitchContext
                0x08007710       0x98 build/tasks.o
                0x08007710                vTaskSwitchContext
 .text.vTaskPlaceOnEventList
                0x080077a8       0x30 build/tasks.o
                0x080077a8                vTaskPlaceOnEventList
 .text.xTaskRemoveFromEventList
                0x080077d8       0x8c build/tasks.o
                0x080077d8                xTaskRemoveFromEventList
 .text.vTaskInternalSetTimeOutState
                0x08007864       0x18 build/tasks.o
                0x08007864                vTaskInternalSetTimeOutState
 .text.xTaskCheckForTimeOut
                0x0800787c       0x84 build/tasks.o
                0x0800787c                xTaskCheckForTimeOut
 .text.vTaskMissedYield
                0x08007900        0xc build/tasks.o
                0x08007900                vTaskMissedYield
 .text.xTaskGetCurrentTaskHandle
                0x0800790c        0xc build/tasks.o
                0x0800790c                xTaskGetCurrentTaskHandle
 .text.xTaskGetSchedulerState
                0x08007918       0x20 build/tasks.o
                0x08007918                xTaskGetSchedulerState
 .text.xTaskPriorityDisinherit
                0x08007938       0xb4 build/tasks.o
                0x08007938                xTaskPriorityDisinherit
 .text.ulTaskNotifyTake
                0x080079ec       0x78 build/tasks.o
                0x080079ec                ulTaskNotifyTake
 .text.vTaskNotifyGiveFromISR
                0x08007a64       0xd0 build/tasks.o
                0x08007a64                vTaskNotifyGiveFromISR
 .text.makeFreeRtosPriority
                0x08007b34        0xc build/cmsis_os.o
 .text.osKernelStart
                0x08007b40        0xa build/cmsis_os.o
                0x08007b40                osKernelStart
 .text.osThreadCreate
                0x08007b4a       0x6a build/cmsis_os.o
                0x08007b4a                osThreadCreate
 .text.osDelay  0x08007bb4        0xe build/cmsis_os.o
                0x08007bb4                osDelay
 *fill*         0x08007bc2        0x2 
 .text.prvHeapInit
                0x08007bc4       0x64 build/heap_4.o
 .text.prvInsertBlockIntoFreeList
                0x08007c28       0x58 build/heap_4.o
 .text.pvPortMalloc
                0x08007c80       0xfc build/heap_4.o
                0x08007c80                pvPortMalloc
 .text.vPortFree
                0x08007d7c       0x7c build/heap_4.o
                0x08007d7c                vPortFree
 .text.prvTaskExitError
                0x08007df8       0x40 build/port.o
 .text.prvPortStartFirstTask
                0x08007e38       0x28 build/port.o
 .text.vPortEnableVFP
                0x08007e60       0x14 build/port.o
 .text.pxPortInitialiseStack
                0x08007e74       0x2c build/port.o
                0x08007e74                pxPortInitialiseStack
 .text.SVC_Handler
                0x08007ea0       0x24 build/port.o
                0x08007ea0                SVC_Handler
 .text.vPortEnterCritical
                0x08007ec4       0x44 build/port.o
                0x08007ec4                vPortEnterCritical
 .text.vPortExitCritical
                0x08007f08       0x2c build/port.o
                0x08007f08                vPortExitCritical
 *fill*         0x08007f34        0xc 
 .text.PendSV_Handler
                0x08007f40       0x64 build/port.o
                0x08007f40                PendSV_Handler
 .text.SysTick_Handler
                0x08007fa4       0x2c build/port.o
                0x08007fa4                SysTick_Handler
 .text.vPortSetupTimerInterrupt
                0x08007fd0       0x38 build/port.o
                0x08007fd0                vPortSetupTimerInterrupt
 .text.xPortStartScheduler
                0x08008008      0x110 build/port.o
                0x08008008                xPortStartScheduler
 .text.vPortValidateInterruptPriority
                0x08008118       0x5c build/port.o
                0x08008118                vPortValidateInterruptPriority
 .text.Reset_Handler
                0x08008174       0x50 build/startup_stm32f407xx.o
                0x08008174                Reset_Handler
 .text.Default_Handler
                0x080081c4        0x2 build/startup_stm32f407xx.o
                0x080081c4                RTC_Alarm_IRQHandler
                0x080081c4                HASH_RNG_IRQHandler
                0x080081c4                EXTI2_IRQHandler
                0x080081c4                TIM8_CC_IRQHandler
                0x080081c4                TIM1_CC_IRQHandler
                0x080081c4                DMA2_Stream5_IRQHandler
                0x080081c4                PVD_IRQHandler
                0x080081c4                SDIO_IRQHandler
                0x080081c4                TAMP_STAMP_IRQHandler
                0x080081c4                CAN2_RX1_IRQHandler
                0x080081c4                EXTI3_IRQHandler
                0x080081c4                TIM8_TRG_COM_TIM14_IRQHandler
                0x080081c4                TIM1_UP_TIM10_IRQHandler
                0x080081c4                TIM8_UP_TIM13_IRQHandler
                0x080081c4                I2C3_ER_IRQHandler
                0x080081c4                EXTI0_IRQHandler
                0x080081c4                I2C2_EV_IRQHandler
                0x080081c4                DMA1_Stream2_IRQHandler
                0x080081c4                CAN1_RX0_IRQHandler
                0x080081c4                FPU_IRQHandler
                0x080081c4                OTG_HS_WKUP_IRQHandler
                0x080081c4                CAN2_SCE_IRQHandler
                0x080081c4                SPI1_IRQHandler
                0x080081c4                TIM6_DAC_IRQHandler
                0x080081c4                TIM1_BRK_TIM9_IRQHandler
                0x080081c4                DCMI_IRQHandler
                0x080081c4                CAN2_RX0_IRQHandler
                0x080081c4                DMA2_Stream3_IRQHandler
                0x080081c4                USART6_IRQHandler
                0x080081c4                USART3_IRQHandler
                0x080081c4                CAN1_RX1_IRQHandler
                0x080081c4                UART5_IRQHandler
                0x080081c4                DMA2_Stream0_IRQHandler
                0x080081c4                TIM4_IRQHandler
                0x080081c4                DMA1_Stream1_IRQHandler
                0x080081c4                UART4_IRQHandler
                0x080081c4                TIM3_IRQHandler
                0x080081c4                RCC_IRQHandler
                0x080081c4                TIM8_BRK_TIM12_IRQHandler
                0x080081c4                Default_Handler
                0x080081c4                EXTI15_10_IRQHandler
                0x080081c4                ADC_IRQHandler
                0x080081c4                CAN2_TX_IRQHandler
                0x080081c4                TIM5_IRQHandler
                0x080081c4                I2C3_EV_IRQHandler
                0x080081c4                EXTI9_5_IRQHandler
                0x080081c4                RTC_WKUP_IRQHandler
                0x080081c4                ETH_WKUP_IRQHandler
                0x080081c4                SPI2_IRQHandler
                0x080081c4                OTG_HS_EP1_IN_IRQHandler
                0x080081c4                CAN1_TX_IRQHandler
                0x080081c4                EXTI4_IRQHandler
                0x080081c4                FSMC_IRQHandler
                0x080081c4                ETH_IRQHandler
                0x080081c4                OTG_HS_EP1_OUT_IRQHandler
                0x080081c4                WWDG_IRQHandler
                0x080081c4                TIM2_IRQHandler
                0x080081c4                OTG_FS_WKUP_IRQHandler
                0x080081c4                TIM1_TRG_COM_TIM11_IRQHandler
                0x080081c4                OTG_HS_IRQHandler
                0x080081c4                EXTI1_IRQHandler
                0x080081c4                I2C2_ER_IRQHandler
                0x080081c4                DMA2_Stream1_IRQHandler
                0x080081c4                CAN1_SCE_IRQHandler
                0x080081c4                FLASH_IRQHandler
                0x080081c4                DMA2_Stream4_IRQHandler
                0x080081c4                OTG_FS_IRQHandler
                0x080081c4                SPI3_IRQHandler
                0x080081c4                DMA1_Stream4_IRQHandler
                0x080081c4                DMA2_Stream6_IRQHandler
                0x080081c4                DMA1_Stream3_IRQHandler
 *fill*         0x080081c6        0x2 
 .text.__libc_init_array
                0x080081c8       0x48 c:/gnu_tools_arm_embedded/bin/../lib/gcc/arm-none-eabi/9.2.1/../../../../arm-none-eabi/lib/thumb/v7e-m+fp/hard\libc.a(lib_a-init.o)
                0x080081c8                __libc_init_array
 .text.memset   0x08008210       0xa0 c:/gnu_tools_arm_embedded/bin/../lib/gcc/arm-none-eabi/9.2.1/../../../../arm-none-eabi/lib/thumb/v7e-m+fp/hard\libc.a(lib_a-memset.o)
                0x08008210                memset
 .text.printf   0x080082b0       0x28 c:/gnu_tools_arm_embedded/bin/../lib/gcc/arm-none-eabi/9.2.1/../../../../arm-none-eabi/lib/thumb/v7e-m+fp/hard\libc.a(lib_a-printf.o)
                0x080082b0                printf
 .text._puts_r  0x080082d8       0x9c c:/gnu_tools_arm_embedded/bin/../lib/gcc/arm-none-eabi/9.2.1/../../../../arm-none-eabi/lib/thumb/v7e-m+fp/hard\libc.a(lib_a-puts.o)
                0x080082d8                _puts_r
 .text.puts     0x08008374       0x10 c:/gnu_tools_arm_embedded/bin/../lib/gcc/arm-none-eabi/9.2.1/../../../../arm-none-eabi/lib/thumb/v7e-m+fp/hard\libc.a(lib_a-puts.o)
                0x08008374                puts
 *fill*         0x08008384        0x4 
 .text._vfprintf_r
                0x08008388     0x1be0 c:/gnu_tools_arm_embedded/bin/../lib/gcc/arm-none-eabi/9.2.1/../../../../arm-none-eabi/lib/thumb/v7e-m+fp/hard\libc.a(lib_a-vfprintf.o)
                0x08008388                _vfprintf_r
 .text.__sbprintf
                0x08009f68       0x84 c:/gnu_tools_arm_embedded/bin/../lib/gcc/arm-none-eabi/9.2.1/../../../../arm-none-eabi/lib/thumb/v7e-m+fp/hard\libc.a(lib_a-vfprintf.o)
 .text.__swsetup_r
                0x08009fec       0xd0 c:/gnu_tools_arm_embedded/bin/../lib/gcc/arm-none-eabi/9.2.1/../../../../arm-none-eabi/lib/thumb/v7e-m+fp/hard\libc.a(lib_a-wsetup.o)
                0x08009fec                __swsetup_r
 .text.startup.register_fini
                0x0800a0bc       0x14 c:/gnu_tools_arm_embedded/bin/../lib/gcc/arm-none-eabi/9.2.1/../../../../arm-none-eabi/lib/thumb/v7e-m+fp/hard\libc.a(lib_a-__call_atexit.o)
 .text.atexit   0x0800a0d0        0xc c:/gnu_tools_arm_embedded/bin/../lib/gcc/arm-none-eabi/9.2.1/../../../../arm-none-eabi/lib/thumb/v7e-m+fp/hard\libc.a(lib_a-atexit.o)
                0x0800a0d0                atexit
 .text.quorem   0x0800a0dc      0x11c c:/gnu_tools_arm_embedded/bin/../lib/gcc/arm-none-eabi/9.2.1/../../../../arm-none-eabi/lib/thumb/v7e-m+fp/hard\libc.a(lib_a-dtoa.o)
 .text._dtoa_r  0x0800a1f8      0xeec c:/gnu_tools_arm_embedded/bin/../lib/gcc/arm-none-eabi/9.2.1/../../../../arm-none-eabi/lib/thumb/v7e-m+fp/hard\libc.a(lib_a-dtoa.o)
                0x0800a1f8                _dtoa_r
 .text.__sflush_r
                0x0800b0e4      0x130 c:/gnu_tools_arm_embedded/bin/../lib/gcc/arm-none-eabi/9.2.1/../../../../arm-none-eabi/lib/thumb/v7e-m+fp/hard\libc.a(lib_a-fflush.o)
                0x0800b0e4                __sflush_r
 .text._fflush_r
                0x0800b214       0x5c c:/gnu_tools_arm_embedded/bin/../lib/gcc/arm-none-eabi/9.2.1/../../../../arm-none-eabi/lib/thumb/v7e-m+fp/hard\libc.a(lib_a-fflush.o)
                0x0800b214                _fflush_r
 .text.std      0x0800b270       0x50 c:/gnu_tools_arm_embedded/bin/../lib/gcc/arm-none-eabi/9.2.1/../../../../arm-none-eabi/lib/thumb/v7e-m+fp/hard\libc.a(lib_a-findfp.o)
 .text._cleanup_r
                0x0800b2c0        0xc c:/gnu_tools_arm_embedded/bin/../lib/gcc/arm-none-eabi/9.2.1/../../../../arm-none-eabi/lib/thumb/v7e-m+fp/hard\libc.a(lib_a-findfp.o)
                0x0800b2c0                _cleanup_r
 .text.__sinit  0x0800b2cc       0x54 c:/gnu_tools_arm_embedded/bin/../lib/gcc/arm-none-eabi/9.2.1/../../../../arm-none-eabi/lib/thumb/v7e-m+fp/hard\libc.a(lib_a-findfp.o)
                0x0800b2cc                __sinit
 .text.__sfp_lock_acquire
                0x0800b320        0xc c:/gnu_tools_arm_embedded/bin/../lib/gcc/arm-none-eabi/9.2.1/../../../../arm-none-eabi/lib/thumb/v7e-m+fp/hard\libc.a(lib_a-findfp.o)
                0x0800b320                __sfp_lock_acquire
 .text.__sfp_lock_release
                0x0800b32c        0xc c:/gnu_tools_arm_embedded/bin/../lib/gcc/arm-none-eabi/9.2.1/../../../../arm-none-eabi/lib/thumb/v7e-m+fp/hard\libc.a(lib_a-findfp.o)
                0x0800b32c                __sfp_lock_release
 .text.__libc_fini_array
                0x0800b338       0x2c c:/gnu_tools_arm_embedded/bin/../lib/gcc/arm-none-eabi/9.2.1/../../../../arm-none-eabi/lib/thumb/v7e-m+fp/hard\libc.a(lib_a-fini.o)
                0x0800b338                __libc_fini_array
 .text._malloc_trim_r
                0x0800b364       0xa0 c:/gnu_tools_arm_embedded/bin/../lib/gcc/arm-none-eabi/9.2.1/../../../../arm-none-eabi/lib/thumb/v7e-m+fp/hard\libc.a(lib_a-freer.o)
                0x0800b364                _malloc_trim_r
 .text._free_r  0x0800b404      0x208 c:/gnu_tools_arm_embedded/bin/../lib/gcc/arm-none-eabi/9.2.1/../../../../arm-none-eabi/lib/thumb/v7e-m+fp/hard\libc.a(lib_a-freer.o)
                0x0800b404                _free_r
 .text.__sfvwrite_r
                0x0800b60c      0x2e0 c:/gnu_tools_arm_embedded/bin/../lib/gcc/arm-none-eabi/9.2.1/../../../../arm-none-eabi/lib/thumb/v7e-m+fp/hard\libc.a(lib_a-fvwrite.o)
                0x0800b60c                __sfvwrite_r
 .text._fwalk_reent
                0x0800b8ec       0x48 c:/gnu_tools_arm_embedded/bin/../lib/gcc/arm-none-eabi/9.2.1/../../../../arm-none-eabi/lib/thumb/v7e-m+fp/hard\libc.a(lib_a-fwalk.o)
                0x0800b8ec                _fwalk_reent
 .text._localeconv_r
                0x0800b934        0x8 c:/gnu_tools_arm_embedded/bin/../lib/gcc/arm-none-eabi/9.2.1/../../../../arm-none-eabi/lib/thumb/v7e-m+fp/hard\libc.a(lib_a-localeconv.o)
                0x0800b934                _localeconv_r
 .text.__retarget_lock_init_recursive
                0x0800b93c        0x4 c:/gnu_tools_arm_embedded/bin/../lib/gcc/arm-none-eabi/9.2.1/../../../../arm-none-eabi/lib/thumb/v7e-m+fp/hard\libc.a(lib_a-lock.o)
                0x0800b93c                __retarget_lock_init_recursive
 .text.__retarget_lock_close_recursive
                0x0800b940        0x4 c:/gnu_tools_arm_embedded/bin/../lib/gcc/arm-none-eabi/9.2.1/../../../../arm-none-eabi/lib/thumb/v7e-m+fp/hard\libc.a(lib_a-lock.o)
                0x0800b940                __retarget_lock_close_recursive
 .text.__retarget_lock_acquire_recursive
                0x0800b944        0x4 c:/gnu_tools_arm_embedded/bin/../lib/gcc/arm-none-eabi/9.2.1/../../../../arm-none-eabi/lib/thumb/v7e-m+fp/hard\libc.a(lib_a-lock.o)
                0x0800b944                __retarget_lock_acquire_recursive
 .text.__retarget_lock_release_recursive
                0x0800b948        0x4 c:/gnu_tools_arm_embedded/bin/../lib/gcc/arm-none-eabi/9.2.1/../../../../arm-none-eabi/lib/thumb/v7e-m+fp/hard\libc.a(lib_a-lock.o)
                0x0800b948                __retarget_lock_release_recursive
 .text.__swhatbuf_r
                0x0800b94c       0x5c c:/gnu_tools_arm_embedded/bin/../lib/gcc/arm-none-eabi/9.2.1/../../../../arm-none-eabi/lib/thumb/v7e-m+fp/hard\libc.a(lib_a-makebuf.o)
                0x0800b94c                __swhatbuf_r
 .text.__smakebuf_r
                0x0800b9a8       0x98 c:/gnu_tools_arm_embedded/bin/../lib/gcc/arm-none-eabi/9.2.1/../../../../arm-none-eabi/lib/thumb/v7e-m+fp/hard\libc.a(lib_a-makebuf.o)
                0x0800b9a8                __smakebuf_r
 .text._malloc_r
                0x0800ba40      0x574 c:/gnu_tools_arm_embedded/bin/../lib/gcc/arm-none-eabi/9.2.1/../../../../arm-none-eabi/lib/thumb/v7e-m+fp/hard\libc.a(lib_a-mallocr.o)
                0x0800ba40                _malloc_r
 .text.memmove  0x0800bfb4       0xd8 c:/gnu_tools_arm_embedded/bin/../lib/gcc/arm-none-eabi/9.2.1/../../../../arm-none-eabi/lib/thumb/v7e-m+fp/hard\libc.a(lib_a-memmove.o)
                0x0800bfb4                memmove
 .text.__malloc_lock
                0x0800c08c        0xc c:/gnu_tools_arm_embedded/bin/../lib/gcc/arm-none-eabi/9.2.1/../../../../arm-none-eabi/lib/thumb/v7e-m+fp/hard\libc.a(lib_a-mlock.o)
                0x0800c08c                __malloc_lock
 .text.__malloc_unlock
                0x0800c098        0xc c:/gnu_tools_arm_embedded/bin/../lib/gcc/arm-none-eabi/9.2.1/../../../../arm-none-eabi/lib/thumb/v7e-m+fp/hard\libc.a(lib_a-mlock.o)
                0x0800c098                __malloc_unlock
 .text._Balloc  0x0800c0a4       0x4c c:/gnu_tools_arm_embedded/bin/../lib/gcc/arm-none-eabi/9.2.1/../../../../arm-none-eabi/lib/thumb/v7e-m+fp/hard\libc.a(lib_a-mprec.o)
                0x0800c0a4                _Balloc
 .text._Bfree   0x0800c0f0       0x14 c:/gnu_tools_arm_embedded/bin/../lib/gcc/arm-none-eabi/9.2.1/../../../../arm-none-eabi/lib/thumb/v7e-m+fp/hard\libc.a(lib_a-mprec.o)
                0x0800c0f0                _Bfree
 .text.__multadd
                0x0800c104       0x8c c:/gnu_tools_arm_embedded/bin/../lib/gcc/arm-none-eabi/9.2.1/../../../../arm-none-eabi/lib/thumb/v7e-m+fp/hard\libc.a(lib_a-mprec.o)
                0x0800c104                __multadd
 .text.__hi0bits
                0x0800c190       0x40 c:/gnu_tools_arm_embedded/bin/../lib/gcc/arm-none-eabi/9.2.1/../../../../arm-none-eabi/lib/thumb/v7e-m+fp/hard\libc.a(lib_a-mprec.o)
                0x0800c190                __hi0bits
 .text.__lo0bits
                0x0800c1d0       0x60 c:/gnu_tools_arm_embedded/bin/../lib/gcc/arm-none-eabi/9.2.1/../../../../arm-none-eabi/lib/thumb/v7e-m+fp/hard\libc.a(lib_a-mprec.o)
                0x0800c1d0                __lo0bits
 .text.__i2b    0x0800c230       0x14 c:/gnu_tools_arm_embedded/bin/../lib/gcc/arm-none-eabi/9.2.1/../../../../arm-none-eabi/lib/thumb/v7e-m+fp/hard\libc.a(lib_a-mprec.o)
                0x0800c230                __i2b
 .text.__multiply
                0x0800c244      0x144 c:/gnu_tools_arm_embedded/bin/../lib/gcc/arm-none-eabi/9.2.1/../../../../arm-none-eabi/lib/thumb/v7e-m+fp/hard\libc.a(lib_a-mprec.o)
                0x0800c244                __multiply
 .text.__pow5mult
                0x0800c388       0xa0 c:/gnu_tools_arm_embedded/bin/../lib/gcc/arm-none-eabi/9.2.1/../../../../arm-none-eabi/lib/thumb/v7e-m+fp/hard\libc.a(lib_a-mprec.o)
                0x0800c388                __pow5mult
 .text.__lshift
                0x0800c428       0xd4 c:/gnu_tools_arm_embedded/bin/../lib/gcc/arm-none-eabi/9.2.1/../../../../arm-none-eabi/lib/thumb/v7e-m+fp/hard\libc.a(lib_a-mprec.o)
                0x0800c428                __lshift
 .text.__mcmp   0x0800c4fc       0x3c c:/gnu_tools_arm_embedded/bin/../lib/gcc/arm-none-eabi/9.2.1/../../../../arm-none-eabi/lib/thumb/v7e-m+fp/hard\libc.a(lib_a-mprec.o)
                0x0800c4fc                __mcmp
 .text.__mdiff  0x0800c538      0x138 c:/gnu_tools_arm_embedded/bin/../lib/gcc/arm-none-eabi/9.2.1/../../../../arm-none-eabi/lib/thumb/v7e-m+fp/hard\libc.a(lib_a-mprec.o)
                0x0800c538                __mdiff
 .text.__d2b    0x0800c670       0xbc c:/gnu_tools_arm_embedded/bin/../lib/gcc/arm-none-eabi/9.2.1/../../../../arm-none-eabi/lib/thumb/v7e-m+fp/hard\libc.a(lib_a-mprec.o)
                0x0800c670                __d2b
 .text._realloc_r
                0x0800c72c      0x3e0 c:/gnu_tools_arm_embedded/bin/../lib/gcc/arm-none-eabi/9.2.1/../../../../arm-none-eabi/lib/thumb/v7e-m+fp/hard\libc.a(lib_a-reallocr.o)
                0x0800c72c                _realloc_r
 .text.frexp    0x0800cb0c       0x6c c:/gnu_tools_arm_embedded/bin/../lib/gcc/arm-none-eabi/9.2.1/../../../../arm-none-eabi/lib/thumb/v7e-m+fp/hard\libc.a(lib_a-s_frexp.o)
                0x0800cb0c                frexp
 .text._sbrk_r  0x0800cb78       0x24 c:/gnu_tools_arm_embedded/bin/../lib/gcc/arm-none-eabi/9.2.1/../../../../arm-none-eabi/lib/thumb/v7e-m+fp/hard\libc.a(lib_a-sbrkr.o)
                0x0800cb78                _sbrk_r
 .text.__sread  0x0800cb9c       0x24 c:/gnu_tools_arm_embedded/bin/../lib/gcc/arm-none-eabi/9.2.1/../../../../arm-none-eabi/lib/thumb/v7e-m+fp/hard\libc.a(lib_a-stdio.o)
                0x0800cb9c                __sread
 .text.__swrite
                0x0800cbc0       0x40 c:/gnu_tools_arm_embedded/bin/../lib/gcc/arm-none-eabi/9.2.1/../../../../arm-none-eabi/lib/thumb/v7e-m+fp/hard\libc.a(lib_a-stdio.o)
                0x0800cbc0                __swrite
 .text.__sseek  0x0800cc00       0x20 c:/gnu_tools_arm_embedded/bin/../lib/gcc/arm-none-eabi/9.2.1/../../../../arm-none-eabi/lib/thumb/v7e-m+fp/hard\libc.a(lib_a-stdio.o)
                0x0800cc00                __sseek
 .text.__sclose
                0x0800cc20        0x8 c:/gnu_tools_arm_embedded/bin/../lib/gcc/arm-none-eabi/9.2.1/../../../../arm-none-eabi/lib/thumb/v7e-m+fp/hard\libc.a(lib_a-stdio.o)
                0x0800cc20                __sclose
 .text.strncpy  0x0800cc28       0x68 c:/gnu_tools_arm_embedded/bin/../lib/gcc/arm-none-eabi/9.2.1/../../../../arm-none-eabi/lib/thumb/v7e-m+fp/hard\libc.a(lib_a-strncpy.o)
                0x0800cc28                strncpy
 .text.__sprint_r.part.0
                0x0800cc90       0x78 c:/gnu_tools_arm_embedded/bin/../lib/gcc/arm-none-eabi/9.2.1/../../../../arm-none-eabi/lib/thumb/v7e-m+fp/hard\libc.a(lib_a-vfiprintf.o)
 .text.__sprint_r
                0x0800cd08       0x18 c:/gnu_tools_arm_embedded/bin/../lib/gcc/arm-none-eabi/9.2.1/../../../../arm-none-eabi/lib/thumb/v7e-m+fp/hard\libc.a(lib_a-vfiprintf.o)
                0x0800cd08                __sprint_r
 .text._write_r
                0x0800cd20       0x2c c:/gnu_tools_arm_embedded/bin/../lib/gcc/arm-none-eabi/9.2.1/../../../../arm-none-eabi/lib/thumb/v7e-m+fp/hard\libc.a(lib_a-writer.o)
                0x0800cd20                _write_r
 .text.__register_exitproc
                0x0800cd4c       0x8c c:/gnu_tools_arm_embedded/bin/../lib/gcc/arm-none-eabi/9.2.1/../../../../arm-none-eabi/lib/thumb/v7e-m+fp/hard\libc.a(lib_a-__atexit.o)
                0x0800cd4c                __register_exitproc
 .text._calloc_r
                0x0800cdd8       0x60 c:/gnu_tools_arm_embedded/bin/../lib/gcc/arm-none-eabi/9.2.1/../../../../arm-none-eabi/lib/thumb/v7e-m+fp/hard\libc.a(lib_a-callocr.o)
                0x0800cdd8                _calloc_r
 .text._close_r
                0x0800ce38       0x24 c:/gnu_tools_arm_embedded/bin/../lib/gcc/arm-none-eabi/9.2.1/../../../../arm-none-eabi/lib/thumb/v7e-m+fp/hard\libc.a(lib_a-closer.o)
                0x0800ce38                _close_r
 .text._fclose_r
                0x0800ce5c       0xcc c:/gnu_tools_arm_embedded/bin/../lib/gcc/arm-none-eabi/9.2.1/../../../../arm-none-eabi/lib/thumb/v7e-m+fp/hard\libc.a(lib_a-fclose.o)
                0x0800ce5c                _fclose_r
 .text.__fputwc
                0x0800cf28       0xa8 c:/gnu_tools_arm_embedded/bin/../lib/gcc/arm-none-eabi/9.2.1/../../../../arm-none-eabi/lib/thumb/v7e-m+fp/hard\libc.a(lib_a-fputwc.o)
                0x0800cf28                __fputwc
 .text._fputwc_r
                0x0800cfd0       0x68 c:/gnu_tools_arm_embedded/bin/../lib/gcc/arm-none-eabi/9.2.1/../../../../arm-none-eabi/lib/thumb/v7e-m+fp/hard\libc.a(lib_a-fputwc.o)
                0x0800cfd0                _fputwc_r
 .text._fstat_r
                0x0800d038       0x2c c:/gnu_tools_arm_embedded/bin/../lib/gcc/arm-none-eabi/9.2.1/../../../../arm-none-eabi/lib/thumb/v7e-m+fp/hard\libc.a(lib_a-fstatr.o)
                0x0800d038                _fstat_r
 .text._isatty_r
                0x0800d064       0x24 c:/gnu_tools_arm_embedded/bin/../lib/gcc/arm-none-eabi/9.2.1/../../../../arm-none-eabi/lib/thumb/v7e-m+fp/hard\libc.a(lib_a-isattyr.o)
                0x0800d064                _isatty_r
 .text.__locale_mb_cur_max
                0x0800d088        0xc c:/gnu_tools_arm_embedded/bin/../lib/gcc/arm-none-eabi/9.2.1/../../../../arm-none-eabi/lib/thumb/v7e-m+fp/hard\libc.a(lib_a-locale.o)
                0x0800d088                __locale_mb_cur_max
 .text._lseek_r
                0x0800d094       0x2c c:/gnu_tools_arm_embedded/bin/../lib/gcc/arm-none-eabi/9.2.1/../../../../arm-none-eabi/lib/thumb/v7e-m+fp/hard\libc.a(lib_a-lseekr.o)
                0x0800d094                _lseek_r
 .text.__ascii_mbtowc
                0x0800d0c0       0x2c c:/gnu_tools_arm_embedded/bin/../lib/gcc/arm-none-eabi/9.2.1/../../../../arm-none-eabi/lib/thumb/v7e-m+fp/hard\libc.a(lib_a-mbtowc_r.o)
                0x0800d0c0                __ascii_mbtowc
 .text._read_r  0x0800d0ec       0x2c c:/gnu_tools_arm_embedded/bin/../lib/gcc/arm-none-eabi/9.2.1/../../../../arm-none-eabi/lib/thumb/v7e-m+fp/hard\libc.a(lib_a-readr.o)
                0x0800d0ec                _read_r
 .text.__swbuf_r
                0x0800d118       0xb0 c:/gnu_tools_arm_embedded/bin/../lib/gcc/arm-none-eabi/9.2.1/../../../../arm-none-eabi/lib/thumb/v7e-m+fp/hard\libc.a(lib_a-wbuf.o)
                0x0800d118                __swbuf_r
 .text._wcrtomb_r
                0x0800d1c8       0x3c c:/gnu_tools_arm_embedded/bin/../lib/gcc/arm-none-eabi/9.2.1/../../../../arm-none-eabi/lib/thumb/v7e-m+fp/hard\libc.a(lib_a-wcrtomb.o)
                0x0800d1c8                _wcrtomb_r
 .text.__ascii_wctomb
                0x0800d204       0x1c c:/gnu_tools_arm_embedded/bin/../lib/gcc/arm-none-eabi/9.2.1/../../../../arm-none-eabi/lib/thumb/v7e-m+fp/hard\libc.a(lib_a-wctomb_r.o)
                0x0800d204                __ascii_wctomb
 .text.tanf     0x0800d220       0x5c c:/gnu_tools_arm_embedded/bin/../lib/gcc/arm-none-eabi/9.2.1/../../../../arm-none-eabi/lib/thumb/v7e-m+fp/hard\libm.a(lib_a-sf_tan.o)
                0x0800d220                tanf
 *fill*         0x0800d27c        0x4 
 .text.pow      0x0800d280      0x36c c:/gnu_tools_arm_embedded/bin/../lib/gcc/arm-none-eabi/9.2.1/../../../../arm-none-eabi/lib/thumb/v7e-m+fp/hard\libm.a(lib_a-w_pow.o)
                0x0800d280                pow
 *fill*         0x0800d5ec        0x4 
 .text.__ieee754_pow
                0x0800d5f0      0xbb4 c:/gnu_tools_arm_embedded/bin/../lib/gcc/arm-none-eabi/9.2.1/../../../../arm-none-eabi/lib/thumb/v7e-m+fp/hard\libm.a(lib_a-e_pow.o)
                0x0800d5f0                __ieee754_pow
 .text.__ieee754_sqrt
                0x0800e1a4      0x188 c:/gnu_tools_arm_embedded/bin/../lib/gcc/arm-none-eabi/9.2.1/../../../../arm-none-eabi/lib/thumb/v7e-m+fp/hard\libm.a(lib_a-e_sqrt.o)
                0x0800e1a4                __ieee754_sqrt
 .text.__ieee754_rem_pio2f
                0x0800e32c      0x294 c:/gnu_tools_arm_embedded/bin/../lib/gcc/arm-none-eabi/9.2.1/../../../../arm-none-eabi/lib/thumb/v7e-m+fp/hard\libm.a(lib_a-ef_rem_pio2.o)
                0x0800e32c                __ieee754_rem_pio2f
 .text.__kernel_rem_pio2f
                0x0800e5c0      0x66c c:/gnu_tools_arm_embedded/bin/../lib/gcc/arm-none-eabi/9.2.1/../../../../arm-none-eabi/lib/thumb/v7e-m+fp/hard\libm.a(lib_a-kf_rem_pio2.o)
                0x0800e5c0                __kernel_rem_pio2f
 .text.__kernel_tanf
                0x0800ec2c      0x1d8 c:/gnu_tools_arm_embedded/bin/../lib/gcc/arm-none-eabi/9.2.1/../../../../arm-none-eabi/lib/thumb/v7e-m+fp/hard\libm.a(lib_a-kf_tan.o)
                0x0800ec2c                __kernel_tanf
 .text.fabs     0x0800ee04       0x14 c:/gnu_tools_arm_embedded/bin/../lib/gcc/arm-none-eabi/9.2.1/../../../../arm-none-eabi/lib/thumb/v7e-m+fp/hard\libm.a(lib_a-s_fabs.o)
                0x0800ee04                fabs
 .text.finite   0x0800ee18       0x18 c:/gnu_tools_arm_embedded/bin/../lib/gcc/arm-none-eabi/9.2.1/../../../../arm-none-eabi/lib/thumb/v7e-m+fp/hard\libm.a(lib_a-s_finite.o)
                0x0800ee18                finite
 .text.matherr  0x0800ee30        0x4 c:/gnu_tools_arm_embedded/bin/../lib/gcc/arm-none-eabi/9.2.1/../../../../arm-none-eabi/lib/thumb/v7e-m+fp/hard\libm.a(lib_a-s_matherr.o)
                0x0800ee30                matherr
 *fill*         0x0800ee34        0x4 
 .text.nan      0x0800ee38       0x10 c:/gnu_tools_arm_embedded/bin/../lib/gcc/arm-none-eabi/9.2.1/../../../../arm-none-eabi/lib/thumb/v7e-m+fp/hard\libm.a(lib_a-s_nan.o)
                0x0800ee38                nan
 .text.rint     0x0800ee48      0x124 c:/gnu_tools_arm_embedded/bin/../lib/gcc/arm-none-eabi/9.2.1/../../../../arm-none-eabi/lib/thumb/v7e-m+fp/hard\libm.a(lib_a-s_rint.o)
                0x0800ee48                rint
 *fill*         0x0800ef6c        0x4 
 .text.scalbn   0x0800ef70      0x124 c:/gnu_tools_arm_embedded/bin/../lib/gcc/arm-none-eabi/9.2.1/../../../../arm-none-eabi/lib/thumb/v7e-m+fp/hard\libm.a(lib_a-s_scalbn.o)
                0x0800ef70                scalbn
 .text.fabsf    0x0800f094       0x10 c:/gnu_tools_arm_embedded/bin/../lib/gcc/arm-none-eabi/9.2.1/../../../../arm-none-eabi/lib/thumb/v7e-m+fp/hard\libm.a(lib_a-sf_fabs.o)
                0x0800f094                fabsf
 .text.floorf   0x0800f0a4       0x8c c:/gnu_tools_arm_embedded/bin/../lib/gcc/arm-none-eabi/9.2.1/../../../../arm-none-eabi/lib/thumb/v7e-m+fp/hard\libm.a(lib_a-sf_floor.o)
                0x0800f0a4                floorf
 .text.scalbnf  0x0800f130       0xe4 c:/gnu_tools_arm_embedded/bin/../lib/gcc/arm-none-eabi/9.2.1/../../../../arm-none-eabi/lib/thumb/v7e-m+fp/hard\libm.a(lib_a-sf_scalbn.o)
                0x0800f130                scalbnf
 .text._close   0x0800f214       0x10 c:/gnu_tools_arm_embedded/bin/../lib/gcc/arm-none-eabi/9.2.1/../../../../arm-none-eabi/lib/thumb/v7e-m+fp/hard\libnosys.a(close.o)
                0x0800f214                _close
 .text._fstat   0x0800f224       0x10 c:/gnu_tools_arm_embedded/bin/../lib/gcc/arm-none-eabi/9.2.1/../../../../arm-none-eabi/lib/thumb/v7e-m+fp/hard\libnosys.a(fstat.o)
                0x0800f224                _fstat
 .text._isatty  0x0800f234       0x10 c:/gnu_tools_arm_embedded/bin/../lib/gcc/arm-none-eabi/9.2.1/../../../../arm-none-eabi/lib/thumb/v7e-m+fp/hard\libnosys.a(isatty.o)
                0x0800f234                _isatty
 .text._lseek   0x0800f244       0x10 c:/gnu_tools_arm_embedded/bin/../lib/gcc/arm-none-eabi/9.2.1/../../../../arm-none-eabi/lib/thumb/v7e-m+fp/hard\libnosys.a(lseek.o)
                0x0800f244                _lseek
 .text._read    0x0800f254       0x10 c:/gnu_tools_arm_embedded/bin/../lib/gcc/arm-none-eabi/9.2.1/../../../../arm-none-eabi/lib/thumb/v7e-m+fp/hard\libnosys.a(read.o)
                0x0800f254                _read
 .text._sbrk    0x0800f264       0x1c c:/gnu_tools_arm_embedded/bin/../lib/gcc/arm-none-eabi/9.2.1/../../../../arm-none-eabi/lib/thumb/v7e-m+fp/hard\libnosys.a(sbrk.o)
                0x0800f264                _sbrk
 .text.arm_mat_init_f32
                0x0800f280        0x8 Drivers/CMSIS/Lib/GCC\libarm_cortexM4lf_math.a(arm_mat_init_f32.o)
                0x0800f280                arm_mat_init_f32
 .text.__errno  0x0800f288        0xc c:/gnu_tools_arm_embedded/bin/../lib/gcc/arm-none-eabi/9.2.1/../../../../arm-none-eabi/lib/thumb/v7e-m+fp/hard\libc.a(lib_a-errno.o)
                0x0800f288                __errno
 *(.glue_7)
 .glue_7        0x0800f294        0x0 linker stubs
 *(.glue_7t)
 .glue_7t       0x0800f294        0x0 linker stubs
 *(.eh_frame)
 .eh_frame      0x0800f294        0x0 c:/gnu_tools_arm_embedded/bin/../lib/gcc/arm-none-eabi/9.2.1/thumb/v7e-m+fp/hard/crtbegin.o
 *(.init)
 .init          0x0800f294        0x4 c:/gnu_tools_arm_embedded/bin/../lib/gcc/arm-none-eabi/9.2.1/thumb/v7e-m+fp/hard/crti.o
                0x0800f294                _init
 .init          0x0800f298        0x8 c:/gnu_tools_arm_embedded/bin/../lib/gcc/arm-none-eabi/9.2.1/thumb/v7e-m+fp/hard/crtn.o
 *(.fini)
 .fini          0x0800f2a0        0x4 c:/gnu_tools_arm_embedded/bin/../lib/gcc/arm-none-eabi/9.2.1/thumb/v7e-m+fp/hard/crti.o
                0x0800f2a0                _fini
 .fini          0x0800f2a4        0x8 c:/gnu_tools_arm_embedded/bin/../lib/gcc/arm-none-eabi/9.2.1/thumb/v7e-m+fp/hard/crtn.o
                0x0800f2ac                . = ALIGN (0x4)
                0x0800f2ac                _etext = .

.vfp11_veneer   0x0800f2ac        0x0
 .vfp11_veneer  0x0800f2ac        0x0 linker stubs

.v4_bx          0x0800f2ac        0x0
 .v4_bx         0x0800f2ac        0x0 linker stubs

.iplt           0x0800f2ac        0x0
 .iplt          0x0800f2ac        0x0 c:/gnu_tools_arm_embedded/bin/../lib/gcc/arm-none-eabi/9.2.1/thumb/v7e-m+fp/hard/crtbegin.o

.rodata         0x0800f2b0      0x7b0
                0x0800f2b0                . = ALIGN (0x4)
 *(.rodata)
 .rodata        0x0800f2b0       0x1c build/freertos.o
 *(.rodata*)
 .rodata.SensorsInit.str1.4
                0x0800f2cc       0x85 build/sensors.o
 *fill*         0x0800f351        0x3 
 .rodata.SensorsLaunch.str1.4
                0x0800f354        0xc build/sensors_task.o
 .rodata.SystemLaunch.str1.4
                0x0800f360        0xb build/system_task.o
 *fill*         0x0800f36b        0x1 
 .rodata.SystemInitiate.str1.4
                0x0800f36c       0x17 build/system_task.o
 *fill*         0x0800f383        0x1 
 .rodata.EskfInit.str1.4
                0x0800f384       0x19 build/eskf.o
 *fill*         0x0800f39d        0x3 
 .rodata.StateEstimatorLaunch.str1.4
                0x0800f3a0       0x13 build/state_estimator_task.o
 *fill*         0x0800f3b3        0x1 
 .rodata.str1.4
                0x0800f3b4        0xc build/freertos.o
 .rodata.flagBitshiftOffset.8557
                0x0800f3c0        0x8 build/stm32f4xx_hal_dma.o
 .rodata.AHBPrescTable
                0x0800f3c8       0x10 build/system_stm32f4xx.o
                0x0800f3c8                AHBPrescTable
 .rodata.APBPrescTable
                0x0800f3d8        0x8 build/system_stm32f4xx.o
                0x0800f3d8                APBPrescTable
 .rodata.vTaskStartScheduler.str1.4
                0x0800f3e0        0x5 build/tasks.o
 *fill*         0x0800f3e5        0x3 
 .rodata._global_impure_ptr
                0x0800f3e8        0x4 c:/gnu_tools_arm_embedded/bin/../lib/gcc/arm-none-eabi/9.2.1/../../../../arm-none-eabi/lib/thumb/v7e-m+fp/hard\libc.a(lib_a-impure.o)
                0x0800f3e8                _global_impure_ptr
 .rodata._puts_r.str1.4
                0x0800f3ec        0x2 c:/gnu_tools_arm_embedded/bin/../lib/gcc/arm-none-eabi/9.2.1/../../../../arm-none-eabi/lib/thumb/v7e-m+fp/hard\libc.a(lib_a-puts.o)
 *fill*         0x0800f3ee        0x2 
 .rodata._vfprintf_r.str1.4
                0x0800f3f0       0x42 c:/gnu_tools_arm_embedded/bin/../lib/gcc/arm-none-eabi/9.2.1/../../../../arm-none-eabi/lib/thumb/v7e-m+fp/hard\libc.a(lib_a-vfprintf.o)
 *fill*         0x0800f432        0x2 
 .rodata.blanks.8723
                0x0800f434       0x10 c:/gnu_tools_arm_embedded/bin/../lib/gcc/arm-none-eabi/9.2.1/../../../../arm-none-eabi/lib/thumb/v7e-m+fp/hard\libc.a(lib_a-vfprintf.o)
 .rodata.zeroes.8724
                0x0800f444       0x10 c:/gnu_tools_arm_embedded/bin/../lib/gcc/arm-none-eabi/9.2.1/../../../../arm-none-eabi/lib/thumb/v7e-m+fp/hard\libc.a(lib_a-vfprintf.o)
 .rodata._dtoa_r.str1.4
                0x0800f454        0xd c:/gnu_tools_arm_embedded/bin/../lib/gcc/arm-none-eabi/9.2.1/../../../../arm-none-eabi/lib/thumb/v7e-m+fp/hard\libc.a(lib_a-dtoa.o)
                                 0x12 (size before relaxing)
 *fill*         0x0800f461        0x7 
 .rodata.__mprec_bigtens
                0x0800f468       0x28 c:/gnu_tools_arm_embedded/bin/../lib/gcc/arm-none-eabi/9.2.1/../../../../arm-none-eabi/lib/thumb/v7e-m+fp/hard\libc.a(lib_a-mprec.o)
                0x0800f468                __mprec_bigtens
 .rodata.__mprec_tens
                0x0800f490       0xc8 c:/gnu_tools_arm_embedded/bin/../lib/gcc/arm-none-eabi/9.2.1/../../../../arm-none-eabi/lib/thumb/v7e-m+fp/hard\libc.a(lib_a-mprec.o)
                0x0800f490                __mprec_tens
 .rodata.p05.7478
                0x0800f558        0xc c:/gnu_tools_arm_embedded/bin/../lib/gcc/arm-none-eabi/9.2.1/../../../../arm-none-eabi/lib/thumb/v7e-m+fp/hard\libc.a(lib_a-mprec.o)
 .rodata._setlocale_r.str1.4
                0x0800f564        0xa c:/gnu_tools_arm_embedded/bin/../lib/gcc/arm-none-eabi/9.2.1/../../../../arm-none-eabi/lib/thumb/v7e-m+fp/hard\libc.a(lib_a-locale.o)
                                  0xd (size before relaxing)
 *fill*         0x0800f56e        0x2 
 .rodata.str1.4
                0x0800f570        0x2 c:/gnu_tools_arm_embedded/bin/../lib/gcc/arm-none-eabi/9.2.1/../../../../arm-none-eabi/lib/thumb/v7e-m+fp/hard\libc.a(lib_a-locale.o)
 *fill*         0x0800f572        0x2 
 .rodata._ctype_
                0x0800f574      0x101 c:/gnu_tools_arm_embedded/bin/../lib/gcc/arm-none-eabi/9.2.1/../../../../arm-none-eabi/lib/thumb/v7e-m+fp/hard\libc.a(lib_a-ctype_.o)
                0x0800f574                _ctype_
 *fill*         0x0800f675        0x3 
 .rodata.pow.str1.4
                0x0800f678        0x4 c:/gnu_tools_arm_embedded/bin/../lib/gcc/arm-none-eabi/9.2.1/../../../../arm-none-eabi/lib/thumb/v7e-m+fp/hard\libm.a(lib_a-w_pow.o)
 .rodata.__ieee754_pow.str1.4
                0x0800f67c        0x1 c:/gnu_tools_arm_embedded/bin/../lib/gcc/arm-none-eabi/9.2.1/../../../../arm-none-eabi/lib/thumb/v7e-m+fp/hard\libm.a(lib_a-e_pow.o)
 .rodata.npio2_hw
                0x0800f67c       0x80 c:/gnu_tools_arm_embedded/bin/../lib/gcc/arm-none-eabi/9.2.1/../../../../arm-none-eabi/lib/thumb/v7e-m+fp/hard\libm.a(lib_a-ef_rem_pio2.o)
 .rodata.two_over_pi
                0x0800f6fc      0x318 c:/gnu_tools_arm_embedded/bin/../lib/gcc/arm-none-eabi/9.2.1/../../../../arm-none-eabi/lib/thumb/v7e-m+fp/hard\libm.a(lib_a-ef_rem_pio2.o)
 .rodata.PIo2   0x0800fa14       0x2c c:/gnu_tools_arm_embedded/bin/../lib/gcc/arm-none-eabi/9.2.1/../../../../arm-none-eabi/lib/thumb/v7e-m+fp/hard\libm.a(lib_a-kf_rem_pio2.o)
 .rodata.init_jk
                0x0800fa40        0xc c:/gnu_tools_arm_embedded/bin/../lib/gcc/arm-none-eabi/9.2.1/../../../../arm-none-eabi/lib/thumb/v7e-m+fp/hard\libm.a(lib_a-kf_rem_pio2.o)
 *fill*         0x0800fa4c        0x4 
 .rodata.TWO52  0x0800fa50       0x10 c:/gnu_tools_arm_embedded/bin/../lib/gcc/arm-none-eabi/9.2.1/../../../../arm-none-eabi/lib/thumb/v7e-m+fp/hard\libm.a(lib_a-s_rint.o)
                0x0800fa60                . = ALIGN (0x4)

.ARM.extab
 *(.ARM.extab* .gnu.linkonce.armextab.*)

.ARM            0x0800fa60        0x8
                0x0800fa60                __exidx_start = .
 *(.ARM.exidx*)
 .ARM.exidx     0x0800fa60        0x8 c:/gnu_tools_arm_embedded/bin/../lib/gcc/arm-none-eabi/9.2.1/thumb/v7e-m+fp/hard\libgcc.a(_udivmoddi4.o)
                0x0800fa68                __exidx_end = .

.rel.dyn        0x0800fa68        0x0
 .rel.iplt      0x0800fa68        0x0 c:/gnu_tools_arm_embedded/bin/../lib/gcc/arm-none-eabi/9.2.1/thumb/v7e-m+fp/hard/crtbegin.o

.preinit_array  0x0800fa68        0x0
                0x0800fa68                PROVIDE (__preinit_array_start = .)
 *(.preinit_array*)
                0x0800fa68                PROVIDE (__preinit_array_end = .)

.init_array     0x0800fa68        0x8
                0x0800fa68                PROVIDE (__init_array_start = .)
 *(SORT_BY_NAME(.init_array.*))
 .init_array.00000
                0x0800fa68        0x4 c:/gnu_tools_arm_embedded/bin/../lib/gcc/arm-none-eabi/9.2.1/../../../../arm-none-eabi/lib/thumb/v7e-m+fp/hard\libc.a(lib_a-__call_atexit.o)
 *(.init_array*)
 .init_array    0x0800fa6c        0x4 c:/gnu_tools_arm_embedded/bin/../lib/gcc/arm-none-eabi/9.2.1/thumb/v7e-m+fp/hard/crtbegin.o
                0x0800fa70                PROVIDE (__init_array_end = .)

.fini_array     0x0800fa70        0x4
                0x0800fa70                PROVIDE (__fini_array_start = .)
 *(SORT_BY_NAME(.fini_array.*))
 *(.fini_array*)
 .fini_array    0x0800fa70        0x4 c:/gnu_tools_arm_embedded/bin/../lib/gcc/arm-none-eabi/9.2.1/thumb/v7e-m+fp/hard/crtbegin.o
                0x0800fa74                PROVIDE (__fini_array_end = .)
                0x0800fa74                _sidata = LOADADDR (.data)

.data           0x20000000      0x9c4 load address 0x0800fa74
                0x20000000                . = ALIGN (0x4)
                0x20000000                _sdata = .
 *(.data)
 *(.data*)
 .data.uwTickFreq
                0x20000000        0x1 build/stm32f4xx_hal.o
                0x20000000                uwTickFreq
 *fill*         0x20000001        0x3 
 .data.uwTickPrio
                0x20000004        0x4 build/stm32f4xx_hal.o
                0x20000004                uwTickPrio
 .data.SystemCoreClock
                0x20000008        0x4 build/system_stm32f4xx.o
                0x20000008                SystemCoreClock
 .data.uxCriticalNesting
                0x2000000c        0x4 build/port.o
 .data._impure_ptr
                0x20000010        0x4 c:/gnu_tools_arm_embedded/bin/../lib/gcc/arm-none-eabi/9.2.1/../../../../arm-none-eabi/lib/thumb/v7e-m+fp/hard\libc.a(lib_a-impure.o)
                0x20000010                _impure_ptr
 *fill*         0x20000014        0x4 
 .data.impure_data
                0x20000018      0x428 c:/gnu_tools_arm_embedded/bin/../lib/gcc/arm-none-eabi/9.2.1/../../../../arm-none-eabi/lib/thumb/v7e-m+fp/hard\libc.a(lib_a-impure.o)
 .data.__atexit_recursive_mutex
                0x20000440        0x4 c:/gnu_tools_arm_embedded/bin/../lib/gcc/arm-none-eabi/9.2.1/../../../../arm-none-eabi/lib/thumb/v7e-m+fp/hard\libc.a(lib_a-__call_atexit.o)
                0x20000440                __atexit_recursive_mutex
 .data.__malloc_av_
                0x20000444      0x408 c:/gnu_tools_arm_embedded/bin/../lib/gcc/arm-none-eabi/9.2.1/../../../../arm-none-eabi/lib/thumb/v7e-m+fp/hard\libc.a(lib_a-mallocr.o)
                0x20000444                __malloc_av_
 .data.__malloc_sbrk_base
                0x2000084c        0x4 c:/gnu_tools_arm_embedded/bin/../lib/gcc/arm-none-eabi/9.2.1/../../../../arm-none-eabi/lib/thumb/v7e-m+fp/hard\libc.a(lib_a-mallocr.o)
                0x2000084c                __malloc_sbrk_base
 .data.__malloc_trim_threshold
                0x20000850        0x4 c:/gnu_tools_arm_embedded/bin/../lib/gcc/arm-none-eabi/9.2.1/../../../../arm-none-eabi/lib/thumb/v7e-m+fp/hard\libc.a(lib_a-mallocr.o)
                0x20000850                __malloc_trim_threshold
 .data.__global_locale
                0x20000854      0x16c c:/gnu_tools_arm_embedded/bin/../lib/gcc/arm-none-eabi/9.2.1/../../../../arm-none-eabi/lib/thumb/v7e-m+fp/hard\libc.a(lib_a-locale.o)
                0x20000854                __global_locale
 .data.__fdlib_version
                0x200009c0        0x1 c:/gnu_tools_arm_embedded/bin/../lib/gcc/arm-none-eabi/9.2.1/../../../../arm-none-eabi/lib/thumb/v7e-m+fp/hard\libm.a(lib_a-s_lib_ver.o)
                0x200009c0                __fdlib_version
                0x200009c4                . = ALIGN (0x4)
 *fill*         0x200009c1        0x3 
                0x200009c4                _edata = .
                0x08010438                _siccmram = LOADADDR (.ccmram)

.igot.plt       0x200009c4        0x0 load address 0x08010438
 .igot.plt      0x200009c4        0x0 c:/gnu_tools_arm_embedded/bin/../lib/gcc/arm-none-eabi/9.2.1/thumb/v7e-m+fp/hard/crtbegin.o

.ccmram         0x10000000        0x0 load address 0x08010438
                0x10000000                . = ALIGN (0x4)
                0x10000000                _sccmram = .
 *(.ccmram)
 *(.ccmram*)
                0x10000000                . = ALIGN (0x4)
                0x10000000                _eccmram = .
                0x10000000                . = ALIGN (0x4)

.bss            0x200009c8     0x583c
                0x200009c8                _sbss = .
                0x200009c8                __bss_start__ = _sbss
 *(.bss)
 .bss           0x200009c8       0x1c c:/gnu_tools_arm_embedded/bin/../lib/gcc/arm-none-eabi/9.2.1/thumb/v7e-m+fp/hard/crtbegin.o
 *(.bss*)
 .bss.old_pos.10021
                0x200009e4        0x4 build/usart_com.o
 .bss.rx_buffer
                0x200009e8       0x80 build/usart_com.o
 .bss.i2c_data  0x20000a68        0x1 build/mpu6050.o
 *fill*         0x20000a69        0x3 
 .bss.i2c_datas
                0x20000a6c        0x6 build/mpu6050.o
 *fill*         0x20000a72        0x6 
 .bss.OFF_t2    0x20000a78        0x8 build/ms5611.o
 .bss.SENS_t2   0x20000a80        0x8 build/ms5611.o
 .bss.TCO       0x20000a88        0x2 build/ms5611.o
 .bss.TCS       0x20000a8a        0x2 build/ms5611.o
 .bss.TEMPSENS  0x20000a8c        0x2 build/ms5611.o
 .bss.TREF      0x20000a8e        0x2 build/ms5611.o
 .bss.buffer    0x20000a90        0x3 build/ms5611.o
 .bss.command   0x20000a93        0x1 build/ms5611.o
 .bss.i2c_data  0x20000a94        0x1 build/hmc5883l.o
 *fill*         0x20000a95        0x3 
 .bss.i2c_datas
                0x20000a98        0x6 build/hmc5883l.o
 *fill*         0x20000a9e        0x2 
 .bss.osSys_acc_queueMgm
                0x20000aa0       0x48 build/sensors.o
 .bss.osSys_acc_queueStorage
                0x20000ae8        0xc build/sensors.o
 .bss.osSys_alt_queueMgm
                0x20000af4       0x48 build/sensors.o
 .bss.osSys_alt_queueStorage
                0x20000b3c        0x4 build/sensors.o
 .bss.osSys_gyro_queueMgm
                0x20000b40       0x48 build/sensors.o
 .bss.osSys_gyro_queueStorage
                0x20000b88        0xc build/sensors.o
 .bss.osSys_mag_queueMgm
                0x20000b94       0x48 build/sensors.o
 .bss.osSys_mag_queueStorage
                0x20000bdc        0xc build/sensors.o
 .bss.acc_lpf   0x20000be8       0x54 build/sensors_task.o
 .bss.gyro_lpf  0x20000c3c       0x54 build/sensors_task.o
 .bss.osSys_sensors_taskStackBuffer
                0x20000c90      0x400 build/sensors_task.o
 .bss.osSys_sensors_taskTaskBuffer
                0x20001090       0x54 build/sensors_task.o
 .bss.i2c1_notify
                0x200010e4        0x4 build/i2c1.o
 .bss.is_init   0x200010e8        0x1 build/system_task.o
 *fill*         0x200010e9        0x3 
 .bss.osSys_system_taskStackBuffer
                0x200010ec      0x400 build/system_task.o
 .bss.osSys_system_taskTaskBuffer
                0x200014ec       0x54 build/system_task.o
 .bss.osSys_state_estimator_taskStackBuffer
                0x20001540      0x400 build/state_estimator_task.o
 .bss.osSys_state_estimator_taskTaskBuffer
                0x20001940       0x54 build/state_estimator_task.o
 .bss.xIdleStack
                0x20001994      0x200 build/freertos.o
 .bss.xIdleTaskTCBBuffer
                0x20001b94       0x54 build/freertos.o
 .bss.pxCurrentTCB
                0x20001be8        0x4 build/tasks.o
                0x20001be8                pxCurrentTCB
 .bss.pxDelayedTaskList
                0x20001bec        0x4 build/tasks.o
 .bss.pxOverflowDelayedTaskList
                0x20001bf0        0x4 build/tasks.o
 .bss.pxReadyTasksLists
                0x20001bf4       0x8c build/tasks.o
 .bss.uxCurrentNumberOfTasks
                0x20001c80        0x4 build/tasks.o
 .bss.uxDeletedTasksWaitingCleanUp
                0x20001c84        0x4 build/tasks.o
 .bss.uxSchedulerSuspended
                0x20001c88        0x4 build/tasks.o
 .bss.uxTaskNumber
                0x20001c8c        0x4 build/tasks.o
 .bss.uxTopReadyPriority
                0x20001c90        0x4 build/tasks.o
 .bss.xDelayedTaskList1
                0x20001c94       0x14 build/tasks.o
 .bss.xDelayedTaskList2
                0x20001ca8       0x14 build/tasks.o
 .bss.xNextTaskUnblockTime
                0x20001cbc        0x4 build/tasks.o
 .bss.xNumOfOverflows
                0x20001cc0        0x4 build/tasks.o
 .bss.xPendedTicks
                0x20001cc4        0x4 build/tasks.o
 .bss.xPendingReadyList
                0x20001cc8       0x14 build/tasks.o
 .bss.xSchedulerRunning
                0x20001cdc        0x4 build/tasks.o
 .bss.xSuspendedTaskList
                0x20001ce0       0x14 build/tasks.o
 .bss.xTasksWaitingTermination
                0x20001cf4       0x14 build/tasks.o
 .bss.xTickCount
                0x20001d08        0x4 build/tasks.o
 .bss.xYieldPending
                0x20001d0c        0x4 build/tasks.o
 .bss.pxEnd     0x20001d10        0x4 build/heap_4.o
 .bss.ucHeap    0x20001d14     0x3c00 build/heap_4.o
 .bss.xBlockAllocatedBit
                0x20005914        0x4 build/heap_4.o
 .bss.xFreeBytesRemaining
                0x20005918        0x4 build/heap_4.o
 .bss.xMinimumEverFreeBytesRemaining
                0x2000591c        0x4 build/heap_4.o
 .bss.xNumberOfSuccessfulAllocations
                0x20005920        0x4 build/heap_4.o
 .bss.xNumberOfSuccessfulFrees
                0x20005924        0x4 build/heap_4.o
 .bss.xStart    0x20005928        0x8 build/heap_4.o
 .bss.ucMaxSysCallPriority
                0x20005930        0x1 build/port.o
 *fill*         0x20005931        0x3 
 .bss.ulMaxPRIGROUPValue
                0x20005934        0x4 build/port.o
 .bss.__malloc_current_mallinfo
                0x20005938       0x28 c:/gnu_tools_arm_embedded/bin/../lib/gcc/arm-none-eabi/9.2.1/../../../../arm-none-eabi/lib/thumb/v7e-m+fp/hard\libc.a(lib_a-mallocr.o)
                0x20005938                __malloc_current_mallinfo
 .bss.__malloc_max_sbrked_mem
                0x20005960        0x4 c:/gnu_tools_arm_embedded/bin/../lib/gcc/arm-none-eabi/9.2.1/../../../../arm-none-eabi/lib/thumb/v7e-m+fp/hard\libc.a(lib_a-mallocr.o)
                0x20005960                __malloc_max_sbrked_mem
 .bss.__malloc_max_total_mem
                0x20005964        0x4 c:/gnu_tools_arm_embedded/bin/../lib/gcc/arm-none-eabi/9.2.1/../../../../arm-none-eabi/lib/thumb/v7e-m+fp/hard\libc.a(lib_a-mallocr.o)
                0x20005964                __malloc_max_total_mem
 .bss.__malloc_top_pad
                0x20005968        0x4 c:/gnu_tools_arm_embedded/bin/../lib/gcc/arm-none-eabi/9.2.1/../../../../arm-none-eabi/lib/thumb/v7e-m+fp/hard\libc.a(lib_a-mallocr.o)
                0x20005968                __malloc_top_pad
 .bss.heap_end.5507
                0x2000596c        0x4 c:/gnu_tools_arm_embedded/bin/../lib/gcc/arm-none-eabi/9.2.1/../../../../arm-none-eabi/lib/thumb/v7e-m+fp/hard\libnosys.a(sbrk.o)
 *(COMMON)
 COMMON         0x20005970        0x4 build/usart_com.o
                0x20005970                usart2_queue
 COMMON         0x20005974       0x10 build/sensors.o
                0x20005974                mag_queue
                0x20005978                acc_queue
                0x2000597c                gyro_queue
                0x20005980                alt_queue
 *fill*         0x20005984        0x4 
 COMMON         0x20005988      0x4a0 build/eskf.o
                0x20005988                gravity
                0x20005998                state
 COMMON         0x20005e28        0x4 build/freertos.o
                0x20005e28                defaultTaskHandle
 COMMON         0x20005e2c      0x114 build/i2c.o
                0x20005e2c                hdma_i2c1_tx
                0x20005e8c                hi2c1
                0x20005ee0                hdma_i2c1_rx
 COMMON         0x20005f40       0x48 build/tim.o
                0x20005f40                htim4
 COMMON         0x20005f88      0x208 build/usart.o
                0x20005f88                hdma_usart2_rx
                0x20005fe8                hdma_usart1_tx
                0x20006048                hdma_usart1_rx
                0x200060a8                hdma_usart2_tx
                0x20006108                huart1
                0x2000614c                huart2
 COMMON         0x20006190       0x48 build/stm32f4xx_hal_timebase_tim.o
                0x20006190                htim7
 COMMON         0x200061d8        0x4 build/stm32f4xx_hal.o
                0x200061d8                uwTick
 COMMON         0x200061dc       0x21 c:/gnu_tools_arm_embedded/bin/../lib/gcc/arm-none-eabi/9.2.1/../../../../arm-none-eabi/lib/thumb/v7e-m+fp/hard\libc.a(lib_a-lock.o)
                0x200061dc                __lock___atexit_recursive_mutex
                0x200061e0                __lock___arc4random_mutex
                0x200061e4                __lock___env_recursive_mutex
                0x200061e8                __lock___sinit_recursive_mutex
                0x200061ec                __lock___malloc_recursive_mutex
                0x200061f0                __lock___at_quick_exit_mutex
                0x200061f4                __lock___dd_hash_mutex
                0x200061f8                __lock___tz_mutex
                0x200061fc                __lock___sfp_recursive_mutex
 *fill*         0x200061fd        0x3 
 COMMON         0x20006200        0x4 c:/gnu_tools_arm_embedded/bin/../lib/gcc/arm-none-eabi/9.2.1/../../../../arm-none-eabi/lib/thumb/v7e-m+fp/hard\libc.a(lib_a-reent.o)
                0x20006200                errno
                0x20006204                . = ALIGN (0x4)
                0x20006204                _ebss = .
                0x20006204                __bss_end__ = _ebss

._user_heap_stack
                0x20006204      0x604
                0x20006208                . = ALIGN (0x8)
 *fill*         0x20006204        0x4 
                0x20006208                PROVIDE (end = .)
                [!provide]                PROVIDE (_end = .)
                0x20006408                . = (. + _Min_Heap_Size)
 *fill*         0x20006208      0x200 
                0x20006808                . = (. + _Min_Stack_Size)
 *fill*         0x20006408      0x400 
                0x20006808                . = ALIGN (0x8)

/DISCARD/
 libc.a(*)
 libm.a(*)
 libgcc.a(*)

.ARM.attributes
                0x00000000       0x30
 *(.ARM.attributes)
 .ARM.attributes
                0x00000000       0x1e c:/gnu_tools_arm_embedded/bin/../lib/gcc/arm-none-eabi/9.2.1/thumb/v7e-m+fp/hard/crti.o
 .ARM.attributes
                0x0000001e       0x34 c:/gnu_tools_arm_embedded/bin/../lib/gcc/arm-none-eabi/9.2.1/thumb/v7e-m+fp/hard/crtbegin.o
 .ARM.attributes
                0x00000052       0x34 build/usart_com.o
 .ARM.attributes
                0x00000086       0x34 build/utils.o
 .ARM.attributes
                0x000000ba       0x34 build/mpu6050.o
 .ARM.attributes
                0x000000ee       0x34 build/ms5611.o
 .ARM.attributes
                0x00000122       0x34 build/hmc5883l.o
 .ARM.attributes
                0x00000156       0x34 build/sensors.o
 .ARM.attributes
                0x0000018a       0x34 build/sensors_task.o
 .ARM.attributes
                0x000001be       0x34 build/i2c1.o
 .ARM.attributes
                0x000001f2       0x34 build/system_task.o
 .ARM.attributes
                0x00000226       0x34 build/filter.o
 .ARM.attributes
                0x0000025a       0x34 build/eskf.o
 .ARM.attributes
                0x0000028e       0x34 build/state_estimator_task.o
 .ARM.attributes
                0x000002c2       0x34 build/main.o
 .ARM.attributes
                0x000002f6       0x34 build/gpio.o
 .ARM.attributes
                0x0000032a       0x34 build/dma.o
 .ARM.attributes
                0x0000035e       0x34 build/freertos.o
 .ARM.attributes
                0x00000392       0x34 build/i2c.o
 .ARM.attributes
                0x000003c6       0x34 build/tim.o
 .ARM.attributes
                0x000003fa       0x34 build/usart.o
 .ARM.attributes
                0x0000042e       0x34 build/stm32f4xx_it.o
 .ARM.attributes
                0x00000462       0x34 build/stm32f4xx_hal_msp.o
 .ARM.attributes
                0x00000496       0x34 build/stm32f4xx_hal_timebase_tim.o
 .ARM.attributes
                0x000004ca       0x34 build/stm32f4xx_hal_rcc.o
 .ARM.attributes
                0x000004fe       0x34 build/stm32f4xx_hal_gpio.o
 .ARM.attributes
                0x00000532       0x34 build/stm32f4xx_hal_dma.o
 .ARM.attributes
                0x00000566       0x34 build/stm32f4xx_hal_cortex.o
 .ARM.attributes
                0x0000059a       0x34 build/stm32f4xx_hal.o
 .ARM.attributes
                0x000005ce       0x34 build/stm32f4xx_hal_i2c.o
 .ARM.attributes
                0x00000602       0x34 build/stm32f4xx_hal_tim.o
 .ARM.attributes
                0x00000636       0x34 build/stm32f4xx_hal_tim_ex.o
 .ARM.attributes
                0x0000066a       0x34 build/stm32f4xx_hal_uart.o
 .ARM.attributes
                0x0000069e       0x34 build/system_stm32f4xx.o
 .ARM.attributes
                0x000006d2       0x34 build/list.o
 .ARM.attributes
                0x00000706       0x34 build/queue.o
 .ARM.attributes
                0x0000073a       0x34 build/tasks.o
 .ARM.attributes
                0x0000076e       0x34 build/cmsis_os.o
 .ARM.attributes
                0x000007a2       0x34 build/heap_4.o
 .ARM.attributes
                0x000007d6       0x34 build/port.o
 .ARM.attributes
                0x0000080a       0x21 build/startup_stm32f407xx.o
 .ARM.attributes
                0x0000082b       0x32 c:/gnu_tools_arm_embedded/bin/../lib/gcc/arm-none-eabi/9.2.1/../../../../arm-none-eabi/lib/thumb/v7e-m+fp/hard\libc.a(lib_a-impure.o)
 .ARM.attributes
                0x0000085d       0x34 c:/gnu_tools_arm_embedded/bin/../lib/gcc/arm-none-eabi/9.2.1/../../../../arm-none-eabi/lib/thumb/v7e-m+fp/hard\libc.a(lib_a-init.o)
 .ARM.attributes
                0x00000891       0x1c c:/gnu_tools_arm_embedded/bin/../lib/gcc/arm-none-eabi/9.2.1/../../../../arm-none-eabi/lib/thumb/v7e-m+fp/hard\libc.a(lib_a-memcpy.o)
 .ARM.attributes
                0x000008ad       0x34 c:/gnu_tools_arm_embedded/bin/../lib/gcc/arm-none-eabi/9.2.1/../../../../arm-none-eabi/lib/thumb/v7e-m+fp/hard\libc.a(lib_a-memset.o)
 .ARM.attributes
                0x000008e1       0x34 c:/gnu_tools_arm_embedded/bin/../lib/gcc/arm-none-eabi/9.2.1/../../../../arm-none-eabi/lib/thumb/v7e-m+fp/hard\libc.a(lib_a-printf.o)
 .ARM.attributes
                0x00000915       0x34 c:/gnu_tools_arm_embedded/bin/../lib/gcc/arm-none-eabi/9.2.1/../../../../arm-none-eabi/lib/thumb/v7e-m+fp/hard\libc.a(lib_a-puts.o)
 .ARM.attributes