Archive member included to satisfy reference by file (symbol)

e:/gnu tools arm embedded/9 2019-q4-major/bin/../lib/gcc/arm-none-eabi/9.2.1/../../../../arm-none-eabi/lib/thumb/v7e-m+fp/hard\libc.a(lib_a-exit.o)
                              e:/gnu tools arm embedded/9 2019-q4-major/bin/../lib/gcc/arm-none-eabi/9.2.1/../../../../arm-none-eabi/lib/thumb/v7e-m+fp/hard/crt0.o (exit)
e:/gnu tools arm embedded/9 2019-q4-major/bin/../lib/gcc/arm-none-eabi/9.2.1/../../../../arm-none-eabi/lib/thumb/v7e-m+fp/hard\libc.a(lib_a-impure.o)
                              e:/gnu tools arm embedded/9 2019-q4-major/bin/../lib/gcc/arm-none-eabi/9.2.1/../../../../arm-none-eabi/lib/thumb/v7e-m+fp/hard\libc.a(lib_a-exit.o) (_global_impure_ptr)
e:/gnu tools arm embedded/9 2019-q4-major/bin/../lib/gcc/arm-none-eabi/9.2.1/../../../../arm-none-eabi/lib/thumb/v7e-m+fp/hard\libc.a(lib_a-init.o)
                              e:/gnu tools arm embedded/9 2019-q4-major/bin/../lib/gcc/arm-none-eabi/9.2.1/../../../../arm-none-eabi/lib/thumb/v7e-m+fp/hard/crt0.o (__libc_init_array)
e:/gnu tools arm embedded/9 2019-q4-major/bin/../lib/gcc/arm-none-eabi/9.2.1/../../../../arm-none-eabi/lib/thumb/v7e-m+fp/hard\libc.a(lib_a-memcpy.o)
                              build/queue.o (memcpy)
e:/gnu tools arm embedded/9 2019-q4-major/bin/../lib/gcc/arm-none-eabi/9.2.1/../../../../arm-none-eabi/lib/thumb/v7e-m+fp/hard\libc.a(lib_a-memset.o)
                              e:/gnu tools arm embedded/9 2019-q4-major/bin/../lib/gcc/arm-none-eabi/9.2.1/../../../../arm-none-eabi/lib/thumb/v7e-m+fp/hard/crt0.o (memset)
e:/gnu tools arm embedded/9 2019-q4-major/bin/../lib/gcc/arm-none-eabi/9.2.1/../../../../arm-none-eabi/lib/thumb/v7e-m+fp/hard\libc.a(lib_a-printf.o)
                              build/sensors.o (printf)
e:/gnu tools arm embedded/9 2019-q4-major/bin/../lib/gcc/arm-none-eabi/9.2.1/../../../../arm-none-eabi/lib/thumb/v7e-m+fp/hard\libc.a(lib_a-puts.o)
                              build/sensors.o (puts)
e:/gnu tools arm embedded/9 2019-q4-major/bin/../lib/gcc/arm-none-eabi/9.2.1/../../../../arm-none-eabi/lib/thumb/v7e-m+fp/hard\libc.a(lib_a-strlen.o)
                              e:/gnu tools arm embedded/9 2019-q4-major/bin/../lib/gcc/arm-none-eabi/9.2.1/../../../../arm-none-eabi/lib/thumb/v7e-m+fp/hard\libc.a(lib_a-puts.o) (strlen)
e:/gnu tools arm embedded/9 2019-q4-major/bin/../lib/gcc/arm-none-eabi/9.2.1/../../../../arm-none-eabi/lib/thumb/v7e-m+fp/hard\libc.a(lib_a-vfprintf.o)
                              e:/gnu tools arm embedded/9 2019-q4-major/bin/../lib/gcc/arm-none-eabi/9.2.1/../../../../arm-none-eabi/lib/thumb/v7e-m+fp/hard\libc.a(lib_a-printf.o) (_vfprintf_r)
e:/gnu tools arm embedded/9 2019-q4-major/bin/../lib/gcc/arm-none-eabi/9.2.1/../../../../arm-none-eabi/lib/thumb/v7e-m+fp/hard\libc.a(lib_a-wsetup.o)
                              e:/gnu tools arm embedded/9 2019-q4-major/bin/../lib/gcc/arm-none-eabi/9.2.1/../../../../arm-none-eabi/lib/thumb/v7e-m+fp/hard\libc.a(lib_a-vfprintf.o) (__swsetup_r)
e:/gnu tools arm embedded/9 2019-q4-major/bin/../lib/gcc/arm-none-eabi/9.2.1/../../../../arm-none-eabi/lib/thumb/v7e-m+fp/hard\libc.a(lib_a-__call_atexit.o)
                              e:/gnu tools arm embedded/9 2019-q4-major/bin/../lib/gcc/arm-none-eabi/9.2.1/../../../../arm-none-eabi/lib/thumb/v7e-m+fp/hard\libc.a(lib_a-exit.o) (__call_exitprocs)
e:/gnu tools arm embedded/9 2019-q4-major/bin/../lib/gcc/arm-none-eabi/9.2.1/../../../../arm-none-eabi/lib/thumb/v7e-m+fp/hard\libc.a(lib_a-atexit.o)
                              e:/gnu tools arm embedded/9 2019-q4-major/bin/../lib/gcc/arm-none-eabi/9.2.1/../../../../arm-none-eabi/lib/thumb/v7e-m+fp/hard\libc.a(lib_a-__call_atexit.o) (atexit)
e:/gnu tools arm embedded/9 2019-q4-major/bin/../lib/gcc/arm-none-eabi/9.2.1/../../../../arm-none-eabi/lib/thumb/v7e-m+fp/hard\libc.a(lib_a-dtoa.o)
                              e:/gnu tools arm embedded/9 2019-q4-major/bin/../lib/gcc/arm-none-eabi/9.2.1/../../../../arm-none-eabi/lib/thumb/v7e-m+fp/hard\libc.a(lib_a-vfprintf.o) (_dtoa_r)
e:/gnu tools arm embedded/9 2019-q4-major/bin/../lib/gcc/arm-none-eabi/9.2.1/../../../../arm-none-eabi/lib/thumb/v7e-m+fp/hard\libc.a(lib_a-fflush.o)
                              e:/gnu tools arm embedded/9 2019-q4-major/bin/../lib/gcc/arm-none-eabi/9.2.1/../../../../arm-none-eabi/lib/thumb/v7e-m+fp/hard\libc.a(lib_a-vfprintf.o) (_fflush_r)
e:/gnu tools arm embedded/9 2019-q4-major/bin/../lib/gcc/arm-none-eabi/9.2.1/../../../../arm-none-eabi/lib/thumb/v7e-m+fp/hard\libc.a(lib_a-findfp.o)
                              e:/gnu tools arm embedded/9 2019-q4-major/bin/../lib/gcc/arm-none-eabi/9.2.1/../../../../arm-none-eabi/lib/thumb/v7e-m+fp/hard\libc.a(lib_a-puts.o) (__sinit)
e:/gnu tools arm embedded/9 2019-q4-major/bin/../lib/gcc/arm-none-eabi/9.2.1/../../../../arm-none-eabi/lib/thumb/v7e-m+fp/hard\libc.a(lib_a-fini.o)
[...]
Memory Configuration

Name             Origin             Length             Attributes
RAM              0x20000000         0x00020000         xrw
CCMRAM           0x10000000         0x00010000         xrw
FLASH            0x08000000         0x00080000         xr
*default*        0x00000000         0xffffffff

Linker script and memory map

LOAD e:/gnu tools arm embedded/9 2019-q4-major/bin/../lib/gcc/arm-none-eabi/9.2.1/thumb/v7e-m+fp/hard/crti.o
LOAD e:/gnu tools arm embedded/9 2019-q4-major/bin/../lib/gcc/arm-none-eabi/9.2.1/thumb/v7e-m+fp/hard/crtbegin.o
LOAD e:/gnu tools arm embedded/9 2019-q4-major/bin/../lib/gcc/arm-none-eabi/9.2.1/../../../../arm-none-eabi/lib/thumb/v7e-m+fp/hard/crt0.o
LOAD build/usart_com.o
LOAD build/motor.o
LOAD build/mavlink_task.o
LOAD build/utils.o
LOAD build/mpu6050.o
LOAD build/ms5611.o
LOAD build/hmc5883l.o
LOAD build/sensors.o
LOAD build/sensors_task.o
LOAD build/i2c1.o
LOAD build/system_task.o
LOAD build/filter.o
LOAD build/eskf.o
LOAD build/state_estimator_task.o
LOAD build/main.o
LOAD build/gpio.o
LOAD build/dma.o
LOAD build/freertos.o
LOAD build/i2c.o
LOAD build/tim.o
LOAD build/usart.o
LOAD build/stm32f4xx_it.o
LOAD build/stm32f4xx_hal_msp.o
LOAD build/stm32f4xx_hal_timebase_tim.o
LOAD build/stm32f4xx_hal_rcc.o
LOAD build/stm32f4xx_hal_rcc_ex.o
LOAD build/stm32f4xx_hal_flash.o
LOAD build/stm32f4xx_hal_flash_ex.o
LOAD build/stm32f4xx_hal_flash_ramfunc.o
LOAD build/stm32f4xx_hal_gpio.o
LOAD build/stm32f4xx_hal_dma_ex.o
LOAD build/stm32f4xx_hal_dma.o
LOAD build/stm32f4xx_hal_pwr.o
LOAD build/stm32f4xx_hal_pwr_ex.o
LOAD build/stm32f4xx_hal_cortex.o
LOAD build/stm32f4xx_hal.o
LOAD build/stm32f4xx_hal_exti.o
LOAD build/stm32f4xx_hal_i2c.o
LOAD build/stm32f4xx_hal_i2c_ex.o
LOAD build/stm32f4xx_hal_tim.o
LOAD build/stm32f4xx_hal_tim_ex.o
LOAD build/stm32f4xx_hal_uart.o
LOAD build/system_stm32f4xx.o
LOAD build/croutine.o
LOAD build/event_groups.o
LOAD build/list.o
LOAD build/queue.o
LOAD build/stream_buffer.o
LOAD build/tasks.o
LOAD build/timers.o
LOAD build/cmsis_os.o
LOAD build/heap_4.o
LOAD build/port.o
LOAD build/startup_stm32f407xx.o
LOAD e:/gnu tools arm embedded/9 2019-q4-major/bin/../lib/gcc/arm-none-eabi/9.2.1/../../../../arm-none-eabi/lib/thumb/v7e-m+fp/hard\libc.a
LOAD e:/gnu tools arm embedded/9 2019-q4-major/bin/../lib/gcc/arm-none-eabi/9.2.1/../../../../arm-none-eabi/lib/thumb/v7e-m+fp/hard\libm.a
LOAD e:/gnu tools arm embedded/9 2019-q4-major/bin/../lib/gcc/arm-none-eabi/9.2.1/../../../../arm-none-eabi/lib/thumb/v7e-m+fp/hard\libnosys.a
LOAD Drivers/CMSIS/Lib/GCC\libarm_cortexM4lf_math.a
START GROUP
LOAD e:/gnu tools arm embedded/9 2019-q4-major/bin/../lib/gcc/arm-none-eabi/9.2.1/thumb/v7e-m+fp/hard\libgcc.a
LOAD e:/gnu tools arm embedded/9 2019-q4-major/bin/../lib/gcc/arm-none-eabi/9.2.1/../../../../arm-none-eabi/lib/thumb/v7e-m+fp/hard\libc.a
END GROUP
LOAD e:/gnu tools arm embedded/9 2019-q4-major/bin/../lib/gcc/arm-none-eabi/9.2.1/thumb/v7e-m+fp/hard/crtend.o
LOAD e:/gnu tools arm embedded/9 2019-q4-major/bin/../lib/gcc/arm-none-eabi/9.2.1/thumb/v7e-m+fp/hard/crtn.o
                0x20020000                _estack = 0x20020000
                0x00000200                _Min_Heap_Size = 0x200
                0x00000400                _Min_Stack_Size = 0x400

.isr_vector     0x08000000      0x188
                0x08000000                . = ALIGN (0x4)
 *(.isr_vector)
 .isr_vector    0x08000000      0x188 build/startup_stm32f407xx.o
                0x08000000                g_pfnVectors
                0x08000188                . = ALIGN (0x4)

.text           0x080001c0     0xf308
                0x080001c0                . = ALIGN (0x4)
 *(.text)
 .text          0x080001c0       0x40 e:/gnu tools arm embedded/9 2019-q4-major/bin/../lib/gcc/arm-none-eabi/9.2.1/thumb/v7e-m+fp/hard/crtbegin.o
 .text          0x08000200      0x134 e:/gnu tools arm embedded/9 2019-q4-major/bin/../lib/gcc/arm-none-eabi/9.2.1/../../../../arm-none-eabi/lib/thumb/v7e-m+fp/hard\libc.a(lib_a-memcpy.o)
                0x08000200                memcpy
 *fill*         0x08000334        0xc 
 .text          0x08000340       0xdc e:/gnu tools arm embedded/9 2019-q4-major/bin/../lib/gcc/arm-none-eabi/9.2.1/../../../../arm-none-eabi/lib/thumb/v7e-m+fp/hard\libc.a(lib_a-strlen.o)
                0x08000340                strlen
 *fill*         0x0800041c        0x4 
 .text          0x08000420       0xa0 e:/gnu tools arm embedded/9 2019-q4-major/bin/../lib/gcc/arm-none-eabi/9.2.1/../../../../arm-none-eabi/lib/thumb/v7e-m+fp/hard\libc.a(lib_a-memchr.o)
                0x08000420                memchr
 .text          0x080004c0      0x378 e:/gnu tools arm embedded/9 2019-q4-major/bin/../lib/gcc/arm-none-eabi/9.2.1/thumb/v7e-m+fp/hard\libgcc.a(_arm_addsubdf3.o)
                0x080004c0                __aeabi_drsub
                0x080004c8                __aeabi_dsub
                0x080004c8                __subdf3
                0x080004cc                __aeabi_dadd
                0x080004cc                __adddf3
                0x08000744                __floatunsidf
                0x08000744                __aeabi_ui2d
                0x08000764                __floatsidf
                0x08000764                __aeabi_i2d
                0x08000788                __aeabi_f2d
                0x08000788                __extendsfdf2
                0x080007cc                __floatundidf
                0x080007cc                __aeabi_ul2d
                0x080007dc                __floatdidf
                0x080007dc                __aeabi_l2d
 .text          0x08000838      0x424 e:/gnu tools arm embedded/9 2019-q4-major/bin/../lib/gcc/arm-none-eabi/9.2.1/thumb/v7e-m+fp/hard\libgcc.a(_arm_muldivdf3.o)
                0x08000838                __aeabi_dmul
                0x08000838                __muldf3
                0x08000a8c                __divdf3
                0x08000a8c                __aeabi_ddiv
 .text          0x08000c5c      0x110 e:/gnu tools arm embedded/9 2019-q4-major/bin/../lib/gcc/arm-none-eabi/9.2.1/thumb/v7e-m+fp/hard\libgcc.a(_arm_cmpdf2.o)
                0x08000c5c                __gtdf2
                0x08000c5c                __gedf2
                0x08000c64                __ltdf2
                0x08000c64                __ledf2
                0x08000c6c                __nedf2
                0x08000c6c                __eqdf2
                0x08000c6c                __cmpdf2
                0x08000ce8                __aeabi_cdrcmple
                0x08000cf8                __aeabi_cdcmpeq
                0x08000cf8                __aeabi_cdcmple
                0x08000d08                __aeabi_dcmpeq
                0x08000d1c                __aeabi_dcmplt
                0x08000d30                __aeabi_dcmple
                0x08000d44                __aeabi_dcmpge
                0x08000d58                __aeabi_dcmpgt
 .text          0x08000d6c       0x2c e:/gnu tools arm embedded/9 2019-q4-major/bin/../lib/gcc/arm-none-eabi/9.2.1/thumb/v7e-m+fp/hard\libgcc.a(_arm_unorddf2.o)
                0x08000d6c                __unorddf2
                0x08000d6c                __aeabi_dcmpun
 .text          0x08000d98       0x50 e:/gnu tools arm embedded/9 2019-q4-major/bin/../lib/gcc/arm-none-eabi/9.2.1/thumb/v7e-m+fp/hard\libgcc.a(_arm_fixdfsi.o)
                0x08000d98                __aeabi_d2iz
                0x08000d98                __fixdfsi
 .text          0x08000de8       0xa0 e:/gnu tools arm embedded/9 2019-q4-major/bin/../lib/gcc/arm-none-eabi/9.2.1/thumb/v7e-m+fp/hard\libgcc.a(_arm_truncdfsf2.o)
                0x08000de8                __truncdfsf2
                0x08000de8                __aeabi_d2f
 .text          0x08000e88      0x21c e:/gnu tools arm embedded/9 2019-q4-major/bin/../lib/gcc/arm-none-eabi/9.2.1/thumb/v7e-m+fp/hard\libgcc.a(_arm_addsubsf3.o)
                0x08000e88                __aeabi_frsub
                0x08000e90                __subsf3
                0x08000e90                __aeabi_fsub
                0x08000e94                __aeabi_fadd
                0x08000e94                __addsf3
                0x08000ff4                __aeabi_ui2f
                0x08000ff4                __floatunsisf
                0x08000ffc                __aeabi_i2f
                0x08000ffc                __floatsisf
                0x08001018                __aeabi_ul2f
                0x08001018                __floatundisf
                0x08001028                __aeabi_l2f
                0x08001028                __floatdisf
 .text          0x080010a4       0x30 e:/gnu tools arm embedded/9 2019-q4-major/bin/../lib/gcc/arm-none-eabi/9.2.1/thumb/v7e-m+fp/hard\libgcc.a(_aeabi_uldivmod.o)
                0x080010a4                __aeabi_uldivmod
 .text          0x080010d4      0x2c4 e:/gnu tools arm embedded/9 2019-q4-major/bin/../lib/gcc/arm-none-eabi/9.2.1/thumb/v7e-m+fp/hard\libgcc.a(_udivmoddi4.o)
                0x080010d4                __udivmoddi4
 .text          0x08001398        0x4 e:/gnu tools arm embedded/9 2019-q4-major/bin/../lib/gcc/arm-none-eabi/9.2.1/thumb/v7e-m+fp/hard\libgcc.a(_dvmd_tls.o)
                0x08001398                __aeabi_idiv0
                0x08001398                __aeabi_ldiv0
 *(.text*)
 .text.UartRxCheck
                0x0800139c       0xa4 build/usart_com.o
 .text.USART2_IRQHandler
                0x08001440       0x34 build/usart_com.o
                0x08001440                USART2_IRQHandler
 .text.DMA1_Stream5_IRQHandler
                0x08001474       0x10 build/usart_com.o
                0x08001474                DMA1_Stream5_IRQHandler
 .text.DMA1_Stream6_IRQHandler
                0x08001484       0x10 build/usart_com.o
                0x08001484                DMA1_Stream6_IRQHandler
 .text.HAL_UART_RxCpltCallback
                0x08001494       0x18 build/usart_com.o
                0x08001494                HAL_UART_RxCpltCallback
 .text.__io_putchar
                0x080014ac       0x20 build/utils.o
                0x080014ac                __io_putchar
 .text._write   0x080014cc       0x1c build/utils.o
                0x080014cc                _write
 .text.GetSysTimeUs
                0x080014e8       0x3c build/utils.o
                0x080014e8                GetSysTimeUs
 .text.MPU6050Init
                0x08001524      0x110 build/mpu6050.o
                0x08001524                MPU6050Init
 .text.MPU6050ReadAccelRaw
                0x08001634       0x40 build/mpu6050.o
                0x08001634                MPU6050ReadAccelRaw
 .text.MPU6050ReadGyroRaw
                0x08001674       0x40 build/mpu6050.o
                0x08001674                MPU6050ReadGyroRaw
 .text.CalibrateIMU
                0x080016b4      0x184 build/mpu6050.o
                0x080016b4                CalibrateIMU
 .text.MS5611Init
                0x08001838       0xe4 build/ms5611.o
                0x08001838                MS5611Init
 .text.MS5611ReadRawTemp
                0x0800191c       0x58 build/ms5611.o
                0x0800191c                MS5611ReadRawTemp
 .text.MS5611ReadRawPress
                0x08001974       0x58 build/ms5611.o
                0x08001974                MS5611ReadRawPress
 *fill*         0x080019cc        0x4 
 .text.MS5611ReadAlt
                0x080019d0      0x204 build/ms5611.o
                0x080019d0                MS5611ReadAlt
 .text.HMC5883LInit
                0x08001bd4       0x60 build/hmc5883l.o
                0x08001bd4                HMC5883LInit
 .text.HMC5883LReadMagRaw
                0x08001c34       0x40 build/hmc5883l.o
                0x08001c34                HMC5883LReadMagRaw
 .text.CalibrateMag
                0x08001c74       0xdc build/hmc5883l.o
                0x08001c74                CalibrateMag
 .text.SensorsInit
                0x08001d50       0xe8 build/sensors.o
                0x08001d50                SensorsInit
 .text.SensorsReadIMU
                0x08001e38       0x34 build/sensors.o
                0x08001e38                SensorsReadIMU
 .text.SensorsTask
                0x08001e6c       0xe8 build/sensors_task.o
                0x08001e6c                SensorsTask
 .text.SensorsLaunch
                0x08001f54       0x84 build/sensors_task.o
                0x08001f54                SensorsLaunch
 .text.I2C1MenRead
                0x08001fd8       0x50 build/i2c1.o
                0x08001fd8                I2C1MenRead
 .text.I2C1MenWrite
                0x08002028       0x50 build/i2c1.o
                0x08002028                I2C1MenWrite
 .text.I2C1Read
                0x08002078       0x40 build/i2c1.o
                0x08002078                I2C1Read
 .text.I2C1Write
                0x080020b8       0x40 build/i2c1.o
                0x080020b8                I2C1Write
 .text.HAL_I2C_MemRxCpltCallback
                0x080020f8       0x34 build/i2c1.o
                0x080020f8                HAL_I2C_MemRxCpltCallback
 .text.HAL_I2C_MemTxCpltCallback
                0x0800212c       0x34 build/i2c1.o
                0x0800212c                HAL_I2C_MemTxCpltCallback
 .text.HAL_I2C_MasterTxCpltCallback
                0x08002160       0x34 build/i2c1.o
                0x08002160                HAL_I2C_MasterTxCpltCallback
 .text.HAL_I2C_MasterRxCpltCallback
                0x08002194       0x34 build/i2c1.o
                0x08002194                HAL_I2C_MasterRxCpltCallback
 .text.SystemLaunch
                0x080021c8       0x34 build/system_task.o
                0x080021c8                SystemLaunch
 .text.SystemInitiate
                0x080021fc       0x54 build/system_task.o
                0x080021fc                SystemInitiate
 .text.SystemTask
                0x08002250       0x18 build/system_task.o
 .text.Lowpass2Init
                0x08002268       0x80 build/filter.o
                0x08002268                Lowpass2Init
 .text.Lowpass2Apply
                0x080022e8       0x64 build/filter.o
                0x080022e8                Lowpass2Apply
 .text.Lowpass2Apply3Axis
                0x0800234c       0x34 build/filter.o
                0x0800234c                Lowpass2Apply3Axis
 .text.EskfInit
                0x08002380      0x198 build/eskf.o
                0x08002380                EskfInit
 .text.EskfPredict
                0x08002518      0x104 build/eskf.o
                0x08002518                EskfPredict
 .text.StateEstimatorTask
                0x0800261c       0x28 build/state_estimator_task.o
                0x0800261c                StateEstimatorTask
 .text.StateEstimatorLaunch
                0x08002644       0x34 build/state_estimator_task.o
                0x08002644                StateEstimatorLaunch
 .text.SystemClock_Config
                0x08002678       0x94 build/main.o
                0x08002678                SystemClock_Config
 .text.main     0x0800270c       0x30 build/main.o
                0x0800270c                main
 .text.HAL_TIM_PeriodElapsedCallback
                0x0800273c       0x18 build/main.o
                0x0800273c                HAL_TIM_PeriodElapsedCallback
 .text.Error_Handler
                0x08002754        0x2 build/main.o
                0x08002754                Error_Handler
 *fill*         0x08002756        0x2 
 .text.MX_GPIO_Init
                0x08002758       0xa8 build/gpio.o
                0x08002758                MX_GPIO_Init
 .text.MX_DMA_Init
                0x08002800       0x98 build/dma.o
                0x08002800                MX_DMA_Init
 .text.StartDefaultTask
                0x08002898        0xa build/freertos.o
                0x08002898                StartDefaultTask
 *fill*         0x080028a2        0x2 
 .text.vApplicationGetIdleTaskMemory
                0x080028a4       0x18 build/freertos.o
                0x080028a4                vApplicationGetIdleTaskMemory
 .text.MX_FREERTOS_Init
                0x080028bc       0x2c build/freertos.o
                0x080028bc                MX_FREERTOS_Init
 .text.MX_I2C1_Init
                0x080028e8       0x3c build/i2c.o
                0x080028e8                MX_I2C1_Init
 .text.HAL_I2C_MspInit
                0x08002924      0x114 build/i2c.o
                0x08002924                HAL_I2C_MspInit
 .text.HAL_TIM_Base_MspInit
                0x08002a38       0x30 build/tim.o
                0x08002a38                HAL_TIM_Base_MspInit
 .text.HAL_TIM_MspPostInit
                0x08002a68       0x5c build/tim.o
                0x08002a68                HAL_TIM_MspPostInit
 .text.MX_TIM4_Init
                0x08002ac4       0xe8 build/tim.o
                0x08002ac4                MX_TIM4_Init
 .text.MX_USART1_UART_Init
                0x08002bac       0x34 build/usart.o
                0x08002bac                MX_USART1_UART_Init
 .text.MX_USART2_UART_Init
                0x08002be0       0x34 build/usart.o
                0x08002be0                MX_USART2_UART_Init
 .text.HAL_UART_MspInit
                0x08002c14      0x1e4 build/usart.o
                0x08002c14                HAL_UART_MspInit
 .text.NMI_Handler
                0x08002df8        0x2 build/stm32f4xx_it.o
                0x08002df8                NMI_Handler
 .text.HardFault_Handler
                0x08002dfa        0x2 build/stm32f4xx_it.o
                0x08002dfa                HardFault_Handler
 .text.MemManage_Handler
                0x08002dfc        0x2 build/stm32f4xx_it.o
                0x08002dfc                MemManage_Handler
 .text.BusFault_Handler
                0x08002dfe        0x2 build/stm32f4xx_it.o
                0x08002dfe                BusFault_Handler
 .text.UsageFault_Handler
                0x08002e00        0x2 build/stm32f4xx_it.o
                0x08002e00                UsageFault_Handler
 .text.DebugMon_Handler
                0x08002e02        0x2 build/stm32f4xx_it.o
                0x08002e02                DebugMon_Handler
 .text.DMA1_Stream0_IRQHandler
                0x08002e04       0x10 build/stm32f4xx_it.o
                0x08002e04                DMA1_Stream0_IRQHandler
 .text.I2C1_EV_IRQHandler
                0x08002e14       0x10 build/stm32f4xx_it.o
                0x08002e14                I2C1_EV_IRQHandler
 .text.I2C1_ER_IRQHandler
                0x08002e24       0x10 build/stm32f4xx_it.o
                0x08002e24                I2C1_ER_IRQHandler
 .text.USART1_IRQHandler
                0x08002e34       0x10 build/stm32f4xx_it.o
                0x08002e34                USART1_IRQHandler
 .text.DMA1_Stream7_IRQHandler
                0x08002e44       0x10 build/stm32f4xx_it.o
                0x08002e44                DMA1_Stream7_IRQHandler
 .text.TIM7_IRQHandler
                0x08002e54       0x10 build/stm32f4xx_it.o
                0x08002e54                TIM7_IRQHandler
 .text.DMA2_Stream2_IRQHandler
                0x08002e64       0x10 build/stm32f4xx_it.o
                0x08002e64                DMA2_Stream2_IRQHandler
 .text.DMA2_Stream7_IRQHandler
                0x08002e74       0x10 build/stm32f4xx_it.o
                0x08002e74                DMA2_Stream7_IRQHandler
 .text.HAL_MspInit
                0x08002e84       0x44 build/stm32f4xx_hal_msp.o
                0x08002e84                HAL_MspInit
 .text.HAL_InitTick
                0x08002ec8       0x7c build/stm32f4xx_hal_timebase_tim.o
                0x08002ec8                HAL_InitTick
 .text.HAL_RCC_OscConfig
                0x08002f44      0x3f8 build/stm32f4xx_hal_rcc.o
                0x08002f44                HAL_RCC_OscConfig
 .text.HAL_RCC_GetSysClockFreq
                0x0800333c       0xcc build/stm32f4xx_hal_rcc.o
                0x0800333c                HAL_RCC_GetSysClockFreq
 .text.HAL_RCC_ClockConfig
                0x08003408      0x160 build/stm32f4xx_hal_rcc.o
                0x08003408                HAL_RCC_ClockConfig
 .text.HAL_RCC_GetHCLKFreq
                0x08003568        0xc build/stm32f4xx_hal_rcc.o
                0x08003568                HAL_RCC_GetHCLKFreq
 .text.HAL_RCC_GetPCLK1Freq
                0x08003574       0x20 build/stm32f4xx_hal_rcc.o
                0x08003574                HAL_RCC_GetPCLK1Freq
 .text.HAL_RCC_GetPCLK2Freq
                0x08003594       0x20 build/stm32f4xx_hal_rcc.o
                0x08003594                HAL_RCC_GetPCLK2Freq
 .text.HAL_RCC_GetClockConfig
                0x080035b4       0x3c build/stm32f4xx_hal_rcc.o
                0x080035b4                HAL_RCC_GetClockConfig
 .text.HAL_GPIO_Init
                0x080035f0      0x1d4 build/stm32f4xx_hal_gpio.o
                0x080035f0                HAL_GPIO_Init
 .text.HAL_GPIO_WritePin
                0x080037c4        0xc build/stm32f4xx_hal_gpio.o
                0x080037c4                HAL_GPIO_WritePin
 .text.DMA_SetConfig
                0x080037d0       0x2c build/stm32f4xx_hal_dma.o
 .text.DMA_CalcBaseAndBitshift
                0x080037fc       0x44 build/stm32f4xx_hal_dma.o
 .text.DMA_CheckFifoParam
                0x08003840       0x8e build/stm32f4xx_hal_dma.o
 *fill*         0x080038ce        0x2 
 .text.HAL_DMA_Init
                0x080038d0       0xcc build/stm32f4xx_hal_dma.o
                0x080038d0                HAL_DMA_Init
 .text.HAL_DMA_Start_IT
                0x0800399c       0x6a build/stm32f4xx_hal_dma.o
                0x0800399c                HAL_DMA_Start_IT
 .text.HAL_DMA_Abort
                0x08003a06       0x94 build/stm32f4xx_hal_dma.o
                0x08003a06                HAL_DMA_Abort
 .text.HAL_DMA_Abort_IT
                0x08003a9a       0x26 build/stm32f4xx_hal_dma.o
                0x08003a9a                HAL_DMA_Abort_IT
 .text.HAL_DMA_IRQHandler
                0x08003ac0      0x1dc build/stm32f4xx_hal_dma.o
                0x08003ac0                HAL_DMA_IRQHandler
 .text.HAL_DMA_GetState
                0x08003c9c        0x6 build/stm32f4xx_hal_dma.o
                0x08003c9c                HAL_DMA_GetState
 .text.HAL_DMA_GetError
                0x08003ca2        0x4 build/stm32f4xx_hal_dma.o
                0x08003ca2                HAL_DMA_GetError
 *fill*         0x08003ca6        0x2 
 .text.HAL_NVIC_SetPriorityGrouping
                0x08003ca8       0x24 build/stm32f4xx_hal_cortex.o
                0x08003ca8                HAL_NVIC_SetPriorityGrouping
 .text.HAL_NVIC_SetPriority
                0x08003ccc       0x68 build/stm32f4xx_hal_cortex.o
                0x08003ccc                HAL_NVIC_SetPriority
 .text.HAL_NVIC_EnableIRQ
                0x08003d34       0x1c build/stm32f4xx_hal_cortex.o
                0x08003d34                HAL_NVIC_EnableIRQ
 .text.HAL_Init
                0x08003d50       0x34 build/stm32f4xx_hal.o
                0x08003d50                HAL_Init
 .text.HAL_IncTick
                0x08003d84       0x18 build/stm32f4xx_hal.o
                0x08003d84                HAL_IncTick
 .text.HAL_GetTick
                0x08003d9c        0xc build/stm32f4xx_hal.o
                0x08003d9c                HAL_GetTick
 .text.I2C_Master_SB
                0x08003da8       0xa8 build/stm32f4xx_hal_i2c.o
 .text.I2C_Master_ADD10
                0x08003e50       0x2a build/stm32f4xx_hal_i2c.o
 .text.I2C_Master_ADDR
                0x08003e7a      0x206 build/stm32f4xx_hal_i2c.o
 .text.I2C_SlaveTransmit_BTF
                0x08004080       0x20 build/stm32f4xx_hal_i2c.o
 .text.I2C_SlaveReceive_BTF
                0x080040a0       0x20 build/stm32f4xx_hal_i2c.o
 .text.I2C_WaitOnSTOPRequestThroughIT
                0x080040c0       0x48 build/stm32f4xx_hal_i2c.o
 .text.I2C_IsAcknowledgeFailed
                0x08004108       0x32 build/stm32f4xx_hal_i2c.o
 .text.I2C_ConvertOtherXferOptions
                0x0800413a       0x1e build/stm32f4xx_hal_i2c.o
 .text.I2C_WaitOnFlagUntilTimeout
                0x08004158       0x74 build/stm32f4xx_hal_i2c.o
 .text.I2C_WaitOnMasterAddressFlagUntilTimeout
                0x080041cc       0xaa build/stm32f4xx_hal_i2c.o
 .text.I2C_WaitOnTXEFlagUntilTimeout
                0x08004276       0x54 build/stm32f4xx_hal_i2c.o
 *fill*         0x080042ca        0x2 
 .text.I2C_RequestMemoryWrite
                0x080042cc       0xd8 build/stm32f4xx_hal_i2c.o
 .text.I2C_RequestMemoryRead
                0x080043a4      0x154 build/stm32f4xx_hal_i2c.o
 .text.HAL_I2C_Init
                0x080044f8      0x1bc build/stm32f4xx_hal_i2c.o
                0x080044f8                HAL_I2C_Init
 .text.HAL_I2C_Master_Transmit_DMA
                0x080046b4      0x190 build/stm32f4xx_hal_i2c.o
                0x080046b4                HAL_I2C_Master_Transmit_DMA
 .text.HAL_I2C_Master_Receive_DMA
                0x08004844      0x190 build/stm32f4xx_hal_i2c.o
                0x08004844                HAL_I2C_Master_Receive_DMA
 .text.HAL_I2C_Mem_Write_DMA
                0x080049d4      0x1d0 build/stm32f4xx_hal_i2c.o
                0x080049d4                HAL_I2C_Mem_Write_DMA
 .text.HAL_I2C_Mem_Read_DMA
                0x08004ba4      0x210 build/stm32f4xx_hal_i2c.o
                0x08004ba4                HAL_I2C_Mem_Read_DMA
 .text.HAL_I2C_IsDeviceReady
                0x08004db4      0x194 build/stm32f4xx_hal_i2c.o
                0x08004db4                HAL_I2C_IsDeviceReady
 .text.I2C_MasterTransmit_BTF
                0x08004f48       0x86 build/stm32f4xx_hal_i2c.o
 .text.HAL_I2C_SlaveTxCpltCallback
                0x08004fce        0x2 build/stm32f4xx_hal_i2c.o
                0x08004fce                HAL_I2C_SlaveTxCpltCallback
 .text.I2C_SlaveTransmit_TXE
                0x08004fd0       0x4c build/stm32f4xx_hal_i2c.o
 .text.HAL_I2C_SlaveRxCpltCallback
                0x0800501c        0x2 build/stm32f4xx_hal_i2c.o
                0x0800501c                HAL_I2C_SlaveRxCpltCallback
 .text.I2C_SlaveReceive_RXNE
                0x0800501e       0x4c build/stm32f4xx_hal_i2c.o
 .text.HAL_I2C_AddrCallback
                0x0800506a        0x2 build/stm32f4xx_hal_i2c.o
                0x0800506a                HAL_I2C_AddrCallback
 .text.I2C_Slave_ADDR
                0x0800506c       0x4e build/stm32f4xx_hal_i2c.o
 .text.HAL_I2C_ListenCpltCallback
                0x080050ba        0x2 build/stm32f4xx_hal_i2c.o
                0x080050ba                HAL_I2C_ListenCpltCallback
 .text.I2C_Slave_AF
                0x080050bc       0x94 build/stm32f4xx_hal_i2c.o
 .text.I2C_MemoryTransmit_TXE_BTF
                0x08005150       0xb8 build/stm32f4xx_hal_i2c.o
 .text.I2C_MasterTransmit_TXE
                0x08005208       0xd0 build/stm32f4xx_hal_i2c.o
 .text.I2C_MasterReceive_BTF
                0x080052d8      0x128 build/stm32f4xx_hal_i2c.o
 .text.HAL_I2C_ErrorCallback
                0x08005400        0x2 build/stm32f4xx_hal_i2c.o
                0x08005400                HAL_I2C_ErrorCallback
 .text.I2C_DMAError
                0x08005402       0x46 build/stm32f4xx_hal_i2c.o
 .text.I2C_DMAXferCplt
                0x08005448      0x122 build/stm32f4xx_hal_i2c.o
 .text.I2C_MasterReceive_RXNE
                0x0800556a       0xec build/stm32f4xx_hal_i2c.o
 .text.HAL_I2C_AbortCpltCallback
                0x08005656        0x2 build/stm32f4xx_hal_i2c.o
                0x08005656                HAL_I2C_AbortCpltCallback
 .text.I2C_DMAAbort
                0x08005658       0xe4 build/stm32f4xx_hal_i2c.o
 .text.I2C_ITError
                0x0800573c      0x178 build/stm32f4xx_hal_i2c.o
 .text.I2C_Slave_STOPF
                0x080058b4      0x18c build/stm32f4xx_hal_i2c.o
 .text.HAL_I2C_EV_IRQHandler
                0x08005a40      0x19a build/stm32f4xx_hal_i2c.o
                0x08005a40                HAL_I2C_EV_IRQHandler
 .text.HAL_I2C_ER_IRQHandler
                0x08005bda       0xc4 build/stm32f4xx_hal_i2c.o
                0x08005bda                HAL_I2C_ER_IRQHandler
 *fill*         0x08005c9e        0x2 
 .text.TIM_OC1_SetConfig
                0x08005ca0       0x68 build/stm32f4xx_hal_tim.o
 .text.TIM_OC3_SetConfig
                0x08005d08       0x70 build/stm32f4xx_hal_tim.o
 .text.TIM_OC4_SetConfig
                0x08005d78       0x50 build/stm32f4xx_hal_tim.o
 .text.TIM_TI1_ConfigInputStage
                0x08005dc8       0x24 build/stm32f4xx_hal_tim.o
 .text.TIM_TI2_ConfigInputStage
                0x08005dec       0x26 build/stm32f4xx_hal_tim.o
 .text.TIM_ITRx_SetConfig
                0x08005e12       0x10 build/stm32f4xx_hal_tim.o
 *fill*         0x08005e22        0x2 
 .text.HAL_TIM_Base_Start_IT
                0x08005e24       0x88 build/stm32f4xx_hal_tim.o
                0x08005e24                HAL_TIM_Base_Start_IT
 .text.HAL_TIM_PWM_MspInit
                0x08005eac        0x2 build/stm32f4xx_hal_tim.o
                0x08005eac                HAL_TIM_PWM_MspInit
 .text.HAL_TIM_OC_DelayElapsedCallback
                0x08005eae        0x2 build/stm32f4xx_hal_tim.o
                0x08005eae                HAL_TIM_OC_DelayElapsedCallback
 .text.HAL_TIM_IC_CaptureCallback
                0x08005eb0        0x2 build/stm32f4xx_hal_tim.o
                0x08005eb0                HAL_TIM_IC_CaptureCallback
 .text.HAL_TIM_PWM_PulseFinishedCallback
                0x08005eb2        0x2 build/stm32f4xx_hal_tim.o
                0x08005eb2                HAL_TIM_PWM_PulseFinishedCallback
 .text.HAL_TIM_TriggerCallback
                0x08005eb4        0x2 build/stm32f4xx_hal_tim.o
                0x08005eb4                HAL_TIM_TriggerCallback
 .text.HAL_TIM_IRQHandler
                0x08005eb6      0x17a build/stm32f4xx_hal_tim.o
                0x08005eb6                HAL_TIM_IRQHandler
 .text.TIM_Base_SetConfig
                0x08006030       0xc8 build/stm32f4xx_hal_tim.o
                0x08006030                TIM_Base_SetConfig
 .text.HAL_TIM_Base_Init
                0x080060f8       0x58 build/stm32f4xx_hal_tim.o
                0x080060f8                HAL_TIM_Base_Init
 .text.HAL_TIM_PWM_Init
                0x08006150       0x58 build/stm32f4xx_hal_tim.o
                0x08006150                HAL_TIM_PWM_Init
 .text.TIM_OC2_SetConfig
                0x080061a8       0x70 build/stm32f4xx_hal_tim.o
                0x080061a8                TIM_OC2_SetConfig
 .text.HAL_TIM_PWM_ConfigChannel
                0x08006218       0xd0 build/stm32f4xx_hal_tim.o
                0x08006218                HAL_TIM_PWM_ConfigChannel
 .text.TIM_ETR_SetConfig
                0x080062e8       0x18 build/stm32f4xx_hal_tim.o
                0x080062e8                TIM_ETR_SetConfig
 .text.HAL_TIM_ConfigClockSource
                0x08006300       0xda build/stm32f4xx_hal_tim.o
                0x08006300                HAL_TIM_ConfigClockSource
 *fill*         0x080063da        0x2 
 .text.HAL_TIMEx_MasterConfigSynchronization
                0x080063dc       0x88 build/stm32f4xx_hal_tim_ex.o
                0x080063dc                HAL_TIMEx_MasterConfigSynchronization
 .text.HAL_TIMEx_CommutCallback
                0x08006464        0x2 build/stm32f4xx_hal_tim_ex.o
                0x08006464                HAL_TIMEx_CommutCallback
 .text.HAL_TIMEx_BreakCallback
                0x08006466        0x2 build/stm32f4xx_hal_tim_ex.o
                0x08006466                HAL_TIMEx_BreakCallback
 .text.UART_EndRxTransfer
                0x08006468       0x32 build/stm32f4xx_hal_uart.o
 .text.UART_Transmit_IT
                0x0800649a       0x60 build/stm32f4xx_hal_uart.o
 *fill*         0x080064fa        0x2 
 .text.UART_SetConfig
                0x080064fc      0x11c build/stm32f4xx_hal_uart.o
 .text.UART_WaitOnFlagUntilTimeout
                0x08006618       0x68 build/stm32f4xx_hal_uart.o
 .text.HAL_UART_Init
                0x08006680       0x5e build/stm32f4xx_hal_uart.o
                0x08006680                HAL_UART_Init
 .text.HAL_UART_Transmit
                0x080066de       0xd8 build/stm32f4xx_hal_uart.o
                0x080066de                HAL_UART_Transmit
 .text.HAL_UART_TxCpltCallback
                0x080067b6        0x2 build/stm32f4xx_hal_uart.o
                0x080067b6                HAL_UART_TxCpltCallback
 .text.UART_EndTransmit_IT
                0x080067b8       0x1a build/stm32f4xx_hal_uart.o
 .text.HAL_UART_ErrorCallback
                0x080067d2        0x2 build/stm32f4xx_hal_uart.o
                0x080067d2                HAL_UART_ErrorCallback
 .text.UART_DMAAbortOnError
                0x080067d4       0x10 build/stm32f4xx_hal_uart.o
 .text.HAL_UARTEx_RxEventCallback
                0x080067e4        0x2 build/stm32f4xx_hal_uart.o
                0x080067e4                HAL_UARTEx_RxEventCallback
 .text.UART_Receive_IT
                0x080067e6       0xba build/stm32f4xx_hal_uart.o
 .text.HAL_UART_IRQHandler
                0x080068a0      0x208 build/stm32f4xx_hal_uart.o
                0x080068a0                HAL_UART_IRQHandler
 .text.SystemInit
                0x08006aa8       0x1c build/system_stm32f4xx.o
                0x08006aa8                SystemInit
 .text.vListInitialise
                0x08006ac4       0x16 build/list.o
                0x08006ac4                vListInitialise
 .text.vListInitialiseItem
                0x08006ada        0x6 build/list.o
                0x08006ada                vListInitialiseItem
 .text.vListInsertEnd
                0x08006ae0       0x16 build/list.o
                0x08006ae0                vListInsertEnd
 .text.vListInsert
                0x08006af6       0x32 build/list.o
                0x08006af6                vListInsert
 .text.uxListRemove
                0x08006b28       0x26 build/list.o
                0x08006b28                uxListRemove
 .text.prvIsQueueFull
                0x08006b4e       0x1e build/queue.o
 .text.prvIsQueueEmpty
                0x08006b6c       0x1a build/queue.o
 .text.prvCopyDataToQueue
                0x08006b86       0x76 build/queue.o
 .text.prvCopyDataFromQueue
                0x08006bfc       0x24 build/queue.o
 .text.prvUnlockQueue
                0x08006c20       0x6e build/queue.o
 *fill*         0x08006c8e        0x2 
 .text.xQueueGenericReset
                0x08006c90       0x84 build/queue.o
                0x08006c90                xQueueGenericReset
 .text.prvInitialiseNewQueue
                0x08006d14       0x1c build/queue.o
 .text.xQueueGenericCreateStatic
                0x08006d30       0x94 build/queue.o
                0x08006d30                xQueueGenericCreateStatic
 .text.xQueueGenericSend
                0x08006dc4      0x180 build/queue.o
                0x08006dc4                xQueueGenericSend
 .text.xQueueGenericSendFromISR
                0x08006f44       0xd0 build/queue.o
                0x08006f44                xQueueGenericSendFromISR
 .text.xQueuePeek
                0x08007014      0x15c build/queue.o
                0x08007014                xQueuePeek
 .text.prvResetNextTaskUnblockTime
                0x08007170       0x2c build/tasks.o
 .text.prvInitialiseNewTask
                0x0800719c       0x8e build/tasks.o
 *fill*         0x0800722a        0x2 
 .text.prvInitialiseTaskLists
                0x0800722c       0x68 build/tasks.o
 .text.prvAddNewTaskToReadyList
                0x08007294       0xa8 build/tasks.o
 .text.prvDeleteTCB
                0x0800733c       0x38 build/tasks.o
 .text.prvCheckTasksWaitingTermination
                0x08007374       0x4c build/tasks.o
 .text.prvIdleTask
                0x080073c0       0x28 build/tasks.o
 .text.prvAddCurrentTaskToDelayedList
                0x080073e8       0x98 build/tasks.o
 .text.xTaskCreateStatic
                0x08007480       0x74 build/tasks.o
                0x08007480                xTaskCreateStatic
 .text.xTaskCreate
                0x080074f4       0x68 build/tasks.o
                0x080074f4                xTaskCreate
 .text.vTaskStartScheduler
                0x0800755c       0x6c build/tasks.o
                0x0800755c                vTaskStartScheduler
 .text.vTaskSuspendAll
                0x080075c8       0x10 build/tasks.o
                0x080075c8                vTaskSuspendAll
 .text.xTaskGetTickCount
                0x080075d8        0xc build/tasks.o
                0x080075d8                xTaskGetTickCount
 .text.xTaskIncrementTick
                0x080075e4      0x118 build/tasks.o
                0x080075e4                xTaskIncrementTick
 .text.xTaskResumeAll
                0x080076fc       0xf8 build/tasks.o
                0x080076fc                xTaskResumeAll
 .text.vTaskDelayUntil
                0x080077f4       0xa4 build/tasks.o
                0x080077f4                vTaskDelayUntil
 .text.vTaskDelay
                0x08007898       0x4c build/tasks.o
                0x08007898                vTaskDelay
 .text.vTaskSwitchContext
                0x080078e4       0x98 build/tasks.o
                0x080078e4                vTaskSwitchContext
 .text.vTaskPlaceOnEventList
                0x0800797c       0x30 build/tasks.o
                0x0800797c                vTaskPlaceOnEventList
 .text.xTaskRemoveFromEventList
                0x080079ac       0x8c build/tasks.o
                0x080079ac                xTaskRemoveFromEventList
 .text.vTaskInternalSetTimeOutState
                0x08007a38       0x18 build/tasks.o
                0x08007a38                vTaskInternalSetTimeOutState
 .text.xTaskCheckForTimeOut
                0x08007a50       0x84 build/tasks.o
                0x08007a50                xTaskCheckForTimeOut
 .text.vTaskMissedYield
                0x08007ad4        0xc build/tasks.o
                0x08007ad4                vTaskMissedYield
 .text.xTaskGetCurrentTaskHandle
                0x08007ae0        0xc build/tasks.o
                0x08007ae0                xTaskGetCurrentTaskHandle
 .text.xTaskGetSchedulerState
                0x08007aec       0x20 build/tasks.o
                0x08007aec                xTaskGetSchedulerState
 .text.xTaskPriorityDisinherit
                0x08007b0c       0xb4 build/tasks.o
                0x08007b0c                xTaskPriorityDisinherit
 .text.ulTaskNotifyTake
                0x08007bc0       0x78 build/tasks.o
                0x08007bc0                ulTaskNotifyTake
 .text.vTaskNotifyGiveFromISR
                0x08007c38       0xd0 build/tasks.o
                0x08007c38                vTaskNotifyGiveFromISR
 .text.makeFreeRtosPriority
                0x08007d08        0xc build/cmsis_os.o
 .text.osKernelStart
                0x08007d14        0xa build/cmsis_os.o
                0x08007d14                osKernelStart
 .text.osThreadCreate
                0x08007d1e       0x6a build/cmsis_os.o
                0x08007d1e                osThreadCreate
 .text.osDelay  0x08007d88        0xe build/cmsis_os.o
                0x08007d88                osDelay
 *fill*         0x08007d96        0x2 
 .text.prvHeapInit
                0x08007d98       0x64 build/heap_4.o
 .text.prvInsertBlockIntoFreeList
                0x08007dfc       0x58 build/heap_4.o
 .text.pvPortMalloc
                0x08007e54       0xfc build/heap_4.o
                0x08007e54                pvPortMalloc
 .text.vPortFree
                0x08007f50       0x7c build/heap_4.o
                0x08007f50                vPortFree
 .text.prvTaskExitError
                0x08007fcc       0x40 build/port.o
 .text.prvPortStartFirstTask
                0x0800800c       0x28 build/port.o
 .text.vPortEnableVFP
                0x08008034       0x14 build/port.o
 .text.pxPortInitialiseStack
                0x08008048       0x2c build/port.o
                0x08008048                pxPortInitialiseStack
 *fill*         0x08008074        0xc 
 .text.SVC_Handler
                0x08008080       0x24 build/port.o
                0x08008080                SVC_Handler
 .text.vPortEnterCritical
                0x080080a4       0x44 build/port.o
                0x080080a4                vPortEnterCritical
 .text.vPortExitCritical
                0x080080e8       0x2c build/port.o
                0x080080e8                vPortExitCritical
 *fill*         0x08008114        0xc 
 .text.PendSV_Handler
                0x08008120       0x64 build/port.o
                0x08008120                PendSV_Handler
 .text.SysTick_Handler
                0x08008184       0x2c build/port.o
                0x08008184                SysTick_Handler
 .text.vPortSetupTimerInterrupt
                0x080081b0       0x38 build/port.o
                0x080081b0                vPortSetupTimerInterrupt
 .text.xPortStartScheduler
                0x080081e8      0x110 build/port.o
                0x080081e8                xPortStartScheduler
 .text.vPortValidateInterruptPriority
                0x080082f8       0x5c build/port.o
                0x080082f8                vPortValidateInterruptPriority
 .text.Reset_Handler
                0x08008354       0x50 build/startup_stm32f407xx.o
                0x08008354                Reset_Handler
 .text.Default_Handler
                0x080083a4        0x2 build/startup_stm32f407xx.o
                0x080083a4                RTC_Alarm_IRQHandler
                0x080083a4                HASH_RNG_IRQHandler
                0x080083a4                EXTI2_IRQHandler
                0x080083a4                TIM8_CC_IRQHandler
                0x080083a4                TIM1_CC_IRQHandler
                0x080083a4                DMA2_Stream5_IRQHandler
                0x080083a4                PVD_IRQHandler
                0x080083a4                SDIO_IRQHandler
                0x080083a4                TAMP_STAMP_IRQHandler
                0x080083a4                CAN2_RX1_IRQHandler
                0x080083a4                EXTI3_IRQHandler
                0x080083a4                TIM8_TRG_COM_TIM14_IRQHandler
                0x080083a4                TIM1_UP_TIM10_IRQHandler
                0x080083a4                TIM8_UP_TIM13_IRQHandler
                0x080083a4                I2C3_ER_IRQHandler
                0x080083a4                EXTI0_IRQHandler
                0x080083a4                I2C2_EV_IRQHandler
                0x080083a4                DMA1_Stream2_IRQHandler
                0x080083a4                CAN1_RX0_IRQHandler
                0x080083a4                FPU_IRQHandler
                0x080083a4                OTG_HS_WKUP_IRQHandler
                0x080083a4                CAN2_SCE_IRQHandler
                0x080083a4                SPI1_IRQHandler
                0x080083a4                TIM6_DAC_IRQHandler
                0x080083a4                TIM1_BRK_TIM9_IRQHandler
                0x080083a4                DCMI_IRQHandler
                0x080083a4                CAN2_RX0_IRQHandler
                0x080083a4                DMA2_Stream3_IRQHandler
                0x080083a4                USART6_IRQHandler
                0x080083a4                USART3_IRQHandler
                0x080083a4                CAN1_RX1_IRQHandler
                0x080083a4                UART5_IRQHandler
                0x080083a4                DMA2_Stream0_IRQHandler
                0x080083a4                TIM4_IRQHandler
                0x080083a4                DMA1_Stream1_IRQHandler
                0x080083a4                UART4_IRQHandler
                0x080083a4                TIM3_IRQHandler
                0x080083a4                RCC_IRQHandler
                0x080083a4                TIM8_BRK_TIM12_IRQHandler
                0x080083a4                Default_Handler
                0x080083a4                EXTI15_10_IRQHandler
                0x080083a4                ADC_IRQHandler
                0x080083a4                CAN2_TX_IRQHandler
                0x080083a4                TIM5_IRQHandler
                0x080083a4                I2C3_EV_IRQHandler
                0x080083a4                EXTI9_5_IRQHandler
                0x080083a4                RTC_WKUP_IRQHandler
                0x080083a4                ETH_WKUP_IRQHandler
                0x080083a4                SPI2_IRQHandler
                0x080083a4                OTG_HS_EP1_IN_IRQHandler
                0x080083a4                CAN1_TX_IRQHandler
                0x080083a4                EXTI4_IRQHandler
                0x080083a4                FSMC_IRQHandler
                0x080083a4                ETH_IRQHandler
                0x080083a4                OTG_HS_EP1_OUT_IRQHandler
                0x080083a4                WWDG_IRQHandler
                0x080083a4                TIM2_IRQHandler
                0x080083a4                OTG_FS_WKUP_IRQHandler
                0x080083a4                TIM1_TRG_COM_TIM11_IRQHandler
                0x080083a4                OTG_HS_IRQHandler
                0x080083a4                EXTI1_IRQHandler
                0x080083a4                I2C2_ER_IRQHandler
                0x080083a4                DMA2_Stream1_IRQHandler
                0x080083a4                CAN1_SCE_IRQHandler
                0x080083a4                FLASH_IRQHandler
                0x080083a4                DMA2_Stream4_IRQHandler
                0x080083a4                OTG_FS_IRQHandler
                0x080083a4                SPI3_IRQHandler
                0x080083a4                DMA1_Stream4_IRQHandler
                0x080083a4                DMA2_Stream6_IRQHandler
                0x080083a4                DMA1_Stream3_IRQHandler
 *fill*         0x080083a6        0x2 
 .text.__libc_init_array
                0x080083a8       0x48 e:/gnu tools arm embedded/9 2019-q4-major/bin/../lib/gcc/arm-none-eabi/9.2.1/../../../../arm-none-eabi/lib/thumb/v7e-m+fp/hard\libc.a(lib_a-init.o)
                0x080083a8                __libc_init_array
 .text.memset   0x080083f0       0xa0 e:/gnu tools arm embedded/9 2019-q4-major/bin/../lib/gcc/arm-none-eabi/9.2.1/../../../../arm-none-eabi/lib/thumb/v7e-m+fp/hard\libc.a(lib_a-memset.o)
                0x080083f0                memset
 .text.printf   0x08008490       0x28 e:/gnu tools arm embedded/9 2019-q4-major/bin/../lib/gcc/arm-none-eabi/9.2.1/../../../../arm-none-eabi/lib/thumb/v7e-m+fp/hard\libc.a(lib_a-printf.o)
                0x08008490                printf
 .text._puts_r  0x080084b8       0x9c e:/gnu tools arm embedded/9 2019-q4-major/bin/../lib/gcc/arm-none-eabi/9.2.1/../../../../arm-none-eabi/lib/thumb/v7e-m+fp/hard\libc.a(lib_a-puts.o)
                0x080084b8                _puts_r
 .text.puts     0x08008554       0x10 e:/gnu tools arm embedded/9 2019-q4-major/bin/../lib/gcc/arm-none-eabi/9.2.1/../../../../arm-none-eabi/lib/thumb/v7e-m+fp/hard\libc.a(lib_a-puts.o)
                0x08008554                puts
 *fill*         0x08008564        0x4 
 .text._vfprintf_r
                0x08008568     0x1be0 e:/gnu tools arm embedded/9 2019-q4-major/bin/../lib/gcc/arm-none-eabi/9.2.1/../../../../arm-none-eabi/lib/thumb/v7e-m+fp/hard\libc.a(lib_a-vfprintf.o)
                0x08008568                _vfprintf_r
 .text.__sbprintf
                0x0800a148       0x84 e:/gnu tools arm embedded/9 2019-q4-major/bin/../lib/gcc/arm-none-eabi/9.2.1/../../../../arm-none-eabi/lib/thumb/v7e-m+fp/hard\libc.a(lib_a-vfprintf.o)
 .text.__swsetup_r
                0x0800a1cc       0xd0 e:/gnu tools arm embedded/9 2019-q4-major/bin/../lib/gcc/arm-none-eabi/9.2.1/../../../../arm-none-eabi/lib/thumb/v7e-m+fp/hard\libc.a(lib_a-wsetup.o)
                0x0800a1cc                __swsetup_r
 .text.startup.register_fini
                0x0800a29c       0x14 e:/gnu tools arm embedded/9 2019-q4-major/bin/../lib/gcc/arm-none-eabi/9.2.1/../../../../arm-none-eabi/lib/thumb/v7e-m+fp/hard\libc.a(lib_a-__call_atexit.o)
 .text.atexit   0x0800a2b0        0xc e:/gnu tools arm embedded/9 2019-q4-major/bin/../lib/gcc/arm-none-eabi/9.2.1/../../../../arm-none-eabi/lib/thumb/v7e-m+fp/hard\libc.a(lib_a-atexit.o)
                0x0800a2b0                atexit
 .text.quorem   0x0800a2bc      0x11c e:/gnu tools arm embedded/9 2019-q4-major/bin/../lib/gcc/arm-none-eabi/9.2.1/../../../../arm-none-eabi/lib/thumb/v7e-m+fp/hard\libc.a(lib_a-dtoa.o)
 .text._dtoa_r  0x0800a3d8      0xeec e:/gnu tools arm embedded/9 2019-q4-major/bin/../lib/gcc/arm-none-eabi/9.2.1/../../../../arm-none-eabi/lib/thumb/v7e-m+fp/hard\libc.a(lib_a-dtoa.o)
                0x0800a3d8                _dtoa_r
 .text.__sflush_r
                0x0800b2c4      0x130 e:/gnu tools arm embedded/9 2019-q4-major/bin/../lib/gcc/arm-none-eabi/9.2.1/../../../../arm-none-eabi/lib/thumb/v7e-m+fp/hard\libc.a(lib_a-fflush.o)
                0x0800b2c4                __sflush_r
 .text._fflush_r
                0x0800b3f4       0x5c e:/gnu tools arm embedded/9 2019-q4-major/bin/../lib/gcc/arm-none-eabi/9.2.1/../../../../arm-none-eabi/lib/thumb/v7e-m+fp/hard\libc.a(lib_a-fflush.o)
                0x0800b3f4                _fflush_r
 .text.std      0x0800b450       0x50 e:/gnu tools arm embedded/9 2019-q4-major/bin/../lib/gcc/arm-none-eabi/9.2.1/../../../../arm-none-eabi/lib/thumb/v7e-m+fp/hard\libc.a(lib_a-findfp.o)
 .text._cleanup_r
                0x0800b4a0        0xc e:/gnu tools arm embedded/9 2019-q4-major/bin/../lib/gcc/arm-none-eabi/9.2.1/../../../../arm-none-eabi/lib/thumb/v7e-m+fp/hard\libc.a(lib_a-findfp.o)
                0x0800b4a0                _cleanup_r
 .text.__sinit  0x0800b4ac       0x54 e:/gnu tools arm embedded/9 2019-q4-major/bin/../lib/gcc/arm-none-eabi/9.2.1/../../../../arm-none-eabi/lib/thumb/v7e-m+fp/hard\libc.a(lib_a-findfp.o)
                0x0800b4ac                __sinit
 .text.__sfp_lock_acquire
                0x0800b500        0xc e:/gnu tools arm embedded/9 2019-q4-major/bin/../lib/gcc/arm-none-eabi/9.2.1/../../../../arm-none-eabi/lib/thumb/v7e-m+fp/hard\libc.a(lib_a-findfp.o)
                0x0800b500                __sfp_lock_acquire
 .text.__sfp_lock_release
                0x0800b50c        0xc e:/gnu tools arm embedded/9 2019-q4-major/bin/../lib/gcc/arm-none-eabi/9.2.1/../../../../arm-none-eabi/lib/thumb/v7e-m+fp/hard\libc.a(lib_a-findfp.o)
                0x0800b50c                __sfp_lock_release
 .text.__libc_fini_array
                0x0800b518       0x2c e:/gnu tools arm embedded/9 2019-q4-major/bin/../lib/gcc/arm-none-eabi/9.2.1/../../../../arm-none-eabi/lib/thumb/v7e-m+fp/hard\libc.a(lib_a-fini.o)
                0x0800b518                __libc_fini_array
 .text._malloc_trim_r
                0x0800b544       0xa0 e:/gnu tools arm embedded/9 2019-q4-major/bin/../lib/gcc/arm-none-eabi/9.2.1/../../../../arm-none-eabi/lib/thumb/v7e-m+fp/hard\libc.a(lib_a-freer.o)
                0x0800b544                _malloc_trim_r
 .text._free_r  0x0800b5e4      0x208 e:/gnu tools arm embedded/9 2019-q4-major/bin/../lib/gcc/arm-none-eabi/9.2.1/../../../../arm-none-eabi/lib/thumb/v7e-m+fp/hard\libc.a(lib_a-freer.o)
                0x0800b5e4                _free_r
 .text.__sfvwrite_r
                0x0800b7ec      0x2e0 e:/gnu tools arm embedded/9 2019-q4-major/bin/../lib/gcc/arm-none-eabi/9.2.1/../../../../arm-none-eabi/lib/thumb/v7e-m+fp/hard\libc.a(lib_a-fvwrite.o)
                0x0800b7ec                __sfvwrite_r
 .text._fwalk_reent
                0x0800bacc       0x48 e:/gnu tools arm embedded/9 2019-q4-major/bin/../lib/gcc/arm-none-eabi/9.2.1/../../../../arm-none-eabi/lib/thumb/v7e-m+fp/hard\libc.a(lib_a-fwalk.o)
                0x0800bacc                _fwalk_reent
 .text._localeconv_r
                0x0800bb14        0x8 e:/gnu tools arm embedded/9 2019-q4-major/bin/../lib/gcc/arm-none-eabi/9.2.1/../../../../arm-none-eabi/lib/thumb/v7e-m+fp/hard\libc.a(lib_a-localeconv.o)
                0x0800bb14                _localeconv_r
 .text.__retarget_lock_init_recursive
                0x0800bb1c        0x4 e:/gnu tools arm embedded/9 2019-q4-major/bin/../lib/gcc/arm-none-eabi/9.2.1/../../../../arm-none-eabi/lib/thumb/v7e-m+fp/hard\libc.a(lib_a-lock.o)
                0x0800bb1c                __retarget_lock_init_recursive
 .text.__retarget_lock_close_recursive
                0x0800bb20        0x4 e:/gnu tools arm embedded/9 2019-q4-major/bin/../lib/gcc/arm-none-eabi/9.2.1/../../../../arm-none-eabi/lib/thumb/v7e-m+fp/hard\libc.a(lib_a-lock.o)
                0x0800bb20                __retarget_lock_close_recursive
 .text.__retarget_lock_acquire_recursive
                0x0800bb24        0x4 e:/gnu tools arm embedded/9 2019-q4-major/bin/../lib/gcc/arm-none-eabi/9.2.1/../../../../arm-none-eabi/lib/thumb/v7e-m+fp/hard\libc.a(lib_a-lock.o)
                0x0800bb24                __retarget_lock_acquire_recursive
 .text.__retarget_lock_release_recursive
                0x0800bb28        0x4 e:/gnu tools arm embedded/9 2019-q4-major/bin/../lib/gcc/arm-none-eabi/9.2.1/../../../../arm-none-eabi/lib/thumb/v7e-m+fp/hard\libc.a(lib_a-lock.o)
                0x0800bb28                __retarget_lock_release_recursive
 .text.__swhatbuf_r
                0x0800bb2c       0x5c e:/gnu tools arm embedded/9 2019-q4-major/bin/../lib/gcc/arm-none-eabi/9.2.1/../../../../arm-none-eabi/lib/thumb/v7e-m+fp/hard\libc.a(lib_a-makebuf.o)
                0x0800bb2c                __swhatbuf_r
 .text.__smakebuf_r
                0x0800bb88       0x98 e:/gnu tools arm embedded/9 2019-q4-major/bin/../lib/gcc/arm-none-eabi/9.2.1/../../../../arm-none-eabi/lib/thumb/v7e-m+fp/hard\libc.a(lib_a-makebuf.o)
                0x0800bb88                __smakebuf_r
 .text._malloc_r
                0x0800bc20      0x574 e:/gnu tools arm embedded/9 2019-q4-major/bin/../lib/gcc/arm-none-eabi/9.2.1/../../../../arm-none-eabi/lib/thumb/v7e-m+fp/hard\libc.a(lib_a-mallocr.o)
                0x0800bc20                _malloc_r
 .text.memmove  0x0800c194       0xd8 e:/gnu tools arm embedded/9 2019-q4-major/bin/../lib/gcc/arm-none-eabi/9.2.1/../../../../arm-none-eabi/lib/thumb/v7e-m+fp/hard\libc.a(lib_a-memmove.o)
                0x0800c194                memmove
 .text.__malloc_lock
                0x0800c26c        0xc e:/gnu tools arm embedded/9 2019-q4-major/bin/../lib/gcc/arm-none-eabi/9.2.1/../../../../arm-none-eabi/lib/thumb/v7e-m+fp/hard\libc.a(lib_a-mlock.o)
                0x0800c26c                __malloc_lock
 .text.__malloc_unlock
                0x0800c278        0xc e:/gnu tools arm embedded/9 2019-q4-major/bin/../lib/gcc/arm-none-eabi/9.2.1/../../../../arm-none-eabi/lib/thumb/v7e-m+fp/hard\libc.a(lib_a-mlock.o)
                0x0800c278                __malloc_unlock
 .text._Balloc  0x0800c284       0x4c e:/gnu tools arm embedded/9 2019-q4-major/bin/../lib/gcc/arm-none-eabi/9.2.1/../../../../arm-none-eabi/lib/thumb/v7e-m+fp/hard\libc.a(lib_a-mprec.o)
                0x0800c284                _Balloc
 .text._Bfree   0x0800c2d0       0x14 e:/gnu tools arm embedded/9 2019-q4-major/bin/../lib/gcc/arm-none-eabi/9.2.1/../../../../arm-none-eabi/lib/thumb/v7e-m+fp/hard\libc.a(lib_a-mprec.o)
                0x0800c2d0                _Bfree
 .text.__multadd
                0x0800c2e4       0x8c e:/gnu tools arm embedded/9 2019-q4-major/bin/../lib/gcc/arm-none-eabi/9.2.1/../../../../arm-none-eabi/lib/thumb/v7e-m+fp/hard\libc.a(lib_a-mprec.o)
                0x0800c2e4                __multadd
 .text.__hi0bits
                0x0800c370       0x40 e:/gnu tools arm embedded/9 2019-q4-major/bin/../lib/gcc/arm-none-eabi/9.2.1/../../../../arm-none-eabi/lib/thumb/v7e-m+fp/hard\libc.a(lib_a-mprec.o)
                0x0800c370                __hi0bits
 .text.__lo0bits
                0x0800c3b0       0x60 e:/gnu tools arm embedded/9 2019-q4-major/bin/../lib/gcc/arm-none-eabi/9.2.1/../../../../arm-none-eabi/lib/thumb/v7e-m+fp/hard\libc.a(lib_a-mprec.o)
                0x0800c3b0                __lo0bits
 .text.__i2b    0x0800c410       0x14 e:/gnu tools arm embedded/9 2019-q4-major/bin/../lib/gcc/arm-none-eabi/9.2.1/../../../../arm-none-eabi/lib/thumb/v7e-m+fp/hard\libc.a(lib_a-mprec.o)
                0x0800c410                __i2b
 .text.__multiply
                0x0800c424      0x144 e:/gnu tools arm embedded/9 2019-q4-major/bin/../lib/gcc/arm-none-eabi/9.2.1/../../../../arm-none-eabi/lib/thumb/v7e-m+fp/hard\libc.a(lib_a-mprec.o)
                0x0800c424                __multiply
 .text.__pow5mult
                0x0800c568       0xa0 e:/gnu tools arm embedded/9 2019-q4-major/bin/../lib/gcc/arm-none-eabi/9.2.1/../../../../arm-none-eabi/lib/thumb/v7e-m+fp/hard\libc.a(lib_a-mprec.o)
                0x0800c568                __pow5mult
 .text.__lshift
                0x0800c608       0xd4 e:/gnu tools arm embedded/9 2019-q4-major/bin/../lib/gcc/arm-none-eabi/9.2.1/../../../../arm-none-eabi/lib/thumb/v7e-m+fp/hard\libc.a(lib_a-mprec.o)
                0x0800c608                __lshift
 .text.__mcmp   0x0800c6dc       0x3c e:/gnu tools arm embedded/9 2019-q4-major/bin/../lib/gcc/arm-none-eabi/9.2.1/../../../../arm-none-eabi/lib/thumb/v7e-m+fp/hard\libc.a(lib_a-mprec.o)
                0x0800c6dc                __mcmp
 .text.__mdiff  0x0800c718      0x138 e:/gnu tools arm embedded/9 2019-q4-major/bin/../lib/gcc/arm-none-eabi/9.2.1/../../../../arm-none-eabi/lib/thumb/v7e-m+fp/hard\libc.a(lib_a-mprec.o)
                0x0800c718                __mdiff
 .text.__d2b    0x0800c850       0xbc e:/gnu tools arm embedded/9 2019-q4-major/bin/../lib/gcc/arm-none-eabi/9.2.1/../../../../arm-none-eabi/lib/thumb/v7e-m+fp/hard\libc.a(lib_a-mprec.o)
                0x0800c850                __d2b
 .text._realloc_r
                0x0800c90c      0x3e0 e:/gnu tools arm embedded/9 2019-q4-major/bin/../lib/gcc/arm-none-eabi/9.2.1/../../../../arm-none-eabi/lib/thumb/v7e-m+fp/hard\libc.a(lib_a-reallocr.o)
                0x0800c90c                _realloc_r
 .text.frexp    0x0800ccec       0x6c e:/gnu tools arm embedded/9 2019-q4-major/bin/../lib/gcc/arm-none-eabi/9.2.1/../../../../arm-none-eabi/lib/thumb/v7e-m+fp/hard\libc.a(lib_a-s_frexp.o)
                0x0800ccec                frexp
 .text._sbrk_r  0x0800cd58       0x24 e:/gnu tools arm embedded/9 2019-q4-major/bin/../lib/gcc/arm-none-eabi/9.2.1/../../../../arm-none-eabi/lib/thumb/v7e-m+fp/hard\libc.a(lib_a-sbrkr.o)
                0x0800cd58                _sbrk_r
 .text.__sread  0x0800cd7c       0x24 e:/gnu tools arm embedded/9 2019-q4-major/bin/../lib/gcc/arm-none-eabi/9.2.1/../../../../arm-none-eabi/lib/thumb/v7e-m+fp/hard\libc.a(lib_a-stdio.o)
                0x0800cd7c                __sread
 .text.__swrite
                0x0800cda0       0x40 e:/gnu tools arm embedded/9 2019-q4-major/bin/../lib/gcc/arm-none-eabi/9.2.1/../../../../arm-none-eabi/lib/thumb/v7e-m+fp/hard\libc.a(lib_a-stdio.o)
                0x0800cda0                __swrite
 .text.__sseek  0x0800cde0       0x20 e:/gnu tools arm embedded/9 2019-q4-major/bin/../lib/gcc/arm-none-eabi/9.2.1/../../../../arm-none-eabi/lib/thumb/v7e-m+fp/hard\libc.a(lib_a-stdio.o)
                0x0800cde0                __sseek
 .text.__sclose
                0x0800ce00        0x8 e:/gnu tools arm embedded/9 2019-q4-major/bin/../lib/gcc/arm-none-eabi/9.2.1/../../../../arm-none-eabi/lib/thumb/v7e-m+fp/hard\libc.a(lib_a-stdio.o)
                0x0800ce00                __sclose
 .text.strncpy  0x0800ce08       0x68 e:/gnu tools arm embedded/9 2019-q4-major/bin/../lib/gcc/arm-none-eabi/9.2.1/../../../../arm-none-eabi/lib/thumb/v7e-m+fp/hard\libc.a(lib_a-strncpy.o)
                0x0800ce08                strncpy
 .text.__sprint_r.part.0
                0x0800ce70       0x78 e:/gnu tools arm embedded/9 2019-q4-major/bin/../lib/gcc/arm-none-eabi/9.2.1/../../../../arm-none-eabi/lib/thumb/v7e-m+fp/hard\libc.a(lib_a-vfiprintf.o)
 .text.__sprint_r
                0x0800cee8       0x18 e:/gnu tools arm embedded/9 2019-q4-major/bin/../lib/gcc/arm-none-eabi/9.2.1/../../../../arm-none-eabi/lib/thumb/v7e-m+fp/hard\libc.a(lib_a-vfiprintf.o)
                0x0800cee8                __sprint_r
 .text._write_r
                0x0800cf00       0x2c e:/gnu tools arm embedded/9 2019-q4-major/bin/../lib/gcc/arm-none-eabi/9.2.1/../../../../arm-none-eabi/lib/thumb/v7e-m+fp/hard\libc.a(lib_a-writer.o)
                0x0800cf00                _write_r
 .text.__register_exitproc
                0x0800cf2c       0x8c e:/gnu tools arm embedded/9 2019-q4-major/bin/../lib/gcc/arm-none-eabi/9.2.1/../../../../arm-none-eabi/lib/thumb/v7e-m+fp/hard\libc.a(lib_a-__atexit.o)
                0x0800cf2c                __register_exitproc
 .text._calloc_r
                0x0800cfb8       0x60 e:/gnu tools arm embedded/9 2019-q4-major/bin/../lib/gcc/arm-none-eabi/9.2.1/../../../../arm-none-eabi/lib/thumb/v7e-m+fp/hard\libc.a(lib_a-callocr.o)
                0x0800cfb8                _calloc_r
 .text._close_r
                0x0800d018       0x24 e:/gnu tools arm embedded/9 2019-q4-major/bin/../lib/gcc/arm-none-eabi/9.2.1/../../../../arm-none-eabi/lib/thumb/v7e-m+fp/hard\libc.a(lib_a-closer.o)
                0x0800d018                _close_r
 .text._fclose_r
                0x0800d03c       0xcc e:/gnu tools arm embedded/9 2019-q4-major/bin/../lib/gcc/arm-none-eabi/9.2.1/../../../../arm-none-eabi/lib/thumb/v7e-m+fp/hard\libc.a(lib_a-fclose.o)
                0x0800d03c                _fclose_r
 .text.__fputwc
                0x0800d108       0xa8 e:/gnu tools arm embedded/9 2019-q4-major/bin/../lib/gcc/arm-none-eabi/9.2.1/../../../../arm-none-eabi/lib/thumb/v7e-m+fp/hard\libc.a(lib_a-fputwc.o)
                0x0800d108                __fputwc
 .text._fputwc_r
                0x0800d1b0       0x68 e:/gnu tools arm embedded/9 2019-q4-major/bin/../lib/gcc/arm-none-eabi/9.2.1/../../../../arm-none-eabi/lib/thumb/v7e-m+fp/hard\libc.a(lib_a-fputwc.o)
                0x0800d1b0                _fputwc_r
 .text._fstat_r
                0x0800d218       0x2c e:/gnu tools arm embedded/9 2019-q4-major/bin/../lib/gcc/arm-none-eabi/9.2.1/../../../../arm-none-eabi/lib/thumb/v7e-m+fp/hard\libc.a(lib_a-fstatr.o)
                0x0800d218                _fstat_r
 .text._isatty_r
                0x0800d244       0x24 e:/gnu tools arm embedded/9 2019-q4-major/bin/../lib/gcc/arm-none-eabi/9.2.1/../../../../arm-none-eabi/lib/thumb/v7e-m+fp/hard\libc.a(lib_a-isattyr.o)
                0x0800d244                _isatty_r
 .text.__locale_mb_cur_max
                0x0800d268        0xc e:/gnu tools arm embedded/9 2019-q4-major/bin/../lib/gcc/arm-none-eabi/9.2.1/../../../../arm-none-eabi/lib/thumb/v7e-m+fp/hard\libc.a(lib_a-locale.o)
                0x0800d268                __locale_mb_cur_max
 .text._lseek_r
                0x0800d274       0x2c e:/gnu tools arm embedded/9 2019-q4-major/bin/../lib/gcc/arm-none-eabi/9.2.1/../../../../arm-none-eabi/lib/thumb/v7e-m+fp/hard\libc.a(lib_a-lseekr.o)
                0x0800d274                _lseek_r
 .text.__ascii_mbtowc
                0x0800d2a0       0x2c e:/gnu tools arm embedded/9 2019-q4-major/bin/../lib/gcc/arm-none-eabi/9.2.1/../../../../arm-none-eabi/lib/thumb/v7e-m+fp/hard\libc.a(lib_a-mbtowc_r.o)
                0x0800d2a0                __ascii_mbtowc
 .text._read_r  0x0800d2cc       0x2c e:/gnu tools arm embedded/9 2019-q4-major/bin/../lib/gcc/arm-none-eabi/9.2.1/../../../../arm-none-eabi/lib/thumb/v7e-m+fp/hard\libc.a(lib_a-readr.o)
                0x0800d2cc                _read_r
 .text.__swbuf_r
                0x0800d2f8       0xb0 e:/gnu tools arm embedded/9 2019-q4-major/bin/../lib/gcc/arm-none-eabi/9.2.1/../../../../arm-none-eabi/lib/thumb/v7e-m+fp/hard\libc.a(lib_a-wbuf.o)
                0x0800d2f8                __swbuf_r
 .text._wcrtomb_r
                0x0800d3a8       0x3c e:/gnu tools arm embedded/9 2019-q4-major/bin/../lib/gcc/arm-none-eabi/9.2.1/../../../../arm-none-eabi/lib/thumb/v7e-m+fp/hard\libc.a(lib_a-wcrtomb.o)
                0x0800d3a8                _wcrtomb_r
 .text.__ascii_wctomb
                0x0800d3e4       0x1c e:/gnu tools arm embedded/9 2019-q4-major/bin/../lib/gcc/arm-none-eabi/9.2.1/../../../../arm-none-eabi/lib/thumb/v7e-m+fp/hard\libc.a(lib_a-wctomb_r.o)
                0x0800d3e4                __ascii_wctomb
 .text.tanf     0x0800d400       0x5c e:/gnu tools arm embedded/9 2019-q4-major/bin/../lib/gcc/arm-none-eabi/9.2.1/../../../../arm-none-eabi/lib/thumb/v7e-m+fp/hard\libm.a(lib_a-sf_tan.o)
                0x0800d400                tanf
 *fill*         0x0800d45c        0x4 
 .text.pow      0x0800d460      0x36c e:/gnu tools arm embedded/9 2019-q4-major/bin/../lib/gcc/arm-none-eabi/9.2.1/../../../../arm-none-eabi/lib/thumb/v7e-m+fp/hard\libm.a(lib_a-w_pow.o)
                0x0800d460                pow
 *fill*         0x0800d7cc        0x4 
 .text.__ieee754_pow
                0x0800d7d0      0xbb4 e:/gnu tools arm embedded/9 2019-q4-major/bin/../lib/gcc/arm-none-eabi/9.2.1/../../../../arm-none-eabi/lib/thumb/v7e-m+fp/hard\libm.a(lib_a-e_pow.o)
                0x0800d7d0                __ieee754_pow
 .text.__ieee754_sqrt
                0x0800e384      0x188 e:/gnu tools arm embedded/9 2019-q4-major/bin/../lib/gcc/arm-none-eabi/9.2.1/../../../../arm-none-eabi/lib/thumb/v7e-m+fp/hard\libm.a(lib_a-e_sqrt.o)
                0x0800e384                __ieee754_sqrt
 .text.__ieee754_rem_pio2f
                0x0800e50c      0x294 e:/gnu tools arm embedded/9 2019-q4-major/bin/../lib/gcc/arm-none-eabi/9.2.1/../../../../arm-none-eabi/lib/thumb/v7e-m+fp/hard\libm.a(lib_a-ef_rem_pio2.o)
                0x0800e50c                __ieee754_rem_pio2f
 .text.__kernel_rem_pio2f
                0x0800e7a0      0x66c e:/gnu tools arm embedded/9 2019-q4-major/bin/../lib/gcc/arm-none-eabi/9.2.1/../../../../arm-none-eabi/lib/thumb/v7e-m+fp/hard\libm.a(lib_a-kf_rem_pio2.o)
                0x0800e7a0                __kernel_rem_pio2f
 .text.__kernel_tanf
                0x0800ee0c      0x1d8 e:/gnu tools arm embedded/9 2019-q4-major/bin/../lib/gcc/arm-none-eabi/9.2.1/../../../../arm-none-eabi/lib/thumb/v7e-m+fp/hard\libm.a(lib_a-kf_tan.o)
                0x0800ee0c                __kernel_tanf
 .text.fabs     0x0800efe4       0x14 e:/gnu tools arm embedded/9 2019-q4-major/bin/../lib/gcc/arm-none-eabi/9.2.1/../../../../arm-none-eabi/lib/thumb/v7e-m+fp/hard\libm.a(lib_a-s_fabs.o)
                0x0800efe4                fabs
 .text.finite   0x0800eff8       0x18 e:/gnu tools arm embedded/9 2019-q4-major/bin/../lib/gcc/arm-none-eabi/9.2.1/../../../../arm-none-eabi/lib/thumb/v7e-m+fp/hard\libm.a(lib_a-s_finite.o)
                0x0800eff8                finite
 .text.matherr  0x0800f010        0x4 e:/gnu tools arm embedded/9 2019-q4-major/bin/../lib/gcc/arm-none-eabi/9.2.1/../../../../arm-none-eabi/lib/thumb/v7e-m+fp/hard\libm.a(lib_a-s_matherr.o)
                0x0800f010                matherr
 *fill*         0x0800f014        0x4 
 .text.nan      0x0800f018       0x10 e:/gnu tools arm embedded/9 2019-q4-major/bin/../lib/gcc/arm-none-eabi/9.2.1/../../../../arm-none-eabi/lib/thumb/v7e-m+fp/hard\libm.a(lib_a-s_nan.o)
                0x0800f018                nan
 .text.rint     0x0800f028      0x124 e:/gnu tools arm embedded/9 2019-q4-major/bin/../lib/gcc/arm-none-eabi/9.2.1/../../../../arm-none-eabi/lib/thumb/v7e-m+fp/hard\libm.a(lib_a-s_rint.o)
                0x0800f028                rint
 *fill*         0x0800f14c        0x4 
 .text.scalbn   0x0800f150      0x124 e:/gnu tools arm embedded/9 2019-q4-major/bin/../lib/gcc/arm-none-eabi/9.2.1/../../../../arm-none-eabi/lib/thumb/v7e-m+fp/hard\libm.a(lib_a-s_scalbn.o)
                0x0800f150                scalbn
 .text.fabsf    0x0800f274       0x10 e:/gnu tools arm embedded/9 2019-q4-major/bin/../lib/gcc/arm-none-eabi/9.2.1/../../../../arm-none-eabi/lib/thumb/v7e-m+fp/hard\libm.a(lib_a-sf_fabs.o)
                0x0800f274                fabsf
 .text.floorf   0x0800f284       0x8c e:/gnu tools arm embedded/9 2019-q4-major/bin/../lib/gcc/arm-none-eabi/9.2.1/../../../../arm-none-eabi/lib/thumb/v7e-m+fp/hard\libm.a(lib_a-sf_floor.o)
                0x0800f284                floorf
 .text.scalbnf  0x0800f310       0xe4 e:/gnu tools arm embedded/9 2019-q4-major/bin/../lib/gcc/arm-none-eabi/9.2.1/../../../../arm-none-eabi/lib/thumb/v7e-m+fp/hard\libm.a(lib_a-sf_scalbn.o)
                0x0800f310                scalbnf
 .text._close   0x0800f3f4       0x10 e:/gnu tools arm embedded/9 2019-q4-major/bin/../lib/gcc/arm-none-eabi/9.2.1/../../../../arm-none-eabi/lib/thumb/v7e-m+fp/hard\libnosys.a(close.o)
                0x0800f3f4                _close
 .text._fstat   0x0800f404       0x10 e:/gnu tools arm embedded/9 2019-q4-major/bin/../lib/gcc/arm-none-eabi/9.2.1/../../../../arm-none-eabi/lib/thumb/v7e-m+fp/hard\libnosys.a(fstat.o)
                0x0800f404                _fstat
 .text._isatty  0x0800f414       0x10 e:/gnu tools arm embedded/9 2019-q4-major/bin/../lib/gcc/arm-none-eabi/9.2.1/../../../../arm-none-eabi/lib/thumb/v7e-m+fp/hard\libnosys.a(isatty.o)
                0x0800f414                _isatty
 .text._lseek   0x0800f424       0x10 e:/gnu tools arm embedded/9 2019-q4-major/bin/../lib/gcc/arm-none-eabi/9.2.1/../../../../arm-none-eabi/lib/thumb/v7e-m+fp/hard\libnosys.a(lseek.o)
                0x0800f424                _lseek
 .text._read    0x0800f434       0x10 e:/gnu tools arm embedded/9 2019-q4-major/bin/../lib/gcc/arm-none-eabi/9.2.1/../../../../arm-none-eabi/lib/thumb/v7e-m+fp/hard\libnosys.a(read.o)
                0x0800f434                _read
 .text._sbrk    0x0800f444       0x1c e:/gnu tools arm embedded/9 2019-q4-major/bin/../lib/gcc/arm-none-eabi/9.2.1/../../../../arm-none-eabi/lib/thumb/v7e-m+fp/hard\libnosys.a(sbrk.o)
                0x0800f444                _sbrk
 .text.arm_fill_f32
                0x0800f460       0x3c Drivers/CMSIS/Lib/GCC\libarm_cortexM4lf_math.a(arm_fill_f32.o)
                0x0800f460                arm_fill_f32
 .text.arm_mat_init_f32
                0x0800f49c        0x8 Drivers/CMSIS/Lib/GCC\libarm_cortexM4lf_math.a(arm_mat_init_f32.o)
                0x0800f49c                arm_mat_init_f32
 .text.__errno  0x0800f4a4        0xc e:/gnu tools arm embedded/9 2019-q4-major/bin/../lib/gcc/arm-none-eabi/9.2.1/../../../../arm-none-eabi/lib/thumb/v7e-m+fp/hard\libc.a(lib_a-errno.o)
                0x0800f4a4                __errno
 *(.glue_7)
 .glue_7        0x0800f4b0        0x0 linker stubs
 *(.glue_7t)
 .glue_7t       0x0800f4b0        0x0 linker stubs
 *(.eh_frame)
 .eh_frame      0x0800f4b0        0x0 e:/gnu tools arm embedded/9 2019-q4-major/bin/../lib/gcc/arm-none-eabi/9.2.1/thumb/v7e-m+fp/hard/crtbegin.o
 *(.init)
 .init          0x0800f4b0        0x4 e:/gnu tools arm embedded/9 2019-q4-major/bin/../lib/gcc/arm-none-eabi/9.2.1/thumb/v7e-m+fp/hard/crti.o
                0x0800f4b0                _init
 .init          0x0800f4b4        0x8 e:/gnu tools arm embedded/9 2019-q4-major/bin/../lib/gcc/arm-none-eabi/9.2.1/thumb/v7e-m+fp/hard/crtn.o
 *(.fini)
 .fini          0x0800f4bc        0x4 e:/gnu tools arm embedded/9 2019-q4-major/bin/../lib/gcc/arm-none-eabi/9.2.1/thumb/v7e-m+fp/hard/crti.o
                0x0800f4bc                _fini
 .fini          0x0800f4c0        0x8 e:/gnu tools arm embedded/9 2019-q4-major/bin/../lib/gcc/arm-none-eabi/9.2.1/thumb/v7e-m+fp/hard/crtn.o
                0x0800f4c8                . = ALIGN (0x4)
                0x0800f4c8                _etext = .

.vfp11_veneer   0x0800f4c8        0x0
 .vfp11_veneer  0x0800f4c8        0x0 linker stubs

.v4_bx          0x0800f4c8        0x0
 .v4_bx         0x0800f4c8        0x0 linker stubs

.iplt           0x0800f4c8        0x0
 .iplt          0x0800f4c8        0x0 e:/gnu tools arm embedded/9 2019-q4-major/bin/../lib/gcc/arm-none-eabi/9.2.1/thumb/v7e-m+fp/hard/crtbegin.o

.rodata         0x0800f4c8      0x7d0
                0x0800f4c8                . = ALIGN (0x4)
 *(.rodata)
 .rodata        0x0800f4c8       0x1c build/freertos.o
 *(.rodata*)
 .rodata.SensorsInit.str1.4
                0x0800f4e4       0x85 build/sensors.o
 *fill*         0x0800f569        0x3 
 .rodata.SensorsLaunch.str1.4
                0x0800f56c        0xc build/sensors_task.o
 .rodata.SystemLaunch.str1.4
                0x0800f578        0xb build/system_task.o
 *fill*         0x0800f583        0x1 
 .rodata.SystemInitiate.str1.4
                0x0800f584       0x17 build/system_task.o
 *fill*         0x0800f59b        0x1 
 .rodata.EskfInit.str1.4
                0x0800f59c       0x19 build/eskf.o
 *fill*         0x0800f5b5        0x3 
 .rodata.EskfPredict.str1.4
                0x0800f5b8       0x1f build/eskf.o
 *fill*         0x0800f5d7        0x1 
 .rodata.StateEstimatorLaunch.str1.4
                0x0800f5d8       0x13 build/state_estimator_task.o
 *fill*         0x0800f5eb        0x1 
 .rodata.str1.4
                0x0800f5ec        0xc build/freertos.o
 .rodata.flagBitshiftOffset.8557
                0x0800f5f8        0x8 build/stm32f4xx_hal_dma.o
 .rodata.AHBPrescTable
                0x0800f600       0x10 build/system_stm32f4xx.o
                0x0800f600                AHBPrescTable
 .rodata.APBPrescTable
                0x0800f610        0x8 build/system_stm32f4xx.o
                0x0800f610                APBPrescTable
 .rodata.vTaskStartScheduler.str1.4
                0x0800f618        0x5 build/tasks.o
 *fill*         0x0800f61d        0x3 
 .rodata._global_impure_ptr
                0x0800f620        0x4 e:/gnu tools arm embedded/9 2019-q4-major/bin/../lib/gcc/arm-none-eabi/9.2.1/../../../../arm-none-eabi/lib/thumb/v7e-m+fp/hard\libc.a(lib_a-impure.o)
                0x0800f620                _global_impure_ptr
 .rodata._puts_r.str1.4
                0x0800f624        0x2 e:/gnu tools arm embedded/9 2019-q4-major/bin/../lib/gcc/arm-none-eabi/9.2.1/../../../../arm-none-eabi/lib/thumb/v7e-m+fp/hard\libc.a(lib_a-puts.o)
 *fill*         0x0800f626        0x2 
 .rodata._vfprintf_r.str1.4
                0x0800f628       0x42 e:/gnu tools arm embedded/9 2019-q4-major/bin/../lib/gcc/arm-none-eabi/9.2.1/../../../../arm-none-eabi/lib/thumb/v7e-m+fp/hard\libc.a(lib_a-vfprintf.o)
 *fill*         0x0800f66a        0x2 
 .rodata.blanks.8723
                0x0800f66c       0x10 e:/gnu tools arm embedded/9 2019-q4-major/bin/../lib/gcc/arm-none-eabi/9.2.1/../../../../arm-none-eabi/lib/thumb/v7e-m+fp/hard\libc.a(lib_a-vfprintf.o)
 .rodata.zeroes.8724
                0x0800f67c       0x10 e:/gnu tools arm embedded/9 2019-q4-major/bin/../lib/gcc/arm-none-eabi/9.2.1/../../../../arm-none-eabi/lib/thumb/v7e-m+fp/hard\libc.a(lib_a-vfprintf.o)
 .rodata._dtoa_r.str1.4
                0x0800f68c        0xd e:/gnu tools arm embedded/9 2019-q4-major/bin/../lib/gcc/arm-none-eabi/9.2.1/../../../../arm-none-eabi/lib/thumb/v7e-m+fp/hard\libc.a(lib_a-dtoa.o)
                                 0x12 (size before relaxing)
 *fill*         0x0800f699        0x7 
 .rodata.__mprec_bigtens
                0x0800f6a0       0x28 e:/gnu tools arm embedded/9 2019-q4-major/bin/../lib/gcc/arm-none-eabi/9.2.1/../../../../arm-none-eabi/lib/thumb/v7e-m+fp/hard\libc.a(lib_a-mprec.o)
                0x0800f6a0                __mprec_bigtens
 .rodata.__mprec_tens
                0x0800f6c8       0xc8 e:/gnu tools arm embedded/9 2019-q4-major/bin/../lib/gcc/arm-none-eabi/9.2.1/../../../../arm-none-eabi/lib/thumb/v7e-m+fp/hard\libc.a(lib_a-mprec.o)
                0x0800f6c8                __mprec_tens
 .rodata.p05.7478
                0x0800f790        0xc e:/gnu tools arm embedded/9 2019-q4-major/bin/../lib/gcc/arm-none-eabi/9.2.1/../../../../arm-none-eabi/lib/thumb/v7e-m+fp/hard\libc.a(lib_a-mprec.o)
 .rodata._setlocale_r.str1.4
                0x0800f79c        0xa e:/gnu tools arm embedded/9 2019-q4-major/bin/../lib/gcc/arm-none-eabi/9.2.1/../../../../arm-none-eabi/lib/thumb/v7e-m+fp/hard\libc.a(lib_a-locale.o)
                                  0xd (size before relaxing)
 *fill*         0x0800f7a6        0x2 
 .rodata.str1.4
                0x0800f7a8        0x2 e:/gnu tools arm embedded/9 2019-q4-major/bin/../lib/gcc/arm-none-eabi/9.2.1/../../../../arm-none-eabi/lib/thumb/v7e-m+fp/hard\libc.a(lib_a-locale.o)
 *fill*         0x0800f7aa        0x2 
 .rodata._ctype_
                0x0800f7ac      0x101 e:/gnu tools arm embedded/9 2019-q4-major/bin/../lib/gcc/arm-none-eabi/9.2.1/../../../../arm-none-eabi/lib/thumb/v7e-m+fp/hard\libc.a(lib_a-ctype_.o)
                0x0800f7ac                _ctype_
 *fill*         0x0800f8ad        0x3 
 .rodata.pow.str1.4
                0x0800f8b0        0x4 e:/gnu tools arm embedded/9 2019-q4-major/bin/../lib/gcc/arm-none-eabi/9.2.1/../../../../arm-none-eabi/lib/thumb/v7e-m+fp/hard\libm.a(lib_a-w_pow.o)
 .rodata.__ieee754_pow.str1.4
                0x0800f8b4        0x1 e:/gnu tools arm embedded/9 2019-q4-major/bin/../lib/gcc/arm-none-eabi/9.2.1/../../../../arm-none-eabi/lib/thumb/v7e-m+fp/hard\libm.a(lib_a-e_pow.o)
 .rodata.npio2_hw
                0x0800f8b4       0x80 e:/gnu tools arm embedded/9 2019-q4-major/bin/../lib/gcc/arm-none-eabi/9.2.1/../../../../arm-none-eabi/lib/thumb/v7e-m+fp/hard\libm.a(lib_a-ef_rem_pio2.o)
 .rodata.two_over_pi
                0x0800f934      0x318 e:/gnu tools arm embedded/9 2019-q4-major/bin/../lib/gcc/arm-none-eabi/9.2.1/../../../../arm-none-eabi/lib/thumb/v7e-m+fp/hard\libm.a(lib_a-ef_rem_pio2.o)
 .rodata.PIo2   0x0800fc4c       0x2c e:/gnu tools arm embedded/9 2019-q4-major/bin/../lib/gcc/arm-none-eabi/9.2.1/../../../../arm-none-eabi/lib/thumb/v7e-m+fp/hard\libm.a(lib_a-kf_rem_pio2.o)
 .rodata.init_jk
                0x0800fc78        0xc e:/gnu tools arm embedded/9 2019-q4-major/bin/../lib/gcc/arm-none-eabi/9.2.1/../../../../arm-none-eabi/lib/thumb/v7e-m+fp/hard\libm.a(lib_a-kf_rem_pio2.o)
 *fill*         0x0800fc84        0x4 
 .rodata.TWO52  0x0800fc88       0x10 e:/gnu tools arm embedded/9 2019-q4-major/bin/../lib/gcc/arm-none-eabi/9.2.1/../../../../arm-none-eabi/lib/thumb/v7e-m+fp/hard\libm.a(lib_a-s_rint.o)
                0x0800fc98                . = ALIGN (0x4)

.ARM.extab
 *(.ARM.extab* .gnu.linkonce.armextab.*)

.ARM            0x0800fc98        0x8
                0x0800fc98                __exidx_start = .
 *(.ARM.exidx*)
 .ARM.exidx     0x0800fc98        0x8 e:/gnu tools arm embedded/9 2019-q4-major/bin/../lib/gcc/arm-none-eabi/9.2.1/thumb/v7e-m+fp/hard\libgcc.a(_udivmoddi4.o)
                0x0800fca0                __exidx_end = .

.rel.dyn        0x0800fca0        0x0
 .rel.iplt      0x0800fca0        0x0 e:/gnu tools arm embedded/9 2019-q4-major/bin/../lib/gcc/arm-none-eabi/9.2.1/thumb/v7e-m+fp/hard/crtbegin.o

.preinit_array  0x0800fca0        0x0
                0x0800fca0                PROVIDE (__preinit_array_start = .)
 *(.preinit_array*)
                0x0800fca0                PROVIDE (__preinit_array_end = .)

.init_array     0x0800fca0        0x8
                0x0800fca0                PROVIDE (__init_array_start = .)
 *(SORT_BY_NAME(.init_array.*))
 .init_array.00000
                0x0800fca0        0x4 e:/gnu tools arm embedded/9 2019-q4-major/bin/../lib/gcc/arm-none-eabi/9.2.1/../../../../arm-none-eabi/lib/thumb/v7e-m+fp/hard\libc.a(lib_a-__call_atexit.o)
 *(.init_array*)
 .init_array    0x0800fca4        0x4 e:/gnu tools arm embedded/9 2019-q4-major/bin/../lib/gcc/arm-none-eabi/9.2.1/thumb/v7e-m+fp/hard/crtbegin.o
                0x0800fca8                PROVIDE (__init_array_end = .)

.fini_array     0x0800fca8        0x4
                0x0800fca8                PROVIDE (__fini_array_start = .)
 *(SORT_BY_NAME(.fini_array.*))
 *(.fini_array*)
 .fini_array    0x0800fca8        0x4 e:/gnu tools arm embedded/9 2019-q4-major/bin/../lib/gcc/arm-none-eabi/9.2.1/thumb/v7e-m+fp/hard/crtbegin.o
                0x0800fcac                PROVIDE (__fini_array_end = .)
                0x0800fcac                _sidata = LOADADDR (.data)

.data           0x20000000      0x9c4 load address 0x0800fcac
                0x20000000                . = ALIGN (0x4)
                0x20000000                _sdata = .
 *(.data)
 *(.data*)
 .data.uwTickFreq
                0x20000000        0x1 build/stm32f4xx_hal.o
                0x20000000                uwTickFreq
 *fill*         0x20000001        0x3 
 .data.uwTickPrio
                0x20000004        0x4 build/stm32f4xx_hal.o
                0x20000004                uwTickPrio
 .data.SystemCoreClock
                0x20000008        0x4 build/system_stm32f4xx.o
                0x20000008                SystemCoreClock
 .data.uxCriticalNesting
                0x2000000c        0x4 build/port.o
 .data._impure_ptr
                0x20000010        0x4 e:/gnu tools arm embedded/9 2019-q4-major/bin/../lib/gcc/arm-none-eabi/9.2.1/../../../../arm-none-eabi/lib/thumb/v7e-m+fp/hard\libc.a(lib_a-impure.o)
                0x20000010                _impure_ptr
 *fill*         0x20000014        0x4 
 .data.impure_data
                0x20000018      0x428 e:/gnu tools arm embedded/9 2019-q4-major/bin/../lib/gcc/arm-none-eabi/9.2.1/../../../../arm-none-eabi/lib/thumb/v7e-m+fp/hard\libc.a(lib_a-impure.o)
 .data.__atexit_recursive_mutex
                0x20000440        0x4 e:/gnu tools arm embedded/9 2019-q4-major/bin/../lib/gcc/arm-none-eabi/9.2.1/../../../../arm-none-eabi/lib/thumb/v7e-m+fp/hard\libc.a(lib_a-__call_atexit.o)
                0x20000440                __atexit_recursive_mutex
 .data.__malloc_av_
                0x20000444      0x408 e:/gnu tools arm embedded/9 2019-q4-major/bin/../lib/gcc/arm-none-eabi/9.2.1/../../../../arm-none-eabi/lib/thumb/v7e-m+fp/hard\libc.a(lib_a-mallocr.o)
                0x20000444                __malloc_av_
 .data.__malloc_sbrk_base
                0x2000084c        0x4 e:/gnu tools arm embedded/9 2019-q4-major/bin/../lib/gcc/arm-none-eabi/9.2.1/../../../../arm-none-eabi/lib/thumb/v7e-m+fp/hard\libc.a(lib_a-mallocr.o)
                0x2000084c                __malloc_sbrk_base
 .data.__malloc_trim_threshold
                0x20000850        0x4 e:/gnu tools arm embedded/9 2019-q4-major/bin/../lib/gcc/arm-none-eabi/9.2.1/../../../../arm-none-eabi/lib/thumb/v7e-m+fp/hard\libc.a(lib_a-mallocr.o)
                0x20000850                __malloc_trim_threshold
 .data.__global_locale
                0x20000854      0x16c e:/gnu tools arm embedded/9 2019-q4-major/bin/../lib/gcc/arm-none-eabi/9.2.1/../../../../arm-none-eabi/lib/thumb/v7e-m+fp/hard\libc.a(lib_a-locale.o)
                0x20000854                __global_locale
 .data.__fdlib_version
                0x200009c0        0x1 e:/gnu tools arm embedded/9 2019-q4-major/bin/../lib/gcc/arm-none-eabi/9.2.1/../../../../arm-none-eabi/lib/thumb/v7e-m+fp/hard\libm.a(lib_a-s_lib_ver.o)
                0x200009c0                __fdlib_version
                0x200009c4                . = ALIGN (0x4)
 *fill*         0x200009c1        0x3 
                0x200009c4                _edata = .
                0x08010670                _siccmram = LOADADDR (.ccmram)

.igot.plt       0x200009c4        0x0 load address 0x08010670
 .igot.plt      0x200009c4        0x0 e:/gnu tools arm embedded/9 2019-q4-major/bin/../lib/gcc/arm-none-eabi/9.2.1/thumb/v7e-m+fp/hard/crtbegin.o

.ccmram         0x10000000        0x0 load address 0x08010670
                0x10000000                . = ALIGN (0x4)
                0x10000000                _sccmram = .
 *(.ccmram)
 *(.ccmram*)
                0x10000000                . = ALIGN (0x4)
                0x10000000                _eccmram = .
                0x10000000                . = ALIGN (0x4)

.bss            0x200009c8     0x5894
                0x200009c8                _sbss = .
                0x200009c8                __bss_start__ = _sbss
 *(.bss)
 .bss           0x200009c8       0x1c e:/gnu tools arm embedded/9 2019-q4-major/bin/../lib/gcc/arm-none-eabi/9.2.1/thumb/v7e-m+fp/hard/crtbegin.o
 *(.bss*)
 .bss.old_pos.10017
                0x200009e4        0x4 build/usart_com.o
 .bss.rx_buffer
                0x200009e8       0x80 build/usart_com.o
 .bss.i2c_data  0x20000a68        0x1 build/mpu6050.o
 *fill*         0x20000a69        0x3 
 .bss.i2c_datas
                0x20000a6c        0x6 build/mpu6050.o
 *fill*         0x20000a72        0x6 
 .bss.OFF_t2    0x20000a78        0x8 build/ms5611.o
 .bss.SENS_t2   0x20000a80        0x8 build/ms5611.o
 .bss.TCO       0x20000a88        0x2 build/ms5611.o
 .bss.TCS       0x20000a8a        0x2 build/ms5611.o
 .bss.TEMPSENS  0x20000a8c        0x2 build/ms5611.o
 .bss.TREF      0x20000a8e        0x2 build/ms5611.o
 .bss.buffer    0x20000a90        0x3 build/ms5611.o
 .bss.command   0x20000a93        0x1 build/ms5611.o
 .bss.i2c_data  0x20000a94        0x1 build/hmc5883l.o
 *fill*         0x20000a95        0x3 
 .bss.i2c_datas
                0x20000a98        0x6 build/hmc5883l.o
 *fill*         0x20000a9e        0x2 
 .bss.osSys_acc_queueMgm
                0x20000aa0       0x48 build/sensors.o
 .bss.osSys_acc_queueStorage
                0x20000ae8        0xc build/sensors.o
 .bss.osSys_alt_queueMgm
                0x20000af4       0x48 build/sensors.o
 .bss.osSys_alt_queueStorage
                0x20000b3c        0x4 build/sensors.o
 .bss.osSys_gyro_queueMgm
                0x20000b40       0x48 build/sensors.o
 .bss.osSys_gyro_queueStorage
                0x20000b88        0xc build/sensors.o
 .bss.osSys_mag_queueMgm
                0x20000b94       0x48 build/sensors.o
 .bss.osSys_mag_queueStorage
                0x20000bdc        0xc build/sensors.o
 .bss.acc_lpf   0x20000be8       0x54 build/sensors_task.o
 .bss.gyro_lpf  0x20000c3c       0x54 build/sensors_task.o
 .bss.osSys_sensors_taskStackBuffer
                0x20000c90      0x400 build/sensors_task.o
 .bss.osSys_sensors_taskTaskBuffer
                0x20001090       0x54 build/sensors_task.o
 .bss.i2c1_notify
                0x200010e4        0x4 build/i2c1.o
 .bss.is_init   0x200010e8        0x1 build/system_task.o
 *fill*         0x200010e9        0x3 
 .bss.osSys_system_taskStackBuffer
                0x200010ec      0x400 build/system_task.o
 .bss.osSys_system_taskTaskBuffer
                0x200014ec       0x54 build/system_task.o
 .bss.acc_unbias.12849
                0x20001540        0x8 build/eskf.o
 .bss.acc_unbias_arr.12850
                0x20001548        0xc build/eskf.o
 .bss.osSys_state_estimator_taskStackBuffer
                0x20001554      0x400 build/state_estimator_task.o
 .bss.osSys_state_estimator_taskTaskBuffer
                0x20001954       0x54 build/state_estimator_task.o
 .bss.xIdleStack
                0x200019a8      0x200 build/freertos.o
 .bss.xIdleTaskTCBBuffer
                0x20001ba8       0x54 build/freertos.o
 .bss.pxCurrentTCB
                0x20001bfc        0x4 build/tasks.o
                0x20001bfc                pxCurrentTCB
 .bss.pxDelayedTaskList
                0x20001c00        0x4 build/tasks.o
 .bss.pxOverflowDelayedTaskList
                0x20001c04        0x4 build/tasks.o
 .bss.pxReadyTasksLists
                0x20001c08       0x8c build/tasks.o
 .bss.uxCurrentNumberOfTasks
                0x20001c94        0x4 build/tasks.o
 .bss.uxDeletedTasksWaitingCleanUp
                0x20001c98        0x4 build/tasks.o
 .bss.uxSchedulerSuspended
                0x20001c9c        0x4 build/tasks.o
 .bss.uxTaskNumber
                0x20001ca0        0x4 build/tasks.o
 .bss.uxTopReadyPriority
                0x20001ca4        0x4 build/tasks.o
 .bss.xDelayedTaskList1
                0x20001ca8       0x14 build/tasks.o
 .bss.xDelayedTaskList2
                0x20001cbc       0x14 build/tasks.o
 .bss.xNextTaskUnblockTime
                0x20001cd0        0x4 build/tasks.o
 .bss.xNumOfOverflows
                0x20001cd4        0x4 build/tasks.o
 .bss.xPendedTicks
                0x20001cd8        0x4 build/tasks.o
 .bss.xPendingReadyList
                0x20001cdc       0x14 build/tasks.o
 .bss.xSchedulerRunning
                0x20001cf0        0x4 build/tasks.o
 .bss.xSuspendedTaskList
                0x20001cf4       0x14 build/tasks.o
 .bss.xTasksWaitingTermination
                0x20001d08       0x14 build/tasks.o
 .bss.xTickCount
                0x20001d1c        0x4 build/tasks.o
 .bss.xYieldPending
                0x20001d20        0x4 build/tasks.o
 .bss.pxEnd     0x20001d24        0x4 build/heap_4.o
 .bss.ucHeap    0x20001d28     0x3c00 build/heap_4.o
 .bss.xBlockAllocatedBit
                0x20005928        0x4 build/heap_4.o
 .bss.xFreeBytesRemaining
                0x2000592c        0x4 build/heap_4.o
 .bss.xMinimumEverFreeBytesRemaining
                0x20005930        0x4 build/heap_4.o
 .bss.xNumberOfSuccessfulAllocations
                0x20005934        0x4 build/heap_4.o
 .bss.xNumberOfSuccessfulFrees
                0x20005938        0x4 build/heap_4.o
 .bss.xStart    0x2000593c        0x8 build/heap_4.o
 .bss.ucMaxSysCallPriority
                0x20005944        0x1 build/port.o
 *fill*         0x20005945        0x3 
 .bss.ulMaxPRIGROUPValue
                0x20005948        0x4 build/port.o
 .bss.__malloc_current_mallinfo
                0x2000594c       0x28 e:/gnu tools arm embedded/9 2019-q4-major/bin/../lib/gcc/arm-none-eabi/9.2.1/../../../../arm-none-eabi/lib/thumb/v7e-m+fp/hard\libc.a(lib_a-mallocr.o)
                0x2000594c                __malloc_current_mallinfo
 .bss.__malloc_max_sbrked_mem
                0x20005974        0x4 e:/gnu tools arm embedded/9 2019-q4-major/bin/../lib/gcc/arm-none-eabi/9.2.1/../../../../arm-none-eabi/lib/thumb/v7e-m+fp/hard\libc.a(lib_a-mallocr.o)
                0x20005974                __malloc_max_sbrked_mem
 .bss.__malloc_max_total_mem
                0x20005978        0x4 e:/gnu tools arm embedded/9 2019-q4-major/bin/../lib/gcc/arm-none-eabi/9.2.1/../../../../arm-none-eabi/lib/thumb/v7e-m+fp/hard\libc.a(lib_a-mallocr.o)
                0x20005978                __malloc_max_total_mem
 .bss.__malloc_top_pad
                0x2000597c        0x4 e:/gnu tools arm embedded/9 2019-q4-major/bin/../lib/gcc/arm-none-eabi/9.2.1/../../../../arm-none-eabi/lib/thumb/v7e-m+fp/hard\libc.a(lib_a-mallocr.o)
                0x2000597c                __malloc_top_pad
 .bss.heap_end.5507
                0x20005980        0x4 e:/gnu tools arm embedded/9 2019-q4-major/bin/../lib/gcc/arm-none-eabi/9.2.1/../../../../arm-none-eabi/lib/thumb/v7e-m+fp/hard\libnosys.a(sbrk.o)
 *(COMMON)
 COMMON         0x20005984        0x4 build/usart_com.o
                0x20005984                usart2_queue
 COMMON         0x20005988       0x10 build/sensors.o
                0x20005988                mag_queue
                0x2000598c                acc_queue
                0x20005990                gyro_queue
                0x20005994                alt_queue
 COMMON         0x20005998      0x4e8 build/eskf.o
                0x20005998                gravity
                0x200059a0                gravity_arr
                0x200059b0                state
 COMMON         0x20005e80        0x4 build/freertos.o
                0x20005e80                defaultTaskHandle
 COMMON         0x20005e84      0x114 build/i2c.o
                0x20005e84                hdma_i2c1_tx
                0x20005ee4                hi2c1
                0x20005f38                hdma_i2c1_rx
 COMMON         0x20005f98       0x48 build/tim.o
                0x20005f98                htim4
 COMMON         0x20005fe0      0x208 build/usart.o
                0x20005fe0                hdma_usart2_rx
                0x20006040                hdma_usart1_tx
                0x200060a0                hdma_usart1_rx
                0x20006100                hdma_usart2_tx
                0x20006160                huart1
                0x200061a4                huart2
 COMMON         0x200061e8       0x48 build/stm32f4xx_hal_timebase_tim.o
                0x200061e8                htim7
 COMMON         0x20006230        0x4 build/stm32f4xx_hal.o
                0x20006230                uwTick
 COMMON         0x20006234       0x21 e:/gnu tools arm embedded/9 2019-q4-major/bin/../lib/gcc/arm-none-eabi/9.2.1/../../../../arm-none-eabi/lib/thumb/v7e-m+fp/hard\libc.a(lib_a-lock.o)
                0x20006234                __lock___atexit_recursive_mutex
                0x20006238                __lock___arc4random_mutex
                0x2000623c                __lock___env_recursive_mutex
                0x20006240                __lock___sinit_recursive_mutex
                0x20006244                __lock___malloc_recursive_mutex
                0x20006248                __lock___at_quick_exit_mutex
                0x2000624c                __lock___dd_hash_mutex
                0x20006250                __lock___tz_mutex
                0x20006254                __lock___sfp_recursive_mutex
 *fill*         0x20006255        0x3 
 COMMON         0x20006258        0x4 e:/gnu tools arm embedded/9 2019-q4-major/bin/../lib/gcc/arm-none-eabi/9.2.1/../../../../arm-none-eabi/lib/thumb/v7e-m+fp/hard\libc.a(lib_a-reent.o)
                0x20006258                errno
                0x2000625c                . = ALIGN (0x4)
                0x2000625c                _ebss = .
                0x2000625c                __bss_end__ = _ebss

._user_heap_stack
                0x2000625c      0x604
                0x20006260                . = ALIGN (0x8)
 *fill*         0x2000625c        0x4 
                0x20006260                PROVIDE (end = .)
                [!provide]                PROVIDE (_end = .)
                0x20006460                . = (. + _Min_Heap_Size)
 *fill*         0x20006260      0x200 
                0x20006860                . = (. + _Min_Stack_Size)
 *fill*         0x20006460      0x400 
                0x20006860                . = ALIGN (0x8)

/DISCARD/
 libc.a(*)
 libm.a(*)
 libgcc.a(*)

.ARM.attributes
                0x00000000       0x30
 *(.ARM.attributes)
 .ARM.attributes
                0x00000000       0x1e e:/gnu tools arm embedded/9 2019-q4-major/bin/../lib/gcc/arm-none-eabi/9.2.1/thumb/v7e-m+fp/hard/crti.o
 .ARM.attributes
                0x0000001e       0x34 e:/gnu tools arm embedded/9 2019-q4-major/bin/../lib/gcc/arm-none-eabi/9.2.1/thumb/v7e-m+fp/hard/crtbegin.o
 .ARM.attributes
                0x00000052       0x34 build/usart_com.o
 .ARM.attributes
                0x00000086       0x34 build/utils.o
 .ARM.attributes
                0x000000ba       0x34 build/mpu6050.o
 .ARM.attributes
                0x000000ee       0x34 build/ms5611.o
 .ARM.attributes
                0x00000122       0x34 build/hmc5883l.o
 .ARM.attributes
                0x00000156       0x34 build/sensors.o
 .ARM.attributes
                0x0000018a       0x34 build/sensors_task.o
 .ARM.attributes
                0x000001be       0x34 build/i2c1.o
 .ARM.attributes
                0x000001f2       0x34 build/system_task.o
 .ARM.attributes
                0x00000226       0x34 build/filter.o
 .ARM.attributes
                0x0000025a       0x34 build/eskf.o
 .ARM.attributes
                0x0000028e       0x34 build/state_estimator_task.o
 .ARM.attributes
                0x000002c2       0x34 build/main.o
 .ARM.attributes