Archive member included to satisfy reference by file (symbol)

e:/gnu tools arm embedded/9 2019-q4-major/bin/../lib/gcc/arm-none-eabi/9.2.1/../../../../arm-none-eabi/lib/thumb/v7e-m+fp/hard\libc_nano.a(lib_a-exit.o)
                              e:/gnu tools arm embedded/9 2019-q4-major/bin/../lib/gcc/arm-none-eabi/9.2.1/../../../../arm-none-eabi/lib/thumb/v7e-m+fp/hard/crt0.o (exit)
e:/gnu tools arm embedded/9 2019-q4-major/bin/../lib/gcc/arm-none-eabi/9.2.1/../../../../arm-none-eabi/lib/thumb/v7e-m+fp/hard\libc_nano.a(lib_a-impure.o)
                              e:/gnu tools arm embedded/9 2019-q4-major/bin/../lib/gcc/arm-none-eabi/9.2.1/../../../../arm-none-eabi/lib/thumb/v7e-m+fp/hard\libc_nano.a(lib_a-exit.o) (_global_impure_ptr)
e:/gnu tools arm embedded/9 2019-q4-major/bin/../lib/gcc/arm-none-eabi/9.2.1/../../../../arm-none-eabi/lib/thumb/v7e-m+fp/hard\libc_nano.a(lib_a-init.o)
                              e:/gnu tools arm embedded/9 2019-q4-major/bin/../lib/gcc/arm-none-eabi/9.2.1/../../../../arm-none-eabi/lib/thumb/v7e-m+fp/hard/crt0.o (__libc_init_array)
e:/gnu tools arm embedded/9 2019-q4-major/bin/../lib/gcc/arm-none-eabi/9.2.1/../../../../arm-none-eabi/lib/thumb/v7e-m+fp/hard\libc_nano.a(lib_a-memcmp.o)
                              build/SEGGER_SYSVIEW_FreeRTOS.o (memcmp)
e:/gnu tools arm embedded/9 2019-q4-major/bin/../lib/gcc/arm-none-eabi/9.2.1/../../../../arm-none-eabi/lib/thumb/v7e-m+fp/hard\libc_nano.a(lib_a-memcpy-stub.o)
                              build/SEGGER_RTT.o (memcpy)
e:/gnu tools arm embedded/9 2019-q4-major/bin/../lib/gcc/arm-none-eabi/9.2.1/../../../../arm-none-eabi/lib/thumb/v7e-m+fp/hard\libc_nano.a(lib_a-memset.o)
                              e:/gnu tools arm embedded/9 2019-q4-major/bin/../lib/gcc/arm-none-eabi/9.2.1/../../../../arm-none-eabi/lib/thumb/v7e-m+fp/hard/crt0.o (memset)
e:/gnu tools arm embedded/9 2019-q4-major/bin/../lib/gcc/arm-none-eabi/9.2.1/../../../../arm-none-eabi/lib/thumb/v7e-m+fp/hard\libc_nano.a(lib_a-nano-vfprintf_float.o)
                              (_printf_float)
e:/gnu tools arm embedded/9 2019-q4-major/bin/../lib/gcc/arm-none-eabi/9.2.1/../../../../arm-none-eabi/lib/thumb/v7e-m+fp/hard\libc_nano.a(lib_a-nano-vfprintf_i.o)
                              e:/gnu tools arm embedded/9 2019-q4-major/bin/../lib/gcc/arm-none-eabi/9.2.1/../../../../arm-none-eabi/lib/thumb/v7e-m+fp/hard\libc_nano.a(lib_a-nano-vfprintf_float.o) (_printf_common)
e:/gnu tools arm embedded/9 2019-q4-major/bin/../lib/gcc/arm-none-eabi/9.2.1/../../../../arm-none-eabi/lib/thumb/v7e-m+fp/hard\libc_nano.a(lib_a-printf.o)
                              build/sensors.o (printf)
e:/gnu tools arm embedded/9 2019-q4-major/bin/../lib/gcc/arm-none-eabi/9.2.1/../../../../arm-none-eabi/lib/thumb/v7e-m+fp/hard\libc_nano.a(lib_a-puts.o)
                              build/sensors.o (puts)
e:/gnu tools arm embedded/9 2019-q4-major/bin/../lib/gcc/arm-none-eabi/9.2.1/../../../../arm-none-eabi/lib/thumb/v7e-m+fp/hard\libc_nano.a(lib_a-strlen.o)
                              build/SEGGER_RTT.o (strlen)
e:/gnu tools arm embedded/9 2019-q4-major/bin/../lib/gcc/arm-none-eabi/9.2.1/../../../../arm-none-eabi/lib/thumb/v7e-m+fp/hard\libc_nano.a(lib_a-wbuf.o)
                              e:/gnu tools arm embedded/9 2019-q4-major/bin/../lib/gcc/arm-none-eabi/9.2.1/../../../../arm-none-eabi/lib/thumb/v7e-m+fp/hard\libc_nano.a(lib_a-puts.o) (__swbuf_r)
e:/gnu tools arm embedded/9 2019-q4-major/bin/../lib/gcc/arm-none-eabi/9.2.1/../../../../arm-none-eabi/lib/thumb/v7e-m+fp/hard\libc_nano.a(lib_a-wsetup.o)
                              e:/gnu tools arm embedded/9 2019-q4-major/bin/../lib/gcc/arm-none-eabi/9.2.1/../../../../arm-none-eabi/lib/thumb/v7e-m+fp/hard\libc_nano.a(lib_a-puts.o) (__swsetup_r)
e:/gnu tools arm embedded/9 2019-q4-major/bin/../lib/gcc/arm-none-eabi/9.2.1/../../../../arm-none-eabi/lib/thumb/v7e-m+fp/hard\libc_nano.a(lib_a-dtoa.o)
                              e:/gnu tools arm embedded/9 2019-q4-major/bin/../lib/gcc/arm-none-eabi/9.2.1/../../../../arm-none-eabi/lib/thumb/v7e-m+fp/hard\libc_nano.a(lib_a-nano-vfprintf_float.o) (_dtoa_r)
e:/gnu tools arm embedded/9 2019-q4-major/bin/../lib/gcc/arm-none-eabi/9.2.1/../../../../arm-none-eabi/lib/thumb/v7e-m+fp/hard\libc_nano.a(lib_a-fflush.o)
                              e:/gnu tools arm embedded/9 2019-q4-major/bin/../lib/gcc/arm-none-eabi/9.2.1/../../../../arm-none-eabi/lib/thumb/v7e-m+fp/hard\libc_nano.a(lib_a-wbuf.o) (_fflush_r)
e:/gnu tools arm embedded/9 2019-q4-major/bin/../lib/gcc/arm-none-eabi/9.2.1/../../../../arm-none-eabi/lib/thumb/v7e-m+fp/hard\libc_nano.a(lib_a-findfp.o)
                              e:/gnu tools arm embedded/9 2019-q4-major/bin/../lib/gcc/arm-none-eabi/9.2.1/../../../../arm-none-eabi/lib/thumb/v7e-m+fp/hard\libc_nano.a(lib_a-printf.o) (__sinit)
e:/gnu tools arm embedded/9 2019-q4-major/bin/../lib/gcc/arm-none-eabi/9.2.1/../../../../arm-none-eabi/lib/thumb/v7e-m+fp/hard\libc_nano.a(lib_a-fwalk.o)
[...]
Memory Configuration

Name             Origin             Length             Attributes
RAM              0x20000000         0x00020000         xrw
CCMRAM           0x10000000         0x00010000         xrw
FLASH            0x08000000         0x00080000         xr
*default*        0x00000000         0xffffffff

Linker script and memory map

LOAD e:/gnu tools arm embedded/9 2019-q4-major/bin/../lib/gcc/arm-none-eabi/9.2.1/thumb/v7e-m+fp/hard/crti.o
LOAD e:/gnu tools arm embedded/9 2019-q4-major/bin/../lib/gcc/arm-none-eabi/9.2.1/thumb/v7e-m+fp/hard/crtbegin.o
LOAD e:/gnu tools arm embedded/9 2019-q4-major/bin/../lib/gcc/arm-none-eabi/9.2.1/../../../../arm-none-eabi/lib/thumb/v7e-m+fp/hard/crt0.o
LOAD build/usart_com.o
LOAD build/motor.o
LOAD build/mavlink_task.o
LOAD build/utils.o
LOAD build/mpu6050.o
LOAD build/ms5611.o
LOAD build/hmc5883l.o
LOAD build/sensors.o
LOAD build/i2c1.o
LOAD build/dmp.o
LOAD build/system_task.o
LOAD build/systemview_task.o
LOAD build/SEGGER_SYSVIEW_Config_FreeRTOS.o
LOAD build/SEGGER_RTT_printf.o
LOAD build/SEGGER_RTT.o
LOAD build/SEGGER_SYSVIEW_FreeRTOS.o
LOAD build/SEGGER_SYSVIEW.o
LOAD build/SEGGER_RTT_Syscalls_GCC.o
LOAD build/main.o
LOAD build/gpio.o
LOAD build/dma.o
LOAD build/freertos.o
LOAD build/i2c.o
LOAD build/tim.o
LOAD build/usart.o
LOAD build/stm32f4xx_it.o
LOAD build/stm32f4xx_hal_msp.o
LOAD build/stm32f4xx_hal_timebase_tim.o
LOAD build/stm32f4xx_hal_rcc.o
LOAD build/stm32f4xx_hal_rcc_ex.o
LOAD build/stm32f4xx_hal_flash.o
LOAD build/stm32f4xx_hal_flash_ex.o
LOAD build/stm32f4xx_hal_flash_ramfunc.o
LOAD build/stm32f4xx_hal_gpio.o
LOAD build/stm32f4xx_hal_dma_ex.o
LOAD build/stm32f4xx_hal_dma.o
LOAD build/stm32f4xx_hal_pwr.o
LOAD build/stm32f4xx_hal_pwr_ex.o
LOAD build/stm32f4xx_hal_cortex.o
LOAD build/stm32f4xx_hal.o
LOAD build/stm32f4xx_hal_exti.o
LOAD build/stm32f4xx_hal_i2c.o
LOAD build/stm32f4xx_hal_i2c_ex.o
LOAD build/stm32f4xx_hal_tim.o
LOAD build/stm32f4xx_hal_tim_ex.o
LOAD build/stm32f4xx_hal_uart.o
LOAD build/system_stm32f4xx.o
LOAD build/croutine.o
LOAD build/event_groups.o
LOAD build/list.o
LOAD build/queue.o
LOAD build/stream_buffer.o
LOAD build/tasks.o
LOAD build/timers.o
LOAD build/cmsis_os.o
LOAD build/heap_4.o
LOAD build/port.o
LOAD build/SEGGER_RTT_ASM_ARMv7M.o
LOAD build/startup_stm32f407xx.o
LOAD e:/gnu tools arm embedded/9 2019-q4-major/bin/../lib/gcc/arm-none-eabi/9.2.1/../../../../arm-none-eabi/lib/thumb/v7e-m+fp/hard\libc_nano.a
LOAD e:/gnu tools arm embedded/9 2019-q4-major/bin/../lib/gcc/arm-none-eabi/9.2.1/../../../../arm-none-eabi/lib/thumb/v7e-m+fp/hard\libm.a
LOAD e:/gnu tools arm embedded/9 2019-q4-major/bin/../lib/gcc/arm-none-eabi/9.2.1/../../../../arm-none-eabi/lib/thumb/v7e-m+fp/hard\libnosys.a
START GROUP
LOAD e:/gnu tools arm embedded/9 2019-q4-major/bin/../lib/gcc/arm-none-eabi/9.2.1/thumb/v7e-m+fp/hard\libgcc.a
LOAD e:/gnu tools arm embedded/9 2019-q4-major/bin/../lib/gcc/arm-none-eabi/9.2.1/../../../../arm-none-eabi/lib/thumb/v7e-m+fp/hard\libc_nano.a
END GROUP
START GROUP
LOAD e:/gnu tools arm embedded/9 2019-q4-major/bin/../lib/gcc/arm-none-eabi/9.2.1/thumb/v7e-m+fp/hard\libgcc.a
LOAD e:/gnu tools arm embedded/9 2019-q4-major/bin/../lib/gcc/arm-none-eabi/9.2.1/../../../../arm-none-eabi/lib/thumb/v7e-m+fp/hard\libc_nano.a
END GROUP
LOAD e:/gnu tools arm embedded/9 2019-q4-major/bin/../lib/gcc/arm-none-eabi/9.2.1/thumb/v7e-m+fp/hard/crtend.o
LOAD e:/gnu tools arm embedded/9 2019-q4-major/bin/../lib/gcc/arm-none-eabi/9.2.1/thumb/v7e-m+fp/hard/crtn.o
                0x20020000                _estack = 0x20020000
                0x00000200                _Min_Heap_Size = 0x200
                0x00000400                _Min_Stack_Size = 0x400

.isr_vector     0x08000000      0x188
                0x08000000                . = ALIGN (0x4)
 *(.isr_vector)
 .isr_vector    0x08000000      0x188 build/startup_stm32f407xx.o
                0x08000000                g_pfnVectors
                0x08000188                . = ALIGN (0x4)

.text           0x08000190     0x8878
                0x08000190                . = ALIGN (0x4)
 *(.text)
 .text          0x08000190       0x40 e:/gnu tools arm embedded/9 2019-q4-major/bin/../lib/gcc/arm-none-eabi/9.2.1/thumb/v7e-m+fp/hard/crtbegin.o
 .text          0x080001d0       0x94 build/SEGGER_RTT_ASM_ARMv7M.o
                0x080001d0                SEGGER_RTT_ASM_WriteSkipNoLock
 .text          0x08000264       0x10 e:/gnu tools arm embedded/9 2019-q4-major/bin/../lib/gcc/arm-none-eabi/9.2.1/../../../../arm-none-eabi/lib/thumb/v7e-m+fp/hard\libc_nano.a(lib_a-strlen.o)
                0x08000264                strlen
 .text          0x08000274      0x378 e:/gnu tools arm embedded/9 2019-q4-major/bin/../lib/gcc/arm-none-eabi/9.2.1/thumb/v7e-m+fp/hard\libgcc.a(_arm_addsubdf3.o)
                0x08000274                __aeabi_drsub
                0x0800027c                __aeabi_dsub
                0x0800027c                __subdf3
                0x08000280                __aeabi_dadd
                0x08000280                __adddf3
                0x080004f8                __floatunsidf
                0x080004f8                __aeabi_ui2d
                0x08000518                __floatsidf
                0x08000518                __aeabi_i2d
                0x0800053c                __aeabi_f2d
                0x0800053c                __extendsfdf2
                0x08000580                __floatundidf
                0x08000580                __aeabi_ul2d
                0x08000590                __floatdidf
                0x08000590                __aeabi_l2d
 .text          0x080005ec      0x424 e:/gnu tools arm embedded/9 2019-q4-major/bin/../lib/gcc/arm-none-eabi/9.2.1/thumb/v7e-m+fp/hard\libgcc.a(_arm_muldivdf3.o)
                0x080005ec                __aeabi_dmul
                0x080005ec                __muldf3
                0x08000840                __divdf3
                0x08000840                __aeabi_ddiv
 .text          0x08000a10      0x110 e:/gnu tools arm embedded/9 2019-q4-major/bin/../lib/gcc/arm-none-eabi/9.2.1/thumb/v7e-m+fp/hard\libgcc.a(_arm_cmpdf2.o)
                0x08000a10                __gtdf2
                0x08000a10                __gedf2
                0x08000a18                __ltdf2
                0x08000a18                __ledf2
                0x08000a20                __nedf2
                0x08000a20                __eqdf2
                0x08000a20                __cmpdf2
                0x08000a9c                __aeabi_cdrcmple
                0x08000aac                __aeabi_cdcmpeq
                0x08000aac                __aeabi_cdcmple
                0x08000abc                __aeabi_dcmpeq
                0x08000ad0                __aeabi_dcmplt
                0x08000ae4                __aeabi_dcmple
                0x08000af8                __aeabi_dcmpge
                0x08000b0c                __aeabi_dcmpgt
 .text          0x08000b20       0x2c e:/gnu tools arm embedded/9 2019-q4-major/bin/../lib/gcc/arm-none-eabi/9.2.1/thumb/v7e-m+fp/hard\libgcc.a(_arm_unorddf2.o)
                0x08000b20                __unorddf2
                0x08000b20                __aeabi_dcmpun
 .text          0x08000b4c       0x50 e:/gnu tools arm embedded/9 2019-q4-major/bin/../lib/gcc/arm-none-eabi/9.2.1/thumb/v7e-m+fp/hard\libgcc.a(_arm_fixdfsi.o)
                0x08000b4c                __aeabi_d2iz
                0x08000b4c                __fixdfsi
 .text          0x08000b9c       0x30 e:/gnu tools arm embedded/9 2019-q4-major/bin/../lib/gcc/arm-none-eabi/9.2.1/thumb/v7e-m+fp/hard\libgcc.a(_aeabi_uldivmod.o)
                0x08000b9c                __aeabi_uldivmod
 .text          0x08000bcc      0x2c4 e:/gnu tools arm embedded/9 2019-q4-major/bin/../lib/gcc/arm-none-eabi/9.2.1/thumb/v7e-m+fp/hard\libgcc.a(_udivmoddi4.o)
                0x08000bcc                __udivmoddi4
 .text          0x08000e90        0x4 e:/gnu tools arm embedded/9 2019-q4-major/bin/../lib/gcc/arm-none-eabi/9.2.1/thumb/v7e-m+fp/hard\libgcc.a(_dvmd_tls.o)
                0x08000e90                __aeabi_idiv0
                0x08000e90                __aeabi_ldiv0
 *(.text*)
 .text.UartRxCheck
                0x08000e94       0xb0 build/usart_com.o
 .text.USART2_IRQHandler
                0x08000f44       0x34 build/usart_com.o
                0x08000f44                USART2_IRQHandler
 .text.DMA1_Stream5_IRQHandler
                0x08000f78       0x10 build/usart_com.o
                0x08000f78                DMA1_Stream5_IRQHandler
 .text.DMA1_Stream6_IRQHandler
                0x08000f88       0x10 build/usart_com.o
                0x08000f88                DMA1_Stream6_IRQHandler
 .text.HAL_UART_RxCpltCallback
                0x08000f98       0x64 build/usart_com.o
                0x08000f98                HAL_UART_RxCpltCallback
 .text.HAL_UART_TxCpltCallback
                0x08000ffc       0x54 build/usart_com.o
                0x08000ffc                HAL_UART_TxCpltCallback
 .text.HAL_I2C_MemRxCpltCallback
                0x08001050       0x40 build/i2c1.o
                0x08001050                HAL_I2C_MemRxCpltCallback
 .text.HAL_I2C_MemTxCpltCallback
                0x08001090       0x40 build/i2c1.o
                0x08001090                HAL_I2C_MemTxCpltCallback
 .text.HAL_I2C_MasterTxCpltCallback
                0x080010d0       0x40 build/i2c1.o
                0x080010d0                HAL_I2C_MasterTxCpltCallback
 .text.HAL_I2C_MasterRxCpltCallback
                0x08001110       0x40 build/i2c1.o
                0x08001110                HAL_I2C_MasterRxCpltCallback
 .text.SystemTask
                0x08001150       0x2c build/system_task.o
 .text.SystemLaunch
                0x0800117c       0x34 build/system_task.o
                0x0800117c                SystemLaunch
 .text.SystemViewTask
                0x080011b0       0xc8 build/systemview_task.o
 .text.SystemViewLaunch
                0x08001278       0x58 build/systemview_task.o
                0x08001278                SystemViewLaunch
 .text._cbSendSystemDesc
                0x080012d0       0x18 build/SEGGER_SYSVIEW_Config_FreeRTOS.o
 .text.SEGGER_SYSVIEW_Conf
                0x080012e8       0x28 build/SEGGER_SYSVIEW_Config_FreeRTOS.o
                0x080012e8                SEGGER_SYSVIEW_Conf
 .text._GetAvailWriteSpace
                0x08001310       0x18 build/SEGGER_RTT.o
 .text._WriteNoCheck
                0x08001328       0x4c build/SEGGER_RTT.o
 .text._WriteBlocking
                0x08001374       0x62 build/SEGGER_RTT.o
 *fill*         0x080013d6        0x2 
 .text._DoInit  0x080013d8       0x6c build/SEGGER_RTT.o
 .text.SEGGER_RTT_ReadUpBufferNoLock
                0x08001444       0xac build/SEGGER_RTT.o
                0x08001444                SEGGER_RTT_ReadUpBufferNoLock
 .text.SEGGER_RTT_ReadNoLock
                0x080014f0       0xa0 build/SEGGER_RTT.o
                0x080014f0                SEGGER_RTT_ReadNoLock
 .text.SEGGER_RTT_WriteDownBufferNoLock
                0x08001590       0x64 build/SEGGER_RTT.o
                0x08001590                SEGGER_RTT_WriteDownBufferNoLock
 .text.SEGGER_RTT_AllocUpBuffer
                0x080015f4       0x8c build/SEGGER_RTT.o
                0x080015f4                SEGGER_RTT_AllocUpBuffer
 .text.SEGGER_RTT_ConfigDownBuffer
                0x08001680       0x68 build/SEGGER_RTT.o
                0x08001680                SEGGER_RTT_ConfigDownBuffer
 .text.SEGGER_RTT_GetBytesInBuffer
                0x080016e8       0x2c build/SEGGER_RTT.o
                0x080016e8                SEGGER_RTT_GetBytesInBuffer
 .text._cbGetTime
                0x08001714       0x2e build/SEGGER_SYSVIEW_FreeRTOS.o
 .text.SYSVIEW_SendTaskInfo
                0x08001742       0x1c build/SEGGER_SYSVIEW_FreeRTOS.o
                0x08001742                SYSVIEW_SendTaskInfo
 *fill*         0x0800175e        0x2 
 .text.SYSVIEW_AddTask
                0x08001760       0x6c build/SEGGER_SYSVIEW_FreeRTOS.o
                0x08001760                SYSVIEW_AddTask
 .text._cbSendTaskList
                0x080017cc       0x38 build/SEGGER_SYSVIEW_FreeRTOS.o
 .text._EncodeStr
                0x08001804       0x4c build/SEGGER_SYSVIEW.o
 .text._PreparePacket
                0x08001850        0x4 build/SEGGER_SYSVIEW.o
 .text._TrySendOverflowPacket
                0x08001854       0x74 build/SEGGER_SYSVIEW.o
 .text.SEGGER_SYSVIEW_Init
                0x080018c8       0x6c build/SEGGER_SYSVIEW.o
                0x080018c8                SEGGER_SYSVIEW_Init
 .text.SEGGER_SYSVIEW_SetRAMBase
                0x08001934        0xc build/SEGGER_SYSVIEW.o
                0x08001934                SEGGER_SYSVIEW_SetRAMBase
 .text.SEGGER_SYSVIEW_GetChannelID
                0x08001940        0xc build/SEGGER_SYSVIEW.o
                0x08001940                SEGGER_SYSVIEW_GetChannelID
 .text.SEGGER_SYSVIEW_SendTaskList
                0x0800194c       0x14 build/SEGGER_SYSVIEW.o
                0x0800194c                SEGGER_SYSVIEW_SendTaskList
 .text.SEGGER_SYSVIEW_ShrinkId
                0x08001960        0xc build/SEGGER_SYSVIEW.o
                0x08001960                SEGGER_SYSVIEW_ShrinkId
 .text.SEGGER_SYSVIEW_SendModuleDescription
                0x0800196c       0x20 build/SEGGER_SYSVIEW.o
                0x0800196c                SEGGER_SYSVIEW_SendModuleDescription
 .text.SEGGER_SYSVIEW_SendNumModules
                0x0800198c       0x44 build/SEGGER_SYSVIEW.o
                0x0800198c                SEGGER_SYSVIEW_SendNumModules
 .text.SEGGER_SYSVIEW_Start
                0x080019d0       0xb4 build/SEGGER_SYSVIEW.o
                0x080019d0                SEGGER_SYSVIEW_Start
 .text._HandleIncomingPacket
                0x08001a84       0xa0 build/SEGGER_SYSVIEW.o
 .text._SendPacket
                0x08001b24       0xfc build/SEGGER_SYSVIEW.o
 .text.SEGGER_SYSVIEW_RecordVoid
                0x08001c20       0x28 build/SEGGER_SYSVIEW.o
                0x08001c20                SEGGER_SYSVIEW_RecordVoid
 .text.SEGGER_SYSVIEW_RecordU32
                0x08001c48       0x40 build/SEGGER_SYSVIEW.o
                0x08001c48                SEGGER_SYSVIEW_RecordU32
 .text.SEGGER_SYSVIEW_RecordU32x2
                0x08001c88       0x54 build/SEGGER_SYSVIEW.o
                0x08001c88                SEGGER_SYSVIEW_RecordU32x2
 .text.SEGGER_SYSVIEW_RecordSystime
                0x08001cdc       0x30 build/SEGGER_SYSVIEW.o
                0x08001cdc                SEGGER_SYSVIEW_RecordSystime
 .text.SEGGER_SYSVIEW_RecordU32x4
                0x08001d0c       0x8c build/SEGGER_SYSVIEW.o
                0x08001d0c                SEGGER_SYSVIEW_RecordU32x4
 .text.SEGGER_SYSVIEW_RecordU32x5
                0x08001d98       0xa8 build/SEGGER_SYSVIEW.o
                0x08001d98                SEGGER_SYSVIEW_RecordU32x5
 .text.SEGGER_SYSVIEW_Stop
                0x08001e40       0x38 build/SEGGER_SYSVIEW.o
                0x08001e40                SEGGER_SYSVIEW_Stop
 .text.SEGGER_SYSVIEW_GetSysDesc
                0x08001e78       0x80 build/SEGGER_SYSVIEW.o
                0x08001e78                SEGGER_SYSVIEW_GetSysDesc
 .text.SEGGER_SYSVIEW_SendTaskInfo
                0x08001ef8       0xc4 build/SEGGER_SYSVIEW.o
                0x08001ef8                SEGGER_SYSVIEW_SendTaskInfo
 .text.SEGGER_SYSVIEW_SendSysDesc
                0x08001fbc       0x34 build/SEGGER_SYSVIEW.o
                0x08001fbc                SEGGER_SYSVIEW_SendSysDesc
 .text.SEGGER_SYSVIEW_RecordEnterISR
                0x08001ff0       0x48 build/SEGGER_SYSVIEW.o
                0x08001ff0                SEGGER_SYSVIEW_RecordEnterISR
 .text.SEGGER_SYSVIEW_RecordExitISR
                0x08002038       0x28 build/SEGGER_SYSVIEW.o
                0x08002038                SEGGER_SYSVIEW_RecordExitISR
 .text.SEGGER_SYSVIEW_RecordExitISRToScheduler
                0x08002060       0x28 build/SEGGER_SYSVIEW.o
                0x08002060                SEGGER_SYSVIEW_RecordExitISRToScheduler
 .text.SEGGER_SYSVIEW_OnIdle
                0x08002088       0x28 build/SEGGER_SYSVIEW.o
                0x08002088                SEGGER_SYSVIEW_OnIdle
 .text.SEGGER_SYSVIEW_OnTaskCreate
                0x080020b0       0x48 build/SEGGER_SYSVIEW.o
                0x080020b0                SEGGER_SYSVIEW_OnTaskCreate
 .text.SEGGER_SYSVIEW_OnTaskStartExec
                0x080020f8       0x48 build/SEGGER_SYSVIEW.o
                0x080020f8                SEGGER_SYSVIEW_OnTaskStartExec
 .text.SEGGER_SYSVIEW_OnTaskStartReady
                0x08002140       0x48 build/SEGGER_SYSVIEW.o
                0x08002140                SEGGER_SYSVIEW_OnTaskStartReady
 .text.SEGGER_SYSVIEW_OnTaskStopReady
                0x08002188       0x5c build/SEGGER_SYSVIEW.o
                0x08002188                SEGGER_SYSVIEW_OnTaskStopReady
 .text.SEGGER_SYSVIEW_SendModule
                0x080021e4       0x7c build/SEGGER_SYSVIEW.o
                0x080021e4                SEGGER_SYSVIEW_SendModule
 .text.SEGGER_SYSVIEW_Warn
                0x08002260       0x40 build/SEGGER_SYSVIEW.o
                0x08002260                SEGGER_SYSVIEW_Warn
 .text.SystemClock_Config
                0x080022a0       0x94 build/main.o
                0x080022a0                SystemClock_Config
 .text.main     0x08002334       0x34 build/main.o
                0x08002334                main
 .text.HAL_TIM_PeriodElapsedCallback
                0x08002368       0x18 build/main.o
                0x08002368                HAL_TIM_PeriodElapsedCallback
 .text.Error_Handler
                0x08002380        0x2 build/main.o
                0x08002380                Error_Handler
 *fill*         0x08002382        0x2 
 .text.MX_GPIO_Init
                0x08002384       0xa8 build/gpio.o
                0x08002384                MX_GPIO_Init
 .text.MX_DMA_Init
                0x0800242c       0x98 build/dma.o
                0x0800242c                MX_DMA_Init
 .text.StartDefaultTask
                0x080024c4        0xa build/freertos.o
                0x080024c4                StartDefaultTask
 *fill*         0x080024ce        0x2 
 .text.vApplicationGetIdleTaskMemory
                0x080024d0       0x18 build/freertos.o
                0x080024d0                vApplicationGetIdleTaskMemory
 .text.MX_FREERTOS_Init
                0x080024e8       0x2c build/freertos.o
                0x080024e8                MX_FREERTOS_Init
 .text.MX_I2C1_Init
                0x08002514       0x3c build/i2c.o
                0x08002514                MX_I2C1_Init
 .text.HAL_I2C_MspInit
                0x08002550      0x114 build/i2c.o
                0x08002550                HAL_I2C_MspInit
 .text.HAL_TIM_Base_MspInit
                0x08002664       0x30 build/tim.o
                0x08002664                HAL_TIM_Base_MspInit
 .text.HAL_TIM_MspPostInit
                0x08002694       0x5c build/tim.o
                0x08002694                HAL_TIM_MspPostInit
 .text.MX_TIM4_Init
                0x080026f0       0xe8 build/tim.o
                0x080026f0                MX_TIM4_Init
 .text.MX_USART1_UART_Init
                0x080027d8       0x34 build/usart.o
                0x080027d8                MX_USART1_UART_Init
 .text.MX_USART2_UART_Init
                0x0800280c       0x34 build/usart.o
                0x0800280c                MX_USART2_UART_Init
 .text.HAL_UART_MspInit
                0x08002840      0x1e4 build/usart.o
                0x08002840                HAL_UART_MspInit
 .text.NMI_Handler
                0x08002a24        0x2 build/stm32f4xx_it.o
                0x08002a24                NMI_Handler
 .text.HardFault_Handler
                0x08002a26        0x2 build/stm32f4xx_it.o
                0x08002a26                HardFault_Handler
 .text.MemManage_Handler
                0x08002a28        0x2 build/stm32f4xx_it.o
                0x08002a28                MemManage_Handler
 .text.BusFault_Handler
                0x08002a2a        0x2 build/stm32f4xx_it.o
                0x08002a2a                BusFault_Handler
 .text.UsageFault_Handler
                0x08002a2c        0x2 build/stm32f4xx_it.o
                0x08002a2c                UsageFault_Handler
 .text.DebugMon_Handler
                0x08002a2e        0x2 build/stm32f4xx_it.o
                0x08002a2e                DebugMon_Handler
 .text.DMA1_Stream0_IRQHandler
                0x08002a30       0x10 build/stm32f4xx_it.o
                0x08002a30                DMA1_Stream0_IRQHandler
 .text.I2C1_EV_IRQHandler
                0x08002a40       0x10 build/stm32f4xx_it.o
                0x08002a40                I2C1_EV_IRQHandler
 .text.I2C1_ER_IRQHandler
                0x08002a50       0x10 build/stm32f4xx_it.o
                0x08002a50                I2C1_ER_IRQHandler
 .text.USART1_IRQHandler
                0x08002a60       0x10 build/stm32f4xx_it.o
                0x08002a60                USART1_IRQHandler
 .text.DMA1_Stream7_IRQHandler
                0x08002a70       0x10 build/stm32f4xx_it.o
                0x08002a70                DMA1_Stream7_IRQHandler
 .text.TIM7_IRQHandler
                0x08002a80       0x10 build/stm32f4xx_it.o
                0x08002a80                TIM7_IRQHandler
 .text.DMA2_Stream2_IRQHandler
                0x08002a90       0x10 build/stm32f4xx_it.o
                0x08002a90                DMA2_Stream2_IRQHandler
 .text.DMA2_Stream7_IRQHandler
                0x08002aa0       0x10 build/stm32f4xx_it.o
                0x08002aa0                DMA2_Stream7_IRQHandler
 .text.HAL_MspInit
                0x08002ab0       0x44 build/stm32f4xx_hal_msp.o
                0x08002ab0                HAL_MspInit
 .text.HAL_InitTick
                0x08002af4       0x7c build/stm32f4xx_hal_timebase_tim.o
                0x08002af4                HAL_InitTick
 .text.HAL_RCC_OscConfig
                0x08002b70      0x3f8 build/stm32f4xx_hal_rcc.o
                0x08002b70                HAL_RCC_OscConfig
 .text.HAL_RCC_GetSysClockFreq
                0x08002f68       0xcc build/stm32f4xx_hal_rcc.o
                0x08002f68                HAL_RCC_GetSysClockFreq
 .text.HAL_RCC_ClockConfig
                0x08003034      0x160 build/stm32f4xx_hal_rcc.o
                0x08003034                HAL_RCC_ClockConfig
 .text.HAL_RCC_GetHCLKFreq
                0x08003194        0xc build/stm32f4xx_hal_rcc.o
                0x08003194                HAL_RCC_GetHCLKFreq
 .text.HAL_RCC_GetPCLK1Freq
                0x080031a0       0x20 build/stm32f4xx_hal_rcc.o
                0x080031a0                HAL_RCC_GetPCLK1Freq
 .text.HAL_RCC_GetPCLK2Freq
                0x080031c0       0x20 build/stm32f4xx_hal_rcc.o
                0x080031c0                HAL_RCC_GetPCLK2Freq
 .text.HAL_RCC_GetClockConfig
                0x080031e0       0x3c build/stm32f4xx_hal_rcc.o
                0x080031e0                HAL_RCC_GetClockConfig
 .text.HAL_GPIO_Init
                0x0800321c      0x1d4 build/stm32f4xx_hal_gpio.o
                0x0800321c                HAL_GPIO_Init
 .text.HAL_GPIO_WritePin
                0x080033f0        0xc build/stm32f4xx_hal_gpio.o
                0x080033f0                HAL_GPIO_WritePin
 .text.DMA_SetConfig
                0x080033fc       0x2c build/stm32f4xx_hal_dma.o
 .text.DMA_CalcBaseAndBitshift
                0x08003428       0x44 build/stm32f4xx_hal_dma.o
 .text.DMA_CheckFifoParam
                0x0800346c       0x8e build/stm32f4xx_hal_dma.o
 *fill*         0x080034fa        0x2 
 .text.HAL_DMA_Init
                0x080034fc       0xcc build/stm32f4xx_hal_dma.o
                0x080034fc                HAL_DMA_Init
 .text.HAL_DMA_Start_IT
                0x080035c8       0x6a build/stm32f4xx_hal_dma.o
                0x080035c8                HAL_DMA_Start_IT
 .text.HAL_DMA_Abort
                0x08003632       0x94 build/stm32f4xx_hal_dma.o
                0x08003632                HAL_DMA_Abort
 .text.HAL_DMA_Abort_IT
                0x080036c6       0x26 build/stm32f4xx_hal_dma.o
                0x080036c6                HAL_DMA_Abort_IT
 .text.HAL_DMA_IRQHandler
                0x080036ec      0x1dc build/stm32f4xx_hal_dma.o
                0x080036ec                HAL_DMA_IRQHandler
 .text.HAL_DMA_GetState
                0x080038c8        0x6 build/stm32f4xx_hal_dma.o
                0x080038c8                HAL_DMA_GetState
 *fill*         0x080038ce        0x2 
 .text.HAL_NVIC_SetPriorityGrouping
                0x080038d0       0x24 build/stm32f4xx_hal_cortex.o
                0x080038d0                HAL_NVIC_SetPriorityGrouping
 .text.HAL_NVIC_SetPriority
                0x080038f4       0x68 build/stm32f4xx_hal_cortex.o
                0x080038f4                HAL_NVIC_SetPriority
 .text.HAL_NVIC_EnableIRQ
                0x0800395c       0x1c build/stm32f4xx_hal_cortex.o
                0x0800395c                HAL_NVIC_EnableIRQ
 .text.HAL_Init
                0x08003978       0x34 build/stm32f4xx_hal.o
                0x08003978                HAL_Init
 .text.HAL_IncTick
                0x080039ac       0x18 build/stm32f4xx_hal.o
                0x080039ac                HAL_IncTick
 .text.HAL_GetTick
                0x080039c4        0xc build/stm32f4xx_hal.o
                0x080039c4                HAL_GetTick
 .text.I2C_Master_SB
                0x080039d0       0xa8 build/stm32f4xx_hal_i2c.o
 .text.I2C_Master_ADD10
                0x08003a78       0x2a build/stm32f4xx_hal_i2c.o
 .text.I2C_Master_ADDR
                0x08003aa2      0x206 build/stm32f4xx_hal_i2c.o
 .text.I2C_SlaveTransmit_BTF
                0x08003ca8       0x20 build/stm32f4xx_hal_i2c.o
 .text.I2C_SlaveReceive_BTF
                0x08003cc8       0x20 build/stm32f4xx_hal_i2c.o
 .text.I2C_WaitOnSTOPRequestThroughIT
                0x08003ce8       0x48 build/stm32f4xx_hal_i2c.o
 .text.I2C_ConvertOtherXferOptions
                0x08003d30       0x1e build/stm32f4xx_hal_i2c.o
 *fill*         0x08003d4e        0x2 
 .text.HAL_I2C_Init
                0x08003d50      0x1bc build/stm32f4xx_hal_i2c.o
                0x08003d50                HAL_I2C_Init
 .text.I2C_MasterTransmit_BTF
                0x08003f0c       0x86 build/stm32f4xx_hal_i2c.o
 .text.HAL_I2C_SlaveTxCpltCallback
                0x08003f92        0x2 build/stm32f4xx_hal_i2c.o
                0x08003f92                HAL_I2C_SlaveTxCpltCallback
 .text.I2C_SlaveTransmit_TXE
                0x08003f94       0x4c build/stm32f4xx_hal_i2c.o
 .text.HAL_I2C_SlaveRxCpltCallback
                0x08003fe0        0x2 build/stm32f4xx_hal_i2c.o
                0x08003fe0                HAL_I2C_SlaveRxCpltCallback
 .text.I2C_SlaveReceive_RXNE
                0x08003fe2       0x4c build/stm32f4xx_hal_i2c.o
 .text.HAL_I2C_AddrCallback
                0x0800402e        0x2 build/stm32f4xx_hal_i2c.o
                0x0800402e                HAL_I2C_AddrCallback
 .text.I2C_Slave_ADDR
                0x08004030       0x4e build/stm32f4xx_hal_i2c.o
 .text.HAL_I2C_ListenCpltCallback
                0x0800407e        0x2 build/stm32f4xx_hal_i2c.o
                0x0800407e                HAL_I2C_ListenCpltCallback
 .text.I2C_Slave_AF
                0x08004080       0x94 build/stm32f4xx_hal_i2c.o
 .text.I2C_MemoryTransmit_TXE_BTF
                0x08004114       0xb8 build/stm32f4xx_hal_i2c.o
 .text.I2C_MasterTransmit_TXE
                0x080041cc       0xd0 build/stm32f4xx_hal_i2c.o
 .text.I2C_MasterReceive_BTF
                0x0800429c      0x128 build/stm32f4xx_hal_i2c.o
 .text.HAL_I2C_ErrorCallback
                0x080043c4        0x2 build/stm32f4xx_hal_i2c.o
                0x080043c4                HAL_I2C_ErrorCallback
 .text.I2C_MasterReceive_RXNE
                0x080043c6       0xec build/stm32f4xx_hal_i2c.o
 .text.HAL_I2C_AbortCpltCallback
                0x080044b2        0x2 build/stm32f4xx_hal_i2c.o
                0x080044b2                HAL_I2C_AbortCpltCallback
 .text.I2C_DMAAbort
                0x080044b4       0xe4 build/stm32f4xx_hal_i2c.o
 .text.I2C_ITError
                0x08004598      0x178 build/stm32f4xx_hal_i2c.o
 .text.I2C_Slave_STOPF
                0x08004710      0x18c build/stm32f4xx_hal_i2c.o
 .text.HAL_I2C_EV_IRQHandler
                0x0800489c      0x19a build/stm32f4xx_hal_i2c.o
                0x0800489c                HAL_I2C_EV_IRQHandler
 .text.HAL_I2C_ER_IRQHandler
                0x08004a36       0xc4 build/stm32f4xx_hal_i2c.o
                0x08004a36                HAL_I2C_ER_IRQHandler
 *fill*         0x08004afa        0x2 
 .text.TIM_OC1_SetConfig
                0x08004afc       0x68 build/stm32f4xx_hal_tim.o
 .text.TIM_OC3_SetConfig
                0x08004b64       0x70 build/stm32f4xx_hal_tim.o
 .text.TIM_OC4_SetConfig
                0x08004bd4       0x50 build/stm32f4xx_hal_tim.o
 .text.TIM_TI1_ConfigInputStage
                0x08004c24       0x24 build/stm32f4xx_hal_tim.o
 .text.TIM_TI2_ConfigInputStage
                0x08004c48       0x26 build/stm32f4xx_hal_tim.o
 .text.TIM_ITRx_SetConfig
                0x08004c6e       0x10 build/stm32f4xx_hal_tim.o
 *fill*         0x08004c7e        0x2 
 .text.HAL_TIM_Base_Start_IT
                0x08004c80       0x88 build/stm32f4xx_hal_tim.o
                0x08004c80                HAL_TIM_Base_Start_IT
 .text.HAL_TIM_PWM_MspInit
                0x08004d08        0x2 build/stm32f4xx_hal_tim.o
                0x08004d08                HAL_TIM_PWM_MspInit
 .text.HAL_TIM_OC_DelayElapsedCallback
                0x08004d0a        0x2 build/stm32f4xx_hal_tim.o
                0x08004d0a                HAL_TIM_OC_DelayElapsedCallback
 .text.HAL_TIM_IC_CaptureCallback
                0x08004d0c        0x2 build/stm32f4xx_hal_tim.o
                0x08004d0c                HAL_TIM_IC_CaptureCallback
 .text.HAL_TIM_PWM_PulseFinishedCallback
                0x08004d0e        0x2 build/stm32f4xx_hal_tim.o
                0x08004d0e                HAL_TIM_PWM_PulseFinishedCallback
 .text.HAL_TIM_TriggerCallback
                0x08004d10        0x2 build/stm32f4xx_hal_tim.o
                0x08004d10                HAL_TIM_TriggerCallback
 .text.HAL_TIM_IRQHandler
                0x08004d12      0x17a build/stm32f4xx_hal_tim.o
                0x08004d12                HAL_TIM_IRQHandler
 .text.TIM_Base_SetConfig
                0x08004e8c       0xc8 build/stm32f4xx_hal_tim.o
                0x08004e8c                TIM_Base_SetConfig
 .text.HAL_TIM_Base_Init
                0x08004f54       0x58 build/stm32f4xx_hal_tim.o
                0x08004f54                HAL_TIM_Base_Init
 .text.HAL_TIM_PWM_Init
                0x08004fac       0x58 build/stm32f4xx_hal_tim.o
                0x08004fac                HAL_TIM_PWM_Init
 .text.TIM_OC2_SetConfig
                0x08005004       0x70 build/stm32f4xx_hal_tim.o
                0x08005004                TIM_OC2_SetConfig
 .text.HAL_TIM_PWM_ConfigChannel
                0x08005074       0xd0 build/stm32f4xx_hal_tim.o
                0x08005074                HAL_TIM_PWM_ConfigChannel
 .text.TIM_ETR_SetConfig
                0x08005144       0x18 build/stm32f4xx_hal_tim.o
                0x08005144                TIM_ETR_SetConfig
 .text.HAL_TIM_ConfigClockSource
                0x0800515c       0xda build/stm32f4xx_hal_tim.o
                0x0800515c                HAL_TIM_ConfigClockSource
 *fill*         0x08005236        0x2 
 .text.HAL_TIMEx_MasterConfigSynchronization
                0x08005238       0x88 build/stm32f4xx_hal_tim_ex.o
                0x08005238                HAL_TIMEx_MasterConfigSynchronization
 .text.HAL_TIMEx_CommutCallback
                0x080052c0        0x2 build/stm32f4xx_hal_tim_ex.o
                0x080052c0                HAL_TIMEx_CommutCallback
 .text.HAL_TIMEx_BreakCallback
                0x080052c2        0x2 build/stm32f4xx_hal_tim_ex.o
                0x080052c2                HAL_TIMEx_BreakCallback
 .text.UART_EndTxTransfer
                0x080052c4       0x12 build/stm32f4xx_hal_uart.o
 .text.UART_EndRxTransfer
                0x080052d6       0x32 build/stm32f4xx_hal_uart.o
 .text.UART_Transmit_IT
                0x08005308       0x60 build/stm32f4xx_hal_uart.o
 .text.UART_SetConfig
                0x08005368      0x11c build/stm32f4xx_hal_uart.o
 .text.HAL_UART_Init
                0x08005484       0x5e build/stm32f4xx_hal_uart.o
                0x08005484                HAL_UART_Init
 *fill*         0x080054e2        0x2 
 .text.HAL_UART_Transmit_DMA
                0x080054e4       0x8c build/stm32f4xx_hal_uart.o
                0x080054e4                HAL_UART_Transmit_DMA
 .text.UART_DMATransmitCplt
                0x08005570       0x30 build/stm32f4xx_hal_uart.o
 .text.UART_EndTransmit_IT
                0x080055a0       0x1a build/stm32f4xx_hal_uart.o
 .text.HAL_UART_TxHalfCpltCallback
                0x080055ba        0x2 build/stm32f4xx_hal_uart.o
                0x080055ba                HAL_UART_TxHalfCpltCallback
 .text.UART_DMATxHalfCplt
                0x080055bc        0xa build/stm32f4xx_hal_uart.o
 .text.HAL_UART_ErrorCallback
                0x080055c6        0x2 build/stm32f4xx_hal_uart.o
                0x080055c6                HAL_UART_ErrorCallback
 .text.UART_DMAError
                0x080055c8       0x58 build/stm32f4xx_hal_uart.o
 .text.UART_DMAAbortOnError
                0x08005620       0x10 build/stm32f4xx_hal_uart.o
 .text.HAL_UARTEx_RxEventCallback
                0x08005630        0x2 build/stm32f4xx_hal_uart.o
                0x08005630                HAL_UARTEx_RxEventCallback
 .text.UART_Receive_IT
                0x08005632       0xba build/stm32f4xx_hal_uart.o
 .text.HAL_UART_IRQHandler
                0x080056ec      0x208 build/stm32f4xx_hal_uart.o
                0x080056ec                HAL_UART_IRQHandler
 .text.UART_Start_Receive_IT
                0x080058f4       0x36 build/stm32f4xx_hal_uart.o
                0x080058f4                UART_Start_Receive_IT
 .text.HAL_UART_Receive_IT
                0x0800592a       0x38 build/stm32f4xx_hal_uart.o
                0x0800592a                HAL_UART_Receive_IT
 *fill*         0x08005962        0x2 
 .text.SystemInit
                0x08005964       0x1c build/system_stm32f4xx.o
                0x08005964                SystemInit
 .text.vListInitialise
                0x08005980       0x16 build/list.o
                0x08005980                vListInitialise
 .text.vListInitialiseItem
                0x08005996        0x6 build/list.o
                0x08005996                vListInitialiseItem
 .text.vListInsertEnd
                0x0800599c       0x16 build/list.o
                0x0800599c                vListInsertEnd
 .text.vListInsert
                0x080059b2       0x32 build/list.o
                0x080059b2                vListInsert
 .text.uxListRemove
                0x080059e4       0x26 build/list.o
                0x080059e4                uxListRemove
 .text.prvCopyDataToQueue
                0x08005a0a       0x76 build/queue.o
 .text.xQueueGenericSendFromISR
                0x08005a80       0xee build/queue.o
                0x08005a80                xQueueGenericSendFromISR
 *fill*         0x08005b6e        0x2 
 .text.prvResetNextTaskUnblockTime
                0x08005b70       0x2c build/tasks.o
 .text.prvInitialiseNewTask
                0x08005b9c       0x8e build/tasks.o
 *fill*         0x08005c2a        0x2 
 .text.prvInitialiseTaskLists
                0x08005c2c       0x68 build/tasks.o
 .text.prvAddNewTaskToReadyList
                0x08005c94       0xd0 build/tasks.o
 .text.prvDeleteTCB
                0x08005d64       0x38 build/tasks.o
 .text.prvCheckTasksWaitingTermination
                0x08005d9c       0x4c build/tasks.o
 .text.prvIdleTask
                0x08005de8       0x28 build/tasks.o
 .text.prvAddCurrentTaskToDelayedList
                0x08005e10       0xb0 build/tasks.o
 .text.xTaskCreateStatic
                0x08005ec0       0x74 build/tasks.o
                0x08005ec0                xTaskCreateStatic
 .text.xTaskCreate
                0x08005f34       0x68 build/tasks.o
                0x08005f34                xTaskCreate
 .text.vTaskStartScheduler
                0x08005f9c       0x90 build/tasks.o
                0x08005f9c                vTaskStartScheduler
 .text.vTaskSuspendAll
                0x0800602c       0x10 build/tasks.o
                0x0800602c                vTaskSuspendAll
 .text.xTaskGetTickCount
                0x0800603c        0xc build/tasks.o
                0x0800603c                xTaskGetTickCount
 .text.xTaskGetTickCountFromISR
                0x08006048       0x10 build/tasks.o
                0x08006048                xTaskGetTickCountFromISR
 .text.xTaskIncrementTick
                0x08006058      0x120 build/tasks.o
                0x08006058                xTaskIncrementTick
 .text.xTaskResumeAll
                0x08006178       0xfc build/tasks.o
                0x08006178                xTaskResumeAll
 .text.vTaskDelay
                0x08006274       0x54 build/tasks.o
                0x08006274                vTaskDelay
 .text.vTaskSwitchContext
                0x080062c8       0xb0 build/tasks.o
                0x080062c8                vTaskSwitchContext
 .text.xTaskRemoveFromEventList
                0x08006378       0x90 build/tasks.o
                0x08006378                xTaskRemoveFromEventList
 .text.xTaskGetCurrentTaskHandle
                0x08006408        0xc build/tasks.o
                0x08006408                xTaskGetCurrentTaskHandle
 .text.xTaskPriorityDisinherit
                0x08006414       0xbc build/tasks.o
                0x08006414                xTaskPriorityDisinherit
 .text.xTaskNotifyWait
                0x080064d0       0xac build/tasks.o
                0x080064d0                xTaskNotifyWait
 .text.xTaskGenericNotifyFromISR
                0x0800657c      0x160 build/tasks.o
                0x0800657c                xTaskGenericNotifyFromISR
 .text.vTaskNotifyGiveFromISR
                0x080066dc       0xe4 build/tasks.o
                0x080066dc                vTaskNotifyGiveFromISR
 .text.makeFreeRtosPriority
                0x080067c0        0xc build/cmsis_os.o
 .text.osKernelStart
                0x080067cc        0xa build/cmsis_os.o
                0x080067cc                osKernelStart
 .text.osThreadCreate
                0x080067d6       0x6a build/cmsis_os.o
                0x080067d6                osThreadCreate
 .text.osDelay  0x08006840        0xe build/cmsis_os.o
                0x08006840                osDelay
 *fill*         0x0800684e        0x2 
 .text.prvHeapInit
                0x08006850       0x64 build/heap_4.o
 .text.prvInsertBlockIntoFreeList
                0x080068b4       0x58 build/heap_4.o
 .text.pvPortMalloc
                0x0800690c       0xfc build/heap_4.o
                0x0800690c                pvPortMalloc
 .text.vPortFree
                0x08006a08       0x7c build/heap_4.o
                0x08006a08                vPortFree
 .text.prvTaskExitError
                0x08006a84       0x40 build/port.o
 .text.prvPortStartFirstTask
                0x08006ac4       0x28 build/port.o
 .text.vPortEnableVFP
                0x08006aec       0x14 build/port.o
 .text.pxPortInitialiseStack
                0x08006b00       0x2c build/port.o
                0x08006b00                pxPortInitialiseStack
 *fill*         0x08006b2c        0x4 
 .text.SVC_Handler
                0x08006b30       0x24 build/port.o
                0x08006b30                SVC_Handler
 .text.vPortEnterCritical
                0x08006b54       0x44 build/port.o
                0x08006b54                vPortEnterCritical
 .text.vPortExitCritical
                0x08006b98       0x2c build/port.o
                0x08006b98                vPortExitCritical
 *fill*         0x08006bc4        0xc 
 .text.PendSV_Handler
                0x08006bd0       0x64 build/port.o
                0x08006bd0                PendSV_Handler
 .text.SysTick_Handler
                0x08006c34       0x3c build/port.o
                0x08006c34                SysTick_Handler
 .text.vPortSetupTimerInterrupt
                0x08006c70       0x38 build/port.o
                0x08006c70                vPortSetupTimerInterrupt
 .text.xPortStartScheduler
                0x08006ca8      0x110 build/port.o
                0x08006ca8                xPortStartScheduler
 .text.vPortValidateInterruptPriority
                0x08006db8       0x5c build/port.o
                0x08006db8                vPortValidateInterruptPriority
 .text.Reset_Handler
                0x08006e14       0x50 build/startup_stm32f407xx.o
                0x08006e14                Reset_Handler
 .text.Default_Handler
                0x08006e64        0x2 build/startup_stm32f407xx.o
                0x08006e64                RTC_Alarm_IRQHandler
                0x08006e64                HASH_RNG_IRQHandler
                0x08006e64                EXTI2_IRQHandler
                0x08006e64                TIM8_CC_IRQHandler
                0x08006e64                TIM1_CC_IRQHandler
                0x08006e64                DMA2_Stream5_IRQHandler
                0x08006e64                PVD_IRQHandler
                0x08006e64                SDIO_IRQHandler
                0x08006e64                TAMP_STAMP_IRQHandler
                0x08006e64                CAN2_RX1_IRQHandler
                0x08006e64                EXTI3_IRQHandler
                0x08006e64                TIM8_TRG_COM_TIM14_IRQHandler
                0x08006e64                TIM1_UP_TIM10_IRQHandler
                0x08006e64                TIM8_UP_TIM13_IRQHandler
                0x08006e64                I2C3_ER_IRQHandler
                0x08006e64                EXTI0_IRQHandler
                0x08006e64                I2C2_EV_IRQHandler
                0x08006e64                DMA1_Stream2_IRQHandler
                0x08006e64                CAN1_RX0_IRQHandler
                0x08006e64                FPU_IRQHandler
                0x08006e64                OTG_HS_WKUP_IRQHandler
                0x08006e64                CAN2_SCE_IRQHandler
                0x08006e64                SPI1_IRQHandler
                0x08006e64                TIM6_DAC_IRQHandler
                0x08006e64                TIM1_BRK_TIM9_IRQHandler
                0x08006e64                DCMI_IRQHandler
                0x08006e64                CAN2_RX0_IRQHandler
                0x08006e64                DMA2_Stream3_IRQHandler
                0x08006e64                USART6_IRQHandler
                0x08006e64                USART3_IRQHandler
                0x08006e64                CAN1_RX1_IRQHandler
                0x08006e64                UART5_IRQHandler
                0x08006e64                DMA2_Stream0_IRQHandler
                0x08006e64                TIM4_IRQHandler
                0x08006e64                DMA1_Stream1_IRQHandler
                0x08006e64                UART4_IRQHandler
                0x08006e64                TIM3_IRQHandler
                0x08006e64                RCC_IRQHandler
                0x08006e64                TIM8_BRK_TIM12_IRQHandler
                0x08006e64                Default_Handler
                0x08006e64                EXTI15_10_IRQHandler
                0x08006e64                ADC_IRQHandler
                0x08006e64                CAN2_TX_IRQHandler
                0x08006e64                TIM5_IRQHandler
                0x08006e64                I2C3_EV_IRQHandler
                0x08006e64                EXTI9_5_IRQHandler
                0x08006e64                RTC_WKUP_IRQHandler
                0x08006e64                ETH_WKUP_IRQHandler
                0x08006e64                SPI2_IRQHandler
                0x08006e64                OTG_HS_EP1_IN_IRQHandler
                0x08006e64                CAN1_TX_IRQHandler
                0x08006e64                EXTI4_IRQHandler
                0x08006e64                FSMC_IRQHandler
                0x08006e64                ETH_IRQHandler
                0x08006e64                OTG_HS_EP1_OUT_IRQHandler
                0x08006e64                WWDG_IRQHandler
                0x08006e64                TIM2_IRQHandler
                0x08006e64                OTG_FS_WKUP_IRQHandler
                0x08006e64                TIM1_TRG_COM_TIM11_IRQHandler
                0x08006e64                OTG_HS_IRQHandler
                0x08006e64                EXTI1_IRQHandler
                0x08006e64                I2C2_ER_IRQHandler
                0x08006e64                DMA2_Stream1_IRQHandler
                0x08006e64                CAN1_SCE_IRQHandler
                0x08006e64                FLASH_IRQHandler
                0x08006e64                DMA2_Stream4_IRQHandler
                0x08006e64                OTG_FS_IRQHandler
                0x08006e64                SPI3_IRQHandler
                0x08006e64                DMA1_Stream4_IRQHandler
                0x08006e64                DMA2_Stream6_IRQHandler
                0x08006e64                DMA1_Stream3_IRQHandler
 *fill*         0x08006e66        0x2 
 .text.__libc_init_array
                0x08006e68       0x48 e:/gnu tools arm embedded/9 2019-q4-major/bin/../lib/gcc/arm-none-eabi/9.2.1/../../../../arm-none-eabi/lib/thumb/v7e-m+fp/hard\libc_nano.a(lib_a-init.o)
                0x08006e68                __libc_init_array
 .text.memcmp   0x08006eb0       0x1c e:/gnu tools arm embedded/9 2019-q4-major/bin/../lib/gcc/arm-none-eabi/9.2.1/../../../../arm-none-eabi/lib/thumb/v7e-m+fp/hard\libc_nano.a(lib_a-memcmp.o)
                0x08006eb0                memcmp
 .text.memcpy   0x08006ecc       0x1c e:/gnu tools arm embedded/9 2019-q4-major/bin/../lib/gcc/arm-none-eabi/9.2.1/../../../../arm-none-eabi/lib/thumb/v7e-m+fp/hard\libc_nano.a(lib_a-memcpy-stub.o)
                0x08006ecc                memcpy
 .text.memset   0x08006ee8       0x10 e:/gnu tools arm embedded/9 2019-q4-major/bin/../lib/gcc/arm-none-eabi/9.2.1/../../../../arm-none-eabi/lib/thumb/v7e-m+fp/hard\libc_nano.a(lib_a-memset.o)
                0x08006ee8                memset
 .text.__cvt    0x08006ef8       0xc4 e:/gnu tools arm embedded/9 2019-q4-major/bin/../lib/gcc/arm-none-eabi/9.2.1/../../../../arm-none-eabi/lib/thumb/v7e-m+fp/hard\libc_nano.a(lib_a-nano-vfprintf_float.o)
                0x08006ef8                __cvt
 .text.__exponent
                0x08006fbc       0x7c e:/gnu tools arm embedded/9 2019-q4-major/bin/../lib/gcc/arm-none-eabi/9.2.1/../../../../arm-none-eabi/lib/thumb/v7e-m+fp/hard\libc_nano.a(lib_a-nano-vfprintf_float.o)
                0x08006fbc                __exponent
 .text._printf_float
                0x08007038      0x46c e:/gnu tools arm embedded/9 2019-q4-major/bin/../lib/gcc/arm-none-eabi/9.2.1/../../../../arm-none-eabi/lib/thumb/v7e-m+fp/hard\libc_nano.a(lib_a-nano-vfprintf_float.o)
                0x08007038                _printf_float
 .text._printf_common
                0x080074a4       0xda e:/gnu tools arm embedded/9 2019-q4-major/bin/../lib/gcc/arm-none-eabi/9.2.1/../../../../arm-none-eabi/lib/thumb/v7e-m+fp/hard\libc_nano.a(lib_a-nano-vfprintf_i.o)
                0x080074a4                _printf_common
 .text.quorem   0x0800757e      0x116 e:/gnu tools arm embedded/9 2019-q4-major/bin/../lib/gcc/arm-none-eabi/9.2.1/../../../../arm-none-eabi/lib/thumb/v7e-m+fp/hard\libc_nano.a(lib_a-dtoa.o)
 *fill*         0x08007694        0x4 
 .text._dtoa_r  0x08007698      0xbbc e:/gnu tools arm embedded/9 2019-q4-major/bin/../lib/gcc/arm-none-eabi/9.2.1/../../../../arm-none-eabi/lib/thumb/v7e-m+fp/hard\libc_nano.a(lib_a-dtoa.o)
                0x08007698                _dtoa_r
 .text._localeconv_r
                0x08008254        0x8 e:/gnu tools arm embedded/9 2019-q4-major/bin/../lib/gcc/arm-none-eabi/9.2.1/../../../../arm-none-eabi/lib/thumb/v7e-m+fp/hard\libc_nano.a(lib_a-localeconv.o)
                0x08008254                _localeconv_r
 .text.__retarget_lock_acquire_recursive
                0x0800825c        0x2 e:/gnu tools arm embedded/9 2019-q4-major/bin/../lib/gcc/arm-none-eabi/9.2.1/../../../../arm-none-eabi/lib/thumb/v7e-m+fp/hard\libc_nano.a(lib_a-lock.o)
                0x0800825c                __retarget_lock_acquire_recursive
 .text.__retarget_lock_release_recursive
                0x0800825e        0x2 e:/gnu tools arm embedded/9 2019-q4-major/bin/../lib/gcc/arm-none-eabi/9.2.1/../../../../arm-none-eabi/lib/thumb/v7e-m+fp/hard\libc_nano.a(lib_a-lock.o)
                0x0800825e                __retarget_lock_release_recursive
 .text.malloc   0x08008260       0x10 e:/gnu tools arm embedded/9 2019-q4-major/bin/../lib/gcc/arm-none-eabi/9.2.1/../../../../arm-none-eabi/lib/thumb/v7e-m+fp/hard\libc_nano.a(lib_a-malloc.o)
                0x08008260                malloc
 .text._Balloc  0x08008270       0x68 e:/gnu tools arm embedded/9 2019-q4-major/bin/../lib/gcc/arm-none-eabi/9.2.1/../../../../arm-none-eabi/lib/thumb/v7e-m+fp/hard\libc_nano.a(lib_a-mprec.o)
                0x08008270                _Balloc
 .text._Bfree   0x080082d8       0x2e e:/gnu tools arm embedded/9 2019-q4-major/bin/../lib/gcc/arm-none-eabi/9.2.1/../../../../arm-none-eabi/lib/thumb/v7e-m+fp/hard\libc_nano.a(lib_a-mprec.o)
                0x080082d8                _Bfree
 .text.__multadd
                0x08008306       0x7c e:/gnu tools arm embedded/9 2019-q4-major/bin/../lib/gcc/arm-none-eabi/9.2.1/../../../../arm-none-eabi/lib/thumb/v7e-m+fp/hard\libc_nano.a(lib_a-mprec.o)
                0x08008306                __multadd
 .text.__hi0bits
                0x08008382       0x40 e:/gnu tools arm embedded/9 2019-q4-major/bin/../lib/gcc/arm-none-eabi/9.2.1/../../../../arm-none-eabi/lib/thumb/v7e-m+fp/hard\libc_nano.a(lib_a-mprec.o)
                0x08008382                __hi0bits
 .text.__lo0bits
                0x080083c2       0x60 e:/gnu tools arm embedded/9 2019-q4-major/bin/../lib/gcc/arm-none-eabi/9.2.1/../../../../arm-none-eabi/lib/thumb/v7e-m+fp/hard\libc_nano.a(lib_a-mprec.o)
                0x080083c2                __lo0bits
 .text.__i2b    0x08008422       0x12 e:/gnu tools arm embedded/9 2019-q4-major/bin/../lib/gcc/arm-none-eabi/9.2.1/../../../../arm-none-eabi/lib/thumb/v7e-m+fp/hard\libc_nano.a(lib_a-mprec.o)
                0x08008422                __i2b
 .text.__multiply
                0x08008434      0x138 e:/gnu tools arm embedded/9 2019-q4-major/bin/../lib/gcc/arm-none-eabi/9.2.1/../../../../arm-none-eabi/lib/thumb/v7e-m+fp/hard\libc_nano.a(lib_a-mprec.o)
                0x08008434                __multiply
 .text.__pow5mult
                0x0800856c       0x9c e:/gnu tools arm embedded/9 2019-q4-major/bin/../lib/gcc/arm-none-eabi/9.2.1/../../../../arm-none-eabi/lib/thumb/v7e-m+fp/hard\libc_nano.a(lib_a-mprec.o)
                0x0800856c                __pow5mult
 .text.__lshift
                0x08008608       0xbe e:/gnu tools arm embedded/9 2019-q4-major/bin/../lib/gcc/arm-none-eabi/9.2.1/../../../../arm-none-eabi/lib/thumb/v7e-m+fp/hard\libc_nano.a(lib_a-mprec.o)
                0x08008608                __lshift
 .text.__mcmp   0x080086c6       0x38 e:/gnu tools arm embedded/9 2019-q4-major/bin/../lib/gcc/arm-none-eabi/9.2.1/../../../../arm-none-eabi/lib/thumb/v7e-m+fp/hard\libc_nano.a(lib_a-mprec.o)
                0x080086c6                __mcmp
 .text.__mdiff  0x080086fe       0xec e:/gnu tools arm embedded/9 2019-q4-major/bin/../lib/gcc/arm-none-eabi/9.2.1/../../../../arm-none-eabi/lib/thumb/v7e-m+fp/hard\libc_nano.a(lib_a-mprec.o)
                0x080086fe                __mdiff
 .text.__d2b    0x080087ea       0xa0 e:/gnu tools arm embedded/9 2019-q4-major/bin/../lib/gcc/arm-none-eabi/9.2.1/../../../../arm-none-eabi/lib/thumb/v7e-m+fp/hard\libc_nano.a(lib_a-mprec.o)
                0x080087ea                __d2b
 .text._calloc_r
                0x0800888a       0x1e e:/gnu tools arm embedded/9 2019-q4-major/bin/../lib/gcc/arm-none-eabi/9.2.1/../../../../arm-none-eabi/lib/thumb/v7e-m+fp/hard\libc_nano.a(lib_a-nano-callocr.o)
                0x0800888a                _calloc_r
 .text._malloc_r
                0x080088a8       0xb4 e:/gnu tools arm embedded/9 2019-q4-major/bin/../lib/gcc/arm-none-eabi/9.2.1/../../../../arm-none-eabi/lib/thumb/v7e-m+fp/hard\libc_nano.a(lib_a-nano-mallocr.o)
                0x080088a8                _malloc_r
 .text._sbrk_r  0x0800895c       0x20 e:/gnu tools arm embedded/9 2019-q4-major/bin/../lib/gcc/arm-none-eabi/9.2.1/../../../../arm-none-eabi/lib/thumb/v7e-m+fp/hard\libc_nano.a(lib_a-sbrkr.o)
                0x0800895c                _sbrk_r
 .text.__ascii_mbtowc
                0x0800897c       0x24 e:/gnu tools arm embedded/9 2019-q4-major/bin/../lib/gcc/arm-none-eabi/9.2.1/../../../../arm-none-eabi/lib/thumb/v7e-m+fp/hard\libc_nano.a(lib_a-mbtowc_r.o)
                0x0800897c                __ascii_mbtowc
 .text.__malloc_lock
                0x080089a0        0xc e:/gnu tools arm embedded/9 2019-q4-major/bin/../lib/gcc/arm-none-eabi/9.2.1/../../../../arm-none-eabi/lib/thumb/v7e-m+fp/hard\libc_nano.a(lib_a-mlock.o)
                0x080089a0                __malloc_lock
 .text.__malloc_unlock
                0x080089ac        0xc e:/gnu tools arm embedded/9 2019-q4-major/bin/../lib/gcc/arm-none-eabi/9.2.1/../../../../arm-none-eabi/lib/thumb/v7e-m+fp/hard\libc_nano.a(lib_a-mlock.o)
                0x080089ac                __malloc_unlock
 .text.__ascii_wctomb
                0x080089b8       0x1a e:/gnu tools arm embedded/9 2019-q4-major/bin/../lib/gcc/arm-none-eabi/9.2.1/../../../../arm-none-eabi/lib/thumb/v7e-m+fp/hard\libc_nano.a(lib_a-wctomb_r.o)
                0x080089b8                __ascii_wctomb
 *fill*         0x080089d2        0x2 
 .text._sbrk    0x080089d4       0x1c e:/gnu tools arm embedded/9 2019-q4-major/bin/../lib/gcc/arm-none-eabi/9.2.1/../../../../arm-none-eabi/lib/thumb/v7e-m+fp/hard\libnosys.a(sbrk.o)
                0x080089d4                _sbrk
 *(.glue_7)
 .glue_7        0x080089f0        0x0 linker stubs
 *(.glue_7t)
 .glue_7t       0x080089f0        0x0 linker stubs
 *(.eh_frame)
 .eh_frame      0x080089f0        0x0 e:/gnu tools arm embedded/9 2019-q4-major/bin/../lib/gcc/arm-none-eabi/9.2.1/thumb/v7e-m+fp/hard/crtbegin.o
 *(.init)
 .init          0x080089f0        0x4 e:/gnu tools arm embedded/9 2019-q4-major/bin/../lib/gcc/arm-none-eabi/9.2.1/thumb/v7e-m+fp/hard/crti.o
                0x080089f0                _init
 .init          0x080089f4        0x8 e:/gnu tools arm embedded/9 2019-q4-major/bin/../lib/gcc/arm-none-eabi/9.2.1/thumb/v7e-m+fp/hard/crtn.o
 *(.fini)
 .fini          0x080089fc        0x4 e:/gnu tools arm embedded/9 2019-q4-major/bin/../lib/gcc/arm-none-eabi/9.2.1/thumb/v7e-m+fp/hard/crti.o
                0x080089fc                _fini
 .fini          0x08008a00        0x8 e:/gnu tools arm embedded/9 2019-q4-major/bin/../lib/gcc/arm-none-eabi/9.2.1/thumb/v7e-m+fp/hard/crtn.o
                0x08008a08                . = ALIGN (0x4)
                0x08008a08                _etext = .

.vfp11_veneer   0x08008a08        0x0
 .vfp11_veneer  0x08008a08        0x0 linker stubs

.v4_bx          0x08008a08        0x0
 .v4_bx         0x08008a08        0x0 linker stubs

.iplt           0x08008a08        0x0
 .iplt          0x08008a08        0x0 e:/gnu tools arm embedded/9 2019-q4-major/bin/../lib/gcc/arm-none-eabi/9.2.1/thumb/v7e-m+fp/hard/crtbegin.o

.rodata         0x08008a08      0x3d0
                0x08008a08                . = ALIGN (0x4)
 *(.rodata)
 .rodata        0x08008a08       0x1c build/freertos.o
 *(.rodata*)
 .rodata.SystemTask.str1.4
                0x08008a24        0xe build/system_task.o
 *fill*         0x08008a32        0x2 
 .rodata.SystemLaunch.str1.4
                0x08008a34        0xb build/system_task.o
 *fill*         0x08008a3f        0x1 
 .rodata.SystemViewLaunch.str1.4
                0x08008a40        0xf build/systemview_task.o
 *fill*         0x08008a4f        0x1 
 .rodata._cbSendSystemDesc.str1.4
                0x08008a50       0x41 build/SEGGER_SYSVIEW_Config_FreeRTOS.o
 *fill*         0x08008a91        0x3 
 .rodata._DoInit.str1.4
                0x08008a94       0x17 build/SEGGER_RTT.o
 *fill*         0x08008aab        0x1 
 .rodata.SYSVIEW_AddTask.str1.4
                0x08008aac       0x58 build/SEGGER_SYSVIEW_FreeRTOS.o
 .rodata.SYSVIEW_X_OS_TraceAPI
                0x08008b04        0x8 build/SEGGER_SYSVIEW_FreeRTOS.o
                0x08008b04                SYSVIEW_X_OS_TraceAPI
 .rodata.SEGGER_SYSVIEW_Init.str1.4
                0x08008b0c        0x8 build/SEGGER_SYSVIEW.o
 .rodata._abSync
                0x08008b14        0xa build/SEGGER_SYSVIEW.o
 *fill*         0x08008b1e        0x2 
 .rodata.str1.4
                0x08008b20        0xc build/freertos.o
 .rodata.flagBitshiftOffset.8557
                0x08008b2c        0x8 build/stm32f4xx_hal_dma.o
 .rodata.AHBPrescTable
                0x08008b34       0x10 build/system_stm32f4xx.o
                0x08008b34                AHBPrescTable
 .rodata.APBPrescTable
                0x08008b44        0x8 build/system_stm32f4xx.o
                0x08008b44                APBPrescTable
 .rodata.vTaskStartScheduler.str1.4
                0x08008b4c        0x5 build/tasks.o
 .rodata._printf_float.str1.1
                0x08008b4c       0x12 e:/gnu tools arm embedded/9 2019-q4-major/bin/../lib/gcc/arm-none-eabi/9.2.1/../../../../arm-none-eabi/lib/thumb/v7e-m+fp/hard\libc_nano.a(lib_a-nano-vfprintf_float.o)
 .rodata._dtoa_r.str1.1
                0x08008b5e        0xd e:/gnu tools arm embedded/9 2019-q4-major/bin/../lib/gcc/arm-none-eabi/9.2.1/../../../../arm-none-eabi/lib/thumb/v7e-m+fp/hard\libc_nano.a(lib_a-dtoa.o)
                                  0xf (size before relaxing)
 *fill*         0x08008b6b        0x1 
 .rodata.__sf_fake_stderr
                0x08008b6c       0x20 e:/gnu tools arm embedded/9 2019-q4-major/bin/../lib/gcc/arm-none-eabi/9.2.1/../../../../arm-none-eabi/lib/thumb/v7e-m+fp/hard\libc_nano.a(lib_a-findfp.o)
                0x08008b6c                __sf_fake_stderr
 .rodata.__sf_fake_stdin
                0x08008b8c       0x20 e:/gnu tools arm embedded/9 2019-q4-major/bin/../lib/gcc/arm-none-eabi/9.2.1/../../../../arm-none-eabi/lib/thumb/v7e-m+fp/hard\libc_nano.a(lib_a-findfp.o)
                0x08008b8c                __sf_fake_stdin
 .rodata.__sf_fake_stdout
                0x08008bac       0x20 e:/gnu tools arm embedded/9 2019-q4-major/bin/../lib/gcc/arm-none-eabi/9.2.1/../../../../arm-none-eabi/lib/thumb/v7e-m+fp/hard\libc_nano.a(lib_a-findfp.o)
                0x08008bac                __sf_fake_stdout
 *fill*         0x08008bcc        0x4 
 .rodata.__mprec_bigtens
                0x08008bd0       0x28 e:/gnu tools arm embedded/9 2019-q4-major/bin/../lib/gcc/arm-none-eabi/9.2.1/../../../../arm-none-eabi/lib/thumb/v7e-m+fp/hard\libc_nano.a(lib_a-mprec.o)
                0x08008bd0                __mprec_bigtens
 .rodata.__mprec_tens
                0x08008bf8       0xc8 e:/gnu tools arm embedded/9 2019-q4-major/bin/../lib/gcc/arm-none-eabi/9.2.1/../../../../arm-none-eabi/lib/thumb/v7e-m+fp/hard\libc_nano.a(lib_a-mprec.o)
                0x08008bf8                __mprec_tens
 .rodata.p05.7490
                0x08008cc0        0xc e:/gnu tools arm embedded/9 2019-q4-major/bin/../lib/gcc/arm-none-eabi/9.2.1/../../../../arm-none-eabi/lib/thumb/v7e-m+fp/hard\libc_nano.a(lib_a-mprec.o)
 .rodata._setlocale_r.str1.1
                0x08008ccc        0x8 e:/gnu tools arm embedded/9 2019-q4-major/bin/../lib/gcc/arm-none-eabi/9.2.1/../../../../arm-none-eabi/lib/thumb/v7e-m+fp/hard\libc_nano.a(lib_a-locale.o)
                                  0x9 (size before relaxing)
 .rodata.str1.1
                0x08008cd4        0x2 e:/gnu tools arm embedded/9 2019-q4-major/bin/../lib/gcc/arm-none-eabi/9.2.1/../../../../arm-none-eabi/lib/thumb/v7e-m+fp/hard\libc_nano.a(lib_a-locale.o)
 .rodata._ctype_
                0x08008cd6      0x101 e:/gnu tools arm embedded/9 2019-q4-major/bin/../lib/gcc/arm-none-eabi/9.2.1/../../../../arm-none-eabi/lib/thumb/v7e-m+fp/hard\libc_nano.a(lib_a-ctype_.o)
                0x08008cd6                _ctype_
                0x08008dd8                . = ALIGN (0x4)
 *fill*         0x08008dd7        0x1 

.ARM.extab
 *(.ARM.extab* .gnu.linkonce.armextab.*)

.ARM            0x08008dd8        0x8
                0x08008dd8                __exidx_start = .
 *(.ARM.exidx*)
 .ARM.exidx     0x08008dd8        0x8 e:/gnu tools arm embedded/9 2019-q4-major/bin/../lib/gcc/arm-none-eabi/9.2.1/thumb/v7e-m+fp/hard\libgcc.a(_udivmoddi4.o)
                0x08008de0                __exidx_end = .

.rel.dyn        0x08008de0        0x0
 .rel.iplt      0x08008de0        0x0 e:/gnu tools arm embedded/9 2019-q4-major/bin/../lib/gcc/arm-none-eabi/9.2.1/thumb/v7e-m+fp/hard/crtbegin.o

.preinit_array  0x08008de0        0x0
                0x08008de0                PROVIDE (__preinit_array_start = .)
 *(.preinit_array*)
                0x08008de0                PROVIDE (__preinit_array_end = .)

.init_array     0x08008de0        0x4
                0x08008de0                PROVIDE (__init_array_start = .)
 *(SORT_BY_NAME(.init_array.*))
 *(.init_array*)
 .init_array    0x08008de0        0x4 e:/gnu tools arm embedded/9 2019-q4-major/bin/../lib/gcc/arm-none-eabi/9.2.1/thumb/v7e-m+fp/hard/crtbegin.o
                0x08008de4                PROVIDE (__init_array_end = .)

.fini_array     0x08008de4        0x4
                [!provide]                PROVIDE (__fini_array_start = .)
 *(SORT_BY_NAME(.fini_array.*))
 *(.fini_array*)
 .fini_array    0x08008de4        0x4 e:/gnu tools arm embedded/9 2019-q4-major/bin/../lib/gcc/arm-none-eabi/9.2.1/thumb/v7e-m+fp/hard/crtbegin.o
                [!provide]                PROVIDE (__fini_array_end = .)
                0x08008de8                _sidata = LOADADDR (.data)

.data           0x20000000      0x200 load address 0x08008de8
                0x20000000                . = ALIGN (0x4)
                0x20000000                _sdata = .
 *(.data)
 *(.data*)
 .data.hello_message
                0x20000000       0x20 build/systemview_task.o
                0x20000000                hello_message
 .data.uwTickFreq
                0x20000020        0x1 build/stm32f4xx_hal.o
                0x20000020                uwTickFreq
 *fill*         0x20000021        0x3 
 .data.uwTickPrio
                0x20000024        0x4 build/stm32f4xx_hal.o
                0x20000024                uwTickPrio
 .data.SystemCoreClock
                0x20000028        0x4 build/system_stm32f4xx.o
                0x20000028                SystemCoreClock
 .data.uxCriticalNesting
                0x2000002c        0x4 build/port.o
 .data._impure_ptr
                0x20000030        0x4 e:/gnu tools arm embedded/9 2019-q4-major/bin/../lib/gcc/arm-none-eabi/9.2.1/../../../../arm-none-eabi/lib/thumb/v7e-m+fp/hard\libc_nano.a(lib_a-impure.o)
                0x20000030                _impure_ptr
 .data.impure_data
                0x20000034       0x60 e:/gnu tools arm embedded/9 2019-q4-major/bin/../lib/gcc/arm-none-eabi/9.2.1/../../../../arm-none-eabi/lib/thumb/v7e-m+fp/hard\libc_nano.a(lib_a-impure.o)
 .data.__global_locale
                0x20000094      0x16c e:/gnu tools arm embedded/9 2019-q4-major/bin/../lib/gcc/arm-none-eabi/9.2.1/../../../../arm-none-eabi/lib/thumb/v7e-m+fp/hard\libc_nano.a(lib_a-locale.o)
                0x20000094                __global_locale
                0x20000200                . = ALIGN (0x4)
                0x20000200                _edata = .
                0x08008fe8                _siccmram = LOADADDR (.ccmram)

.igot.plt       0x20000200        0x0 load address 0x08008fe8
 .igot.plt      0x20000200        0x0 e:/gnu tools arm embedded/9 2019-q4-major/bin/../lib/gcc/arm-none-eabi/9.2.1/thumb/v7e-m+fp/hard/crtbegin.o

.ccmram         0x10000000        0x0 load address 0x08008fe8
                0x10000000                . = ALIGN (0x4)
                0x10000000                _sccmram = .
 *(.ccmram)
 *(.ccmram*)
                0x10000000                . = ALIGN (0x4)
                0x10000000                _eccmram = .
                0x10000000                . = ALIGN (0x4)

.bss            0x20000200     0x5744
                0x20000200                _sbss = .
                0x20000200                __bss_start__ = _sbss
 *(.bss)
 .bss           0x20000200       0x1c e:/gnu tools arm embedded/9 2019-q4-major/bin/../lib/gcc/arm-none-eabi/9.2.1/thumb/v7e-m+fp/hard/crtbegin.o
 *(.bss*)
 .bss.old_pos.10434
                0x2000021c        0x4 build/usart_com.o
 .bss.rx_buffer
                0x20000220       0x80 build/usart_com.o
 .bss.system_view_notify
                0x200002a0        0x4 build/usart_com.o
                0x200002a0                system_view_notify
 .bss.i2c1_notify
                0x200002a4        0x4 build/i2c1.o
 .bss.osSys_system_taskStackBuffer
                0x200002a8      0x400 build/system_task.o
 .bss.osSys_system_taskTaskBuffer
                0x200006a8       0x54 build/system_task.o
 .bss.osSys_systemview_taskStackBuffer
                0x200006fc      0x400 build/systemview_task.o
 .bss.osSys_systemview_taskTaskBuffer
                0x20000afc       0x54 build/systemview_task.o
 .bss._acDownBuffer
                0x20000b50       0x10 build/SEGGER_RTT.o
 .bss._acUpBuffer
                0x20000b60      0x400 build/SEGGER_RTT.o
 .bss._NumTasks
                0x20000f60        0x4 build/SEGGER_SYSVIEW_FreeRTOS.o
 .bss._aTasks   0x20000f64       0xa0 build/SEGGER_SYSVIEW_FreeRTOS.o
 .bss._DownBuffer
                0x20001004        0x8 build/SEGGER_SYSVIEW.o
 .bss._NumModules
                0x2000100c        0x1 build/SEGGER_SYSVIEW.o
 *fill*         0x2000100d        0x3 
 .bss._SYSVIEW_Globals
                0x20001010       0x28 build/SEGGER_SYSVIEW.o
 .bss._UpBuffer
                0x20001038      0x400 build/SEGGER_SYSVIEW.o
 .bss._aPacket  0x20001438       0xe3 build/SEGGER_SYSVIEW.o
 *fill*         0x2000151b        0x1 
 .bss._pFirstModule
                0x2000151c        0x4 build/SEGGER_SYSVIEW.o
 .bss.xIdleStack
                0x20001520      0x200 build/freertos.o
 .bss.xIdleTaskTCBBuffer
                0x20001720       0x54 build/freertos.o
 .bss.pxCurrentTCB
                0x20001774        0x4 build/tasks.o
                0x20001774                pxCurrentTCB
 .bss.pxDelayedTaskList
                0x20001778        0x4 build/tasks.o
 .bss.pxOverflowDelayedTaskList
                0x2000177c        0x4 build/tasks.o
 .bss.pxReadyTasksLists
                0x20001780       0x8c build/tasks.o
 .bss.uxCurrentNumberOfTasks
                0x2000180c        0x4 build/tasks.o
 .bss.uxDeletedTasksWaitingCleanUp
                0x20001810        0x4 build/tasks.o
 .bss.uxSchedulerSuspended
                0x20001814        0x4 build/tasks.o
 .bss.uxTaskNumber
                0x20001818        0x4 build/tasks.o
 .bss.uxTopReadyPriority
                0x2000181c        0x4 build/tasks.o
 .bss.xDelayedTaskList1
                0x20001820       0x14 build/tasks.o
 .bss.xDelayedTaskList2
                0x20001834       0x14 build/tasks.o
 .bss.xIdleTaskHandle
                0x20001848        0x4 build/tasks.o
 .bss.xNextTaskUnblockTime
                0x2000184c        0x4 build/tasks.o
 .bss.xNumOfOverflows
                0x20001850        0x4 build/tasks.o
 .bss.xPendedTicks
                0x20001854        0x4 build/tasks.o
 .bss.xPendingReadyList
                0x20001858       0x14 build/tasks.o
 .bss.xSchedulerRunning
                0x2000186c        0x4 build/tasks.o
 .bss.xSuspendedTaskList
                0x20001870       0x14 build/tasks.o
 .bss.xTasksWaitingTermination
                0x20001884       0x14 build/tasks.o
 .bss.xTickCount
                0x20001898        0x4 build/tasks.o
 .bss.xYieldPending
                0x2000189c        0x4 build/tasks.o
 .bss.pxEnd     0x200018a0        0x4 build/heap_4.o
 .bss.ucHeap    0x200018a4     0x3c00 build/heap_4.o
 .bss.xBlockAllocatedBit
                0x200054a4        0x4 build/heap_4.o
 .bss.xFreeBytesRemaining
                0x200054a8        0x4 build/heap_4.o
 .bss.xMinimumEverFreeBytesRemaining
                0x200054ac        0x4 build/heap_4.o
 .bss.xNumberOfSuccessfulAllocations
                0x200054b0        0x4 build/heap_4.o
 .bss.xNumberOfSuccessfulFrees
                0x200054b4        0x4 build/heap_4.o
 .bss.xStart    0x200054b8        0x8 build/heap_4.o
 .bss.ucMaxSysCallPriority
                0x200054c0        0x1 build/port.o
 *fill*         0x200054c1        0x3 
 .bss.ulMaxPRIGROUPValue
                0x200054c4        0x4 build/port.o
 .bss.__malloc_free_list
                0x200054c8        0x4 e:/gnu tools arm embedded/9 2019-q4-major/bin/../lib/gcc/arm-none-eabi/9.2.1/../../../../arm-none-eabi/lib/thumb/v7e-m+fp/hard\libc_nano.a(lib_a-nano-mallocr.o)
                0x200054c8                __malloc_free_list
 .bss.__malloc_sbrk_start
                0x200054cc        0x4 e:/gnu tools arm embedded/9 2019-q4-major/bin/../lib/gcc/arm-none-eabi/9.2.1/../../../../arm-none-eabi/lib/thumb/v7e-m+fp/hard\libc_nano.a(lib_a-nano-mallocr.o)
                0x200054cc                __malloc_sbrk_start
 .bss.heap_end.5507
                0x200054d0        0x4 e:/gnu tools arm embedded/9 2019-q4-major/bin/../lib/gcc/arm-none-eabi/9.2.1/../../../../arm-none-eabi/lib/thumb/v7e-m+fp/hard\libnosys.a(sbrk.o)
 *(COMMON)
 COMMON         0x200054d4        0x4 build/usart_com.o
                0x200054d4                usart2_queue
 COMMON         0x200054d8       0xa8 build/SEGGER_RTT.o
                0x200054d8                _SEGGER_RTT
 COMMON         0x20005580        0x4 build/freertos.o
                0x20005580                defaultTaskHandle
 COMMON         0x20005584      0x114 build/i2c.o
                0x20005584                hdma_i2c1_tx
                0x200055e4                hi2c1
                0x20005638                hdma_i2c1_rx
 COMMON         0x20005698       0x48 build/tim.o
                0x20005698                htim4
 COMMON         0x200056e0      0x208 build/usart.o
                0x200056e0                hdma_usart2_rx
                0x20005740                hdma_usart1_tx
                0x200057a0                hdma_usart1_rx
                0x20005800                hdma_usart2_tx
                0x20005860                huart1
                0x200058a4                huart2
 COMMON         0x200058e8       0x48 build/stm32f4xx_hal_timebase_tim.o
                0x200058e8                htim7
 COMMON         0x20005930        0x4 build/stm32f4xx_hal.o
                0x20005930                uwTick
 COMMON         0x20005934        0x9 e:/gnu tools arm embedded/9 2019-q4-major/bin/../lib/gcc/arm-none-eabi/9.2.1/../../../../arm-none-eabi/lib/thumb/v7e-m+fp/hard\libc_nano.a(lib_a-lock.o)
                0x20005934                __lock___atexit_recursive_mutex
                0x20005935                __lock___arc4random_mutex
                0x20005936                __lock___env_recursive_mutex
                0x20005937                __lock___sinit_recursive_mutex
                0x20005938                __lock___malloc_recursive_mutex
                0x20005939                __lock___at_quick_exit_mutex
                0x2000593a                __lock___dd_hash_mutex
                0x2000593b                __lock___tz_mutex
                0x2000593c                __lock___sfp_recursive_mutex
 *fill*         0x2000593d        0x3 
 COMMON         0x20005940        0x4 e:/gnu tools arm embedded/9 2019-q4-major/bin/../lib/gcc/arm-none-eabi/9.2.1/../../../../arm-none-eabi/lib/thumb/v7e-m+fp/hard\libc_nano.a(lib_a-reent.o)
                0x20005940                errno
                0x20005944                . = ALIGN (0x4)
                0x20005944                _ebss = .
                0x20005944                __bss_end__ = _ebss

._user_heap_stack
                0x20005944      0x604
                0x20005948                . = ALIGN (0x8)
 *fill*         0x20005944        0x4 
                0x20005948                PROVIDE (end = .)
                [!provide]                PROVIDE (_end = .)
                0x20005b48                . = (. + _Min_Heap_Size)
 *fill*         0x20005948      0x200 
                0x20005f48                . = (. + _Min_Stack_Size)
 *fill*         0x20005b48      0x400 
                0x20005f48                . = ALIGN (0x8)

/DISCARD/
 libc.a(*)
 libm.a(*)
 libgcc.a(*)

.ARM.attributes
                0x00000000       0x30
 *(.ARM.attributes)
 .ARM.attributes
                0x00000000       0x1e e:/gnu tools arm embedded/9 2019-q4-major/bin/../lib/gcc/arm-none-eabi/9.2.1/thumb/v7e-m+fp/hard/crti.o
 .ARM.attributes
                0x0000001e       0x34 e:/gnu tools arm embedded/9 2019-q4-major/bin/../lib/gcc/arm-none-eabi/9.2.1/thumb/v7e-m+fp/hard/crtbegin.o
 .ARM.attributes
                0x00000052       0x34 build/usart_com.o
 .ARM.attributes
                0x00000086       0x34 build/i2c1.o
 .ARM.attributes
                0x000000ba       0x34 build/system_task.o
 .ARM.attributes
                0x000000ee       0x34 build/systemview_task.o
 .ARM.attributes
                0x00000122       0x34 build/SEGGER_SYSVIEW_Config_FreeRTOS.o
 .ARM.attributes
                0x00000156       0x34 build/SEGGER_RTT.o
 .ARM.attributes
                0x0000018a       0x34 build/SEGGER_SYSVIEW_FreeRTOS.o
 .ARM.attributes
                0x000001be       0x34 build/SEGGER_SYSVIEW.o
 .ARM.attributes
                0x000001f2       0x34 build/main.o
 .ARM.attributes
                0x00000226       0x34 build/gpio.o
 .ARM.attributes
                0x0000025a       0x34 build/dma.o
 .ARM.attributes
                0x0000028e       0x34 build/freertos.o
 .ARM.attributes
                0x000002c2       0x34 build/i2c.o
 .ARM.attributes
                0x000002f6       0x34 build/tim.o
 .ARM.attributes
                0x0000032a       0x34 build/usart.o
 .ARM.attributes
                0x0000035e       0x34 build/stm32f4xx_it.o
 .ARM.attributes
                0x00000392       0x34 build/stm32f4xx_hal_msp.o
 .ARM.attributes
                0x000003c6       0x34 build/stm32f4xx_hal_timebase_tim.o
 .ARM.attributes
                0x000003fa       0x34 build/stm32f4xx_hal_rcc.o
 .ARM.attributes
                0x0000042e       0x34 build/stm32f4xx_hal_gpio.o
 .ARM.attributes
                0x00000462       0x34 build/stm32f4xx_hal_dma.o
 .ARM.attributes
                0x00000496       0x34 build/stm32f4xx_hal_cortex.o
 .ARM.attributes
                0x000004ca       0x34 build/stm32f4xx_hal.o
 .ARM.attributes
                0x000004fe       0x34 build/stm32f4xx_hal_i2c.o
 .ARM.attributes
                0x00000532       0x34 build/stm32f4xx_hal_tim.o
 .ARM.attributes
                0x00000566       0x34 build/stm32f4xx_hal_tim_ex.o
 .ARM.attributes
                0x0000059a       0x34 build/stm32f4xx_hal_uart.o
 .ARM.attributes
                0x000005ce       0x34 build/system_stm32f4xx.o
 .ARM.attributes
                0x00000602       0x34 build/list.o
 .ARM.attributes
                0x00000636       0x34 build/queue.o
 .ARM.attributes
                0x0000066a       0x34 build/tasks.o
 .ARM.attributes
                0x0000069e       0x34 build/cmsis_os.o
 .ARM.attributes
                0x000006d2       0x34 build/heap_4.o
 .ARM.attributes
                0x00000706       0x34 build/port.o
 .ARM.attributes
                0x0000073a       0x20 build/SEGGER_RTT_ASM_ARMv7M.o
 .ARM.attributes
                0x0000075a       0x21 build/startup_stm32f407xx.o
 .ARM.attributes
                0x0000077b       0x32 e:/gnu tools arm embedded/9 2019-q4-major/bin/../lib/gcc/arm-none-eabi/9.2.1/../../../../arm-none-eabi/lib/thumb/v7e-m+fp/hard\libc_nano.a(lib_a-impure.o)
 .ARM.attributes
                0x000007ad       0x34 e:/gnu tools arm embedded/9 2019-q4-major/bin/../lib/gcc/arm-none-eabi/9.2.1/../../../../arm-none-eabi/lib/thumb/v7e-m+fp/hard\libc_nano.a(lib_a-init.o)
 .ARM.attributes
                0x000007e1       0x34 e:/gnu tools arm embedded/9 2019-q4-major/bin/../lib/gcc/arm-none-eabi/9.2.1/../../../../arm-none-eabi/lib/thumb/v7e-m+fp/hard\libc_nano.a(lib_a-memcmp.o)
 .ARM.attributes
                0x00000815       0x34 e:/gnu tools arm embedded/9 2019-q4-major/bin/../lib/gcc/arm-none-eabi/9.2.1/../../../../arm-none-eabi/lib/thumb/v7e-m+fp/hard\libc_nano.a(lib_a-memcpy-stub.o)
 .ARM.attributes
                0x00000849       0x34 e:/gnu tools arm embedded/9 2019-q4-major/bin/../lib/gcc/arm-none-eabi/9.2.1/../../../../arm-none-eabi/lib/thumb/v7e-m+fp/hard\libc_nano.a(lib_a-memset.o)
 .ARM.attributes
                0x0000087d       0x34 e:/gnu tools arm embedded/9 2019-q4-major/bin/../lib/gcc/arm-none-eabi/9.2.1/../../../../arm-none-eabi/lib/thumb/v7e-m+fp/hard\libc_nano.a(lib_a-nano-vfprintf_float.o)
 .ARM.attributes
                0x000008b1       0x34 e:/gnu tools arm embedded/9 2019-q4-major/bin/../lib/gcc/arm-none-eabi/9.2.1/../../../../arm-none-eabi/lib/thumb/v7e-m+fp/hard\libc_nano.a(lib_a-nano-vfprintf_i.o)
 .ARM.attributes
                0x000008e5       0x17 e:/gnu tools arm embedded/9 2019-q4-major/bin/../lib/gcc/arm-none-eabi/9.2.1/../../../../arm-none-eabi/lib/thumb/v7e-m+fp/hard\libc_nano.a(lib_a-strlen.o)
 .ARM.attributes
                0x000008fc       0x34 e:/gnu tools arm embedded/9 2019-q4-major/bin/../lib/gcc/arm-none-eabi/9.2.1/../../../../arm-none-eabi/lib/thumb/v7e-m+fp/hard\libc_nano.a(lib_a-dtoa.o)
 .ARM.attributes
                0x00000930       0x34 e:/gnu tools arm embedded/9 2019-q4-major/bin/../lib/gcc/arm-none-eabi/9.2.1/../../../../arm-none-eabi/lib/thumb/v7e-m+fp/hard\libc_nano.a(lib_a-findfp.o)
 .ARM.attributes
                0x00000964       0x34 e:/gnu tools arm embedded/9 2019-q4-major/bin/../lib/gcc/arm-none-eabi/9.2.1/../../../../arm-none-eabi/lib/thumb/v7e-m+fp/hard\libc_nano.a(lib_a-localeconv.o)
 .ARM.attributes
                0x00000998       0x34 e:/gnu tools arm embedded/9 2019-q4-major/bin/../lib/gcc/arm-none-eabi/9.2.1/../../../../arm-none-eabi/lib/thumb/v7e-m+fp/hard\libc_nano.a(lib_a-lock.o)
 .ARM.attributes
                0x000009cc       0x34 e:/gnu tools arm embedded/9 2019-q4-major/bin/../lib/gcc/arm-none-eabi/9.2.1/../../../../arm-none-eabi/lib/thumb/v7e-m+fp/hard\libc_nano.a(lib_a-malloc.o)
 .ARM.attributes
                0x00000a00       0x34 e:/gnu tools arm embedded/9 2019-q4-major/bin/../lib/gcc/arm-none-eabi/9.2.1/../../../../arm-none-eabi/lib/thumb/v7e-m+fp/hard\libc_nano.a(lib_a-mprec.o)
 .ARM.attributes
                0x00000a34       0x34 e:/gnu tools arm embedded/9 2019-q4-major/bin/../lib/gcc/arm-none-eabi/9.2.1/../../../../arm-none-eabi/lib/thumb/v7e-m+fp/hard\libc_nano.a(lib_a-nano-callocr.o)
 .ARM.attributes
                0x00000a68       0x34 e:/gnu tools arm embedded/9 2019-q4-major/bin/../lib/gcc/arm-none-eabi/9.2.1/../../../../arm-none-eabi/lib/thumb/v7e-m+fp/hard\libc_nano.a(lib_a-nano-mallocr.o)
 .ARM.attributes
                0x00000a9c       0x34 e:/gnu tools arm embedded/9 2019-q4-major/bin/../lib/gcc/arm-none-eabi/9.2.1/../../../../arm-none-eabi/lib/thumb/v7e-m+fp/hard\libc_nano.a(lib_a-sbrkr.o)
 .ARM.attributes
                0x00000ad0       0x34 e:/gnu tools arm embedded/9 2019-q4-major/bin/../lib/gcc/arm-none-eabi/9.2.1/../../../../arm-none-eabi/lib/thumb/v7e-m+fp/hard\libc_nano.a(lib_a-locale.o)
 .ARM.attributes
                0x00000b04       0x34 e:/gnu tools arm embedded/9 2019-q4-major/bin/../lib/gcc/arm-none-eabi/9.2.1/../../../../arm-none-eabi/lib/thumb/v7e-m+fp/hard\libc_nano.a(lib_a-mbtowc_r.o)
 .ARM.attributes
                0x00000b38       0x34 e:/gnu tools arm embedded/9 2019-q4-major/bin/../lib/gcc/arm-none-eabi/9.2.1/../../../../arm-none-eabi/lib/thumb/v7e-m+fp/hard\libc_nano.a(lib_a-mlock.o)
 .ARM.attributes
                0x00000b6c       0x34 e:/gnu tools arm embedded/9 2019-q4-major/bin/../lib/gcc/arm-none-eabi/9.2.1/../../../../arm-none-eabi/lib/thumb/v7e-m+fp/hard\libc_nano.a(lib_a-reent.o)
 .ARM.attributes
                0x00000ba0       0x34 e:/gnu tools arm embedded/9 2019-q4-major/bin/../lib/gcc/arm-none-eabi/9.2.1/../../../../arm-none-eabi/lib/thumb/v7e-m+fp/hard\libc_nano.a(lib_a-wctomb_r.o)
 .ARM.attributes
                0x00000bd4       0x32 e:/gnu tools arm embedded/9 2019-q4-major/bin/../lib/gcc/arm-none-eabi/9.2.1/../../../../arm-none-eabi/lib/thumb/v7e-m+fp/hard\libc_nano.a(lib_a-ctype_.o)
 .ARM.attributes
                0x00000c06       0x34 e:/gnu tools arm embedded/9 2019-q4-major/bin/../lib/gcc/arm-none-eabi/9.2.1/../../../../arm-none-eabi/lib/thumb/v7e-m+fp/hard\libnosys.a(sbrk.o)
 .ARM.attributes
                0x00000c3a       0x1e e:/gnu tools arm embedded/9 2019-q4-major/bin/../lib/gcc/arm-none-eabi/9.2.1/thumb/v7e-m+fp/hard\libgcc.a(_arm_addsubdf3.o)
 .ARM.attributes
                0x00000c58       0x1e e:/gnu tools arm embedded/9 2019-q4-major/bin/../lib/gcc/arm-none-eabi/9.2.1/thumb/v7e-m+fp/hard\libgcc.a(_arm_muldivdf3.o)
 .ARM.attributes
                0x00000c76       0x1e e:/gnu tools arm embedded/9 2019-q4-major/bin/../lib/gcc/arm-none-eabi/9.2.1/thumb/v7e-m+fp/hard\libgcc.a(_arm_cmpdf2.o)
 .ARM.attributes
                0x00000c94       0x1e e:/gnu tools arm embedded/9 2019-q4-major/bin/../lib/gcc/arm-none-eabi/9.2.1/thumb/v7e-m+fp/hard\libgcc.a(_arm_unorddf2.o)
 .ARM.attributes
                0x00000cb2       0x1e e:/gnu tools arm embedded/9 2019-q4-major/bin/../lib/gcc/arm-none-eabi/9.2.1/thumb/v7e-m+fp/hard\libgcc.a(_arm_fixdfsi.o)
 .ARM.attributes
                0x00000cd0       0x1e e:/gnu tools arm embedded/9 2019-q4-major/bin/../lib/gcc/arm-none-eabi/9.2.1/thumb/v7e-m+fp/hard\libgcc.a(_aeabi_uldivmod.o)
 .ARM.attributes
                0x00000cee       0x34 e:/gnu tools arm embedded/9 2019-q4-major/bin/../lib/gcc/arm-none-eabi/9.2.1/thumb/v7e-m+fp/hard\libgcc.a(_udivmoddi4.o)
 .ARM.attributes
                0x00000d22       0x1e e:/gnu tools arm embedded/9 2019-q4-major/bin/../lib/gcc/arm-none-eabi/9.2.1/thumb/v7e-m+fp/hard\libgcc.a(_dvmd_tls.o)
 .ARM.attributes
                0x00000d40       0x1e e:/gnu tools arm embedded/9 2019-q4-major/bin/../lib/gcc/arm-none-eabi/9.2.1/thumb/v7e-m+fp/hard/crtn.o
OUTPUT(build/mainboard.elf elf32-littlearm)

.debug_info     0x00000000    0x39edb
 .debug_info    0x00000000     0x1702 build/usart_com.o
 .debug_info    0x00001702     0x1a9a build/i2c1.o
 .debug_info    0x0000319c     0x1990 build/system_task.o
 .debug_info    0x00004b2c     0x1806 build/systemview_task.o
 .debug_info    0x00006332      0x1ce build/SEGGER_SYSVIEW_Config_FreeRTOS.o
 .debug_info    0x00006500     0x282a build/SEGGER_RTT.o
 .debug_info    0x00008d2a      0xf10 build/SEGGER_SYSVIEW_FreeRTOS.o
 .debug_info    0x00009c3a     0x59c9 build/SEGGER_SYSVIEW.o
 .debug_info    0x0000f603     0x2022 build/main.o
 .debug_info    0x00011625     0x14b4 build/gpio.o
 .debug_info    0x00012ad9     0x162e build/dma.o
 .debug_info    0x00014107     0x144b build/freertos.o
 .debug_info    0x00015552     0x1b9c build/i2c.o
 .debug_info    0x000170ee     0x1b45 build/tim.o
 .debug_info    0x00018c33     0x19d4 build/usart.o
 .debug_info    0x0001a607     0x1926 build/stm32f4xx_it.o
 .debug_info    0x0001bf2d     0x1511 build/stm32f4xx_hal_msp.o
 .debug_info    0x0001d43e      0xe4b build/stm32f4xx_hal_timebase_tim.o
 .debug_info    0x0001e289      0xc44 build/stm32f4xx_hal_rcc.o
 .debug_info    0x0001eecd      0x92a build/stm32f4xx_hal_gpio.o
 .debug_info    0x0001f7f7      0xc8b build/stm32f4xx_hal_dma.o
 .debug_info    0x00020482     0x123e build/stm32f4xx_hal_cortex.o
 .debug_info    0x000216c0      0xb5e build/stm32f4xx_hal.o
 .debug_info    0x0002221e     0x3bda build/stm32f4xx_hal_i2c.o
 .debug_info    0x00025df8     0x3f02 build/stm32f4xx_hal_tim.o
 .debug_info    0x00029cfa     0x1cbb build/stm32f4xx_hal_tim_ex.o
 .debug_info    0x0002b9b5     0x1f4e build/stm32f4xx_hal_uart.o
 .debug_info    0x0002d903      0x63c build/system_stm32f4xx.o
 .debug_info    0x0002df3f      0xcc0 build/list.o
 .debug_info    0x0002ebff     0x32be build/queue.o
 .debug_info    0x00031ebd     0x3b3c build/tasks.o
 .debug_info    0x000359f9     0x2ea3 build/cmsis_os.o
 .debug_info    0x0003889c      0xfcb build/heap_4.o
 .debug_info    0x00039867      0x62c build/port.o
 .debug_info    0x00039e93       0x26 build/SEGGER_RTT_ASM_ARMv7M.o
 .debug_info    0x00039eb9       0x22 build/startup_stm32f407xx.o

.debug_abbrev   0x00000000     0x5f0f
 .debug_abbrev  0x00000000      0x2ba build/usart_com.o
 .debug_abbrev  0x000002ba      0x2ba build/i2c1.o
 .debug_abbrev  0x00000574      0x2b1 build/system_task.o
 .debug_abbrev  0x00000825      0x2f5 build/systemview_task.o
 .debug_abbrev  0x00000b1a       0xfc build/SEGGER_SYSVIEW_Config_FreeRTOS.o
 .debug_abbrev  0x00000c16      0x390 build/SEGGER_RTT.o
 .debug_abbrev  0x00000fa6      0x2b8 build/SEGGER_SYSVIEW_FreeRTOS.o
 .debug_abbrev  0x0000125e      0x442 build/SEGGER_SYSVIEW.o
 .debug_abbrev  0x000016a0      0x2da build/main.o
 .debug_abbrev  0x0000197a      0x239 build/gpio.o
 .debug_abbrev  0x00001bb3      0x242 build/dma.o
 .debug_abbrev  0x00001df5      0x283 build/freertos.o
 .debug_abbrev  0x00002078      0x297 build/i2c.o
 .debug_abbrev  0x0000230f      0x2c4 build/tim.o
 .debug_abbrev  0x000025d3      0x297 build/usart.o
 .debug_abbrev  0x0000286a      0x24d build/stm32f4xx_it.o
 .debug_abbrev  0x00002ab7      0x235 build/stm32f4xx_hal_msp.o
 .debug_abbrev  0x00002cec      0x21c build/stm32f4xx_hal_timebase_tim.o
 .debug_abbrev  0x00002f08      0x2cd build/stm32f4xx_hal_rcc.o
 .debug_abbrev  0x000031d5      0x258 build/stm32f4xx_hal_gpio.o
 .debug_abbrev  0x0000342d      0x312 build/stm32f4xx_hal_dma.o
 .debug_abbrev  0x0000373f      0x3a8 build/stm32f4xx_hal_cortex.o
 .debug_abbrev  0x00003ae7      0x21c build/stm32f4xx_hal.o
 .debug_abbrev  0x00003d03      0x31f build/stm32f4xx_hal_i2c.o
 .debug_abbrev  0x00004022      0x2af build/stm32f4xx_hal_tim.o
 .debug_abbrev  0x000042d1      0x2ab build/stm32f4xx_hal_tim_ex.o
 .debug_abbrev  0x0000457c      0x318 build/stm32f4xx_hal_uart.o
 .debug_abbrev  0x00004894      0x14a build/system_stm32f4xx.o
 .debug_abbrev  0x000049de      0x245 build/list.o
 .debug_abbrev  0x00004c23      0x43c build/queue.o
 .debug_abbrev  0x0000505f      0x448 build/tasks.o
 .debug_abbrev  0x000054a7      0x437 build/cmsis_os.o
 .debug_abbrev  0x000058de      0x381 build/heap_4.o
 .debug_abbrev  0x00005c5f      0x28a build/port.o
 .debug_abbrev  0x00005ee9       0x14 build/SEGGER_RTT_ASM_ARMv7M.o
 .debug_abbrev  0x00005efd       0x12 build/startup_stm32f407xx.o

.debug_loc      0x00000000    0x219f4
 .debug_loc     0x00000000      0x283 build/usart_com.o
 .debug_loc     0x00000283      0x4f2 build/i2c1.o
 .debug_loc     0x00000775       0xef build/system_task.o
 .debug_loc     0x00000864      0x18c build/systemview_task.o
 .debug_loc     0x000009f0       0x40 build/SEGGER_SYSVIEW_Config_FreeRTOS.o
 .debug_loc     0x00000a30     0x2a90 build/SEGGER_RTT.o
 .debug_loc     0x000034c0      0x46b build/SEGGER_SYSVIEW_FreeRTOS.o
 .debug_loc     0x0000392b     0x6a1e build/SEGGER_SYSVIEW.o
 .debug_loc     0x0000a349       0xbb build/main.o
 .debug_loc     0x0000a404       0x38 build/gpio.o
 .debug_loc     0x0000a43c       0x38 build/dma.o
 .debug_loc     0x0000a474       0x7d build/freertos.o
 .debug_loc     0x0000a4f1      0x102 build/i2c.o
 .debug_loc     0x0000a5f3       0xf8 build/tim.o
 .debug_loc     0x0000a6eb      0x150 build/usart.o
 .debug_loc     0x0000a83b      0x100 build/stm32f4xx_it.o
 .debug_loc     0x0000a93b       0x38 build/stm32f4xx_hal_msp.o
 .debug_loc     0x0000a973       0xbc build/stm32f4xx_hal_timebase_tim.o
 .debug_loc     0x0000aa2f      0x6c7 build/stm32f4xx_hal_rcc.o
 .debug_loc     0x0000b0f6      0x5db build/stm32f4xx_hal_gpio.o
 .debug_loc     0x0000b6d1      0xd6d build/stm32f4xx_hal_dma.o
 .debug_loc     0x0000c43e      0x7d4 build/stm32f4xx_hal_cortex.o
 .debug_loc     0x0000cc12      0x1e1 build/stm32f4xx_hal.o
 .debug_loc     0x0000cdf3     0x4cb7 build/stm32f4xx_hal_i2c.o
 .debug_loc     0x00011aaa     0x52a7 build/stm32f4xx_hal_tim.o
 .debug_loc     0x00016d51     0x1f68 build/stm32f4xx_hal_tim_ex.o
 .debug_loc     0x00018cb9     0x265b build/stm32f4xx_hal_uart.o
 .debug_loc     0x0001b314      0x16c build/system_stm32f4xx.o
 .debug_loc     0x0001b480       0xe5 build/list.o
 .debug_loc     0x0001b565     0x1d34 build/queue.o
 .debug_loc     0x0001d299     0x261d build/tasks.o
 .debug_loc     0x0001f8b6     0x1aa6 build/cmsis_os.o
 .debug_loc     0x0002135c      0x4d8 build/heap_4.o
 .debug_loc     0x00021834      0x1c0 build/port.o

.debug_aranges  0x00000000     0x1a78
 .debug_aranges
                0x00000000       0x58 build/usart_com.o
 .debug_aranges
                0x00000058       0x60 build/i2c1.o
 .debug_aranges
                0x000000b8       0x38 build/system_task.o
 .debug_aranges
                0x000000f0       0x28 build/systemview_task.o
 .debug_aranges
                0x00000118       0x28 build/SEGGER_SYSVIEW_Config_FreeRTOS.o
 .debug_aranges
                0x00000140      0x138 build/SEGGER_RTT.o
 .debug_aranges
                0x00000278       0x48 build/SEGGER_SYSVIEW_FreeRTOS.o
 .debug_aranges
                0x000002c0      0x280 build/SEGGER_SYSVIEW.o
 .debug_aranges
                0x00000540       0x38 build/main.o
 .debug_aranges
                0x00000578       0x20 build/gpio.o
 .debug_aranges
                0x00000598       0x20 build/dma.o
 .debug_aranges
                0x000005b8       0x30 build/freertos.o
 .debug_aranges
                0x000005e8       0x30 build/i2c.o
 .debug_aranges
                0x00000618       0x38 build/tim.o
 .debug_aranges
                0x00000650       0x38 build/usart.o
 .debug_aranges
                0x00000688       0x88 build/stm32f4xx_it.o
 .debug_aranges
                0x00000710       0x20 build/stm32f4xx_hal_msp.o
 .debug_aranges
                0x00000730       0x30 build/stm32f4xx_hal_timebase_tim.o
 .debug_aranges
                0x00000760       0x88 build/stm32f4xx_hal_rcc.o
 .debug_aranges
                0x000007e8       0x58 build/stm32f4xx_hal_gpio.o
 .debug_aranges
                0x00000840       0x90 build/stm32f4xx_hal_dma.o
 .debug_aranges
                0x000008d0       0xa8 build/stm32f4xx_hal_cortex.o
 .debug_aranges
                0x00000978       0xf0 build/stm32f4xx_hal.o
 .debug_aranges
                0x00000a68      0x2a0 build/stm32f4xx_hal_i2c.o
 .debug_aranges
                0x00000d08      0x3d0 build/stm32f4xx_hal_tim.o
 .debug_aranges
                0x000010d8      0x168 build/stm32f4xx_hal_tim_ex.o
 .debug_aranges
                0x00001240      0x200 build/stm32f4xx_hal_uart.o
 .debug_aranges
                0x00001440       0x28 build/system_stm32f4xx.o
 .debug_aranges
                0x00001468       0x40 build/list.o
 .debug_aranges
                0x000014a8      0x108 build/queue.o
 .debug_aranges
                0x000015b0      0x1d0 build/tasks.o
 .debug_aranges
                0x00001780      0x1d8 build/cmsis_os.o
 .debug_aranges
                0x00001958       0x58 build/heap_4.o
 .debug_aranges
                0x000019b0       0x80 build/port.o
 .debug_aranges
                0x00001a30       0x20 build/SEGGER_RTT_ASM_ARMv7M.o
 .debug_aranges
                0x00001a50       0x28 build/startup_stm32f407xx.o

.debug_ranges   0x00000000     0x1d98
 .debug_ranges  0x00000000       0x60 build/usart_com.o
 .debug_ranges  0x00000060       0x50 build/i2c1.o
 .debug_ranges  0x000000b0       0x28 build/system_task.o
 .debug_ranges  0x000000d8       0x30 build/systemview_task.o
 .debug_ranges  0x00000108       0x18 build/SEGGER_SYSVIEW_Config_FreeRTOS.o
 .debug_ranges  0x00000120      0x360 build/SEGGER_RTT.o
 .debug_ranges  0x00000480       0x38 build/SEGGER_SYSVIEW_FreeRTOS.o
 .debug_ranges  0x000004b8      0x2d0 build/SEGGER_SYSVIEW.o
 .debug_ranges  0x00000788       0x28 build/main.o
 .debug_ranges  0x000007b0       0x10 build/gpio.o
 .debug_ranges  0x000007c0       0x10 build/dma.o
 .debug_ranges  0x000007d0       0x20 build/freertos.o
 .debug_ranges  0x000007f0       0x20 build/i2c.o
 .debug_ranges  0x00000810       0x28 build/tim.o
 .debug_ranges  0x00000838       0x28 build/usart.o
 .debug_ranges  0x00000860       0x78 build/stm32f4xx_it.o
 .debug_ranges  0x000008d8       0x10 build/stm32f4xx_hal_msp.o
 .debug_ranges  0x000008e8       0x20 build/stm32f4xx_hal_timebase_tim.o
 .debug_ranges  0x00000908       0x90 build/stm32f4xx_hal_rcc.o
 .debug_ranges  0x00000998       0x48 build/stm32f4xx_hal_gpio.o
 .debug_ranges  0x000009e0       0x80 build/stm32f4xx_hal_dma.o
 .debug_ranges  0x00000a60       0xf8 build/stm32f4xx_hal_cortex.o
 .debug_ranges  0x00000b58       0xe0 build/stm32f4xx_hal.o
 .debug_ranges  0x00000c38      0x2a8 build/stm32f4xx_hal_i2c.o
 .debug_ranges  0x00000ee0      0x3c0 build/stm32f4xx_hal_tim.o
 .debug_ranges  0x000012a0      0x158 build/stm32f4xx_hal_tim_ex.o
 .debug_ranges  0x000013f8      0x1f0 build/stm32f4xx_hal_uart.o
 .debug_ranges  0x000015e8       0x18 build/system_stm32f4xx.o
 .debug_ranges  0x00001600       0x30 build/list.o
 .debug_ranges  0x00001630      0x210 build/queue.o
 .debug_ranges  0x00001840      0x2a0 build/tasks.o
 .debug_ranges  0x00001ae0      0x1c8 build/cmsis_os.o
 .debug_ranges  0x00001ca8       0x48 build/heap_4.o
 .debug_ranges  0x00001cf0       0x88 build/port.o
 .debug_ranges  0x00001d78       0x20 build/startup_stm32f407xx.o

.debug_line     0x00000000    0x20b14
 .debug_line    0x00000000      0x5ca build/usart_com.o
 .debug_line    0x000005ca      0x6a7 build/i2c1.o
 .debug_line    0x00000c71      0x477 build/system_task.o
 .debug_line    0x000010e8      0x46c build/systemview_task.o
 .debug_line    0x00001554      0x1a2 build/SEGGER_SYSVIEW_Config_FreeRTOS.o
 .debug_line    0x000016f6     0x14d1 build/SEGGER_RTT.o
 .debug_line    0x00002bc7      0x511 build/SEGGER_SYSVIEW_FreeRTOS.o
 .debug_line    0x000030d8     0x3ea5 build/SEGGER_SYSVIEW.o
 .debug_line    0x00006f7d      0x4ce build/main.o
 .debug_line    0x0000744b      0x2d4 build/gpio.o
 .debug_line    0x0000771f      0x2a5 build/dma.o
 .debug_line    0x000079c4      0x405 build/freertos.o
 .debug_line    0x00007dc9      0x49f build/i2c.o
 .debug_line    0x00008268      0x473 build/tim.o
 .debug_line    0x000086db      0x60e build/usart.o
 .debug_line    0x00008ce9      0x415 build/stm32f4xx_it.o