Archive member included to satisfy reference by file (symbol)

e:/gnu tools arm embedded/9 2019-q4-major/bin/../lib/gcc/arm-none-eabi/9.2.1/../../../../arm-none-eabi/lib/thumb/v7e-m+fp/hard\libc_nano.a(lib_a-exit.o)
                              e:/gnu tools arm embedded/9 2019-q4-major/bin/../lib/gcc/arm-none-eabi/9.2.1/../../../../arm-none-eabi/lib/thumb/v7e-m+fp/hard/crt0.o (exit)
e:/gnu tools arm embedded/9 2019-q4-major/bin/../lib/gcc/arm-none-eabi/9.2.1/../../../../arm-none-eabi/lib/thumb/v7e-m+fp/hard\libc_nano.a(lib_a-impure.o)
                              e:/gnu tools arm embedded/9 2019-q4-major/bin/../lib/gcc/arm-none-eabi/9.2.1/../../../../arm-none-eabi/lib/thumb/v7e-m+fp/hard\libc_nano.a(lib_a-exit.o) (_global_impure_ptr)
e:/gnu tools arm embedded/9 2019-q4-major/bin/../lib/gcc/arm-none-eabi/9.2.1/../../../../arm-none-eabi/lib/thumb/v7e-m+fp/hard\libc_nano.a(lib_a-init.o)
                              e:/gnu tools arm embedded/9 2019-q4-major/bin/../lib/gcc/arm-none-eabi/9.2.1/../../../../arm-none-eabi/lib/thumb/v7e-m+fp/hard/crt0.o (__libc_init_array)
e:/gnu tools arm embedded/9 2019-q4-major/bin/../lib/gcc/arm-none-eabi/9.2.1/../../../../arm-none-eabi/lib/thumb/v7e-m+fp/hard\libc_nano.a(lib_a-memcmp.o)
                              build/mavlink_task.o (memcmp)
e:/gnu tools arm embedded/9 2019-q4-major/bin/../lib/gcc/arm-none-eabi/9.2.1/../../../../arm-none-eabi/lib/thumb/v7e-m+fp/hard\libc_nano.a(lib_a-memcpy-stub.o)
                              build/mavlink_task.o (memcpy)
e:/gnu tools arm embedded/9 2019-q4-major/bin/../lib/gcc/arm-none-eabi/9.2.1/../../../../arm-none-eabi/lib/thumb/v7e-m+fp/hard\libc_nano.a(lib_a-memset.o)
                              e:/gnu tools arm embedded/9 2019-q4-major/bin/../lib/gcc/arm-none-eabi/9.2.1/../../../../arm-none-eabi/lib/thumb/v7e-m+fp/hard/crt0.o (memset)
e:/gnu tools arm embedded/9 2019-q4-major/bin/../lib/gcc/arm-none-eabi/9.2.1/../../../../arm-none-eabi/lib/thumb/v7e-m+fp/hard\libc_nano.a(lib_a-printf.o)
                              build/mavlink_task.o (printf)
e:/gnu tools arm embedded/9 2019-q4-major/bin/../lib/gcc/arm-none-eabi/9.2.1/../../../../arm-none-eabi/lib/thumb/v7e-m+fp/hard\libc_nano.a(lib_a-puts.o)
                              build/mavlink_task.o (puts)
e:/gnu tools arm embedded/9 2019-q4-major/bin/../lib/gcc/arm-none-eabi/9.2.1/../../../../arm-none-eabi/lib/thumb/v7e-m+fp/hard\libc_nano.a(lib_a-wbuf.o)
                              e:/gnu tools arm embedded/9 2019-q4-major/bin/../lib/gcc/arm-none-eabi/9.2.1/../../../../arm-none-eabi/lib/thumb/v7e-m+fp/hard\libc_nano.a(lib_a-puts.o) (__swbuf_r)
e:/gnu tools arm embedded/9 2019-q4-major/bin/../lib/gcc/arm-none-eabi/9.2.1/../../../../arm-none-eabi/lib/thumb/v7e-m+fp/hard\libc_nano.a(lib_a-wsetup.o)
                              e:/gnu tools arm embedded/9 2019-q4-major/bin/../lib/gcc/arm-none-eabi/9.2.1/../../../../arm-none-eabi/lib/thumb/v7e-m+fp/hard\libc_nano.a(lib_a-puts.o) (__swsetup_r)
e:/gnu tools arm embedded/9 2019-q4-major/bin/../lib/gcc/arm-none-eabi/9.2.1/../../../../arm-none-eabi/lib/thumb/v7e-m+fp/hard\libc_nano.a(lib_a-fflush.o)
                              e:/gnu tools arm embedded/9 2019-q4-major/bin/../lib/gcc/arm-none-eabi/9.2.1/../../../../arm-none-eabi/lib/thumb/v7e-m+fp/hard\libc_nano.a(lib_a-wbuf.o) (_fflush_r)
e:/gnu tools arm embedded/9 2019-q4-major/bin/../lib/gcc/arm-none-eabi/9.2.1/../../../../arm-none-eabi/lib/thumb/v7e-m+fp/hard\libc_nano.a(lib_a-findfp.o)
                              e:/gnu tools arm embedded/9 2019-q4-major/bin/../lib/gcc/arm-none-eabi/9.2.1/../../../../arm-none-eabi/lib/thumb/v7e-m+fp/hard\libc_nano.a(lib_a-printf.o) (__sinit)
e:/gnu tools arm embedded/9 2019-q4-major/bin/../lib/gcc/arm-none-eabi/9.2.1/../../../../arm-none-eabi/lib/thumb/v7e-m+fp/hard\libc_nano.a(lib_a-fwalk.o)
                              e:/gnu tools arm embedded/9 2019-q4-major/bin/../lib/gcc/arm-none-eabi/9.2.1/../../../../arm-none-eabi/lib/thumb/v7e-m+fp/hard\libc_nano.a(lib_a-findfp.o) (_fwalk)
e:/gnu tools arm embedded/9 2019-q4-major/bin/../lib/gcc/arm-none-eabi/9.2.1/../../../../arm-none-eabi/lib/thumb/v7e-m+fp/hard\libc_nano.a(lib_a-lock.o)
                              e:/gnu tools arm embedded/9 2019-q4-major/bin/../lib/gcc/arm-none-eabi/9.2.1/../../../../arm-none-eabi/lib/thumb/v7e-m+fp/hard\libc_nano.a(lib_a-findfp.o) (__retarget_lock_init_recursive)
e:/gnu tools arm embedded/9 2019-q4-major/bin/../lib/gcc/arm-none-eabi/9.2.1/../../../../arm-none-eabi/lib/thumb/v7e-m+fp/hard\libc_nano.a(lib_a-makebuf.o)
                              e:/gnu tools arm embedded/9 2019-q4-major/bin/../lib/gcc/arm-none-eabi/9.2.1/../../../../arm-none-eabi/lib/thumb/v7e-m+fp/hard\libc_nano.a(lib_a-wsetup.o) (__smakebuf_r)
e:/gnu tools arm embedded/9 2019-q4-major/bin/../lib/gcc/arm-none-eabi/9.2.1/../../../../arm-none-eabi/lib/thumb/v7e-m+fp/hard\libc_nano.a(lib_a-nano-freer.o)
[...]
Memory Configuration

Name             Origin             Length             Attributes
RAM              0x20000000         0x00020000         xrw
CCMRAM           0x10000000         0x00010000         xrw
FLASH            0x08000000         0x00080000         xr
*default*        0x00000000         0xffffffff

Linker script and memory map

LOAD e:/gnu tools arm embedded/9 2019-q4-major/bin/../lib/gcc/arm-none-eabi/9.2.1/thumb/v7e-m+fp/hard/crti.o
LOAD e:/gnu tools arm embedded/9 2019-q4-major/bin/../lib/gcc/arm-none-eabi/9.2.1/thumb/v7e-m+fp/hard/crtbegin.o
LOAD e:/gnu tools arm embedded/9 2019-q4-major/bin/../lib/gcc/arm-none-eabi/9.2.1/../../../../arm-none-eabi/lib/thumb/v7e-m+fp/hard/crt0.o
LOAD build/usart2.o
LOAD build/motor.o
LOAD build/mavlink_task.o
LOAD build/utils.o
LOAD build/main.o
LOAD build/gpio.o
LOAD build/dma.o
LOAD build/freertos.o
LOAD build/tim.o
LOAD build/usart.o
LOAD build/stm32f4xx_it.o
LOAD build/stm32f4xx_hal_msp.o
LOAD build/stm32f4xx_hal_timebase_tim.o
LOAD build/stm32f4xx_hal_rcc.o
LOAD build/stm32f4xx_hal_rcc_ex.o
LOAD build/stm32f4xx_hal_flash.o
LOAD build/stm32f4xx_hal_flash_ex.o
LOAD build/stm32f4xx_hal_flash_ramfunc.o
LOAD build/stm32f4xx_hal_gpio.o
LOAD build/stm32f4xx_hal_dma_ex.o
LOAD build/stm32f4xx_hal_dma.o
LOAD build/stm32f4xx_hal_pwr.o
LOAD build/stm32f4xx_hal_pwr_ex.o
LOAD build/stm32f4xx_hal_cortex.o
LOAD build/stm32f4xx_hal.o
LOAD build/stm32f4xx_hal_exti.o
LOAD build/stm32f4xx_hal_tim.o
LOAD build/stm32f4xx_hal_tim_ex.o
LOAD build/stm32f4xx_hal_uart.o
LOAD build/system_stm32f4xx.o
LOAD build/croutine.o
LOAD build/event_groups.o
LOAD build/list.o
LOAD build/queue.o
LOAD build/stream_buffer.o
LOAD build/tasks.o
LOAD build/timers.o
LOAD build/cmsis_os.o
LOAD build/heap_4.o
LOAD build/port.o
LOAD build/startup_stm32f407xx.o
LOAD e:/gnu tools arm embedded/9 2019-q4-major/bin/../lib/gcc/arm-none-eabi/9.2.1/../../../../arm-none-eabi/lib/thumb/v7e-m+fp/hard\libc_nano.a
LOAD e:/gnu tools arm embedded/9 2019-q4-major/bin/../lib/gcc/arm-none-eabi/9.2.1/../../../../arm-none-eabi/lib/thumb/v7e-m+fp/hard\libm.a
LOAD e:/gnu tools arm embedded/9 2019-q4-major/bin/../lib/gcc/arm-none-eabi/9.2.1/../../../../arm-none-eabi/lib/thumb/v7e-m+fp/hard\libnosys.a
START GROUP
LOAD e:/gnu tools arm embedded/9 2019-q4-major/bin/../lib/gcc/arm-none-eabi/9.2.1/thumb/v7e-m+fp/hard\libgcc.a
LOAD e:/gnu tools arm embedded/9 2019-q4-major/bin/../lib/gcc/arm-none-eabi/9.2.1/../../../../arm-none-eabi/lib/thumb/v7e-m+fp/hard\libc_nano.a
END GROUP
START GROUP
LOAD e:/gnu tools arm embedded/9 2019-q4-major/bin/../lib/gcc/arm-none-eabi/9.2.1/thumb/v7e-m+fp/hard\libgcc.a
LOAD e:/gnu tools arm embedded/9 2019-q4-major/bin/../lib/gcc/arm-none-eabi/9.2.1/../../../../arm-none-eabi/lib/thumb/v7e-m+fp/hard\libc_nano.a
END GROUP
LOAD e:/gnu tools arm embedded/9 2019-q4-major/bin/../lib/gcc/arm-none-eabi/9.2.1/thumb/v7e-m+fp/hard/crtend.o
LOAD e:/gnu tools arm embedded/9 2019-q4-major/bin/../lib/gcc/arm-none-eabi/9.2.1/thumb/v7e-m+fp/hard/crtn.o
                0x20020000                _estack = 0x20020000
                0x00000200                _Min_Heap_Size = 0x200
                0x00000400                _Min_Stack_Size = 0x400

.isr_vector     0x08000000      0x188
                0x08000000                . = ALIGN (0x4)
 *(.isr_vector)
 .isr_vector    0x08000000      0x188 build/startup_stm32f407xx.o
                0x08000000                g_pfnVectors
                0x08000188                . = ALIGN (0x4)

.text           0x08000190     0x60e4
                0x08000190                . = ALIGN (0x4)
 *(.text)
 .text          0x08000190       0x40 e:/gnu tools arm embedded/9 2019-q4-major/bin/../lib/gcc/arm-none-eabi/9.2.1/thumb/v7e-m+fp/hard/crtbegin.o
 .text          0x080001d0       0xa0 e:/gnu tools arm embedded/9 2019-q4-major/bin/../lib/gcc/arm-none-eabi/9.2.1/../../../../arm-none-eabi/lib/thumb/v7e-m+fp/hard\libc_nano.a(lib_a-memchr.o)
                0x080001d0                memchr
 .text          0x08000270       0x30 e:/gnu tools arm embedded/9 2019-q4-major/bin/../lib/gcc/arm-none-eabi/9.2.1/thumb/v7e-m+fp/hard\libgcc.a(_aeabi_uldivmod.o)
                0x08000270                __aeabi_uldivmod
 .text          0x080002a0      0x2c4 e:/gnu tools arm embedded/9 2019-q4-major/bin/../lib/gcc/arm-none-eabi/9.2.1/thumb/v7e-m+fp/hard\libgcc.a(_udivmoddi4.o)
                0x080002a0                __udivmoddi4
 .text          0x08000564        0x4 e:/gnu tools arm embedded/9 2019-q4-major/bin/../lib/gcc/arm-none-eabi/9.2.1/thumb/v7e-m+fp/hard\libgcc.a(_dvmd_tls.o)
                0x08000564                __aeabi_idiv0
                0x08000564                __aeabi_ldiv0
 *(.text*)
 .text.UartRxCheck
                0x08000568       0xa4 build/usart2.o
 .text.Usart2Init
                0x0800060c       0x48 build/usart2.o
                0x0800060c                Usart2Init
 .text.USART2_IRQHandler
                0x08000654       0x34 build/usart2.o
                0x08000654                USART2_IRQHandler
 .text.DMA1_Stream5_IRQHandler
                0x08000688       0x10 build/usart2.o
                0x08000688                DMA1_Stream5_IRQHandler
 .text.DMA1_Stream6_IRQHandler
                0x08000698       0x10 build/usart2.o
                0x08000698                DMA1_Stream6_IRQHandler
 .text.HAL_UART_RxCpltCallback
                0x080006a8       0x18 build/usart2.o
                0x080006a8                HAL_UART_RxCpltCallback
 .text.HAL_UART_RxHalfCpltCallback
                0x080006c0       0x18 build/usart2.o
                0x080006c0                HAL_UART_RxHalfCpltCallback
 .text.MotorInit
                0x080006d8       0x34 build/motor.o
                0x080006d8                MotorInit
 .text.SetMotor
                0x0800070c       0x34 build/motor.o
                0x0800070c                SetMotor
 .text.MavlinkProcessMsg
                0x08000740       0x98 build/mavlink_task.o
 .text.mavlink_frame_char_buffer
                0x080007d8     0x1018 build/mavlink_task.o
 .text.MavlinkTask
                0x080017f0       0x88 build/mavlink_task.o
 .text.MavlinkInit
                0x08001878       0x38 build/mavlink_task.o
                0x08001878                MavlinkInit
 .text.__io_putchar
                0x080018b0       0x20 build/utils.o
                0x080018b0                __io_putchar
 .text._write   0x080018d0       0x1c build/utils.o
                0x080018d0                _write
 .text.SystemClock_Config
                0x080018ec       0x94 build/main.o
                0x080018ec                SystemClock_Config
 .text.main     0x08001980       0x30 build/main.o
                0x08001980                main
 .text.HAL_TIM_PeriodElapsedCallback
                0x080019b0       0x18 build/main.o
                0x080019b0                HAL_TIM_PeriodElapsedCallback
 .text.Error_Handler
                0x080019c8        0x2 build/main.o
                0x080019c8                Error_Handler
 *fill*         0x080019ca        0x2 
 .text.MX_GPIO_Init
                0x080019cc       0x94 build/gpio.o
                0x080019cc                MX_GPIO_Init
 .text.MX_DMA_Init
                0x08001a60       0x78 build/dma.o
                0x08001a60                MX_DMA_Init
 .text.StartDefaultTask
                0x08001ad8        0xa build/freertos.o
                0x08001ad8                StartDefaultTask
 *fill*         0x08001ae2        0x2 
 .text.vApplicationGetIdleTaskMemory
                0x08001ae4       0x18 build/freertos.o
                0x08001ae4                vApplicationGetIdleTaskMemory
 .text.MX_FREERTOS_Init
                0x08001afc       0x2c build/freertos.o
                0x08001afc                MX_FREERTOS_Init
 .text.HAL_TIM_Base_MspInit
                0x08001b28       0x30 build/tim.o
                0x08001b28                HAL_TIM_Base_MspInit
 .text.HAL_TIM_MspPostInit
                0x08001b58       0x5c build/tim.o
                0x08001b58                HAL_TIM_MspPostInit
 .text.MX_TIM4_Init
                0x08001bb4       0xe8 build/tim.o
                0x08001bb4                MX_TIM4_Init
 .text.MX_USART1_UART_Init
                0x08001c9c       0x34 build/usart.o
                0x08001c9c                MX_USART1_UART_Init
 .text.MX_USART2_UART_Init
                0x08001cd0       0x34 build/usart.o
                0x08001cd0                MX_USART2_UART_Init
 .text.HAL_UART_MspInit
                0x08001d04      0x1e4 build/usart.o
                0x08001d04                HAL_UART_MspInit
 .text.NMI_Handler
                0x08001ee8        0x2 build/stm32f4xx_it.o
                0x08001ee8                NMI_Handler
 .text.HardFault_Handler
                0x08001eea        0x2 build/stm32f4xx_it.o
                0x08001eea                HardFault_Handler
 .text.MemManage_Handler
                0x08001eec        0x2 build/stm32f4xx_it.o
                0x08001eec                MemManage_Handler
 .text.BusFault_Handler
                0x08001eee        0x2 build/stm32f4xx_it.o
                0x08001eee                BusFault_Handler
 .text.UsageFault_Handler
                0x08001ef0        0x2 build/stm32f4xx_it.o
                0x08001ef0                UsageFault_Handler
 .text.DebugMon_Handler
                0x08001ef2        0x2 build/stm32f4xx_it.o
                0x08001ef2                DebugMon_Handler
 .text.USART1_IRQHandler
                0x08001ef4       0x10 build/stm32f4xx_it.o
                0x08001ef4                USART1_IRQHandler
 .text.TIM7_IRQHandler
                0x08001f04       0x10 build/stm32f4xx_it.o
                0x08001f04                TIM7_IRQHandler
 .text.DMA2_Stream2_IRQHandler
                0x08001f14       0x10 build/stm32f4xx_it.o
                0x08001f14                DMA2_Stream2_IRQHandler
 .text.DMA2_Stream7_IRQHandler
                0x08001f24       0x10 build/stm32f4xx_it.o
                0x08001f24                DMA2_Stream7_IRQHandler
 .text.HAL_MspInit
                0x08001f34       0x44 build/stm32f4xx_hal_msp.o
                0x08001f34                HAL_MspInit
 .text.HAL_InitTick
                0x08001f78       0x7c build/stm32f4xx_hal_timebase_tim.o
                0x08001f78                HAL_InitTick
 .text.HAL_RCC_OscConfig
                0x08001ff4      0x3ec build/stm32f4xx_hal_rcc.o
                0x08001ff4                HAL_RCC_OscConfig
 .text.HAL_RCC_GetSysClockFreq
                0x080023e0       0xcc build/stm32f4xx_hal_rcc.o
                0x080023e0                HAL_RCC_GetSysClockFreq
 .text.HAL_RCC_ClockConfig
                0x080024ac      0x160 build/stm32f4xx_hal_rcc.o
                0x080024ac                HAL_RCC_ClockConfig
 .text.HAL_RCC_GetHCLKFreq
                0x0800260c        0xc build/stm32f4xx_hal_rcc.o
                0x0800260c                HAL_RCC_GetHCLKFreq
 .text.HAL_RCC_GetPCLK1Freq
                0x08002618       0x20 build/stm32f4xx_hal_rcc.o
                0x08002618                HAL_RCC_GetPCLK1Freq
 .text.HAL_RCC_GetPCLK2Freq
                0x08002638       0x20 build/stm32f4xx_hal_rcc.o
                0x08002638                HAL_RCC_GetPCLK2Freq
 .text.HAL_RCC_GetClockConfig
                0x08002658       0x3c build/stm32f4xx_hal_rcc.o
                0x08002658                HAL_RCC_GetClockConfig
 .text.HAL_GPIO_Init
                0x08002694      0x1cc build/stm32f4xx_hal_gpio.o
                0x08002694                HAL_GPIO_Init
 .text.HAL_GPIO_WritePin
                0x08002860        0xc build/stm32f4xx_hal_gpio.o
                0x08002860                HAL_GPIO_WritePin
 .text.DMA_SetConfig
                0x0800286c       0x2c build/stm32f4xx_hal_dma.o
 .text.DMA_CalcBaseAndBitshift
                0x08002898       0x44 build/stm32f4xx_hal_dma.o
 .text.DMA_CheckFifoParam
                0x080028dc       0x8e build/stm32f4xx_hal_dma.o
 *fill*         0x0800296a        0x2 
 .text.HAL_DMA_Init
                0x0800296c       0xcc build/stm32f4xx_hal_dma.o
                0x0800296c                HAL_DMA_Init
 .text.HAL_DMA_Start_IT
                0x08002a38       0x6a build/stm32f4xx_hal_dma.o
                0x08002a38                HAL_DMA_Start_IT
 .text.HAL_DMA_Abort_IT
                0x08002aa2       0x26 build/stm32f4xx_hal_dma.o
                0x08002aa2                HAL_DMA_Abort_IT
 .text.HAL_DMA_IRQHandler
                0x08002ac8      0x1dc build/stm32f4xx_hal_dma.o
                0x08002ac8                HAL_DMA_IRQHandler
 .text.HAL_NVIC_SetPriorityGrouping
                0x08002ca4       0x24 build/stm32f4xx_hal_cortex.o
                0x08002ca4                HAL_NVIC_SetPriorityGrouping
 .text.HAL_NVIC_SetPriority
                0x08002cc8       0x68 build/stm32f4xx_hal_cortex.o
                0x08002cc8                HAL_NVIC_SetPriority
 .text.HAL_NVIC_EnableIRQ
                0x08002d30       0x1c build/stm32f4xx_hal_cortex.o
                0x08002d30                HAL_NVIC_EnableIRQ
 .text.HAL_Init
                0x08002d4c       0x34 build/stm32f4xx_hal.o
                0x08002d4c                HAL_Init
 .text.HAL_IncTick
                0x08002d80       0x18 build/stm32f4xx_hal.o
                0x08002d80                HAL_IncTick
 .text.HAL_GetTick
                0x08002d98        0xc build/stm32f4xx_hal.o
                0x08002d98                HAL_GetTick
 .text.TIM_OC1_SetConfig
                0x08002da4       0x68 build/stm32f4xx_hal_tim.o
 .text.TIM_OC3_SetConfig
                0x08002e0c       0x70 build/stm32f4xx_hal_tim.o
 .text.TIM_OC4_SetConfig
                0x08002e7c       0x50 build/stm32f4xx_hal_tim.o
 .text.TIM_TI1_ConfigInputStage
                0x08002ecc       0x24 build/stm32f4xx_hal_tim.o
 .text.TIM_TI2_ConfigInputStage
                0x08002ef0       0x26 build/stm32f4xx_hal_tim.o
 .text.TIM_ITRx_SetConfig
                0x08002f16       0x10 build/stm32f4xx_hal_tim.o
 .text.HAL_TIM_Base_Start_IT
                0x08002f26       0x22 build/stm32f4xx_hal_tim.o
                0x08002f26                HAL_TIM_Base_Start_IT
 .text.HAL_TIM_PWM_MspInit
                0x08002f48        0x2 build/stm32f4xx_hal_tim.o
                0x08002f48                HAL_TIM_PWM_MspInit
 .text.HAL_TIM_OC_DelayElapsedCallback
                0x08002f4a        0x2 build/stm32f4xx_hal_tim.o
                0x08002f4a                HAL_TIM_OC_DelayElapsedCallback
 .text.HAL_TIM_IC_CaptureCallback
                0x08002f4c        0x2 build/stm32f4xx_hal_tim.o
                0x08002f4c                HAL_TIM_IC_CaptureCallback
 .text.HAL_TIM_PWM_PulseFinishedCallback
                0x08002f4e        0x2 build/stm32f4xx_hal_tim.o
                0x08002f4e                HAL_TIM_PWM_PulseFinishedCallback
 .text.HAL_TIM_TriggerCallback
                0x08002f50        0x2 build/stm32f4xx_hal_tim.o
                0x08002f50                HAL_TIM_TriggerCallback
 .text.HAL_TIM_IRQHandler
                0x08002f52      0x17a build/stm32f4xx_hal_tim.o
                0x08002f52                HAL_TIM_IRQHandler
 .text.TIM_Base_SetConfig
                0x080030cc       0xc8 build/stm32f4xx_hal_tim.o
                0x080030cc                TIM_Base_SetConfig
 .text.HAL_TIM_Base_Init
                0x08003194       0x34 build/stm32f4xx_hal_tim.o
                0x08003194                HAL_TIM_Base_Init
 .text.HAL_TIM_PWM_Init
                0x080031c8       0x34 build/stm32f4xx_hal_tim.o
                0x080031c8                HAL_TIM_PWM_Init
 .text.TIM_OC2_SetConfig
                0x080031fc       0x70 build/stm32f4xx_hal_tim.o
                0x080031fc                TIM_OC2_SetConfig
 .text.HAL_TIM_PWM_ConfigChannel
                0x0800326c       0xdc build/stm32f4xx_hal_tim.o
                0x0800326c                HAL_TIM_PWM_ConfigChannel
 .text.TIM_ETR_SetConfig
                0x08003348       0x18 build/stm32f4xx_hal_tim.o
                0x08003348                TIM_ETR_SetConfig
 .text.HAL_TIM_ConfigClockSource
                0x08003360       0xda build/stm32f4xx_hal_tim.o
                0x08003360                HAL_TIM_ConfigClockSource
 .text.TIM_CCxChannelCmd
                0x0800343a       0x24 build/stm32f4xx_hal_tim.o
                0x0800343a                TIM_CCxChannelCmd
 *fill*         0x0800345e        0x2 
 .text.HAL_TIM_PWM_Start
                0x08003460       0x40 build/stm32f4xx_hal_tim.o
                0x08003460                HAL_TIM_PWM_Start
 .text.HAL_TIMEx_MasterConfigSynchronization
                0x080034a0       0x88 build/stm32f4xx_hal_tim_ex.o
                0x080034a0                HAL_TIMEx_MasterConfigSynchronization
 .text.HAL_TIMEx_CommutCallback
                0x08003528        0x2 build/stm32f4xx_hal_tim_ex.o
                0x08003528                HAL_TIMEx_CommutCallback
 .text.HAL_TIMEx_BreakCallback
                0x0800352a        0x2 build/stm32f4xx_hal_tim_ex.o
                0x0800352a                HAL_TIMEx_BreakCallback
 .text.UART_EndTxTransfer
                0x0800352c       0x12 build/stm32f4xx_hal_uart.o
 .text.UART_EndRxTransfer
                0x0800353e       0x1c build/stm32f4xx_hal_uart.o
 .text.UART_Transmit_IT
                0x0800355a       0x66 build/stm32f4xx_hal_uart.o
 .text.UART_SetConfig
                0x080035c0      0x1e8 build/stm32f4xx_hal_uart.o
 .text.UART_WaitOnFlagUntilTimeout
                0x080037a8       0x68 build/stm32f4xx_hal_uart.o
 .text.HAL_UART_Init
                0x08003810       0x5e build/stm32f4xx_hal_uart.o
                0x08003810                HAL_UART_Init
 .text.HAL_UART_Transmit
                0x0800386e       0xe2 build/stm32f4xx_hal_uart.o
                0x0800386e                HAL_UART_Transmit
 .text.HAL_UART_Receive_DMA
                0x08003950       0xa8 build/stm32f4xx_hal_uart.o
                0x08003950                HAL_UART_Receive_DMA
 .text.HAL_UART_TxCpltCallback
                0x080039f8        0x2 build/stm32f4xx_hal_uart.o
                0x080039f8                HAL_UART_TxCpltCallback
 .text.UART_EndTransmit_IT
                0x080039fa       0x1a build/stm32f4xx_hal_uart.o
 .text.UART_DMAReceiveCplt
                0x08003a14       0x3e build/stm32f4xx_hal_uart.o
 .text.UART_Receive_IT
                0x08003a52       0x9e build/stm32f4xx_hal_uart.o
 .text.UART_DMARxHalfCplt
                0x08003af0        0xa build/stm32f4xx_hal_uart.o
 .text.HAL_UART_ErrorCallback
                0x08003afa        0x2 build/stm32f4xx_hal_uart.o
                0x08003afa                HAL_UART_ErrorCallback
 .text.UART_DMAError
                0x08003afc       0x58 build/stm32f4xx_hal_uart.o
 .text.HAL_UART_IRQHandler
                0x08003b54      0x128 build/stm32f4xx_hal_uart.o
                0x08003b54                HAL_UART_IRQHandler
 .text.UART_DMAAbortOnError
                0x08003c7c       0x10 build/stm32f4xx_hal_uart.o
 .text.SystemInit
                0x08003c8c       0x1c build/system_stm32f4xx.o
                0x08003c8c                SystemInit
 .text.vListInitialise
                0x08003ca8       0x16 build/list.o
                0x08003ca8                vListInitialise
 .text.vListInitialiseItem
                0x08003cbe        0x6 build/list.o
                0x08003cbe                vListInitialiseItem
 .text.vListInsertEnd
                0x08003cc4       0x16 build/list.o
                0x08003cc4                vListInsertEnd
 .text.vListInsert
                0x08003cda       0x32 build/list.o
                0x08003cda                vListInsert
 .text.uxListRemove
                0x08003d0c       0x26 build/list.o
                0x08003d0c                uxListRemove
 .text.prvIsQueueEmpty
                0x08003d32       0x1a build/queue.o
 .text.prvCopyDataToQueue
                0x08003d4c       0x76 build/queue.o
 .text.prvCopyDataFromQueue
                0x08003dc2       0x24 build/queue.o
 .text.prvUnlockQueue
                0x08003de6       0x6e build/queue.o
 .text.xQueueGenericReset
                0x08003e54       0x84 build/queue.o
                0x08003e54                xQueueGenericReset
 .text.prvInitialiseNewQueue
                0x08003ed8       0x1c build/queue.o
 .text.xQueueGenericCreateStatic
                0x08003ef4       0x94 build/queue.o
                0x08003ef4                xQueueGenericCreateStatic
 .text.xQueueGenericSendFromISR
                0x08003f88       0xce build/queue.o
                0x08003f88                xQueueGenericSendFromISR
 *fill*         0x08004056        0x2 
 .text.xQueueReceive
                0x08004058      0x15c build/queue.o
                0x08004058                xQueueReceive
 .text.prvResetNextTaskUnblockTime
                0x080041b4       0x2c build/tasks.o
 .text.prvInitialiseNewTask
                0x080041e0       0x8e build/tasks.o
 *fill*         0x0800426e        0x2 
 .text.prvInitialiseTaskLists
                0x08004270       0x68 build/tasks.o
 .text.prvAddNewTaskToReadyList
                0x080042d8       0xa8 build/tasks.o
 .text.prvDeleteTCB
                0x08004380       0x38 build/tasks.o
 .text.prvCheckTasksWaitingTermination
                0x080043b8       0x4c build/tasks.o
 .text.prvIdleTask
                0x08004404       0x28 build/tasks.o
 .text.prvAddCurrentTaskToDelayedList
                0x0800442c       0x98 build/tasks.o
 .text.xTaskCreateStatic
                0x080044c4       0x74 build/tasks.o
                0x080044c4                xTaskCreateStatic
 .text.xTaskCreate
                0x08004538       0x68 build/tasks.o
                0x08004538                xTaskCreate
 .text.vTaskStartScheduler
                0x080045a0       0x6c build/tasks.o
                0x080045a0                vTaskStartScheduler
 .text.vTaskSuspendAll
                0x0800460c       0x10 build/tasks.o
                0x0800460c                vTaskSuspendAll
 .text.xTaskIncrementTick
                0x0800461c      0x118 build/tasks.o
                0x0800461c                xTaskIncrementTick
 .text.xTaskResumeAll
                0x08004734       0xf8 build/tasks.o
                0x08004734                xTaskResumeAll
 .text.vTaskDelay
                0x0800482c       0x4c build/tasks.o
                0x0800482c                vTaskDelay
 .text.vTaskSwitchContext
                0x08004878       0x98 build/tasks.o
                0x08004878                vTaskSwitchContext
 .text.vTaskPlaceOnEventList
                0x08004910       0x30 build/tasks.o
                0x08004910                vTaskPlaceOnEventList
 .text.xTaskRemoveFromEventList
                0x08004940       0x8c build/tasks.o
                0x08004940                xTaskRemoveFromEventList
 .text.vTaskInternalSetTimeOutState
                0x080049cc       0x18 build/tasks.o
                0x080049cc                vTaskInternalSetTimeOutState
 .text.xTaskCheckForTimeOut
                0x080049e4       0x84 build/tasks.o
                0x080049e4                xTaskCheckForTimeOut
 .text.vTaskMissedYield
                0x08004a68        0xc build/tasks.o
                0x08004a68                vTaskMissedYield
 .text.xTaskGetSchedulerState
                0x08004a74       0x20 build/tasks.o
                0x08004a74                xTaskGetSchedulerState
 .text.xTaskPriorityDisinherit
                0x08004a94       0xb4 build/tasks.o
                0x08004a94                xTaskPriorityDisinherit
 .text.makeFreeRtosPriority
                0x08004b48        0xc build/cmsis_os.o
 .text.osKernelStart
                0x08004b54        0xa build/cmsis_os.o
                0x08004b54                osKernelStart
 .text.osThreadCreate
                0x08004b5e       0x6a build/cmsis_os.o
                0x08004b5e                osThreadCreate
 .text.osDelay  0x08004bc8        0xe build/cmsis_os.o
                0x08004bc8                osDelay
 *fill*         0x08004bd6        0x2 
 .text.prvHeapInit
                0x08004bd8       0x64 build/heap_4.o
 .text.prvInsertBlockIntoFreeList
                0x08004c3c       0x58 build/heap_4.o
 .text.pvPortMalloc
                0x08004c94       0xf0 build/heap_4.o
                0x08004c94                pvPortMalloc
 .text.vPortFree
                0x08004d84       0x70 build/heap_4.o
                0x08004d84                vPortFree
 .text.prvTaskExitError
                0x08004df4       0x40 build/port.o
 .text.prvPortStartFirstTask
                0x08004e34       0x28 build/port.o
 .text.vPortEnableVFP
                0x08004e5c       0x14 build/port.o
 .text.pxPortInitialiseStack
                0x08004e70       0x2c build/port.o
                0x08004e70                pxPortInitialiseStack
 *fill*         0x08004e9c        0x4 
 .text.SVC_Handler
                0x08004ea0       0x24 build/port.o
                0x08004ea0                SVC_Handler
 .text.vPortEnterCritical
                0x08004ec4       0x44 build/port.o
                0x08004ec4                vPortEnterCritical
 .text.vPortExitCritical
                0x08004f08       0x2c build/port.o
                0x08004f08                vPortExitCritical
 *fill*         0x08004f34        0xc 
 .text.PendSV_Handler
                0x08004f40       0x64 build/port.o
                0x08004f40                PendSV_Handler
 .text.SysTick_Handler
                0x08004fa4       0x2c build/port.o
                0x08004fa4                SysTick_Handler
 .text.vPortSetupTimerInterrupt
                0x08004fd0       0x38 build/port.o
                0x08004fd0                vPortSetupTimerInterrupt
 .text.xPortStartScheduler
                0x08005008      0x110 build/port.o
                0x08005008                xPortStartScheduler
 .text.vPortValidateInterruptPriority
                0x08005118       0x5c build/port.o
                0x08005118                vPortValidateInterruptPriority
 .text.Reset_Handler
                0x08005174       0x50 build/startup_stm32f407xx.o
                0x08005174                Reset_Handler
 .text.Default_Handler
                0x080051c4        0x2 build/startup_stm32f407xx.o
                0x080051c4                RTC_Alarm_IRQHandler
                0x080051c4                HASH_RNG_IRQHandler
                0x080051c4                EXTI2_IRQHandler
                0x080051c4                TIM8_CC_IRQHandler
                0x080051c4                TIM1_CC_IRQHandler
                0x080051c4                DMA2_Stream5_IRQHandler
                0x080051c4                PVD_IRQHandler
                0x080051c4                SDIO_IRQHandler
                0x080051c4                TAMP_STAMP_IRQHandler
                0x080051c4                CAN2_RX1_IRQHandler
                0x080051c4                EXTI3_IRQHandler
                0x080051c4                TIM8_TRG_COM_TIM14_IRQHandler
                0x080051c4                TIM1_UP_TIM10_IRQHandler
                0x080051c4                TIM8_UP_TIM13_IRQHandler
                0x080051c4                I2C3_ER_IRQHandler
                0x080051c4                EXTI0_IRQHandler
                0x080051c4                I2C2_EV_IRQHandler
                0x080051c4                DMA1_Stream2_IRQHandler
                0x080051c4                CAN1_RX0_IRQHandler
                0x080051c4                FPU_IRQHandler
                0x080051c4                OTG_HS_WKUP_IRQHandler
                0x080051c4                CAN2_SCE_IRQHandler
                0x080051c4                SPI1_IRQHandler
                0x080051c4                TIM6_DAC_IRQHandler
                0x080051c4                TIM1_BRK_TIM9_IRQHandler
                0x080051c4                DCMI_IRQHandler
                0x080051c4                CAN2_RX0_IRQHandler
                0x080051c4                DMA2_Stream3_IRQHandler
                0x080051c4                USART6_IRQHandler
                0x080051c4                USART3_IRQHandler
                0x080051c4                CAN1_RX1_IRQHandler
                0x080051c4                UART5_IRQHandler
                0x080051c4                DMA2_Stream0_IRQHandler
                0x080051c4                TIM4_IRQHandler
                0x080051c4                I2C1_EV_IRQHandler
                0x080051c4                DMA1_Stream1_IRQHandler
                0x080051c4                UART4_IRQHandler
                0x080051c4                TIM3_IRQHandler
                0x080051c4                RCC_IRQHandler
                0x080051c4                TIM8_BRK_TIM12_IRQHandler
                0x080051c4                Default_Handler
                0x080051c4                EXTI15_10_IRQHandler
                0x080051c4                ADC_IRQHandler
                0x080051c4                DMA1_Stream7_IRQHandler
                0x080051c4                CAN2_TX_IRQHandler
                0x080051c4                TIM5_IRQHandler
                0x080051c4                I2C3_EV_IRQHandler
                0x080051c4                EXTI9_5_IRQHandler
                0x080051c4                RTC_WKUP_IRQHandler
                0x080051c4                ETH_WKUP_IRQHandler
                0x080051c4                SPI2_IRQHandler
                0x080051c4                OTG_HS_EP1_IN_IRQHandler
                0x080051c4                DMA1_Stream0_IRQHandler
                0x080051c4                CAN1_TX_IRQHandler
                0x080051c4                EXTI4_IRQHandler
                0x080051c4                FSMC_IRQHandler
                0x080051c4                ETH_IRQHandler
                0x080051c4                OTG_HS_EP1_OUT_IRQHandler
                0x080051c4                WWDG_IRQHandler
                0x080051c4                TIM2_IRQHandler
                0x080051c4                OTG_FS_WKUP_IRQHandler
                0x080051c4                TIM1_TRG_COM_TIM11_IRQHandler
                0x080051c4                OTG_HS_IRQHandler
                0x080051c4                EXTI1_IRQHandler
                0x080051c4                I2C2_ER_IRQHandler
                0x080051c4                DMA2_Stream1_IRQHandler
                0x080051c4                CAN1_SCE_IRQHandler
                0x080051c4                FLASH_IRQHandler
                0x080051c4                DMA2_Stream4_IRQHandler
                0x080051c4                OTG_FS_IRQHandler
                0x080051c4                SPI3_IRQHandler
                0x080051c4                DMA1_Stream4_IRQHandler
                0x080051c4                I2C1_ER_IRQHandler
                0x080051c4                DMA2_Stream6_IRQHandler
                0x080051c4                DMA1_Stream3_IRQHandler
 *fill*         0x080051c6        0x2 
 .text.__libc_init_array
                0x080051c8       0x48 e:/gnu tools arm embedded/9 2019-q4-major/bin/../lib/gcc/arm-none-eabi/9.2.1/../../../../arm-none-eabi/lib/thumb/v7e-m+fp/hard\libc_nano.a(lib_a-init.o)
                0x080051c8                __libc_init_array
 .text.memcmp   0x08005210       0x1c e:/gnu tools arm embedded/9 2019-q4-major/bin/../lib/gcc/arm-none-eabi/9.2.1/../../../../arm-none-eabi/lib/thumb/v7e-m+fp/hard\libc_nano.a(lib_a-memcmp.o)
                0x08005210                memcmp
 .text.memcpy   0x0800522c       0x1c e:/gnu tools arm embedded/9 2019-q4-major/bin/../lib/gcc/arm-none-eabi/9.2.1/../../../../arm-none-eabi/lib/thumb/v7e-m+fp/hard\libc_nano.a(lib_a-memcpy-stub.o)
                0x0800522c                memcpy
 .text.memset   0x08005248       0x10 e:/gnu tools arm embedded/9 2019-q4-major/bin/../lib/gcc/arm-none-eabi/9.2.1/../../../../arm-none-eabi/lib/thumb/v7e-m+fp/hard\libc_nano.a(lib_a-memset.o)
                0x08005248                memset
 .text.printf   0x08005258       0x30 e:/gnu tools arm embedded/9 2019-q4-major/bin/../lib/gcc/arm-none-eabi/9.2.1/../../../../arm-none-eabi/lib/thumb/v7e-m+fp/hard\libc_nano.a(lib_a-printf.o)
                0x08005258                iprintf
                0x08005258                printf
 .text._puts_r  0x08005288       0xdc e:/gnu tools arm embedded/9 2019-q4-major/bin/../lib/gcc/arm-none-eabi/9.2.1/../../../../arm-none-eabi/lib/thumb/v7e-m+fp/hard\libc_nano.a(lib_a-puts.o)
                0x08005288                _puts_r
 .text.puts     0x08005364       0x10 e:/gnu tools arm embedded/9 2019-q4-major/bin/../lib/gcc/arm-none-eabi/9.2.1/../../../../arm-none-eabi/lib/thumb/v7e-m+fp/hard\libc_nano.a(lib_a-puts.o)
                0x08005364                puts
 .text.__swbuf_r
                0x08005374       0xa4 e:/gnu tools arm embedded/9 2019-q4-major/bin/../lib/gcc/arm-none-eabi/9.2.1/../../../../arm-none-eabi/lib/thumb/v7e-m+fp/hard\libc_nano.a(lib_a-wbuf.o)
                0x08005374                __swbuf_r
 .text.__swsetup_r
                0x08005418       0xdc e:/gnu tools arm embedded/9 2019-q4-major/bin/../lib/gcc/arm-none-eabi/9.2.1/../../../../arm-none-eabi/lib/thumb/v7e-m+fp/hard\libc_nano.a(lib_a-wsetup.o)
                0x08005418                __swsetup_r
 .text.__sflush_r
                0x080054f4      0x10c e:/gnu tools arm embedded/9 2019-q4-major/bin/../lib/gcc/arm-none-eabi/9.2.1/../../../../arm-none-eabi/lib/thumb/v7e-m+fp/hard\libc_nano.a(lib_a-fflush.o)
                0x080054f4                __sflush_r
 .text._fflush_r
                0x08005600       0x78 e:/gnu tools arm embedded/9 2019-q4-major/bin/../lib/gcc/arm-none-eabi/9.2.1/../../../../arm-none-eabi/lib/thumb/v7e-m+fp/hard\libc_nano.a(lib_a-fflush.o)
                0x08005600                _fflush_r
 .text.std      0x08005678       0x48 e:/gnu tools arm embedded/9 2019-q4-major/bin/../lib/gcc/arm-none-eabi/9.2.1/../../../../arm-none-eabi/lib/thumb/v7e-m+fp/hard\libc_nano.a(lib_a-findfp.o)
 .text._cleanup_r
                0x080056c0        0xc e:/gnu tools arm embedded/9 2019-q4-major/bin/../lib/gcc/arm-none-eabi/9.2.1/../../../../arm-none-eabi/lib/thumb/v7e-m+fp/hard\libc_nano.a(lib_a-findfp.o)
                0x080056c0                _cleanup_r
 .text.__sfmoreglue
                0x080056cc       0x2c e:/gnu tools arm embedded/9 2019-q4-major/bin/../lib/gcc/arm-none-eabi/9.2.1/../../../../arm-none-eabi/lib/thumb/v7e-m+fp/hard\libc_nano.a(lib_a-findfp.o)
                0x080056cc                __sfmoreglue
 .text.__sfp_lock_acquire
                0x080056f8        0xc e:/gnu tools arm embedded/9 2019-q4-major/bin/../lib/gcc/arm-none-eabi/9.2.1/../../../../arm-none-eabi/lib/thumb/v7e-m+fp/hard\libc_nano.a(lib_a-findfp.o)
                0x080056f8                __sfp_lock_acquire
 .text.__sfp_lock_release
                0x08005704        0xc e:/gnu tools arm embedded/9 2019-q4-major/bin/../lib/gcc/arm-none-eabi/9.2.1/../../../../arm-none-eabi/lib/thumb/v7e-m+fp/hard\libc_nano.a(lib_a-findfp.o)
                0x08005704                __sfp_lock_release
 .text.__sinit_lock_acquire
                0x08005710        0xc e:/gnu tools arm embedded/9 2019-q4-major/bin/../lib/gcc/arm-none-eabi/9.2.1/../../../../arm-none-eabi/lib/thumb/v7e-m+fp/hard\libc_nano.a(lib_a-findfp.o)
                0x08005710                __sinit_lock_acquire
 .text.__sinit_lock_release
                0x0800571c        0xc e:/gnu tools arm embedded/9 2019-q4-major/bin/../lib/gcc/arm-none-eabi/9.2.1/../../../../arm-none-eabi/lib/thumb/v7e-m+fp/hard\libc_nano.a(lib_a-findfp.o)
                0x0800571c                __sinit_lock_release
 .text.__sinit  0x08005728       0x70 e:/gnu tools arm embedded/9 2019-q4-major/bin/../lib/gcc/arm-none-eabi/9.2.1/../../../../arm-none-eabi/lib/thumb/v7e-m+fp/hard\libc_nano.a(lib_a-findfp.o)
                0x08005728                __sinit
 .text.__sfp    0x08005798       0x8c e:/gnu tools arm embedded/9 2019-q4-major/bin/../lib/gcc/arm-none-eabi/9.2.1/../../../../arm-none-eabi/lib/thumb/v7e-m+fp/hard\libc_nano.a(lib_a-findfp.o)
                0x08005798                __sfp
 .text._fwalk_reent
                0x08005824       0x3e e:/gnu tools arm embedded/9 2019-q4-major/bin/../lib/gcc/arm-none-eabi/9.2.1/../../../../arm-none-eabi/lib/thumb/v7e-m+fp/hard\libc_nano.a(lib_a-fwalk.o)
                0x08005824                _fwalk_reent
 .text.__retarget_lock_init_recursive
                0x08005862        0x2 e:/gnu tools arm embedded/9 2019-q4-major/bin/../lib/gcc/arm-none-eabi/9.2.1/../../../../arm-none-eabi/lib/thumb/v7e-m+fp/hard\libc_nano.a(lib_a-lock.o)
                0x08005862                __retarget_lock_init_recursive
 .text.__retarget_lock_acquire_recursive
                0x08005864        0x2 e:/gnu tools arm embedded/9 2019-q4-major/bin/../lib/gcc/arm-none-eabi/9.2.1/../../../../arm-none-eabi/lib/thumb/v7e-m+fp/hard\libc_nano.a(lib_a-lock.o)
                0x08005864                __retarget_lock_acquire_recursive
 .text.__retarget_lock_release_recursive
                0x08005866        0x2 e:/gnu tools arm embedded/9 2019-q4-major/bin/../lib/gcc/arm-none-eabi/9.2.1/../../../../arm-none-eabi/lib/thumb/v7e-m+fp/hard\libc_nano.a(lib_a-lock.o)
                0x08005866                __retarget_lock_release_recursive
 .text.__swhatbuf_r
                0x08005868       0x48 e:/gnu tools arm embedded/9 2019-q4-major/bin/../lib/gcc/arm-none-eabi/9.2.1/../../../../arm-none-eabi/lib/thumb/v7e-m+fp/hard\libc_nano.a(lib_a-makebuf.o)
                0x08005868                __swhatbuf_r
 .text.__smakebuf_r
                0x080058b0       0x80 e:/gnu tools arm embedded/9 2019-q4-major/bin/../lib/gcc/arm-none-eabi/9.2.1/../../../../arm-none-eabi/lib/thumb/v7e-m+fp/hard\libc_nano.a(lib_a-makebuf.o)
                0x080058b0                __smakebuf_r
 .text._free_r  0x08005930       0xa0 e:/gnu tools arm embedded/9 2019-q4-major/bin/../lib/gcc/arm-none-eabi/9.2.1/../../../../arm-none-eabi/lib/thumb/v7e-m+fp/hard\libc_nano.a(lib_a-nano-freer.o)
                0x08005930                _free_r
 .text._malloc_r
                0x080059d0       0xb4 e:/gnu tools arm embedded/9 2019-q4-major/bin/../lib/gcc/arm-none-eabi/9.2.1/../../../../arm-none-eabi/lib/thumb/v7e-m+fp/hard\libc_nano.a(lib_a-nano-mallocr.o)
                0x080059d0                _malloc_r
 .text.__sfputc_r
                0x08005a84       0x2e e:/gnu tools arm embedded/9 2019-q4-major/bin/../lib/gcc/arm-none-eabi/9.2.1/../../../../arm-none-eabi/lib/thumb/v7e-m+fp/hard\libc_nano.a(lib_a-nano-vfprintf.o)
 .text.__sfputs_r
                0x08005ab2       0x24 e:/gnu tools arm embedded/9 2019-q4-major/bin/../lib/gcc/arm-none-eabi/9.2.1/../../../../arm-none-eabi/lib/thumb/v7e-m+fp/hard\libc_nano.a(lib_a-nano-vfprintf.o)
                0x08005ab2                __sfputs_r
 *fill*         0x08005ad6        0x2 
 .text._vfprintf_r
                0x08005ad8      0x260 e:/gnu tools arm embedded/9 2019-q4-major/bin/../lib/gcc/arm-none-eabi/9.2.1/../../../../arm-none-eabi/lib/thumb/v7e-m+fp/hard\libc_nano.a(lib_a-nano-vfprintf.o)
                0x08005ad8                _vfprintf_r
                0x08005ad8                _vfiprintf_r
 .text._printf_common
                0x08005d38       0xda e:/gnu tools arm embedded/9 2019-q4-major/bin/../lib/gcc/arm-none-eabi/9.2.1/../../../../arm-none-eabi/lib/thumb/v7e-m+fp/hard\libc_nano.a(lib_a-nano-vfprintf_i.o)
                0x08005d38                _printf_common
 *fill*         0x08005e12        0x2 
 .text._printf_i
                0x08005e14      0x24c e:/gnu tools arm embedded/9 2019-q4-major/bin/../lib/gcc/arm-none-eabi/9.2.1/../../../../arm-none-eabi/lib/thumb/v7e-m+fp/hard\libc_nano.a(lib_a-nano-vfprintf_i.o)
                0x08005e14                _printf_i
 .text._sbrk_r  0x08006060       0x20 e:/gnu tools arm embedded/9 2019-q4-major/bin/../lib/gcc/arm-none-eabi/9.2.1/../../../../arm-none-eabi/lib/thumb/v7e-m+fp/hard\libc_nano.a(lib_a-sbrkr.o)
                0x08006060                _sbrk_r
 .text.__sread  0x08006080       0x22 e:/gnu tools arm embedded/9 2019-q4-major/bin/../lib/gcc/arm-none-eabi/9.2.1/../../../../arm-none-eabi/lib/thumb/v7e-m+fp/hard\libc_nano.a(lib_a-stdio.o)
                0x08006080                __sread
 .text.__swrite
                0x080060a2       0x38 e:/gnu tools arm embedded/9 2019-q4-major/bin/../lib/gcc/arm-none-eabi/9.2.1/../../../../arm-none-eabi/lib/thumb/v7e-m+fp/hard\libc_nano.a(lib_a-stdio.o)
                0x080060a2                __swrite
 .text.__sseek  0x080060da       0x24 e:/gnu tools arm embedded/9 2019-q4-major/bin/../lib/gcc/arm-none-eabi/9.2.1/../../../../arm-none-eabi/lib/thumb/v7e-m+fp/hard\libc_nano.a(lib_a-stdio.o)
                0x080060da                __sseek
 .text.__sclose
                0x080060fe        0x8 e:/gnu tools arm embedded/9 2019-q4-major/bin/../lib/gcc/arm-none-eabi/9.2.1/../../../../arm-none-eabi/lib/thumb/v7e-m+fp/hard\libc_nano.a(lib_a-stdio.o)
                0x080060fe                __sclose
 *fill*         0x08006106        0x2 
 .text._write_r
                0x08006108       0x24 e:/gnu tools arm embedded/9 2019-q4-major/bin/../lib/gcc/arm-none-eabi/9.2.1/../../../../arm-none-eabi/lib/thumb/v7e-m+fp/hard\libc_nano.a(lib_a-writer.o)
                0x08006108                _write_r
 .text._close_r
                0x0800612c       0x20 e:/gnu tools arm embedded/9 2019-q4-major/bin/../lib/gcc/arm-none-eabi/9.2.1/../../../../arm-none-eabi/lib/thumb/v7e-m+fp/hard\libc_nano.a(lib_a-closer.o)
                0x0800612c                _close_r
 .text._fstat_r
                0x0800614c       0x24 e:/gnu tools arm embedded/9 2019-q4-major/bin/../lib/gcc/arm-none-eabi/9.2.1/../../../../arm-none-eabi/lib/thumb/v7e-m+fp/hard\libc_nano.a(lib_a-fstatr.o)
                0x0800614c                _fstat_r
 .text._isatty_r
                0x08006170       0x20 e:/gnu tools arm embedded/9 2019-q4-major/bin/../lib/gcc/arm-none-eabi/9.2.1/../../../../arm-none-eabi/lib/thumb/v7e-m+fp/hard\libc_nano.a(lib_a-isattyr.o)
                0x08006170                _isatty_r
 .text._lseek_r
                0x08006190       0x24 e:/gnu tools arm embedded/9 2019-q4-major/bin/../lib/gcc/arm-none-eabi/9.2.1/../../../../arm-none-eabi/lib/thumb/v7e-m+fp/hard\libc_nano.a(lib_a-lseekr.o)
                0x08006190                _lseek_r
 .text.__malloc_lock
                0x080061b4        0xc e:/gnu tools arm embedded/9 2019-q4-major/bin/../lib/gcc/arm-none-eabi/9.2.1/../../../../arm-none-eabi/lib/thumb/v7e-m+fp/hard\libc_nano.a(lib_a-mlock.o)
                0x080061b4                __malloc_lock
 .text.__malloc_unlock
                0x080061c0        0xc e:/gnu tools arm embedded/9 2019-q4-major/bin/../lib/gcc/arm-none-eabi/9.2.1/../../../../arm-none-eabi/lib/thumb/v7e-m+fp/hard\libc_nano.a(lib_a-mlock.o)
                0x080061c0                __malloc_unlock
 .text._read_r  0x080061cc       0x24 e:/gnu tools arm embedded/9 2019-q4-major/bin/../lib/gcc/arm-none-eabi/9.2.1/../../../../arm-none-eabi/lib/thumb/v7e-m+fp/hard\libc_nano.a(lib_a-readr.o)
                0x080061cc                _read_r
 .text._close   0x080061f0       0x10 e:/gnu tools arm embedded/9 2019-q4-major/bin/../lib/gcc/arm-none-eabi/9.2.1/../../../../arm-none-eabi/lib/thumb/v7e-m+fp/hard\libnosys.a(close.o)
                0x080061f0                _close
 .text._fstat   0x08006200       0x10 e:/gnu tools arm embedded/9 2019-q4-major/bin/../lib/gcc/arm-none-eabi/9.2.1/../../../../arm-none-eabi/lib/thumb/v7e-m+fp/hard\libnosys.a(fstat.o)
                0x08006200                _fstat
 .text._isatty  0x08006210       0x10 e:/gnu tools arm embedded/9 2019-q4-major/bin/../lib/gcc/arm-none-eabi/9.2.1/../../../../arm-none-eabi/lib/thumb/v7e-m+fp/hard\libnosys.a(isatty.o)
                0x08006210                _isatty
 .text._lseek   0x08006220       0x10 e:/gnu tools arm embedded/9 2019-q4-major/bin/../lib/gcc/arm-none-eabi/9.2.1/../../../../arm-none-eabi/lib/thumb/v7e-m+fp/hard\libnosys.a(lseek.o)
                0x08006220                _lseek
 .text._read    0x08006230       0x10 e:/gnu tools arm embedded/9 2019-q4-major/bin/../lib/gcc/arm-none-eabi/9.2.1/../../../../arm-none-eabi/lib/thumb/v7e-m+fp/hard\libnosys.a(read.o)
                0x08006230                _read
 .text._sbrk    0x08006240       0x1c e:/gnu tools arm embedded/9 2019-q4-major/bin/../lib/gcc/arm-none-eabi/9.2.1/../../../../arm-none-eabi/lib/thumb/v7e-m+fp/hard\libnosys.a(sbrk.o)
                0x08006240                _sbrk
 *(.glue_7)
 .glue_7        0x0800625c        0x0 linker stubs
 *(.glue_7t)
 .glue_7t       0x0800625c        0x0 linker stubs
 *(.eh_frame)
 .eh_frame      0x0800625c        0x0 e:/gnu tools arm embedded/9 2019-q4-major/bin/../lib/gcc/arm-none-eabi/9.2.1/thumb/v7e-m+fp/hard/crtbegin.o
 *(.init)
 .init          0x0800625c        0x4 e:/gnu tools arm embedded/9 2019-q4-major/bin/../lib/gcc/arm-none-eabi/9.2.1/thumb/v7e-m+fp/hard/crti.o
                0x0800625c                _init
 .init          0x08006260        0x8 e:/gnu tools arm embedded/9 2019-q4-major/bin/../lib/gcc/arm-none-eabi/9.2.1/thumb/v7e-m+fp/hard/crtn.o
 *(.fini)
 .fini          0x08006268        0x4 e:/gnu tools arm embedded/9 2019-q4-major/bin/../lib/gcc/arm-none-eabi/9.2.1/thumb/v7e-m+fp/hard/crti.o
                0x08006268                _fini
 .fini          0x0800626c        0x8 e:/gnu tools arm embedded/9 2019-q4-major/bin/../lib/gcc/arm-none-eabi/9.2.1/thumb/v7e-m+fp/hard/crtn.o
                0x08006274                . = ALIGN (0x4)
                0x08006274                _etext = .

.vfp11_veneer   0x08006274        0x0
 .vfp11_veneer  0x08006274        0x0 linker stubs

.v4_bx          0x08006274        0x0
 .v4_bx         0x08006274        0x0 linker stubs

.iplt           0x08006274        0x0
 .iplt          0x08006274        0x0 e:/gnu tools arm embedded/9 2019-q4-major/bin/../lib/gcc/arm-none-eabi/9.2.1/thumb/v7e-m+fp/hard/crtbegin.o

.rodata         0x08006274      0xbcc
                0x08006274                . = ALIGN (0x4)
 *(.rodata)
 .rodata        0x08006274       0x1c build/freertos.o
 *(.rodata*)
 .rodata.MavlinkProcessMsg.str1.4
                0x08006290       0x8f build/mavlink_task.o
 *fill*         0x0800631f        0x1 
 .rodata.MavlinkInit.str1.4
                0x08006320        0xc build/mavlink_task.o
 .rodata.mavlink_message_crcs.8192
                0x0800632c      0x948 build/mavlink_task.o
 .rodata.mavlink_sha256_constant_256
                0x08006c74      0x100 build/mavlink_task.o
 .rodata.str1.4
                0x08006d74        0xc build/freertos.o
 .rodata.flagBitshiftOffset.8249
                0x08006d80        0x8 build/stm32f4xx_hal_dma.o
 .rodata.AHBPrescTable
                0x08006d88       0x10 build/system_stm32f4xx.o
                0x08006d88                AHBPrescTable
 .rodata.APBPrescTable
                0x08006d98        0x8 build/system_stm32f4xx.o
                0x08006d98                APBPrescTable
 .rodata.vTaskStartScheduler.str1.4
                0x08006da0        0x5 build/tasks.o
 *fill*         0x08006da5        0x3 
 .rodata._global_impure_ptr
                0x08006da8        0x4 e:/gnu tools arm embedded/9 2019-q4-major/bin/../lib/gcc/arm-none-eabi/9.2.1/../../../../arm-none-eabi/lib/thumb/v7e-m+fp/hard\libc_nano.a(lib_a-impure.o)
                0x08006da8                _global_impure_ptr
 .rodata.__sf_fake_stderr
                0x08006dac       0x20 e:/gnu tools arm embedded/9 2019-q4-major/bin/../lib/gcc/arm-none-eabi/9.2.1/../../../../arm-none-eabi/lib/thumb/v7e-m+fp/hard\libc_nano.a(lib_a-findfp.o)
                0x08006dac                __sf_fake_stderr
 .rodata.__sf_fake_stdin
                0x08006dcc       0x20 e:/gnu tools arm embedded/9 2019-q4-major/bin/../lib/gcc/arm-none-eabi/9.2.1/../../../../arm-none-eabi/lib/thumb/v7e-m+fp/hard\libc_nano.a(lib_a-findfp.o)
                0x08006dcc                __sf_fake_stdin
 .rodata.__sf_fake_stdout
                0x08006dec       0x20 e:/gnu tools arm embedded/9 2019-q4-major/bin/../lib/gcc/arm-none-eabi/9.2.1/../../../../arm-none-eabi/lib/thumb/v7e-m+fp/hard\libc_nano.a(lib_a-findfp.o)
                0x08006dec                __sf_fake_stdout
 .rodata._vfprintf_r.str1.1
                0x08006e0c       0x11 e:/gnu tools arm embedded/9 2019-q4-major/bin/../lib/gcc/arm-none-eabi/9.2.1/../../../../arm-none-eabi/lib/thumb/v7e-m+fp/hard\libc_nano.a(lib_a-nano-vfprintf.o)
 .rodata._printf_i.str1.1
                0x08006e1d       0x22 e:/gnu tools arm embedded/9 2019-q4-major/bin/../lib/gcc/arm-none-eabi/9.2.1/../../../../arm-none-eabi/lib/thumb/v7e-m+fp/hard\libc_nano.a(lib_a-nano-vfprintf_i.o)
                0x08006e40                . = ALIGN (0x4)
 *fill*         0x08006e3f        0x1 

.ARM.extab
 *(.ARM.extab* .gnu.linkonce.armextab.*)

.ARM            0x08006e40        0x8
                0x08006e40                __exidx_start = .
 *(.ARM.exidx*)
 .ARM.exidx     0x08006e40        0x8 e:/gnu tools arm embedded/9 2019-q4-major/bin/../lib/gcc/arm-none-eabi/9.2.1/thumb/v7e-m+fp/hard\libgcc.a(_udivmoddi4.o)
                0x08006e48                __exidx_end = .

.rel.dyn        0x08006e48        0x0
 .rel.iplt      0x08006e48        0x0 e:/gnu tools arm embedded/9 2019-q4-major/bin/../lib/gcc/arm-none-eabi/9.2.1/thumb/v7e-m+fp/hard/crtbegin.o

.preinit_array  0x08006e48        0x0
                0x08006e48                PROVIDE (__preinit_array_start = .)
 *(.preinit_array*)
                0x08006e48                PROVIDE (__preinit_array_end = .)

.init_array     0x08006e48        0x4
                0x08006e48                PROVIDE (__init_array_start = .)
 *(SORT_BY_NAME(.init_array.*))
 *(.init_array*)
 .init_array    0x08006e48        0x4 e:/gnu tools arm embedded/9 2019-q4-major/bin/../lib/gcc/arm-none-eabi/9.2.1/thumb/v7e-m+fp/hard/crtbegin.o
                0x08006e4c                PROVIDE (__init_array_end = .)

.fini_array     0x08006e4c        0x4
                [!provide]                PROVIDE (__fini_array_start = .)
 *(SORT_BY_NAME(.fini_array.*))
 *(.fini_array*)
 .fini_array    0x08006e4c        0x4 e:/gnu tools arm embedded/9 2019-q4-major/bin/../lib/gcc/arm-none-eabi/9.2.1/thumb/v7e-m+fp/hard/crtbegin.o
                [!provide]                PROVIDE (__fini_array_end = .)
                0x08006e50                _sidata = LOADADDR (.data)

.data           0x20000000       0x74 load address 0x08006e50
                0x20000000                . = ALIGN (0x4)
                0x20000000                _sdata = .
 *(.data)
 *(.data*)
 .data.uwTickFreq
                0x20000000        0x1 build/stm32f4xx_hal.o
                0x20000000                uwTickFreq
 *fill*         0x20000001        0x3 
 .data.uwTickPrio
                0x20000004        0x4 build/stm32f4xx_hal.o
                0x20000004                uwTickPrio
 .data.SystemCoreClock
                0x20000008        0x4 build/system_stm32f4xx.o
                0x20000008                SystemCoreClock
 .data.uxCriticalNesting
                0x2000000c        0x4 build/port.o
 .data._impure_ptr
                0x20000010        0x4 e:/gnu tools arm embedded/9 2019-q4-major/bin/../lib/gcc/arm-none-eabi/9.2.1/../../../../arm-none-eabi/lib/thumb/v7e-m+fp/hard\libc_nano.a(lib_a-impure.o)
                0x20000010                _impure_ptr
 .data.impure_data
                0x20000014       0x60 e:/gnu tools arm embedded/9 2019-q4-major/bin/../lib/gcc/arm-none-eabi/9.2.1/../../../../arm-none-eabi/lib/thumb/v7e-m+fp/hard\libc_nano.a(lib_a-impure.o)
                0x20000074                . = ALIGN (0x4)
                0x20000074                _edata = .
                0x08006ec4                _siccmram = LOADADDR (.ccmram)

.igot.plt       0x20000074        0x0 load address 0x08006ec4
 .igot.plt      0x20000074        0x0 e:/gnu tools arm embedded/9 2019-q4-major/bin/../lib/gcc/arm-none-eabi/9.2.1/thumb/v7e-m+fp/hard/crtbegin.o

.ccmram         0x10000000        0x0 load address 0x08006ec4
                0x10000000                . = ALIGN (0x4)
                0x10000000                _sccmram = .
 *(.ccmram)
 *(.ccmram*)
                0x10000000                . = ALIGN (0x4)
                0x10000000                _eccmram = .
                0x10000000                . = ALIGN (0x4)

.bss            0x20000074     0x4ff8
                0x20000074                _sbss = .
                0x20000074                __bss_start__ = _sbss
 *(.bss)
 .bss           0x20000074       0x1c e:/gnu tools arm embedded/9 2019-q4-major/bin/../lib/gcc/arm-none-eabi/9.2.1/thumb/v7e-m+fp/hard/crtbegin.o
 *(.bss*)
 .bss.old_pos.9691
                0x20000090        0x4 build/usart2.o
 .bss.osSys_usart2_queueMgm
                0x20000094       0x48 build/usart2.o
 .bss.osSys_usart2_queueStorage
                0x200000dc       0x28 build/usart2.o
 .bss.rx_buffer
                0x20000104       0x80 build/usart2.o
 .bss.m_mavlink_buffer.8083
                0x20000184      0x48c build/mavlink_task.o
 .bss.m_mavlink_status.8079
                0x20000610       0x60 build/mavlink_task.o
 .bss.msg       0x20000670      0x123 build/mavlink_task.o
 *fill*         0x20000793        0x1 
 .bss.osSys_mavlink_taskStackBuffer
                0x20000794      0x600 build/mavlink_task.o
 .bss.osSys_mavlink_taskTaskBuffer
                0x20000d94       0x54 build/mavlink_task.o
 .bss.rc_channels_override
                0x20000de8       0x26 build/mavlink_task.o
 *fill*         0x20000e0e        0x2 
 .bss.status    0x20000e10       0x18 build/mavlink_task.o
 .bss.xIdleStack
                0x20000e28      0x200 build/freertos.o
 .bss.xIdleTaskTCBBuffer
                0x20001028       0x54 build/freertos.o
 .bss.pxCurrentTCB
                0x2000107c        0x4 build/tasks.o
                0x2000107c                pxCurrentTCB
 .bss.pxDelayedTaskList
                0x20001080        0x4 build/tasks.o
 .bss.pxOverflowDelayedTaskList
                0x20001084        0x4 build/tasks.o
 .bss.pxReadyTasksLists
                0x20001088       0x8c build/tasks.o
 .bss.uxCurrentNumberOfTasks
                0x20001114        0x4 build/tasks.o
 .bss.uxDeletedTasksWaitingCleanUp
                0x20001118        0x4 build/tasks.o
 .bss.uxPendedTicks
                0x2000111c        0x4 build/tasks.o
 .bss.uxSchedulerSuspended
                0x20001120        0x4 build/tasks.o
 .bss.uxTaskNumber
                0x20001124        0x4 build/tasks.o
 .bss.uxTopReadyPriority
                0x20001128        0x4 build/tasks.o
 .bss.xDelayedTaskList1
                0x2000112c       0x14 build/tasks.o
 .bss.xDelayedTaskList2
                0x20001140       0x14 build/tasks.o
 .bss.xNextTaskUnblockTime
                0x20001154        0x4 build/tasks.o
 .bss.xNumOfOverflows
                0x20001158        0x4 build/tasks.o
 .bss.xPendingReadyList
                0x2000115c       0x14 build/tasks.o
 .bss.xSchedulerRunning
                0x20001170        0x4 build/tasks.o
 .bss.xSuspendedTaskList
                0x20001174       0x14 build/tasks.o
 .bss.xTasksWaitingTermination
                0x20001188       0x14 build/tasks.o
 .bss.xTickCount
                0x2000119c        0x4 build/tasks.o
 .bss.xYieldPending
                0x200011a0        0x4 build/tasks.o
 .bss.pxEnd     0x200011a4        0x4 build/heap_4.o
 .bss.ucHeap    0x200011a8     0x3c00 build/heap_4.o
 .bss.xBlockAllocatedBit
                0x20004da8        0x4 build/heap_4.o
 .bss.xFreeBytesRemaining
                0x20004dac        0x4 build/heap_4.o
 .bss.xMinimumEverFreeBytesRemaining
                0x20004db0        0x4 build/heap_4.o
 .bss.xStart    0x20004db4        0x8 build/heap_4.o
 .bss.ucMaxSysCallPriority
                0x20004dbc        0x1 build/port.o
 *fill*         0x20004dbd        0x3 
 .bss.ulMaxPRIGROUPValue
                0x20004dc0        0x4 build/port.o
 .bss.__malloc_free_list
                0x20004dc4        0x4 e:/gnu tools arm embedded/9 2019-q4-major/bin/../lib/gcc/arm-none-eabi/9.2.1/../../../../arm-none-eabi/lib/thumb/v7e-m+fp/hard\libc_nano.a(lib_a-nano-mallocr.o)
                0x20004dc4                __malloc_free_list
 .bss.__malloc_sbrk_start
                0x20004dc8        0x4 e:/gnu tools arm embedded/9 2019-q4-major/bin/../lib/gcc/arm-none-eabi/9.2.1/../../../../arm-none-eabi/lib/thumb/v7e-m+fp/hard\libc_nano.a(lib_a-nano-mallocr.o)
                0x20004dc8                __malloc_sbrk_start
 .bss.heap_end.5507
                0x20004dcc        0x4 e:/gnu tools arm embedded/9 2019-q4-major/bin/../lib/gcc/arm-none-eabi/9.2.1/../../../../arm-none-eabi/lib/thumb/v7e-m+fp/hard\libnosys.a(sbrk.o)
 *(COMMON)
 COMMON         0x20004dd0        0x4 build/usart2.o
                0x20004dd0                usart2_queue
 COMMON         0x20004dd4        0x4 build/freertos.o
                0x20004dd4                defaultTaskHandle
 COMMON         0x20004dd8       0x40 build/tim.o
                0x20004dd8                htim4
 COMMON         0x20004e18      0x200 build/usart.o
                0x20004e18                hdma_usart2_rx
                0x20004e78                hdma_usart1_tx
                0x20004ed8                hdma_usart1_rx
                0x20004f38                hdma_usart2_tx
                0x20004f98                huart1
                0x20004fd8                huart2
 COMMON         0x20005018       0x40 build/stm32f4xx_hal_timebase_tim.o
                0x20005018                htim7
 COMMON         0x20005058        0x4 build/stm32f4xx_hal.o
                0x20005058                uwTick
 COMMON         0x2000505c        0x9 e:/gnu tools arm embedded/9 2019-q4-major/bin/../lib/gcc/arm-none-eabi/9.2.1/../../../../arm-none-eabi/lib/thumb/v7e-m+fp/hard\libc_nano.a(lib_a-lock.o)
                0x2000505c                __lock___atexit_recursive_mutex
                0x2000505d                __lock___arc4random_mutex
                0x2000505e                __lock___env_recursive_mutex
                0x2000505f                __lock___sinit_recursive_mutex
                0x20005060                __lock___malloc_recursive_mutex
                0x20005061                __lock___at_quick_exit_mutex
                0x20005062                __lock___dd_hash_mutex
                0x20005063                __lock___tz_mutex
                0x20005064                __lock___sfp_recursive_mutex
 *fill*         0x20005065        0x3 
 COMMON         0x20005068        0x4 e:/gnu tools arm embedded/9 2019-q4-major/bin/../lib/gcc/arm-none-eabi/9.2.1/../../../../arm-none-eabi/lib/thumb/v7e-m+fp/hard\libc_nano.a(lib_a-reent.o)
                0x20005068                errno
                0x2000506c                . = ALIGN (0x4)
                0x2000506c                _ebss = .
                0x2000506c                __bss_end__ = _ebss

._user_heap_stack
                0x2000506c      0x604
                0x20005070                . = ALIGN (0x8)
 *fill*         0x2000506c        0x4 
                0x20005070                PROVIDE (end = .)
                [!provide]                PROVIDE (_end = .)
                0x20005270                . = (. + _Min_Heap_Size)
 *fill*         0x20005070      0x200 
                0x20005670                . = (. + _Min_Stack_Size)
 *fill*         0x20005270      0x400 
                0x20005670                . = ALIGN (0x8)

/DISCARD/
 libc.a(*)
 libm.a(*)
 libgcc.a(*)

.ARM.attributes
                0x00000000       0x30
 *(.ARM.attributes)
 .ARM.attributes
                0x00000000       0x1e e:/gnu tools arm embedded/9 2019-q4-major/bin/../lib/gcc/arm-none-eabi/9.2.1/thumb/v7e-m+fp/hard/crti.o
 .ARM.attributes
                0x0000001e       0x34 e:/gnu tools arm embedded/9 2019-q4-major/bin/../lib/gcc/arm-none-eabi/9.2.1/thumb/v7e-m+fp/hard/crtbegin.o
 .ARM.attributes
                0x00000052       0x34 build/usart2.o
 .ARM.attributes
                0x00000086       0x34 build/motor.o
 .ARM.attributes
                0x000000ba       0x34 build/mavlink_task.o
 .ARM.attributes
                0x000000ee       0x34 build/utils.o
 .ARM.attributes
                0x00000122       0x34 build/main.o
 .ARM.attributes
                0x00000156       0x34 build/gpio.o
 .ARM.attributes
                0x0000018a       0x34 build/dma.o
 .ARM.attributes
                0x000001be       0x34 build/freertos.o
 .ARM.attributes
                0x000001f2       0x34 build/tim.o
 .ARM.attributes
                0x00000226       0x34 build/usart.o
 .ARM.attributes
                0x0000025a       0x34 build/stm32f4xx_it.o
 .ARM.attributes
                0x0000028e       0x34 build/stm32f4xx_hal_msp.o
 .ARM.attributes
                0x000002c2       0x34 build/stm32f4xx_hal_timebase_tim.o
 .ARM.attributes
                0x000002f6       0x34 build/stm32f4xx_hal_rcc.o
 .ARM.attributes
                0x0000032a       0x34 build/stm32f4xx_hal_gpio.o
 .ARM.attributes
                0x0000035e       0x34 build/stm32f4xx_hal_dma.o
 .ARM.attributes
                0x00000392       0x34 build/stm32f4xx_hal_cortex.o
 .ARM.attributes
                0x000003c6       0x34 build/stm32f4xx_hal.o
 .ARM.attributes
                0x000003fa       0x34 build/stm32f4xx_hal_tim.o
 .ARM.attributes
                0x0000042e       0x34 build/stm32f4xx_hal_tim_ex.o
 .ARM.attributes
                0x00000462       0x34 build/stm32f4xx_hal_uart.o
 .ARM.attributes
                0x00000496       0x34 build/system_stm32f4xx.o
 .ARM.attributes
                0x000004ca       0x34 build/list.o
 .ARM.attributes
                0x000004fe       0x34 build/queue.o
 .ARM.attributes
                0x00000532       0x34 build/tasks.o
 .ARM.attributes
                0x00000566       0x34 build/cmsis_os.o
 .ARM.attributes
                0x0000059a       0x34 build/heap_4.o
 .ARM.attributes
                0x000005ce       0x34 build/port.o
 .ARM.attributes
                0x00000602       0x21 build/startup_stm32f407xx.o
 .ARM.attributes
                0x00000623       0x32 e:/gnu tools arm embedded/9 2019-q4-major/bin/../lib/gcc/arm-none-eabi/9.2.1/../../../../arm-none-eabi/lib/thumb/v7e-m+fp/hard\libc_nano.a(lib_a-impure.o)
 .ARM.attributes
                0x00000655       0x34 e:/gnu tools arm embedded/9 2019-q4-major/bin/../lib/gcc/arm-none-eabi/9.2.1/../../../../arm-none-eabi/lib/thumb/v7e-m+fp/hard\libc_nano.a(lib_a-init.o)
 .ARM.attributes
                0x00000689       0x34 e:/gnu tools arm embedded/9 2019-q4-major/bin/../lib/gcc/arm-none-eabi/9.2.1/../../../../arm-none-eabi/lib/thumb/v7e-m+fp/hard\libc_nano.a(lib_a-memcmp.o)
 .ARM.attributes
                0x000006bd       0x34 e:/gnu tools arm embedded/9 2019-q4-major/bin/../lib/gcc/arm-none-eabi/9.2.1/../../../../arm-none-eabi/lib/thumb/v7e-m+fp/hard\libc_nano.a(lib_a-memcpy-stub.o)
 .ARM.attributes
                0x000006f1       0x34 e:/gnu tools arm embedded/9 2019-q4-major/bin/../lib/gcc/arm-none-eabi/9.2.1/../../../../arm-none-eabi/lib/thumb/v7e-m+fp/hard\libc_nano.a(lib_a-memset.o)
 .ARM.attributes
                0x00000725       0x34 e:/gnu tools arm embedded/9 2019-q4-major/bin/../lib/gcc/arm-none-eabi/9.2.1/../../../../arm-none-eabi/lib/thumb/v7e-m+fp/hard\libc_nano.a(lib_a-printf.o)
 .ARM.attributes
                0x00000759       0x34 e:/gnu tools arm embedded/9 2019-q4-major/bin/../lib/gcc/arm-none-eabi/9.2.1/../../../../arm-none-eabi/lib/thumb/v7e-m+fp/hard\libc_nano.a(lib_a-puts.o)
 .ARM.attributes
                0x0000078d       0x34 e:/gnu tools arm embedded/9 2019-q4-major/bin/../lib/gcc/arm-none-eabi/9.2.1/../../../../arm-none-eabi/lib/thumb/v7e-m+fp/hard\libc_nano.a(lib_a-wbuf.o)
 .ARM.attributes
                0x000007c1       0x34 e:/gnu tools arm embedded/9 2019-q4-major/bin/../lib/gcc/arm-none-eabi/9.2.1/../../../../arm-none-eabi/lib/thumb/v7e-m+fp/hard\libc_nano.a(lib_a-wsetup.o)
 .ARM.attributes
                0x000007f5       0x34 e:/gnu tools arm embedded/9 2019-q4-major/bin/../lib/gcc/arm-none-eabi/9.2.1/../../../../arm-none-eabi/lib/thumb/v7e-m+fp/hard\libc_nano.a(lib_a-fflush.o)
 .ARM.attributes
                0x00000829       0x34 e:/gnu tools arm embedded/9 2019-q4-major/bin/../lib/gcc/arm-none-eabi/9.2.1/../../../../arm-none-eabi/lib/thumb/v7e-m+fp/hard\libc_nano.a(lib_a-findfp.o)
 .ARM.attributes
                0x0000085d       0x34 e:/gnu tools arm embedded/9 2019-q4-major/bin/../lib/gcc/arm-none-eabi/9.2.1/../../../../arm-none-eabi/lib/thumb/v7e-m+fp/hard\libc_nano.a(lib_a-fwalk.o)
 .ARM.attributes
                0x00000891       0x34 e:/gnu tools arm embedded/9 2019-q4-major/bin/../lib/gcc/arm-none-eabi/9.2.1/../../../../arm-none-eabi/lib/thumb/v7e-m+fp/hard\libc_nano.a(lib_a-lock.o)
 .ARM.attributes
                0x000008c5       0x34 e:/gnu tools arm embedded/9 2019-q4-major/bin/../lib/gcc/arm-none-eabi/9.2.1/../../../../arm-none-eabi/lib/thumb/v7e-m+fp/hard\libc_nano.a(lib_a-makebuf.o)
 .ARM.attributes
                0x000008f9       0x34 e:/gnu tools arm embedded/9 2019-q4-major/bin/../lib/gcc/arm-none-eabi/9.2.1/../../../../arm-none-eabi/lib/thumb/v7e-m+fp/hard\libc_nano.a(lib_a-nano-freer.o)
 .ARM.attributes
                0x0000092d       0x34 e:/gnu tools arm embedded/9 2019-q4-major/bin/../lib/gcc/arm-none-eabi/9.2.1/../../../../arm-none-eabi/lib/thumb/v7e-m+fp/hard\libc_nano.a(lib_a-nano-mallocr.o)
 .ARM.attributes
                0x00000961       0x34 e:/gnu tools arm embedded/9 2019-q4-major/bin/../lib/gcc/arm-none-eabi/9.2.1/../../../../arm-none-eabi/lib/thumb/v7e-m+fp/hard\libc_nano.a(lib_a-nano-vfprintf.o)
 .ARM.attributes
                0x00000995       0x34 e:/gnu tools arm embedded/9 2019-q4-major/bin/../lib/gcc/arm-none-eabi/9.2.1/../../../../arm-none-eabi/lib/thumb/v7e-m+fp/hard\libc_nano.a(lib_a-nano-vfprintf_i.o)
 .ARM.attributes
                0x000009c9       0x34 e:/gnu tools arm embedded/9 2019-q4-major/bin/../lib/gcc/arm-none-eabi/9.2.1/../../../../arm-none-eabi/lib/thumb/v7e-m+fp/hard\libc_nano.a(lib_a-sbrkr.o)
 .ARM.attributes
                0x000009fd       0x34 e:/gnu tools arm embedded/9 2019-q4-major/bin/../lib/gcc/arm-none-eabi/9.2.1/../../../../arm-none-eabi/lib/thumb/v7e-m+fp/hard\libc_nano.a(lib_a-stdio.o)
 .ARM.attributes
                0x00000a31       0x34 e:/gnu tools arm embedded/9 2019-q4-major/bin/../lib/gcc/arm-none-eabi/9.2.1/../../../../arm-none-eabi/lib/thumb/v7e-m+fp/hard\libc_nano.a(lib_a-writer.o)
 .ARM.attributes
                0x00000a65       0x34 e:/gnu tools arm embedded/9 2019-q4-major/bin/../lib/gcc/arm-none-eabi/9.2.1/../../../../arm-none-eabi/lib/thumb/v7e-m+fp/hard\libc_nano.a(lib_a-closer.o)
 .ARM.attributes
                0x00000a99       0x34 e:/gnu tools arm embedded/9 2019-q4-major/bin/../lib/gcc/arm-none-eabi/9.2.1/../../../../arm-none-eabi/lib/thumb/v7e-m+fp/hard\libc_nano.a(lib_a-fstatr.o)
 .ARM.attributes
                0x00000acd       0x34 e:/gnu tools arm embedded/9 2019-q4-major/bin/../lib/gcc/arm-none-eabi/9.2.1/../../../../arm-none-eabi/lib/thumb/v7e-m+fp/hard\libc_nano.a(lib_a-isattyr.o)
 .ARM.attributes
                0x00000b01       0x34 e:/gnu tools arm embedded/9 2019-q4-major/bin/../lib/gcc/arm-none-eabi/9.2.1/../../../../arm-none-eabi/lib/thumb/v7e-m+fp/hard\libc_nano.a(lib_a-lseekr.o)
 .ARM.attributes
                0x00000b35       0x1c e:/gnu tools arm embedded/9 2019-q4-major/bin/../lib/gcc/arm-none-eabi/9.2.1/../../../../arm-none-eabi/lib/thumb/v7e-m+fp/hard\libc_nano.a(lib_a-memchr.o)
 .ARM.attributes
                0x00000b51       0x34 e:/gnu tools arm embedded/9 2019-q4-major/bin/../lib/gcc/arm-none-eabi/9.2.1/../../../../arm-none-eabi/lib/thumb/v7e-m+fp/hard\libc_nano.a(lib_a-mlock.o)
 .ARM.attributes
                0x00000b85       0x34 e:/gnu tools arm embedded/9 2019-q4-major/bin/../lib/gcc/arm-none-eabi/9.2.1/../../../../arm-none-eabi/lib/thumb/v7e-m+fp/hard\libc_nano.a(lib_a-readr.o)
 .ARM.attributes
                0x00000bb9       0x34 e:/gnu tools arm embedded/9 2019-q4-major/bin/../lib/gcc/arm-none-eabi/9.2.1/../../../../arm-none-eabi/lib/thumb/v7e-m+fp/hard\libc_nano.a(lib_a-reent.o)
 .ARM.attributes
                0x00000bed       0x34 e:/gnu tools arm embedded/9 2019-q4-major/bin/../lib/gcc/arm-none-eabi/9.2.1/../../../../arm-none-eabi/lib/thumb/v7e-m+fp/hard\libnosys.a(close.o)
 .ARM.attributes
                0x00000c21       0x34 e:/gnu tools arm embedded/9 2019-q4-major/bin/../lib/gcc/arm-none-eabi/9.2.1/../../../../arm-none-eabi/lib/thumb/v7e-m+fp/hard\libnosys.a(fstat.o)
 .ARM.attributes
                0x00000c55       0x34 e:/gnu tools arm embedded/9 2019-q4-major/bin/../lib/gcc/arm-none-eabi/9.2.1/../../../../arm-none-eabi/lib/thumb/v7e-m+fp/hard\libnosys.a(isatty.o)
 .ARM.attributes
                0x00000c89       0x34 e:/gnu tools arm embedded/9 2019-q4-major/bin/../lib/gcc/arm-none-eabi/9.2.1/../../../../arm-none-eabi/lib/thumb/v7e-m+fp/hard\libnosys.a(lseek.o)
 .ARM.attributes
                0x00000cbd       0x34 e:/gnu tools arm embedded/9 2019-q4-major/bin/../lib/gcc/arm-none-eabi/9.2.1/../../../../arm-none-eabi/lib/thumb/v7e-m+fp/hard\libnosys.a(read.o)
 .ARM.attributes
                0x00000cf1       0x34 e:/gnu tools arm embedded/9 2019-q4-major/bin/../lib/gcc/arm-none-eabi/9.2.1/../../../../arm-none-eabi/lib/thumb/v7e-m+fp/hard\libnosys.a(sbrk.o)
 .ARM.attributes
                0x00000d25       0x1e e:/gnu tools arm embedded/9 2019-q4-major/bin/../lib/gcc/arm-none-eabi/9.2.1/thumb/v7e-m+fp/hard\libgcc.a(_aeabi_uldivmod.o)
 .ARM.attributes
                0x00000d43       0x34 e:/gnu tools arm embedded/9 2019-q4-major/bin/../lib/gcc/arm-none-eabi/9.2.1/thumb/v7e-m+fp/hard\libgcc.a(_udivmoddi4.o)
 .ARM.attributes
                0x00000d77       0x1e e:/gnu tools arm embedded/9 2019-q4-major/bin/../lib/gcc/arm-none-eabi/9.2.1/thumb/v7e-m+fp/hard\libgcc.a(_dvmd_tls.o)
 .ARM.attributes
                0x00000d95       0x1e e:/gnu tools arm embedded/9 2019-q4-major/bin/../lib/gcc/arm-none-eabi/9.2.1/thumb/v7e-m+fp/hard/crtn.o
OUTPUT(build/mainboard.elf elf32-littlearm)

.debug_info     0x00000000    0x29b02
 .debug_info    0x00000000     0x155d build/usart2.o
 .debug_info    0x0000155d     0x143e build/motor.o
 .debug_info    0x0000299b     0x3949 build/mavlink_task.o
 .debug_info    0x000062e4     0x11c7 build/utils.o
 .debug_info    0x000074ab     0x1acc build/main.o
 .debug_info    0x00008f77     0x1477 build/gpio.o
 .debug_info    0x0000a3ee     0x15ac build/dma.o
 .debug_info    0x0000b99a     0x140f build/freertos.o
 .debug_info    0x0000cda9     0x1a78 build/tim.o
 .debug_info    0x0000e821     0x19b5 build/usart.o
 .debug_info    0x000101d6     0x1492 build/stm32f4xx_it.o
 .debug_info    0x00011668     0x14f1 build/stm32f4xx_hal_msp.o
 .debug_info    0x00012b59      0xd9e build/stm32f4xx_hal_timebase_tim.o
 .debug_info    0x000138f7      0xc44 build/stm32f4xx_hal_rcc.o
 .debug_info    0x0001453b      0x915 build/stm32f4xx_hal_gpio.o
 .debug_info    0x00014e50      0xc8b build/stm32f4xx_hal_dma.o
 .debug_info    0x00015adb     0x123e build/stm32f4xx_hal_cortex.o
 .debug_info    0x00016d19      0xb5e build/stm32f4xx_hal.o
 .debug_info    0x00017877     0x39b3 build/stm32f4xx_hal_tim.o
 .debug_info    0x0001b22a     0x187c build/stm32f4xx_hal_tim_ex.o
 .debug_info    0x0001caa6     0x1b31 build/stm32f4xx_hal_uart.o
 .debug_info    0x0001e5d7      0x63c build/system_stm32f4xx.o
 .debug_info    0x0001ec13      0xca4 build/list.o
 .debug_info    0x0001f8b7     0x2d69 build/queue.o
 .debug_info    0x00022620     0x333e build/tasks.o
 .debug_info    0x0002595e     0x2d8a build/cmsis_os.o
 .debug_info    0x000286e8      0xe30 build/heap_4.o
 .debug_info    0x00029518      0x5c8 build/port.o
 .debug_info    0x00029ae0       0x22 build/startup_stm32f407xx.o

.debug_abbrev   0x00000000     0x4fe2
 .debug_abbrev  0x00000000      0x2b3 build/usart2.o
 .debug_abbrev  0x000002b3      0x269 build/motor.o
 .debug_abbrev  0x0000051c      0x5b6 build/mavlink_task.o
 .debug_abbrev  0x00000ad2      0x26d build/utils.o
 .debug_abbrev  0x00000d3f      0x2f8 build/main.o
 .debug_abbrev  0x00001037      0x239 build/gpio.o
 .debug_abbrev  0x00001270      0x242 build/dma.o
 .debug_abbrev  0x000014b2      0x283 build/freertos.o
 .debug_abbrev  0x00001735      0x2c4 build/tim.o
 .debug_abbrev  0x000019f9      0x297 build/usart.o
 .debug_abbrev  0x00001c90      0x231 build/stm32f4xx_it.o
 .debug_abbrev  0x00001ec1      0x235 build/stm32f4xx_hal_msp.o
 .debug_abbrev  0x000020f6      0x21c build/stm32f4xx_hal_timebase_tim.o
 .debug_abbrev  0x00002312      0x2cd build/stm32f4xx_hal_rcc.o
 .debug_abbrev  0x000025df      0x258 build/stm32f4xx_hal_gpio.o
 .debug_abbrev  0x00002837      0x312 build/stm32f4xx_hal_dma.o
 .debug_abbrev  0x00002b49      0x3a8 build/stm32f4xx_hal_cortex.o
 .debug_abbrev  0x00002ef1      0x21c build/stm32f4xx_hal.o
 .debug_abbrev  0x0000310d      0x2af build/stm32f4xx_hal_tim.o
 .debug_abbrev  0x000033bc      0x2ab build/stm32f4xx_hal_tim_ex.o
 .debug_abbrev  0x00003667      0x318 build/stm32f4xx_hal_uart.o
 .debug_abbrev  0x0000397f      0x14a build/system_stm32f4xx.o
 .debug_abbrev  0x00003ac9      0x245 build/list.o
 .debug_abbrev  0x00003d0e      0x44c build/queue.o
 .debug_abbrev  0x0000415a      0x448 build/tasks.o
 .debug_abbrev  0x000045a2      0x437 build/cmsis_os.o
 .debug_abbrev  0x000049d9      0x36d build/heap_4.o
 .debug_abbrev  0x00004d46      0x28a build/port.o
 .debug_abbrev  0x00004fd0       0x12 build/startup_stm32f407xx.o

.debug_loc      0x00000000    0x13394
 .debug_loc     0x00000000      0x1d9 build/usart2.o
 .debug_loc     0x000001d9       0xd0 build/motor.o
 .debug_loc     0x000002a9     0x2bb6 build/mavlink_task.o
 .debug_loc     0x00002e5f      0x2c0 build/utils.o
 .debug_loc     0x0000311f       0xbb build/main.o
 .debug_loc     0x000031da       0x38 build/gpio.o
 .debug_loc     0x00003212       0x38 build/dma.o
 .debug_loc     0x0000324a       0x7d build/freertos.o
 .debug_loc     0x000032c7       0xf8 build/tim.o
 .debug_loc     0x000033bf      0x150 build/usart.o
 .debug_loc     0x0000350f       0x80 build/stm32f4xx_it.o
 .debug_loc     0x0000358f       0x38 build/stm32f4xx_hal_msp.o
 .debug_loc     0x000035c7       0xbc build/stm32f4xx_hal_timebase_tim.o
 .debug_loc     0x00003683      0x6c7 build/stm32f4xx_hal_rcc.o
 .debug_loc     0x00003d4a      0x5c7 build/stm32f4xx_hal_gpio.o
 .debug_loc     0x00004311      0xd6d build/stm32f4xx_hal_dma.o
 .debug_loc     0x0000507e      0x7d4 build/stm32f4xx_hal_cortex.o
 .debug_loc     0x00005852      0x1e1 build/stm32f4xx_hal.o
 .debug_loc     0x00005a33     0x457e build/stm32f4xx_hal_tim.o
 .debug_loc     0x00009fb1     0x15b0 build/stm32f4xx_hal_tim_ex.o
 .debug_loc     0x0000b561     0x1d79 build/stm32f4xx_hal_uart.o
 .debug_loc     0x0000d2da      0x16c build/system_stm32f4xx.o
 .debug_loc     0x0000d446       0xe5 build/list.o
 .debug_loc     0x0000d52b     0x1ab9 build/queue.o
 .debug_loc     0x0000efe4     0x23ef build/tasks.o
 .debug_loc     0x000113d3     0x1a4c build/cmsis_os.o
 .debug_loc     0x00012e1f      0x3b5 build/heap_4.o
 .debug_loc     0x000131d4      0x1c0 build/port.o

.debug_aranges  0x00000000     0x1268
 .debug_aranges
                0x00000000       0x50 build/usart2.o
 .debug_aranges
                0x00000050       0x28 build/motor.o
 .debug_aranges
                0x00000078       0x38 build/mavlink_task.o
 .debug_aranges
                0x000000b0       0x30 build/utils.o
 .debug_aranges
                0x000000e0       0x38 build/main.o
 .debug_aranges
                0x00000118       0x20 build/gpio.o
 .debug_aranges
                0x00000138       0x20 build/dma.o
 .debug_aranges
                0x00000158       0x30 build/freertos.o
 .debug_aranges
                0x00000188       0x38 build/tim.o
 .debug_aranges
                0x000001c0       0x38 build/usart.o
 .debug_aranges
                0x000001f8       0x68 build/stm32f4xx_it.o
 .debug_aranges
                0x00000260       0x20 build/stm32f4xx_hal_msp.o
 .debug_aranges
                0x00000280       0x30 build/stm32f4xx_hal_timebase_tim.o
 .debug_aranges
                0x000002b0       0x88 build/stm32f4xx_hal_rcc.o
 .debug_aranges
                0x00000338       0x58 build/stm32f4xx_hal_gpio.o
 .debug_aranges
                0x00000390       0x90 build/stm32f4xx_hal_dma.o
 .debug_aranges
                0x00000420       0xa8 build/stm32f4xx_hal_cortex.o
 .debug_aranges
                0x000004c8       0xf0 build/stm32f4xx_hal.o
 .debug_aranges
                0x000005b8      0x3a8 build/stm32f4xx_hal_tim.o
 .debug_aranges
                0x00000960      0x150 build/stm32f4xx_hal_tim_ex.o
 .debug_aranges
                0x00000ab0      0x1d0 build/stm32f4xx_hal_uart.o
 .debug_aranges
                0x00000c80       0x28 build/system_stm32f4xx.o
 .debug_aranges
                0x00000ca8       0x40 build/list.o
 .debug_aranges
                0x00000ce8      0x108 build/queue.o
 .debug_aranges
                0x00000df0      0x1a8 build/tasks.o
 .debug_aranges
                0x00000f98      0x1d8 build/cmsis_os.o
 .debug_aranges
                0x00001170       0x50 build/heap_4.o
 .debug_aranges
                0x000011c0       0x80 build/port.o
 .debug_aranges
                0x00001240       0x28 build/startup_stm32f407xx.o

.debug_ranges   0x00000000     0x14f8
 .debug_ranges  0x00000000       0x40 build/usart2.o
 .debug_ranges  0x00000040       0x18 build/motor.o
 .debug_ranges  0x00000058      0x260 build/mavlink_task.o
 .debug_ranges  0x000002b8       0x20 build/utils.o
 .debug_ranges  0x000002d8       0x28 build/main.o
 .debug_ranges  0x00000300       0x10 build/gpio.o
 .debug_ranges  0x00000310       0x10 build/dma.o
 .debug_ranges  0x00000320       0x20 build/freertos.o
 .debug_ranges  0x00000340       0x28 build/tim.o
 .debug_ranges  0x00000368       0x28 build/usart.o
 .debug_ranges  0x00000390       0x58 build/stm32f4xx_it.o
 .debug_ranges  0x000003e8       0x10 build/stm32f4xx_hal_msp.o
 .debug_ranges  0x000003f8       0x20 build/stm32f4xx_hal_timebase_tim.o
 .debug_ranges  0x00000418       0x90 build/stm32f4xx_hal_rcc.o
 .debug_ranges  0x000004a8       0x48 build/stm32f4xx_hal_gpio.o
 .debug_ranges  0x000004f0       0x80 build/stm32f4xx_hal_dma.o
 .debug_ranges  0x00000570       0xf8 build/stm32f4xx_hal_cortex.o
 .debug_ranges  0x00000668       0xe0 build/stm32f4xx_hal.o
 .debug_ranges  0x00000748      0x398 build/stm32f4xx_hal_tim.o
 .debug_ranges  0x00000ae0      0x140 build/stm32f4xx_hal_tim_ex.o
 .debug_ranges  0x00000c20      0x1c0 build/stm32f4xx_hal_uart.o
 .debug_ranges  0x00000de0       0x18 build/system_stm32f4xx.o
 .debug_ranges  0x00000df8       0x30 build/list.o
 .debug_ranges  0x00000e28      0x1c8 build/queue.o
 .debug_ranges  0x00000ff0      0x258 build/tasks.o
 .debug_ranges  0x00001248      0x1c8 build/cmsis_os.o
 .debug_ranges  0x00001410       0x40 build/heap_4.o
 .debug_ranges  0x00001450       0x88 build/port.o
 .debug_ranges  0x000014d8       0x20 build/startup_stm32f407xx.o

.debug_line     0x00000000    0x142e1
 .debug_line    0x00000000      0x4ba build/usart2.o
 .debug_line    0x000004ba      0x323 build/motor.o
 .debug_line    0x000007dd     0x1c3b build/mavlink_task.o
 .debug_line    0x00002418      0x3cb build/utils.o
 .debug_line    0x000027e3      0x4d5 build/main.o
 .debug_line    0x00002cb8      0x2ce build/gpio.o
 .debug_line    0x00002f86      0x2a1 build/dma.o
 .debug_line    0x00003227      0x3c7 build/freertos.o
 .debug_line    0x000035ee      0x473 build/tim.o
 .debug_line    0x00003a61      0x605 build/usart.o
 .debug_line    0x00004066      0x39a build/stm32f4xx_it.o
 .debug_line    0x00004400      0x2a9 build/stm32f4xx_hal_msp.o
 .debug_line    0x000046a9      0x2ba build/stm32f4xx_hal_timebase_tim.o
 .debug_line    0x00004963      0xb26 build/stm32f4xx_hal_rcc.o
 .debug_line    0x00005489      0x717 build/stm32f4xx_hal_gpio.o
 .debug_line    0x00005ba0      0xe15 build/stm32f4xx_hal_dma.o
 .debug_line    0x000069b5      0x790 build/stm32f4xx_hal_cortex.o
 .debug_line    0x00007145      0x553 build/stm32f4xx_hal.o
 .debug_line    0x00007698     0x36b5 build/stm32f4xx_hal_tim.o
 .debug_line    0x0000ad4d     0x11e1 build/stm32f4xx_hal_tim_ex.o
 .debug_line    0x0000bf2e     0x1c57 build/stm32f4xx_hal_uart.o
 .debug_line    0x0000db85      0x277 build/system_stm32f4xx.o
 .debug_line    0x0000ddfc      0x426 build/list.o
 .debug_line    0x0000e222     0x1c67 build/queue.o
 .debug_line    0x0000fe89     0x244a build/tasks.o
 .debug_line    0x000122d3     0x1213 build/cmsis_os.o
 .debug_line    0x000134e6      0x6a4 build/heap_4.o
 .debug_line    0x00013b8a      0x6e4 build/port.o
 .debug_line    0x0001426e       0x73 build/startup_stm32f407xx.o

.debug_str      0x00000000     0x6866
 .debug_str     0x00000000      0xc5a build/usart2.o
                                0xd67 (size before relaxing)
 .debug_str     0x00000c5a      0x219 build/motor.o
                                0xc9c (size before relaxing)
 .debug_str     0x00000e73      0xae1 build/mavlink_task.o
                               0x189e (size before relaxing)
 .debug_str     0x00001954       0x58 build/utils.o
                                0xae8 (size before relaxing)
 .debug_str     0x000019ac      0x333 build/main.o
                               0x1050 (size before relaxing)
 .debug_str     0x00001cdf       0xaf build/gpio.o
                                0xc38 (size before relaxing)
 .debug_str     0x00001d8e      0x520 build/dma.o
                               0x10a8 (size before relaxing)
 .debug_str     0x000022ae      0x1d8 build/freertos.o
                                0xd74 (size before relaxing)
 .debug_str     0x00002486      0x1e2 build/tim.o
                                0xffa (size before relaxing)
 .debug_str     0x00002668       0xc5 build/usart.o
                               0x1230 (size before relaxing)
 .debug_str     0x0000272d       0xe3 build/stm32f4xx_it.o
                                0xd74 (size before relaxing)
 .debug_str     0x00002810       0x24 build/stm32f4xx_hal_msp.o
                               0x10a3 (size before relaxing)
 .debug_str     0x00002834       0xde build/stm32f4xx_hal_timebase_tim.o
                                0xe2b (size before relaxing)
 .debug_str     0x00002912      0x1a8 build/stm32f4xx_hal_rcc.o
                                0x79e (size before relaxing)
 .debug_str     0x00002aba      0x125 build/stm32f4xx_hal_gpio.o
                                0x5c0 (size before relaxing)
 .debug_str     0x00002bdf      0x2dc build/stm32f4xx_hal_dma.o
                                0x846 (size before relaxing)
 .debug_str     0x00002ebb      0x4b6 build/stm32f4xx_hal_cortex.o
                                0xcfa (size before relaxing)
 .debug_str     0x00003371      0x1f8 build/stm32f4xx_hal.o
                                0xbbb (size before relaxing)
 .debug_str     0x00003569      0xca0 build/stm32f4xx_hal_tim.o
                               0x159d (size before relaxing)
 .debug_str     0x00004209      0x4d5 build/stm32f4xx_hal_tim_ex.o
                                0xdb5 (size before relaxing)
 .debug_str     0x000046de      0x496 build/stm32f4xx_hal_uart.o
                                0xd01 (size before relaxing)
 .debug_str     0x00004b74       0x42 build/system_stm32f4xx.o
                                0x424 (size before relaxing)
 .debug_str     0x00004bb6      0x140 build/list.o
                                0x70c (size before relaxing)
 .debug_str     0x00004cf6      0x73c build/queue.o
                                0xf5b (size before relaxing)
 .debug_str     0x00005432      0x946 build/tasks.o
                               0x13e0 (size before relaxing)
 .debug_str     0x00005d78      0x76f build/cmsis_os.o
                               0x1449 (size before relaxing)
 .debug_str     0x000064e7      0x1de build/heap_4.o
                                0x7f5 (size before relaxing)
 .debug_str     0x000066c5      0x17d build/port.o
                                0x492 (size before relaxing)
 .debug_str     0x00006842       0x24 build/startup_stm32f407xx.o
                                 0x5c (size before relaxing)

.comment        0x00000000       0x79
 .comment       0x00000000       0x79 build/usart2.o
                                 0x7a (size before relaxing)
 .comment       0x00000079       0x7a build/motor.o
 .comment       0x00000079       0x7a build/mavlink_task.o
 .comment       0x00000079       0x7a build/utils.o
 .comment       0x00000079       0x7a build/main.o
 .comment       0x00000079       0x7a build/gpio.o
 .comment       0x00000079       0x7a build/dma.o
 .comment       0x00000079       0x7a build/freertos.o
 .comment       0x00000079       0x7a build/tim.o
 .comment       0x00000079       0x7a build/usart.o
 .comment       0x00000079       0x7a build/stm32f4xx_it.o
 .comment       0x00000079       0x7a build/stm32f4xx_hal_msp.o
 .comment       0x00000079       0x7a build/stm32f4xx_hal_timebase_tim.o
 .comment       0x00000079       0x7a build/stm32f4xx_hal_rcc.o
 .comment       0x00000079       0x7a build/stm32f4xx_hal_gpio.o
 .comment       0x00000079       0x7a build/stm32f4xx_hal_dma.o
 .comment       0x00000079       0x7a build/stm32f4xx_hal_cortex.o
 .comment       0x00000079       0x7a build/stm32f4xx_hal.o
 .comment       0x00000079       0x7a build/stm32f4xx_hal_tim.o
 .comment       0x00000079       0x7a build/stm32f4xx_hal_tim_ex.o
 .comment       0x00000079       0x7a build/stm32f4xx_hal_uart.o
 .comment       0x00000079       0x7a build/system_stm32f4xx.o
 .comment       0x00000079       0x7a build/list.o
 .comment       0x00000079       0x7a build/queue.o
 .comment       0x00000079       0x7a build/tasks.o
 .comment       0x00000079       0x7a build/cmsis_os.o
 .comment       0x00000079       0x7a build/heap_4.o
 .comment       0x00000079       0x7a build/port.o

.debug_frame    0x00000000     0x3f78
 .debug_frame   0x00000000       0xe0 build/usart2.o
 .debug_frame   0x000000e0       0x4c build/motor.o
 .debug_frame   0x0000012c       0xa8 build/mavlink_task.o
 .debug_frame   0x000001d4       0x78 build/utils.o
 .debug_frame   0x0000024c       0x7c build/main.o
 .debug_frame   0x000002c8       0x34 build/gpio.o
 .debug_frame   0x000002fc       0x30 build/dma.o
 .debug_frame   0x0000032c       0x60 build/freertos.o
 .debug_frame   0x0000038c       0x7c build/tim.o
 .debug_frame   0x00000408       0x8c build/usart.o
 .debug_frame   0x00000494       0xe0 build/stm32f4xx_it.o
 .debug_frame   0x00000574       0x2c build/stm32f4xx_hal_msp.o
 .debug_frame   0x000005a0       0x54 build/stm32f4xx_hal_timebase_tim.o
 .debug_frame   0x000005f4      0x1ac build/stm32f4xx_hal_rcc.o
 .debug_frame   0x000007a0       0xf0 build/stm32f4xx_hal_gpio.o
 .debug_frame   0x00000890      0x1b8 build/stm32f4xx_hal_dma.o
 .debug_frame   0x00000a48      0x16c build/stm32f4xx_hal_cortex.o
 .debug_frame   0x00000bb4      0x200 build/stm32f4xx_hal.o
 .debug_frame   0x00000db4      0xbd0 build/stm32f4xx_hal_tim.o
 .debug_frame   0x00001984      0x428 build/stm32f4xx_hal_tim_ex.o
 .debug_frame   0x00001dac      0x57c build/stm32f4xx_hal_uart.o
 .debug_frame   0x00002328       0x30 build/system_stm32f4xx.o
 .debug_frame   0x00002358       0x74 build/list.o
 .debug_frame   0x000023cc      0x3dc build/queue.o
 .debug_frame   0x000027a8      0x61c build/tasks.o
 .debug_frame   0x00002dc4      0x648 build/cmsis_os.o
 .debug_frame   0x0000340c       0xbc build/heap_4.o
 .debug_frame   0x000034c8      0x114 build/port.o
 .debug_frame   0x000035dc       0x2c e:/gnu tools arm embedded/9 2019-q4-major/bin/../lib/gcc/arm-none-eabi/9.2.1/../../../../arm-none-eabi/lib/thumb/v7e-m+fp/hard\libc_nano.a(lib_a-init.o)
 .debug_frame   0x00003608       0x2c e:/gnu tools arm embedded/9 2019-q4-major/bin/../lib/gcc/arm-none-eabi/9.2.1/../../../../arm-none-eabi/lib/thumb/v7e-m+fp/hard\libc_nano.a(lib_a-memcmp.o)
 .debug_frame   0x00003634       0x28 e:/gnu tools arm embedded/9 2019-q4-major/bin/../lib/gcc/arm-none-eabi/9.2.1/../../../../arm-none-eabi/lib/thumb/v7e-m+fp/hard\libc_nano.a(lib_a-memcpy-stub.o)
 .debug_frame   0x0000365c       0x20 e:/gnu tools arm embedded/9 2019-q4-major/bin/../lib/gcc/arm-none-eabi/9.2.1/../../../../arm-none-eabi/lib/thumb/v7e-m+fp/hard\libc_nano.a(lib_a-memset.o)
 .debug_frame   0x0000367c       0x74 e:/gnu tools arm embedded/9 2019-q4-major/bin/../lib/gcc/arm-none-eabi/9.2.1/../../../../arm-none-eabi/lib/thumb/v7e-m+fp/hard\libc_nano.a(lib_a-printf.o)
 .debug_frame   0x000036f0       0x3c e:/gnu tools arm embedded/9 2019-q4-major/bin/../lib/gcc/arm-none-eabi/9.2.1/../../../../arm-none-eabi/lib/thumb/v7e-m+fp/hard\libc_nano.a(lib_a-puts.o)
 .debug_frame   0x0000372c       0x40 e:/gnu tools arm embedded/9 2019-q4-major/bin/../lib/gcc/arm-none-eabi/9.2.1/../../../../arm-none-eabi/lib/thumb/v7e-m+fp/hard\libc_nano.a(lib_a-wbuf.o)
 .debug_frame   0x0000376c       0x2c e:/gnu tools arm embedded/9 2019-q4-major/bin/../lib/gcc/arm-none-eabi/9.2.1/../../../../arm-none-eabi/lib/thumb/v7e-m+fp/hard\libc_nano.a(lib_a-wsetup.o)
 .debug_frame   0x00003798       0x5c e:/gnu tools arm embedded/9 2019-q4-major/bin/../lib/gcc/arm-none-eabi/9.2.1/../../../../arm-none-eabi/lib/thumb/v7e-m+fp/hard\libc_nano.a(lib_a-fflush.o)
 .debug_frame   0x000037f4      0x14c e:/gnu tools arm embedded/9 2019-q4-major/bin/../lib/gcc/arm-none-eabi/9.2.1/../../../../arm-none-eabi/lib/thumb/v7e-m+fp/hard\libc_nano.a(lib_a-findfp.o)
 .debug_frame   0x00003940       0x54 e:/gnu tools arm embedded/9 2019-q4-major/bin/../lib/gcc/arm-none-eabi/9.2.1/../../../../arm-none-eabi/lib/thumb/v7e-m+fp/hard\libc_nano.a(lib_a-fwalk.o)
 .debug_frame   0x00003994       0xb0 e:/gnu tools arm embedded/9 2019-q4-major/bin/../lib/gcc/arm-none-eabi/9.2.1/../../../../arm-none-eabi/lib/thumb/v7e-m+fp/hard\libc_nano.a(lib_a-lock.o)
 .debug_frame   0x00003a44       0x58 e:/gnu tools arm embedded/9 2019-q4-major/bin/../lib/gcc/arm-none-eabi/9.2.1/../../../../arm-none-eabi/lib/thumb/v7e-m+fp/hard\libc_nano.a(lib_a-makebuf.o)
 .debug_frame   0x00003a9c       0x38 e:/gnu tools arm embedded/9 2019-q4-major/bin/../lib/gcc/arm-none-eabi/9.2.1/../../../../arm-none-eabi/lib/thumb/v7e-m+fp/hard\libc_nano.a(lib_a-nano-freer.o)
 .debug_frame   0x00003ad4       0x30 e:/gnu tools arm embedded/9 2019-q4-major/bin/../lib/gcc/arm-none-eabi/9.2.1/../../../../arm-none-eabi/lib/thumb/v7e-m+fp/hard\libc_nano.a(lib_a-nano-mallocr.o)
 .debug_frame   0x00003b04       0xac e:/gnu tools arm embedded/9 2019-q4-major/bin/../lib/gcc/arm-none-eabi/9.2.1/../../../../arm-none-eabi/lib/thumb/v7e-m+fp/hard\libc_nano.a(lib_a-nano-vfprintf.o)
 .debug_frame   0x00003bb0       0x60 e:/gnu tools arm embedded/9 2019-q4-major/bin/../lib/gcc/arm-none-eabi/9.2.1/../../../../arm-none-eabi/lib/thumb/v7e-m+fp/hard\libc_nano.a(lib_a-nano-vfprintf_i.o)
 .debug_frame   0x00003c10       0x2c e:/gnu tools arm embedded/9 2019-q4-major/bin/../lib/gcc/arm-none-eabi/9.2.1/../../../../arm-none-eabi/lib/thumb/v7e-m+fp/hard\libc_nano.a(lib_a-sbrkr.o)
 .debug_frame   0x00003c3c       0x88 e:/gnu tools arm embedded/9 2019-q4-major/bin/../lib/gcc/arm-none-eabi/9.2.1/../../../../arm-none-eabi/lib/thumb/v7e-m+fp/hard\libc_nano.a(lib_a-stdio.o)
 .debug_frame   0x00003cc4       0x2c e:/gnu tools arm embedded/9 2019-q4-major/bin/../lib/gcc/arm-none-eabi/9.2.1/../../../../arm-none-eabi/lib/thumb/v7e-m+fp/hard\libc_nano.a(lib_a-writer.o)
 .debug_frame   0x00003cf0       0x2c e:/gnu tools arm embedded/9 2019-q4-major/bin/../lib/gcc/arm-none-eabi/9.2.1/../../../../arm-none-eabi/lib/thumb/v7e-m+fp/hard\libc_nano.a(lib_a-closer.o)
 .debug_frame   0x00003d1c       0x2c e:/gnu tools arm embedded/9 2019-q4-major/bin/../lib/gcc/arm-none-eabi/9.2.1/../../../../arm-none-eabi/lib/thumb/v7e-m+fp/hard\libc_nano.a(lib_a-fstatr.o)
 .debug_frame   0x00003d48       0x2c e:/gnu tools arm embedded/9 2019-q4-major/bin/../lib/gcc/arm-none-eabi/9.2.1/../../../../arm-none-eabi/lib/thumb/v7e-m+fp/hard\libc_nano.a(lib_a-isattyr.o)
 .debug_frame   0x00003d74       0x2c e:/gnu tools arm embedded/9 2019-q4-major/bin/../lib/gcc/arm-none-eabi/9.2.1/../../../../arm-none-eabi/lib/thumb/v7e-m+fp/hard\libc_nano.a(lib_a-lseekr.o)
 .debug_frame   0x00003da0       0x30 e:/gnu tools arm embedded/9 2019-q4-major/bin/../lib/gcc/arm-none-eabi/9.2.1/../../../../arm-none-eabi/lib/thumb/v7e-m+fp/hard\libc_nano.a(lib_a-mlock.o)
 .debug_frame   0x00003dd0       0x2c e:/gnu tools arm embedded/9 2019-q4-major/bin/../lib/gcc/arm-none-eabi/9.2.1/../../../../arm-none-eabi/lib/thumb/v7e-m+fp/hard\libc_nano.a(lib_a-readr.o)
 .debug_frame   0x00003dfc       0x5c e:/gnu tools arm embedded/9 2019-q4-major/bin/../lib/gcc/arm-none-eabi/9.2.1/../../../../arm-none-eabi/lib/thumb/v7e-m+fp/hard\libc_nano.a(lib_a-reent.o)
 .debug_frame   0x00003e58       0x20 e:/gnu tools arm embedded/9 2019-q4-major/bin/../lib/gcc/arm-none-eabi/9.2.1/../../../../arm-none-eabi/lib/thumb/v7e-m+fp/hard\libnosys.a(close.o)
 .debug_frame   0x00003e78       0x20 e:/gnu tools arm embedded/9 2019-q4-major/bin/../lib/gcc/arm-none-eabi/9.2.1/../../../../arm-none-eabi/lib/thumb/v7e-m+fp/hard\libnosys.a(fstat.o)
 .debug_frame   0x00003e98       0x20 e:/gnu tools arm embedded/9 2019-q4-major/bin/../lib/gcc/arm-none-eabi/9.2.1/../../../../arm-none-eabi/lib/thumb/v7e-m+fp/hard\libnosys.a(isatty.o)
 .debug_frame   0x00003eb8       0x20 e:/gnu tools arm embedded/9 2019-q4-major/bin/../lib/gcc/arm-none-eabi/9.2.1/../../../../arm-none-eabi/lib/thumb/v7e-m+fp/hard\libnosys.a(lseek.o)
 .debug_frame   0x00003ed8       0x20 e:/gnu tools arm embedded/9 2019-q4-major/bin/../lib/gcc/arm-none-eabi/9.2.1/../../../../arm-none-eabi/lib/thumb/v7e-m+fp/hard\libnosys.a(read.o)
 .debug_frame   0x00003ef8       0x20 e:/gnu tools arm embedded/9 2019-q4-major/bin/../lib/gcc/arm-none-eabi/9.2.1/../../../../arm-none-eabi/lib/thumb/v7e-m+fp/hard\libnosys.a(sbrk.o)
 .debug_frame   0x00003f18       0x2c e:/gnu tools arm embedded/9 2019-q4-major/bin/../lib/gcc/arm-none-eabi/9.2.1/thumb/v7e-m+fp/hard\libgcc.a(_aeabi_uldivmod.o)
 .debug_frame   0x00003f44       0x34 e:/gnu tools arm embedded/9 2019-q4-major/bin/../lib/gcc/arm-none-eabi/9.2.1/thumb/v7e-m+fp/hard\libgcc.a(_udivmoddi4.o)

.stab           0x00000000       0x84
 .stab          0x00000000       0x24 e:/gnu tools arm embedded/9 2019-q4-major/bin/../lib/gcc/arm-none-eabi/9.2.1/../../../../arm-none-eabi/lib/thumb/v7e-m+fp/hard\libnosys.a(close.o)
 .stab          0x00000024       0x18 e:/gnu tools arm embedded/9 2019-q4-major/bin/../lib/gcc/arm-none-eabi/9.2.1/../../../../arm-none-eabi/lib/thumb/v7e-m+fp/hard\libnosys.a(fstat.o)
                                 0x24 (size before relaxing)