Archive member included to satisfy reference by file (symbol)

e:/gnu tools arm embedded/9 2019-q4-major/bin/../lib/gcc/arm-none-eabi/9.2.1/../../../../arm-none-eabi/lib/thumb/v7e-m+fp/hard\libc_nano.a(lib_a-exit.o)
                              e:/gnu tools arm embedded/9 2019-q4-major/bin/../lib/gcc/arm-none-eabi/9.2.1/../../../../arm-none-eabi/lib/thumb/v7e-m+fp/hard/crt0.o (exit)
e:/gnu tools arm embedded/9 2019-q4-major/bin/../lib/gcc/arm-none-eabi/9.2.1/../../../../arm-none-eabi/lib/thumb/v7e-m+fp/hard\libc_nano.a(lib_a-impure.o)
                              e:/gnu tools arm embedded/9 2019-q4-major/bin/../lib/gcc/arm-none-eabi/9.2.1/../../../../arm-none-eabi/lib/thumb/v7e-m+fp/hard\libc_nano.a(lib_a-exit.o) (_global_impure_ptr)
e:/gnu tools arm embedded/9 2019-q4-major/bin/../lib/gcc/arm-none-eabi/9.2.1/../../../../arm-none-eabi/lib/thumb/v7e-m+fp/hard\libc_nano.a(lib_a-init.o)
                              e:/gnu tools arm embedded/9 2019-q4-major/bin/../lib/gcc/arm-none-eabi/9.2.1/../../../../arm-none-eabi/lib/thumb/v7e-m+fp/hard/crt0.o (__libc_init_array)
e:/gnu tools arm embedded/9 2019-q4-major/bin/../lib/gcc/arm-none-eabi/9.2.1/../../../../arm-none-eabi/lib/thumb/v7e-m+fp/hard\libc_nano.a(lib_a-memcpy-stub.o)
                              build/queue.o (memcpy)
e:/gnu tools arm embedded/9 2019-q4-major/bin/../lib/gcc/arm-none-eabi/9.2.1/../../../../arm-none-eabi/lib/thumb/v7e-m+fp/hard\libc_nano.a(lib_a-memset.o)
                              e:/gnu tools arm embedded/9 2019-q4-major/bin/../lib/gcc/arm-none-eabi/9.2.1/../../../../arm-none-eabi/lib/thumb/v7e-m+fp/hard/crt0.o (memset)
e:/gnu tools arm embedded/9 2019-q4-major/bin/../lib/gcc/arm-none-eabi/9.2.1/../../../../arm-none-eabi/lib/thumb/v7e-m+fp/hard\libc_nano.a(lib_a-nano-vfprintf_float.o)
                              (_printf_float)
e:/gnu tools arm embedded/9 2019-q4-major/bin/../lib/gcc/arm-none-eabi/9.2.1/../../../../arm-none-eabi/lib/thumb/v7e-m+fp/hard\libc_nano.a(lib_a-nano-vfprintf_i.o)
                              e:/gnu tools arm embedded/9 2019-q4-major/bin/../lib/gcc/arm-none-eabi/9.2.1/../../../../arm-none-eabi/lib/thumb/v7e-m+fp/hard\libc_nano.a(lib_a-nano-vfprintf_float.o) (_printf_common)
e:/gnu tools arm embedded/9 2019-q4-major/bin/../lib/gcc/arm-none-eabi/9.2.1/../../../../arm-none-eabi/lib/thumb/v7e-m+fp/hard\libc_nano.a(lib_a-printf.o)
                              build/sensors.o (printf)
e:/gnu tools arm embedded/9 2019-q4-major/bin/../lib/gcc/arm-none-eabi/9.2.1/../../../../arm-none-eabi/lib/thumb/v7e-m+fp/hard\libc_nano.a(lib_a-puts.o)
                              build/sensors.o (puts)
e:/gnu tools arm embedded/9 2019-q4-major/bin/../lib/gcc/arm-none-eabi/9.2.1/../../../../arm-none-eabi/lib/thumb/v7e-m+fp/hard\libc_nano.a(lib_a-strlen.o)
                              e:/gnu tools arm embedded/9 2019-q4-major/bin/../lib/gcc/arm-none-eabi/9.2.1/../../../../arm-none-eabi/lib/thumb/v7e-m+fp/hard\libc_nano.a(lib_a-nano-vfprintf_float.o) (strlen)
e:/gnu tools arm embedded/9 2019-q4-major/bin/../lib/gcc/arm-none-eabi/9.2.1/../../../../arm-none-eabi/lib/thumb/v7e-m+fp/hard\libc_nano.a(lib_a-wbuf.o)
                              e:/gnu tools arm embedded/9 2019-q4-major/bin/../lib/gcc/arm-none-eabi/9.2.1/../../../../arm-none-eabi/lib/thumb/v7e-m+fp/hard\libc_nano.a(lib_a-puts.o) (__swbuf_r)
e:/gnu tools arm embedded/9 2019-q4-major/bin/../lib/gcc/arm-none-eabi/9.2.1/../../../../arm-none-eabi/lib/thumb/v7e-m+fp/hard\libc_nano.a(lib_a-wsetup.o)
                              e:/gnu tools arm embedded/9 2019-q4-major/bin/../lib/gcc/arm-none-eabi/9.2.1/../../../../arm-none-eabi/lib/thumb/v7e-m+fp/hard\libc_nano.a(lib_a-puts.o) (__swsetup_r)
e:/gnu tools arm embedded/9 2019-q4-major/bin/../lib/gcc/arm-none-eabi/9.2.1/../../../../arm-none-eabi/lib/thumb/v7e-m+fp/hard\libc_nano.a(lib_a-dtoa.o)
                              e:/gnu tools arm embedded/9 2019-q4-major/bin/../lib/gcc/arm-none-eabi/9.2.1/../../../../arm-none-eabi/lib/thumb/v7e-m+fp/hard\libc_nano.a(lib_a-nano-vfprintf_float.o) (_dtoa_r)
e:/gnu tools arm embedded/9 2019-q4-major/bin/../lib/gcc/arm-none-eabi/9.2.1/../../../../arm-none-eabi/lib/thumb/v7e-m+fp/hard\libc_nano.a(lib_a-fflush.o)
                              e:/gnu tools arm embedded/9 2019-q4-major/bin/../lib/gcc/arm-none-eabi/9.2.1/../../../../arm-none-eabi/lib/thumb/v7e-m+fp/hard\libc_nano.a(lib_a-wbuf.o) (_fflush_r)
e:/gnu tools arm embedded/9 2019-q4-major/bin/../lib/gcc/arm-none-eabi/9.2.1/../../../../arm-none-eabi/lib/thumb/v7e-m+fp/hard\libc_nano.a(lib_a-findfp.o)
                              e:/gnu tools arm embedded/9 2019-q4-major/bin/../lib/gcc/arm-none-eabi/9.2.1/../../../../arm-none-eabi/lib/thumb/v7e-m+fp/hard\libc_nano.a(lib_a-printf.o) (__sinit)
e:/gnu tools arm embedded/9 2019-q4-major/bin/../lib/gcc/arm-none-eabi/9.2.1/../../../../arm-none-eabi/lib/thumb/v7e-m+fp/hard\libc_nano.a(lib_a-fwalk.o)
[...]
Memory Configuration

Name             Origin             Length             Attributes
RAM              0x20000000         0x00020000         xrw
CCMRAM           0x10000000         0x00010000         xrw
FLASH            0x08000000         0x00080000         xr
*default*        0x00000000         0xffffffff

Linker script and memory map

LOAD e:/gnu tools arm embedded/9 2019-q4-major/bin/../lib/gcc/arm-none-eabi/9.2.1/thumb/v7e-m+fp/hard/crti.o
LOAD e:/gnu tools arm embedded/9 2019-q4-major/bin/../lib/gcc/arm-none-eabi/9.2.1/thumb/v7e-m+fp/hard/crtbegin.o
LOAD e:/gnu tools arm embedded/9 2019-q4-major/bin/../lib/gcc/arm-none-eabi/9.2.1/../../../../arm-none-eabi/lib/thumb/v7e-m+fp/hard/crt0.o
LOAD build/usart_com.o
LOAD build/motor.o
LOAD build/mavlink_task.o
LOAD build/utils.o
LOAD build/mpu6050.o
LOAD build/ms5611.o
LOAD build/hmc5883l.o
LOAD build/sensors.o
LOAD build/i2c1.o
LOAD build/dmp.o
LOAD build/system_task.o
LOAD build/filter.o
LOAD build/main.o
LOAD build/gpio.o
LOAD build/dma.o
LOAD build/freertos.o
LOAD build/i2c.o
LOAD build/tim.o
LOAD build/usart.o
LOAD build/stm32f4xx_it.o
LOAD build/stm32f4xx_hal_msp.o
LOAD build/stm32f4xx_hal_timebase_tim.o
LOAD build/stm32f4xx_hal_rcc.o
LOAD build/stm32f4xx_hal_rcc_ex.o
LOAD build/stm32f4xx_hal_flash.o
LOAD build/stm32f4xx_hal_flash_ex.o
LOAD build/stm32f4xx_hal_flash_ramfunc.o
LOAD build/stm32f4xx_hal_gpio.o
LOAD build/stm32f4xx_hal_dma_ex.o
LOAD build/stm32f4xx_hal_dma.o
LOAD build/stm32f4xx_hal_pwr.o
LOAD build/stm32f4xx_hal_pwr_ex.o
LOAD build/stm32f4xx_hal_cortex.o
LOAD build/stm32f4xx_hal.o
LOAD build/stm32f4xx_hal_exti.o
LOAD build/stm32f4xx_hal_i2c.o
LOAD build/stm32f4xx_hal_i2c_ex.o
LOAD build/stm32f4xx_hal_tim.o
LOAD build/stm32f4xx_hal_tim_ex.o
LOAD build/stm32f4xx_hal_uart.o
LOAD build/system_stm32f4xx.o
LOAD build/croutine.o
LOAD build/event_groups.o
LOAD build/list.o
LOAD build/queue.o
LOAD build/stream_buffer.o
LOAD build/tasks.o
LOAD build/timers.o
LOAD build/cmsis_os.o
LOAD build/heap_4.o
LOAD build/port.o
LOAD build/startup_stm32f407xx.o
LOAD e:/gnu tools arm embedded/9 2019-q4-major/bin/../lib/gcc/arm-none-eabi/9.2.1/../../../../arm-none-eabi/lib/thumb/v7e-m+fp/hard\libc_nano.a
LOAD e:/gnu tools arm embedded/9 2019-q4-major/bin/../lib/gcc/arm-none-eabi/9.2.1/../../../../arm-none-eabi/lib/thumb/v7e-m+fp/hard\libm.a
LOAD e:/gnu tools arm embedded/9 2019-q4-major/bin/../lib/gcc/arm-none-eabi/9.2.1/../../../../arm-none-eabi/lib/thumb/v7e-m+fp/hard\libnosys.a
LOAD Drivers/CMSIS/Lib/GCC\libarm_cortexM4lf_math.a
START GROUP
LOAD e:/gnu tools arm embedded/9 2019-q4-major/bin/../lib/gcc/arm-none-eabi/9.2.1/thumb/v7e-m+fp/hard\libgcc.a
LOAD e:/gnu tools arm embedded/9 2019-q4-major/bin/../lib/gcc/arm-none-eabi/9.2.1/../../../../arm-none-eabi/lib/thumb/v7e-m+fp/hard\libc_nano.a
END GROUP
START GROUP
LOAD e:/gnu tools arm embedded/9 2019-q4-major/bin/../lib/gcc/arm-none-eabi/9.2.1/thumb/v7e-m+fp/hard\libgcc.a
LOAD e:/gnu tools arm embedded/9 2019-q4-major/bin/../lib/gcc/arm-none-eabi/9.2.1/../../../../arm-none-eabi/lib/thumb/v7e-m+fp/hard\libc_nano.a
END GROUP
LOAD e:/gnu tools arm embedded/9 2019-q4-major/bin/../lib/gcc/arm-none-eabi/9.2.1/thumb/v7e-m+fp/hard/crtend.o
LOAD e:/gnu tools arm embedded/9 2019-q4-major/bin/../lib/gcc/arm-none-eabi/9.2.1/thumb/v7e-m+fp/hard/crtn.o
                0x20020000                _estack = 0x20020000
                0x00000200                _Min_Heap_Size = 0x200
                0x00000400                _Min_Stack_Size = 0x400

.isr_vector     0x08000000      0x188
                0x08000000                . = ALIGN (0x4)
 *(.isr_vector)
 .isr_vector    0x08000000      0x188 build/startup_stm32f407xx.o
                0x08000000                g_pfnVectors
                0x08000188                . = ALIGN (0x4)

.text           0x08000190     0xc44c
                0x08000190                . = ALIGN (0x4)
 *(.text)
 .text          0x08000190       0x40 e:/gnu tools arm embedded/9 2019-q4-major/bin/../lib/gcc/arm-none-eabi/9.2.1/thumb/v7e-m+fp/hard/crtbegin.o
 .text          0x080001d0       0x10 e:/gnu tools arm embedded/9 2019-q4-major/bin/../lib/gcc/arm-none-eabi/9.2.1/../../../../arm-none-eabi/lib/thumb/v7e-m+fp/hard\libc_nano.a(lib_a-strlen.o)
                0x080001d0                strlen
 .text          0x080001e0       0xa0 e:/gnu tools arm embedded/9 2019-q4-major/bin/../lib/gcc/arm-none-eabi/9.2.1/../../../../arm-none-eabi/lib/thumb/v7e-m+fp/hard\libc_nano.a(lib_a-memchr.o)
                0x080001e0                memchr
 .text          0x08000280      0x378 e:/gnu tools arm embedded/9 2019-q4-major/bin/../lib/gcc/arm-none-eabi/9.2.1/thumb/v7e-m+fp/hard\libgcc.a(_arm_addsubdf3.o)
                0x08000280                __aeabi_drsub
                0x08000288                __aeabi_dsub
                0x08000288                __subdf3
                0x0800028c                __aeabi_dadd
                0x0800028c                __adddf3
                0x08000504                __floatunsidf
                0x08000504                __aeabi_ui2d
                0x08000524                __floatsidf
                0x08000524                __aeabi_i2d
                0x08000548                __aeabi_f2d
                0x08000548                __extendsfdf2
                0x0800058c                __floatundidf
                0x0800058c                __aeabi_ul2d
                0x0800059c                __floatdidf
                0x0800059c                __aeabi_l2d
 .text          0x080005f8      0x424 e:/gnu tools arm embedded/9 2019-q4-major/bin/../lib/gcc/arm-none-eabi/9.2.1/thumb/v7e-m+fp/hard\libgcc.a(_arm_muldivdf3.o)
                0x080005f8                __aeabi_dmul
                0x080005f8                __muldf3
                0x0800084c                __divdf3
                0x0800084c                __aeabi_ddiv
 .text          0x08000a1c      0x110 e:/gnu tools arm embedded/9 2019-q4-major/bin/../lib/gcc/arm-none-eabi/9.2.1/thumb/v7e-m+fp/hard\libgcc.a(_arm_cmpdf2.o)
                0x08000a1c                __gtdf2
                0x08000a1c                __gedf2
                0x08000a24                __ltdf2
                0x08000a24                __ledf2
                0x08000a2c                __nedf2
                0x08000a2c                __eqdf2
                0x08000a2c                __cmpdf2
                0x08000aa8                __aeabi_cdrcmple
                0x08000ab8                __aeabi_cdcmpeq
                0x08000ab8                __aeabi_cdcmple
                0x08000ac8                __aeabi_dcmpeq
                0x08000adc                __aeabi_dcmplt
                0x08000af0                __aeabi_dcmple
                0x08000b04                __aeabi_dcmpge
                0x08000b18                __aeabi_dcmpgt
 .text          0x08000b2c       0x2c e:/gnu tools arm embedded/9 2019-q4-major/bin/../lib/gcc/arm-none-eabi/9.2.1/thumb/v7e-m+fp/hard\libgcc.a(_arm_unorddf2.o)
                0x08000b2c                __unorddf2
                0x08000b2c                __aeabi_dcmpun
 .text          0x08000b58       0x50 e:/gnu tools arm embedded/9 2019-q4-major/bin/../lib/gcc/arm-none-eabi/9.2.1/thumb/v7e-m+fp/hard\libgcc.a(_arm_fixdfsi.o)
                0x08000b58                __aeabi_d2iz
                0x08000b58                __fixdfsi
 .text          0x08000ba8       0xa0 e:/gnu tools arm embedded/9 2019-q4-major/bin/../lib/gcc/arm-none-eabi/9.2.1/thumb/v7e-m+fp/hard\libgcc.a(_arm_truncdfsf2.o)
                0x08000ba8                __truncdfsf2
                0x08000ba8                __aeabi_d2f
 .text          0x08000c48      0x21c e:/gnu tools arm embedded/9 2019-q4-major/bin/../lib/gcc/arm-none-eabi/9.2.1/thumb/v7e-m+fp/hard\libgcc.a(_arm_addsubsf3.o)
                0x08000c48                __aeabi_frsub
                0x08000c50                __subsf3
                0x08000c50                __aeabi_fsub
                0x08000c54                __aeabi_fadd
                0x08000c54                __addsf3
                0x08000db4                __aeabi_ui2f
                0x08000db4                __floatunsisf
                0x08000dbc                __aeabi_i2f
                0x08000dbc                __floatsisf
                0x08000dd8                __aeabi_ul2f
                0x08000dd8                __floatundisf
                0x08000de8                __aeabi_l2f
                0x08000de8                __floatdisf
 .text          0x08000e64       0x30 e:/gnu tools arm embedded/9 2019-q4-major/bin/../lib/gcc/arm-none-eabi/9.2.1/thumb/v7e-m+fp/hard\libgcc.a(_aeabi_uldivmod.o)
                0x08000e64                __aeabi_uldivmod
 .text          0x08000e94      0x2c4 e:/gnu tools arm embedded/9 2019-q4-major/bin/../lib/gcc/arm-none-eabi/9.2.1/thumb/v7e-m+fp/hard\libgcc.a(_udivmoddi4.o)
                0x08000e94                __udivmoddi4
 .text          0x08001158        0x4 e:/gnu tools arm embedded/9 2019-q4-major/bin/../lib/gcc/arm-none-eabi/9.2.1/thumb/v7e-m+fp/hard\libgcc.a(_dvmd_tls.o)
                0x08001158                __aeabi_idiv0
                0x08001158                __aeabi_ldiv0
 *(.text*)
 .text.UartRxCheck
                0x0800115c       0xa4 build/usart_com.o
 .text.USART2_IRQHandler
                0x08001200       0x34 build/usart_com.o
                0x08001200                USART2_IRQHandler
 .text.DMA1_Stream5_IRQHandler
                0x08001234       0x10 build/usart_com.o
                0x08001234                DMA1_Stream5_IRQHandler
 .text.DMA1_Stream6_IRQHandler
                0x08001244       0x10 build/usart_com.o
                0x08001244                DMA1_Stream6_IRQHandler
 .text.HAL_UART_RxCpltCallback
                0x08001254       0x18 build/usart_com.o
                0x08001254                HAL_UART_RxCpltCallback
 .text.__io_putchar
                0x0800126c       0x20 build/utils.o
                0x0800126c                __io_putchar
 .text._write   0x0800128c       0x1c build/utils.o
                0x0800128c                _write
 .text.MPU6050Init
                0x080012a8      0x110 build/mpu6050.o
                0x080012a8                MPU6050Init
 .text.MPU6050ReadAccelRaw
                0x080013b8       0x40 build/mpu6050.o
                0x080013b8                MPU6050ReadAccelRaw
 .text.MPU6050ReadGyroRaw
                0x080013f8       0x40 build/mpu6050.o
                0x080013f8                MPU6050ReadGyroRaw
 .text.MS5611Init
                0x08001438       0xe4 build/ms5611.o
                0x08001438                MS5611Init
 .text.MS5611ReadRawTemp
                0x0800151c       0x58 build/ms5611.o
                0x0800151c                MS5611ReadRawTemp
 .text.MS5611ReadRawPress
                0x08001574       0x58 build/ms5611.o
                0x08001574                MS5611ReadRawPress
 *fill*         0x080015cc        0x4 
 .text.MS5611ReadAlt
                0x080015d0      0x204 build/ms5611.o
                0x080015d0                MS5611ReadAlt
 .text.HMC5883LInit
                0x080017d4       0x60 build/hmc5883l.o
                0x080017d4                HMC5883LInit
 .text.HMC5883LReadMagRaw
                0x08001834       0x40 build/hmc5883l.o
                0x08001834                HMC5883LReadMagRaw
 .text.SensorsInit
                0x08001874      0x168 build/sensors.o
                0x08001874                SensorsInit
 .text.CalibrateIMU
                0x080019dc      0x184 build/sensors.o
                0x080019dc                CalibrateIMU
 .text.CalibrateMag
                0x08001b60       0xdc build/sensors.o
                0x08001b60                CalibrateMag
 .text.SensorsTask
                0x08001c3c       0xec build/sensors.o
                0x08001c3c                SensorsTask
 .text.I2C1MenRead
                0x08001d28       0x50 build/i2c1.o
                0x08001d28                I2C1MenRead
 .text.I2C1MenWrite
                0x08001d78       0x50 build/i2c1.o
                0x08001d78                I2C1MenWrite
 .text.I2C1Read
                0x08001dc8       0x40 build/i2c1.o
                0x08001dc8                I2C1Read
 .text.I2C1Write
                0x08001e08       0x40 build/i2c1.o
                0x08001e08                I2C1Write
 .text.HAL_I2C_MemRxCpltCallback
                0x08001e48       0x34 build/i2c1.o
                0x08001e48                HAL_I2C_MemRxCpltCallback
 .text.HAL_I2C_MemTxCpltCallback
                0x08001e7c       0x34 build/i2c1.o
                0x08001e7c                HAL_I2C_MemTxCpltCallback
 .text.HAL_I2C_MasterTxCpltCallback
                0x08001eb0       0x34 build/i2c1.o
                0x08001eb0                HAL_I2C_MasterTxCpltCallback
 .text.HAL_I2C_MasterRxCpltCallback
                0x08001ee4       0x34 build/i2c1.o
                0x08001ee4                HAL_I2C_MasterRxCpltCallback
 .text.SystemLaunch
                0x08001f18       0x34 build/system_task.o
                0x08001f18                SystemLaunch
 .text.SystemInitiate
                0x08001f4c       0x24 build/system_task.o
                0x08001f4c                SystemInitiate
 .text.SystemTask
                0x08001f70       0x10 build/system_task.o
 .text.SystemWaitStart
                0x08001f80       0x18 build/system_task.o
                0x08001f80                SystemWaitStart
 .text.Lowpass2Init
                0x08001f98       0x80 build/filter.o
                0x08001f98                Lowpass2Init
 .text.Lowpass2Apply
                0x08002018       0x64 build/filter.o
                0x08002018                Lowpass2Apply
 .text.Lowpass2Apply3Axis
                0x0800207c       0x34 build/filter.o
                0x0800207c                Lowpass2Apply3Axis
 .text.SystemClock_Config
                0x080020b0       0x94 build/main.o
                0x080020b0                SystemClock_Config
 .text.main     0x08002144       0x30 build/main.o
                0x08002144                main
 .text.HAL_TIM_PeriodElapsedCallback
                0x08002174       0x18 build/main.o
                0x08002174                HAL_TIM_PeriodElapsedCallback
 .text.Error_Handler
                0x0800218c        0x2 build/main.o
                0x0800218c                Error_Handler
 *fill*         0x0800218e        0x2 
 .text.MX_GPIO_Init
                0x08002190       0xa8 build/gpio.o
                0x08002190                MX_GPIO_Init
 .text.MX_DMA_Init
                0x08002238       0x98 build/dma.o
                0x08002238                MX_DMA_Init
 .text.StartDefaultTask
                0x080022d0        0xa build/freertos.o
                0x080022d0                StartDefaultTask
 *fill*         0x080022da        0x2 
 .text.vApplicationGetIdleTaskMemory
                0x080022dc       0x18 build/freertos.o
                0x080022dc                vApplicationGetIdleTaskMemory
 .text.MX_FREERTOS_Init
                0x080022f4       0x2c build/freertos.o
                0x080022f4                MX_FREERTOS_Init
 .text.MX_I2C1_Init
                0x08002320       0x3c build/i2c.o
                0x08002320                MX_I2C1_Init
 .text.HAL_I2C_MspInit
                0x0800235c      0x114 build/i2c.o
                0x0800235c                HAL_I2C_MspInit
 .text.HAL_TIM_Base_MspInit
                0x08002470       0x30 build/tim.o
                0x08002470                HAL_TIM_Base_MspInit
 .text.HAL_TIM_MspPostInit
                0x080024a0       0x5c build/tim.o
                0x080024a0                HAL_TIM_MspPostInit
 .text.MX_TIM4_Init
                0x080024fc       0xe8 build/tim.o
                0x080024fc                MX_TIM4_Init
 .text.MX_USART1_UART_Init
                0x080025e4       0x34 build/usart.o
                0x080025e4                MX_USART1_UART_Init
 .text.MX_USART2_UART_Init
                0x08002618       0x34 build/usart.o
                0x08002618                MX_USART2_UART_Init
 .text.HAL_UART_MspInit
                0x0800264c      0x1e4 build/usart.o
                0x0800264c                HAL_UART_MspInit
 .text.NMI_Handler
                0x08002830        0x2 build/stm32f4xx_it.o
                0x08002830                NMI_Handler
 .text.HardFault_Handler
                0x08002832        0x2 build/stm32f4xx_it.o
                0x08002832                HardFault_Handler
 .text.MemManage_Handler
                0x08002834        0x2 build/stm32f4xx_it.o
                0x08002834                MemManage_Handler
 .text.BusFault_Handler
                0x08002836        0x2 build/stm32f4xx_it.o
                0x08002836                BusFault_Handler
 .text.UsageFault_Handler
                0x08002838        0x2 build/stm32f4xx_it.o
                0x08002838                UsageFault_Handler
 .text.DebugMon_Handler
                0x0800283a        0x2 build/stm32f4xx_it.o
                0x0800283a                DebugMon_Handler
 .text.DMA1_Stream0_IRQHandler
                0x0800283c       0x10 build/stm32f4xx_it.o
                0x0800283c                DMA1_Stream0_IRQHandler
 .text.I2C1_EV_IRQHandler
                0x0800284c       0x10 build/stm32f4xx_it.o
                0x0800284c                I2C1_EV_IRQHandler
 .text.I2C1_ER_IRQHandler
                0x0800285c       0x10 build/stm32f4xx_it.o
                0x0800285c                I2C1_ER_IRQHandler
 .text.USART1_IRQHandler
                0x0800286c       0x10 build/stm32f4xx_it.o
                0x0800286c                USART1_IRQHandler
 .text.DMA1_Stream7_IRQHandler
                0x0800287c       0x10 build/stm32f4xx_it.o
                0x0800287c                DMA1_Stream7_IRQHandler
 .text.TIM7_IRQHandler
                0x0800288c       0x10 build/stm32f4xx_it.o
                0x0800288c                TIM7_IRQHandler
 .text.DMA2_Stream2_IRQHandler
                0x0800289c       0x10 build/stm32f4xx_it.o
                0x0800289c                DMA2_Stream2_IRQHandler
 .text.DMA2_Stream7_IRQHandler
                0x080028ac       0x10 build/stm32f4xx_it.o
                0x080028ac                DMA2_Stream7_IRQHandler
 .text.HAL_MspInit
                0x080028bc       0x44 build/stm32f4xx_hal_msp.o
                0x080028bc                HAL_MspInit
 .text.HAL_InitTick
                0x08002900       0x7c build/stm32f4xx_hal_timebase_tim.o
                0x08002900                HAL_InitTick
 .text.HAL_RCC_OscConfig
                0x0800297c      0x3f8 build/stm32f4xx_hal_rcc.o
                0x0800297c                HAL_RCC_OscConfig
 .text.HAL_RCC_GetSysClockFreq
                0x08002d74       0xcc build/stm32f4xx_hal_rcc.o
                0x08002d74                HAL_RCC_GetSysClockFreq
 .text.HAL_RCC_ClockConfig
                0x08002e40      0x160 build/stm32f4xx_hal_rcc.o
                0x08002e40                HAL_RCC_ClockConfig
 .text.HAL_RCC_GetHCLKFreq
                0x08002fa0        0xc build/stm32f4xx_hal_rcc.o
                0x08002fa0                HAL_RCC_GetHCLKFreq
 .text.HAL_RCC_GetPCLK1Freq
                0x08002fac       0x20 build/stm32f4xx_hal_rcc.o
                0x08002fac                HAL_RCC_GetPCLK1Freq
 .text.HAL_RCC_GetPCLK2Freq
                0x08002fcc       0x20 build/stm32f4xx_hal_rcc.o
                0x08002fcc                HAL_RCC_GetPCLK2Freq
 .text.HAL_RCC_GetClockConfig
                0x08002fec       0x3c build/stm32f4xx_hal_rcc.o
                0x08002fec                HAL_RCC_GetClockConfig
 .text.HAL_GPIO_Init
                0x08003028      0x1d4 build/stm32f4xx_hal_gpio.o
                0x08003028                HAL_GPIO_Init
 .text.HAL_GPIO_WritePin
                0x080031fc        0xc build/stm32f4xx_hal_gpio.o
                0x080031fc                HAL_GPIO_WritePin
 .text.DMA_SetConfig
                0x08003208       0x2c build/stm32f4xx_hal_dma.o
 .text.DMA_CalcBaseAndBitshift
                0x08003234       0x44 build/stm32f4xx_hal_dma.o
 .text.DMA_CheckFifoParam
                0x08003278       0x8e build/stm32f4xx_hal_dma.o
 *fill*         0x08003306        0x2 
 .text.HAL_DMA_Init
                0x08003308       0xcc build/stm32f4xx_hal_dma.o
                0x08003308                HAL_DMA_Init
 .text.HAL_DMA_Start_IT
                0x080033d4       0x6a build/stm32f4xx_hal_dma.o
                0x080033d4                HAL_DMA_Start_IT
 .text.HAL_DMA_Abort
                0x0800343e       0x94 build/stm32f4xx_hal_dma.o
                0x0800343e                HAL_DMA_Abort
 .text.HAL_DMA_Abort_IT
                0x080034d2       0x26 build/stm32f4xx_hal_dma.o
                0x080034d2                HAL_DMA_Abort_IT
 .text.HAL_DMA_IRQHandler
                0x080034f8      0x1dc build/stm32f4xx_hal_dma.o
                0x080034f8                HAL_DMA_IRQHandler
 .text.HAL_DMA_GetState
                0x080036d4        0x6 build/stm32f4xx_hal_dma.o
                0x080036d4                HAL_DMA_GetState
 .text.HAL_DMA_GetError
                0x080036da        0x4 build/stm32f4xx_hal_dma.o
                0x080036da                HAL_DMA_GetError
 *fill*         0x080036de        0x2 
 .text.HAL_NVIC_SetPriorityGrouping
                0x080036e0       0x24 build/stm32f4xx_hal_cortex.o
                0x080036e0                HAL_NVIC_SetPriorityGrouping
 .text.HAL_NVIC_SetPriority
                0x08003704       0x68 build/stm32f4xx_hal_cortex.o
                0x08003704                HAL_NVIC_SetPriority
 .text.HAL_NVIC_EnableIRQ
                0x0800376c       0x1c build/stm32f4xx_hal_cortex.o
                0x0800376c                HAL_NVIC_EnableIRQ
 .text.HAL_Init
                0x08003788       0x34 build/stm32f4xx_hal.o
                0x08003788                HAL_Init
 .text.HAL_IncTick
                0x080037bc       0x18 build/stm32f4xx_hal.o
                0x080037bc                HAL_IncTick
 .text.HAL_GetTick
                0x080037d4        0xc build/stm32f4xx_hal.o
                0x080037d4                HAL_GetTick
 .text.I2C_Master_SB
                0x080037e0       0xa8 build/stm32f4xx_hal_i2c.o
 .text.I2C_Master_ADD10
                0x08003888       0x2a build/stm32f4xx_hal_i2c.o
 .text.I2C_Master_ADDR
                0x080038b2      0x206 build/stm32f4xx_hal_i2c.o
 .text.I2C_SlaveTransmit_BTF
                0x08003ab8       0x20 build/stm32f4xx_hal_i2c.o
 .text.I2C_SlaveReceive_BTF
                0x08003ad8       0x20 build/stm32f4xx_hal_i2c.o
 .text.I2C_WaitOnSTOPRequestThroughIT
                0x08003af8       0x48 build/stm32f4xx_hal_i2c.o
 .text.I2C_IsAcknowledgeFailed
                0x08003b40       0x32 build/stm32f4xx_hal_i2c.o
 .text.I2C_ConvertOtherXferOptions
                0x08003b72       0x1e build/stm32f4xx_hal_i2c.o
 .text.I2C_WaitOnFlagUntilTimeout
                0x08003b90       0x74 build/stm32f4xx_hal_i2c.o
 .text.I2C_WaitOnMasterAddressFlagUntilTimeout
                0x08003c04       0xaa build/stm32f4xx_hal_i2c.o
 .text.I2C_WaitOnTXEFlagUntilTimeout
                0x08003cae       0x54 build/stm32f4xx_hal_i2c.o
 *fill*         0x08003d02        0x2 
 .text.I2C_RequestMemoryWrite
                0x08003d04       0xd8 build/stm32f4xx_hal_i2c.o
 .text.I2C_RequestMemoryRead
                0x08003ddc      0x154 build/stm32f4xx_hal_i2c.o
 .text.HAL_I2C_Init
                0x08003f30      0x1bc build/stm32f4xx_hal_i2c.o
                0x08003f30                HAL_I2C_Init
 .text.HAL_I2C_Master_Transmit_DMA
                0x080040ec      0x190 build/stm32f4xx_hal_i2c.o
                0x080040ec                HAL_I2C_Master_Transmit_DMA
 .text.HAL_I2C_Master_Receive_DMA
                0x0800427c      0x190 build/stm32f4xx_hal_i2c.o
                0x0800427c                HAL_I2C_Master_Receive_DMA
 .text.HAL_I2C_Mem_Write_DMA
                0x0800440c      0x1d0 build/stm32f4xx_hal_i2c.o
                0x0800440c                HAL_I2C_Mem_Write_DMA
 .text.HAL_I2C_Mem_Read_DMA
                0x080045dc      0x210 build/stm32f4xx_hal_i2c.o
                0x080045dc                HAL_I2C_Mem_Read_DMA
 .text.HAL_I2C_IsDeviceReady
                0x080047ec      0x194 build/stm32f4xx_hal_i2c.o
                0x080047ec                HAL_I2C_IsDeviceReady
 .text.I2C_MasterTransmit_BTF
                0x08004980       0x86 build/stm32f4xx_hal_i2c.o
 .text.HAL_I2C_SlaveTxCpltCallback
                0x08004a06        0x2 build/stm32f4xx_hal_i2c.o
                0x08004a06                HAL_I2C_SlaveTxCpltCallback
 .text.I2C_SlaveTransmit_TXE
                0x08004a08       0x4c build/stm32f4xx_hal_i2c.o
 .text.HAL_I2C_SlaveRxCpltCallback
                0x08004a54        0x2 build/stm32f4xx_hal_i2c.o
                0x08004a54                HAL_I2C_SlaveRxCpltCallback
 .text.I2C_SlaveReceive_RXNE
                0x08004a56       0x4c build/stm32f4xx_hal_i2c.o
 .text.HAL_I2C_AddrCallback
                0x08004aa2        0x2 build/stm32f4xx_hal_i2c.o
                0x08004aa2                HAL_I2C_AddrCallback
 .text.I2C_Slave_ADDR
                0x08004aa4       0x4e build/stm32f4xx_hal_i2c.o
 .text.HAL_I2C_ListenCpltCallback
                0x08004af2        0x2 build/stm32f4xx_hal_i2c.o
                0x08004af2                HAL_I2C_ListenCpltCallback
 .text.I2C_Slave_AF
                0x08004af4       0x94 build/stm32f4xx_hal_i2c.o
 .text.I2C_MemoryTransmit_TXE_BTF
                0x08004b88       0xb8 build/stm32f4xx_hal_i2c.o
 .text.I2C_MasterTransmit_TXE
                0x08004c40       0xd0 build/stm32f4xx_hal_i2c.o
 .text.I2C_MasterReceive_BTF
                0x08004d10      0x128 build/stm32f4xx_hal_i2c.o
 .text.HAL_I2C_ErrorCallback
                0x08004e38        0x2 build/stm32f4xx_hal_i2c.o
                0x08004e38                HAL_I2C_ErrorCallback
 .text.I2C_DMAError
                0x08004e3a       0x46 build/stm32f4xx_hal_i2c.o
 .text.I2C_DMAXferCplt
                0x08004e80      0x122 build/stm32f4xx_hal_i2c.o
 .text.I2C_MasterReceive_RXNE
                0x08004fa2       0xec build/stm32f4xx_hal_i2c.o
 .text.HAL_I2C_AbortCpltCallback
                0x0800508e        0x2 build/stm32f4xx_hal_i2c.o
                0x0800508e                HAL_I2C_AbortCpltCallback
 .text.I2C_DMAAbort
                0x08005090       0xe4 build/stm32f4xx_hal_i2c.o
 .text.I2C_ITError
                0x08005174      0x178 build/stm32f4xx_hal_i2c.o
 .text.I2C_Slave_STOPF
                0x080052ec      0x18c build/stm32f4xx_hal_i2c.o
 .text.HAL_I2C_EV_IRQHandler
                0x08005478      0x19a build/stm32f4xx_hal_i2c.o
                0x08005478                HAL_I2C_EV_IRQHandler
 .text.HAL_I2C_ER_IRQHandler
                0x08005612       0xc4 build/stm32f4xx_hal_i2c.o
                0x08005612                HAL_I2C_ER_IRQHandler
 *fill*         0x080056d6        0x2 
 .text.TIM_OC1_SetConfig
                0x080056d8       0x68 build/stm32f4xx_hal_tim.o
 .text.TIM_OC3_SetConfig
                0x08005740       0x70 build/stm32f4xx_hal_tim.o
 .text.TIM_OC4_SetConfig
                0x080057b0       0x50 build/stm32f4xx_hal_tim.o
 .text.TIM_TI1_ConfigInputStage
                0x08005800       0x24 build/stm32f4xx_hal_tim.o
 .text.TIM_TI2_ConfigInputStage
                0x08005824       0x26 build/stm32f4xx_hal_tim.o
 .text.TIM_ITRx_SetConfig
                0x0800584a       0x10 build/stm32f4xx_hal_tim.o
 *fill*         0x0800585a        0x2 
 .text.HAL_TIM_Base_Start_IT
                0x0800585c       0x88 build/stm32f4xx_hal_tim.o
                0x0800585c                HAL_TIM_Base_Start_IT
 .text.HAL_TIM_PWM_MspInit
                0x080058e4        0x2 build/stm32f4xx_hal_tim.o
                0x080058e4                HAL_TIM_PWM_MspInit
 .text.HAL_TIM_OC_DelayElapsedCallback
                0x080058e6        0x2 build/stm32f4xx_hal_tim.o
                0x080058e6                HAL_TIM_OC_DelayElapsedCallback
 .text.HAL_TIM_IC_CaptureCallback
                0x080058e8        0x2 build/stm32f4xx_hal_tim.o
                0x080058e8                HAL_TIM_IC_CaptureCallback
 .text.HAL_TIM_PWM_PulseFinishedCallback
                0x080058ea        0x2 build/stm32f4xx_hal_tim.o
                0x080058ea                HAL_TIM_PWM_PulseFinishedCallback
 .text.HAL_TIM_TriggerCallback
                0x080058ec        0x2 build/stm32f4xx_hal_tim.o
                0x080058ec                HAL_TIM_TriggerCallback
 .text.HAL_TIM_IRQHandler
                0x080058ee      0x17a build/stm32f4xx_hal_tim.o
                0x080058ee                HAL_TIM_IRQHandler
 .text.TIM_Base_SetConfig
                0x08005a68       0xc8 build/stm32f4xx_hal_tim.o
                0x08005a68                TIM_Base_SetConfig
 .text.HAL_TIM_Base_Init
                0x08005b30       0x58 build/stm32f4xx_hal_tim.o
                0x08005b30                HAL_TIM_Base_Init
 .text.HAL_TIM_PWM_Init
                0x08005b88       0x58 build/stm32f4xx_hal_tim.o
                0x08005b88                HAL_TIM_PWM_Init
 .text.TIM_OC2_SetConfig
                0x08005be0       0x70 build/stm32f4xx_hal_tim.o
                0x08005be0                TIM_OC2_SetConfig
 .text.HAL_TIM_PWM_ConfigChannel
                0x08005c50       0xd0 build/stm32f4xx_hal_tim.o
                0x08005c50                HAL_TIM_PWM_ConfigChannel
 .text.TIM_ETR_SetConfig
                0x08005d20       0x18 build/stm32f4xx_hal_tim.o
                0x08005d20                TIM_ETR_SetConfig
 .text.HAL_TIM_ConfigClockSource
                0x08005d38       0xda build/stm32f4xx_hal_tim.o
                0x08005d38                HAL_TIM_ConfigClockSource
 *fill*         0x08005e12        0x2 
 .text.HAL_TIMEx_MasterConfigSynchronization
                0x08005e14       0x88 build/stm32f4xx_hal_tim_ex.o
                0x08005e14                HAL_TIMEx_MasterConfigSynchronization
 .text.HAL_TIMEx_CommutCallback
                0x08005e9c        0x2 build/stm32f4xx_hal_tim_ex.o
                0x08005e9c                HAL_TIMEx_CommutCallback
 .text.HAL_TIMEx_BreakCallback
                0x08005e9e        0x2 build/stm32f4xx_hal_tim_ex.o
                0x08005e9e                HAL_TIMEx_BreakCallback
 .text.UART_EndRxTransfer
                0x08005ea0       0x32 build/stm32f4xx_hal_uart.o
 .text.UART_Transmit_IT
                0x08005ed2       0x60 build/stm32f4xx_hal_uart.o
 *fill*         0x08005f32        0x2 
 .text.UART_SetConfig
                0x08005f34      0x11c build/stm32f4xx_hal_uart.o
 .text.UART_WaitOnFlagUntilTimeout
                0x08006050       0x68 build/stm32f4xx_hal_uart.o
 .text.HAL_UART_Init
                0x080060b8       0x5e build/stm32f4xx_hal_uart.o
                0x080060b8                HAL_UART_Init
 .text.HAL_UART_Transmit
                0x08006116       0xd8 build/stm32f4xx_hal_uart.o
                0x08006116                HAL_UART_Transmit
 .text.HAL_UART_TxCpltCallback
                0x080061ee        0x2 build/stm32f4xx_hal_uart.o
                0x080061ee                HAL_UART_TxCpltCallback
 .text.UART_EndTransmit_IT
                0x080061f0       0x1a build/stm32f4xx_hal_uart.o
 .text.HAL_UART_ErrorCallback
                0x0800620a        0x2 build/stm32f4xx_hal_uart.o
                0x0800620a                HAL_UART_ErrorCallback
 .text.UART_DMAAbortOnError
                0x0800620c       0x10 build/stm32f4xx_hal_uart.o
 .text.HAL_UARTEx_RxEventCallback
                0x0800621c        0x2 build/stm32f4xx_hal_uart.o
                0x0800621c                HAL_UARTEx_RxEventCallback
 .text.UART_Receive_IT
                0x0800621e       0xba build/stm32f4xx_hal_uart.o
 .text.HAL_UART_IRQHandler
                0x080062d8      0x208 build/stm32f4xx_hal_uart.o
                0x080062d8                HAL_UART_IRQHandler
 .text.SystemInit
                0x080064e0       0x1c build/system_stm32f4xx.o
                0x080064e0                SystemInit
 .text.vListInitialise
                0x080064fc       0x16 build/list.o
                0x080064fc                vListInitialise
 .text.vListInitialiseItem
                0x08006512        0x6 build/list.o
                0x08006512                vListInitialiseItem
 .text.vListInsertEnd
                0x08006518       0x16 build/list.o
                0x08006518                vListInsertEnd
 .text.vListInsert
                0x0800652e       0x32 build/list.o
                0x0800652e                vListInsert
 .text.uxListRemove
                0x08006560       0x26 build/list.o
                0x08006560                uxListRemove
 .text.prvIsQueueFull
                0x08006586       0x1e build/queue.o
 .text.prvCopyDataToQueue
                0x080065a4       0x76 build/queue.o
 .text.prvUnlockQueue
                0x0800661a       0x6e build/queue.o
 .text.xQueueGenericReset
                0x08006688       0x84 build/queue.o
                0x08006688                xQueueGenericReset
 .text.prvInitialiseNewQueue
                0x0800670c       0x1c build/queue.o
 .text.xQueueGenericCreateStatic
                0x08006728       0x94 build/queue.o
                0x08006728                xQueueGenericCreateStatic
 .text.xQueueGenericSend
                0x080067bc      0x180 build/queue.o
                0x080067bc                xQueueGenericSend
 .text.xQueueGenericSendFromISR
                0x0800693c       0xd0 build/queue.o
                0x0800693c                xQueueGenericSendFromISR
 .text.prvResetNextTaskUnblockTime
                0x08006a0c       0x2c build/tasks.o
 .text.prvInitialiseNewTask
                0x08006a38       0x8e build/tasks.o
 *fill*         0x08006ac6        0x2 
 .text.prvInitialiseTaskLists
                0x08006ac8       0x68 build/tasks.o
 .text.prvAddNewTaskToReadyList
                0x08006b30       0xa8 build/tasks.o
 .text.prvDeleteTCB
                0x08006bd8       0x38 build/tasks.o
 .text.prvCheckTasksWaitingTermination
                0x08006c10       0x4c build/tasks.o
 .text.prvIdleTask
                0x08006c5c       0x28 build/tasks.o
 .text.prvAddCurrentTaskToDelayedList
                0x08006c84       0x98 build/tasks.o
 .text.xTaskCreateStatic
                0x08006d1c       0x74 build/tasks.o
                0x08006d1c                xTaskCreateStatic
 .text.xTaskCreate
                0x08006d90       0x68 build/tasks.o
                0x08006d90                xTaskCreate
 .text.vTaskStartScheduler
                0x08006df8       0x6c build/tasks.o
                0x08006df8                vTaskStartScheduler
 .text.vTaskSuspendAll
                0x08006e64       0x10 build/tasks.o
                0x08006e64                vTaskSuspendAll
 .text.xTaskGetTickCount
                0x08006e74        0xc build/tasks.o
                0x08006e74                xTaskGetTickCount
 .text.xTaskIncrementTick
                0x08006e80      0x118 build/tasks.o
                0x08006e80                xTaskIncrementTick
 .text.xTaskResumeAll
                0x08006f98       0xf8 build/tasks.o
                0x08006f98                xTaskResumeAll
 .text.vTaskDelayUntil
                0x08007090       0xa4 build/tasks.o
                0x08007090                vTaskDelayUntil
 .text.vTaskDelay
                0x08007134       0x4c build/tasks.o
                0x08007134                vTaskDelay
 .text.vTaskSwitchContext
                0x08007180       0x98 build/tasks.o
                0x08007180                vTaskSwitchContext
 .text.vTaskPlaceOnEventList
                0x08007218       0x30 build/tasks.o
                0x08007218                vTaskPlaceOnEventList
 .text.xTaskRemoveFromEventList
                0x08007248       0x8c build/tasks.o
                0x08007248                xTaskRemoveFromEventList
 .text.vTaskInternalSetTimeOutState
                0x080072d4       0x18 build/tasks.o
                0x080072d4                vTaskInternalSetTimeOutState
 .text.xTaskCheckForTimeOut
                0x080072ec       0x84 build/tasks.o
                0x080072ec                xTaskCheckForTimeOut
 .text.vTaskMissedYield
                0x08007370        0xc build/tasks.o
                0x08007370                vTaskMissedYield
 .text.xTaskGetCurrentTaskHandle
                0x0800737c        0xc build/tasks.o
                0x0800737c                xTaskGetCurrentTaskHandle
 .text.xTaskGetSchedulerState
                0x08007388       0x20 build/tasks.o
                0x08007388                xTaskGetSchedulerState
 .text.xTaskPriorityDisinherit
                0x080073a8       0xb4 build/tasks.o
                0x080073a8                xTaskPriorityDisinherit
 .text.ulTaskNotifyTake
                0x0800745c       0x78 build/tasks.o
                0x0800745c                ulTaskNotifyTake
 .text.vTaskNotifyGiveFromISR
                0x080074d4       0xd0 build/tasks.o
                0x080074d4                vTaskNotifyGiveFromISR
 .text.makeFreeRtosPriority
                0x080075a4        0xc build/cmsis_os.o
 .text.osKernelStart
                0x080075b0        0xa build/cmsis_os.o
                0x080075b0                osKernelStart
 .text.osThreadCreate
                0x080075ba       0x6a build/cmsis_os.o
                0x080075ba                osThreadCreate
 .text.osDelay  0x08007624        0xe build/cmsis_os.o
                0x08007624                osDelay
 *fill*         0x08007632        0x2 
 .text.prvHeapInit
                0x08007634       0x64 build/heap_4.o
 .text.prvInsertBlockIntoFreeList
                0x08007698       0x58 build/heap_4.o
 .text.pvPortMalloc
                0x080076f0       0xfc build/heap_4.o
                0x080076f0                pvPortMalloc
 .text.vPortFree
                0x080077ec       0x7c build/heap_4.o
                0x080077ec                vPortFree
 .text.prvTaskExitError
                0x08007868       0x40 build/port.o
 .text.prvPortStartFirstTask
                0x080078a8       0x28 build/port.o
 .text.vPortEnableVFP
                0x080078d0       0x14 build/port.o
 .text.pxPortInitialiseStack
                0x080078e4       0x2c build/port.o
                0x080078e4                pxPortInitialiseStack
 .text.SVC_Handler
                0x08007910       0x24 build/port.o
                0x08007910                SVC_Handler
 .text.vPortEnterCritical
                0x08007934       0x44 build/port.o
                0x08007934                vPortEnterCritical
 .text.vPortExitCritical
                0x08007978       0x2c build/port.o
                0x08007978                vPortExitCritical
 *fill*         0x080079a4        0xc 
 .text.PendSV_Handler
                0x080079b0       0x64 build/port.o
                0x080079b0                PendSV_Handler
 .text.SysTick_Handler
                0x08007a14       0x2c build/port.o
                0x08007a14                SysTick_Handler
 .text.vPortSetupTimerInterrupt
                0x08007a40       0x38 build/port.o
                0x08007a40                vPortSetupTimerInterrupt
 .text.xPortStartScheduler
                0x08007a78      0x110 build/port.o
                0x08007a78                xPortStartScheduler
 .text.vPortValidateInterruptPriority
                0x08007b88       0x5c build/port.o
                0x08007b88                vPortValidateInterruptPriority
 .text.Reset_Handler
                0x08007be4       0x50 build/startup_stm32f407xx.o
                0x08007be4                Reset_Handler
 .text.Default_Handler
                0x08007c34        0x2 build/startup_stm32f407xx.o
                0x08007c34                RTC_Alarm_IRQHandler
                0x08007c34                HASH_RNG_IRQHandler
                0x08007c34                EXTI2_IRQHandler
                0x08007c34                TIM8_CC_IRQHandler
                0x08007c34                TIM1_CC_IRQHandler
                0x08007c34                DMA2_Stream5_IRQHandler
                0x08007c34                PVD_IRQHandler
                0x08007c34                SDIO_IRQHandler
                0x08007c34                TAMP_STAMP_IRQHandler
                0x08007c34                CAN2_RX1_IRQHandler
                0x08007c34                EXTI3_IRQHandler
                0x08007c34                TIM8_TRG_COM_TIM14_IRQHandler
                0x08007c34                TIM1_UP_TIM10_IRQHandler
                0x08007c34                TIM8_UP_TIM13_IRQHandler
                0x08007c34                I2C3_ER_IRQHandler
                0x08007c34                EXTI0_IRQHandler
                0x08007c34                I2C2_EV_IRQHandler
                0x08007c34                DMA1_Stream2_IRQHandler
                0x08007c34                CAN1_RX0_IRQHandler
                0x08007c34                FPU_IRQHandler
                0x08007c34                OTG_HS_WKUP_IRQHandler
                0x08007c34                CAN2_SCE_IRQHandler
                0x08007c34                SPI1_IRQHandler
                0x08007c34                TIM6_DAC_IRQHandler
                0x08007c34                TIM1_BRK_TIM9_IRQHandler
                0x08007c34                DCMI_IRQHandler
                0x08007c34                CAN2_RX0_IRQHandler
                0x08007c34                DMA2_Stream3_IRQHandler
                0x08007c34                USART6_IRQHandler
                0x08007c34                USART3_IRQHandler
                0x08007c34                CAN1_RX1_IRQHandler
                0x08007c34                UART5_IRQHandler
                0x08007c34                DMA2_Stream0_IRQHandler
                0x08007c34                TIM4_IRQHandler
                0x08007c34                DMA1_Stream1_IRQHandler
                0x08007c34                UART4_IRQHandler
                0x08007c34                TIM3_IRQHandler
                0x08007c34                RCC_IRQHandler
                0x08007c34                TIM8_BRK_TIM12_IRQHandler
                0x08007c34                Default_Handler
                0x08007c34                EXTI15_10_IRQHandler
                0x08007c34                ADC_IRQHandler
                0x08007c34                CAN2_TX_IRQHandler
                0x08007c34                TIM5_IRQHandler
                0x08007c34                I2C3_EV_IRQHandler
                0x08007c34                EXTI9_5_IRQHandler
                0x08007c34                RTC_WKUP_IRQHandler
                0x08007c34                ETH_WKUP_IRQHandler
                0x08007c34                SPI2_IRQHandler
                0x08007c34                OTG_HS_EP1_IN_IRQHandler
                0x08007c34                CAN1_TX_IRQHandler
                0x08007c34                EXTI4_IRQHandler
                0x08007c34                FSMC_IRQHandler
                0x08007c34                ETH_IRQHandler
                0x08007c34                OTG_HS_EP1_OUT_IRQHandler
                0x08007c34                WWDG_IRQHandler
                0x08007c34                TIM2_IRQHandler
                0x08007c34                OTG_FS_WKUP_IRQHandler
                0x08007c34                TIM1_TRG_COM_TIM11_IRQHandler
                0x08007c34                OTG_HS_IRQHandler
                0x08007c34                EXTI1_IRQHandler
                0x08007c34                I2C2_ER_IRQHandler
                0x08007c34                DMA2_Stream1_IRQHandler
                0x08007c34                CAN1_SCE_IRQHandler
                0x08007c34                FLASH_IRQHandler
                0x08007c34                DMA2_Stream4_IRQHandler
                0x08007c34                OTG_FS_IRQHandler
                0x08007c34                SPI3_IRQHandler
                0x08007c34                DMA1_Stream4_IRQHandler
                0x08007c34                DMA2_Stream6_IRQHandler
                0x08007c34                DMA1_Stream3_IRQHandler
 *fill*         0x08007c36        0x2 
 .text.__libc_init_array
                0x08007c38       0x48 e:/gnu tools arm embedded/9 2019-q4-major/bin/../lib/gcc/arm-none-eabi/9.2.1/../../../../arm-none-eabi/lib/thumb/v7e-m+fp/hard\libc_nano.a(lib_a-init.o)
                0x08007c38                __libc_init_array
 .text.memcpy   0x08007c80       0x1c e:/gnu tools arm embedded/9 2019-q4-major/bin/../lib/gcc/arm-none-eabi/9.2.1/../../../../arm-none-eabi/lib/thumb/v7e-m+fp/hard\libc_nano.a(lib_a-memcpy-stub.o)
                0x08007c80                memcpy
 .text.memset   0x08007c9c       0x10 e:/gnu tools arm embedded/9 2019-q4-major/bin/../lib/gcc/arm-none-eabi/9.2.1/../../../../arm-none-eabi/lib/thumb/v7e-m+fp/hard\libc_nano.a(lib_a-memset.o)
                0x08007c9c                memset
 .text.__cvt    0x08007cac       0xc4 e:/gnu tools arm embedded/9 2019-q4-major/bin/../lib/gcc/arm-none-eabi/9.2.1/../../../../arm-none-eabi/lib/thumb/v7e-m+fp/hard\libc_nano.a(lib_a-nano-vfprintf_float.o)
                0x08007cac                __cvt
 .text.__exponent
                0x08007d70       0x7c e:/gnu tools arm embedded/9 2019-q4-major/bin/../lib/gcc/arm-none-eabi/9.2.1/../../../../arm-none-eabi/lib/thumb/v7e-m+fp/hard\libc_nano.a(lib_a-nano-vfprintf_float.o)
                0x08007d70                __exponent
 .text._printf_float
                0x08007dec      0x46c e:/gnu tools arm embedded/9 2019-q4-major/bin/../lib/gcc/arm-none-eabi/9.2.1/../../../../arm-none-eabi/lib/thumb/v7e-m+fp/hard\libc_nano.a(lib_a-nano-vfprintf_float.o)
                0x08007dec                _printf_float
 .text._printf_common
                0x08008258       0xda e:/gnu tools arm embedded/9 2019-q4-major/bin/../lib/gcc/arm-none-eabi/9.2.1/../../../../arm-none-eabi/lib/thumb/v7e-m+fp/hard\libc_nano.a(lib_a-nano-vfprintf_i.o)
                0x08008258                _printf_common
 *fill*         0x08008332        0x2 
 .text._printf_i
                0x08008334      0x24c e:/gnu tools arm embedded/9 2019-q4-major/bin/../lib/gcc/arm-none-eabi/9.2.1/../../../../arm-none-eabi/lib/thumb/v7e-m+fp/hard\libc_nano.a(lib_a-nano-vfprintf_i.o)
                0x08008334                _printf_i
 .text.printf   0x08008580       0x30 e:/gnu tools arm embedded/9 2019-q4-major/bin/../lib/gcc/arm-none-eabi/9.2.1/../../../../arm-none-eabi/lib/thumb/v7e-m+fp/hard\libc_nano.a(lib_a-printf.o)
                0x08008580                iprintf
                0x08008580                printf
 .text._puts_r  0x080085b0       0xdc e:/gnu tools arm embedded/9 2019-q4-major/bin/../lib/gcc/arm-none-eabi/9.2.1/../../../../arm-none-eabi/lib/thumb/v7e-m+fp/hard\libc_nano.a(lib_a-puts.o)
                0x080085b0                _puts_r
 .text.puts     0x0800868c       0x10 e:/gnu tools arm embedded/9 2019-q4-major/bin/../lib/gcc/arm-none-eabi/9.2.1/../../../../arm-none-eabi/lib/thumb/v7e-m+fp/hard\libc_nano.a(lib_a-puts.o)
                0x0800868c                puts
 .text.__swbuf_r
                0x0800869c       0xa4 e:/gnu tools arm embedded/9 2019-q4-major/bin/../lib/gcc/arm-none-eabi/9.2.1/../../../../arm-none-eabi/lib/thumb/v7e-m+fp/hard\libc_nano.a(lib_a-wbuf.o)
                0x0800869c                __swbuf_r
 .text.__swsetup_r
                0x08008740       0xdc e:/gnu tools arm embedded/9 2019-q4-major/bin/../lib/gcc/arm-none-eabi/9.2.1/../../../../arm-none-eabi/lib/thumb/v7e-m+fp/hard\libc_nano.a(lib_a-wsetup.o)
                0x08008740                __swsetup_r
 .text.quorem   0x0800881c      0x116 e:/gnu tools arm embedded/9 2019-q4-major/bin/../lib/gcc/arm-none-eabi/9.2.1/../../../../arm-none-eabi/lib/thumb/v7e-m+fp/hard\libc_nano.a(lib_a-dtoa.o)
 *fill*         0x08008932        0x6 
 .text._dtoa_r  0x08008938      0xbbc e:/gnu tools arm embedded/9 2019-q4-major/bin/../lib/gcc/arm-none-eabi/9.2.1/../../../../arm-none-eabi/lib/thumb/v7e-m+fp/hard\libc_nano.a(lib_a-dtoa.o)
                0x08008938                _dtoa_r
 .text.__sflush_r
                0x080094f4      0x10c e:/gnu tools arm embedded/9 2019-q4-major/bin/../lib/gcc/arm-none-eabi/9.2.1/../../../../arm-none-eabi/lib/thumb/v7e-m+fp/hard\libc_nano.a(lib_a-fflush.o)
                0x080094f4                __sflush_r
 .text._fflush_r
                0x08009600       0x78 e:/gnu tools arm embedded/9 2019-q4-major/bin/../lib/gcc/arm-none-eabi/9.2.1/../../../../arm-none-eabi/lib/thumb/v7e-m+fp/hard\libc_nano.a(lib_a-fflush.o)
                0x08009600                _fflush_r
 .text.std      0x08009678       0x48 e:/gnu tools arm embedded/9 2019-q4-major/bin/../lib/gcc/arm-none-eabi/9.2.1/../../../../arm-none-eabi/lib/thumb/v7e-m+fp/hard\libc_nano.a(lib_a-findfp.o)
 .text._cleanup_r
                0x080096c0        0xc e:/gnu tools arm embedded/9 2019-q4-major/bin/../lib/gcc/arm-none-eabi/9.2.1/../../../../arm-none-eabi/lib/thumb/v7e-m+fp/hard\libc_nano.a(lib_a-findfp.o)
                0x080096c0                _cleanup_r
 .text.__sfmoreglue
                0x080096cc       0x2c e:/gnu tools arm embedded/9 2019-q4-major/bin/../lib/gcc/arm-none-eabi/9.2.1/../../../../arm-none-eabi/lib/thumb/v7e-m+fp/hard\libc_nano.a(lib_a-findfp.o)
                0x080096cc                __sfmoreglue
 .text.__sfp_lock_acquire
                0x080096f8        0xc e:/gnu tools arm embedded/9 2019-q4-major/bin/../lib/gcc/arm-none-eabi/9.2.1/../../../../arm-none-eabi/lib/thumb/v7e-m+fp/hard\libc_nano.a(lib_a-findfp.o)
                0x080096f8                __sfp_lock_acquire
 .text.__sfp_lock_release
                0x08009704        0xc e:/gnu tools arm embedded/9 2019-q4-major/bin/../lib/gcc/arm-none-eabi/9.2.1/../../../../arm-none-eabi/lib/thumb/v7e-m+fp/hard\libc_nano.a(lib_a-findfp.o)
                0x08009704                __sfp_lock_release
 .text.__sinit_lock_acquire
                0x08009710        0xc e:/gnu tools arm embedded/9 2019-q4-major/bin/../lib/gcc/arm-none-eabi/9.2.1/../../../../arm-none-eabi/lib/thumb/v7e-m+fp/hard\libc_nano.a(lib_a-findfp.o)
                0x08009710                __sinit_lock_acquire
 .text.__sinit_lock_release
                0x0800971c        0xc e:/gnu tools arm embedded/9 2019-q4-major/bin/../lib/gcc/arm-none-eabi/9.2.1/../../../../arm-none-eabi/lib/thumb/v7e-m+fp/hard\libc_nano.a(lib_a-findfp.o)
                0x0800971c                __sinit_lock_release
 .text.__sinit  0x08009728       0x70 e:/gnu tools arm embedded/9 2019-q4-major/bin/../lib/gcc/arm-none-eabi/9.2.1/../../../../arm-none-eabi/lib/thumb/v7e-m+fp/hard\libc_nano.a(lib_a-findfp.o)
                0x08009728                __sinit
 .text.__sfp    0x08009798       0x8c e:/gnu tools arm embedded/9 2019-q4-major/bin/../lib/gcc/arm-none-eabi/9.2.1/../../../../arm-none-eabi/lib/thumb/v7e-m+fp/hard\libc_nano.a(lib_a-findfp.o)
                0x08009798                __sfp
 .text._fwalk_reent
                0x08009824       0x3e e:/gnu tools arm embedded/9 2019-q4-major/bin/../lib/gcc/arm-none-eabi/9.2.1/../../../../arm-none-eabi/lib/thumb/v7e-m+fp/hard\libc_nano.a(lib_a-fwalk.o)
                0x08009824                _fwalk_reent
 *fill*         0x08009862        0x2 
 .text._localeconv_r
                0x08009864        0x8 e:/gnu tools arm embedded/9 2019-q4-major/bin/../lib/gcc/arm-none-eabi/9.2.1/../../../../arm-none-eabi/lib/thumb/v7e-m+fp/hard\libc_nano.a(lib_a-localeconv.o)
                0x08009864                _localeconv_r
 .text.__retarget_lock_init_recursive
                0x0800986c        0x2 e:/gnu tools arm embedded/9 2019-q4-major/bin/../lib/gcc/arm-none-eabi/9.2.1/../../../../arm-none-eabi/lib/thumb/v7e-m+fp/hard\libc_nano.a(lib_a-lock.o)
                0x0800986c                __retarget_lock_init_recursive
 .text.__retarget_lock_acquire_recursive
                0x0800986e        0x2 e:/gnu tools arm embedded/9 2019-q4-major/bin/../lib/gcc/arm-none-eabi/9.2.1/../../../../arm-none-eabi/lib/thumb/v7e-m+fp/hard\libc_nano.a(lib_a-lock.o)
                0x0800986e                __retarget_lock_acquire_recursive
 .text.__retarget_lock_release_recursive
                0x08009870        0x2 e:/gnu tools arm embedded/9 2019-q4-major/bin/../lib/gcc/arm-none-eabi/9.2.1/../../../../arm-none-eabi/lib/thumb/v7e-m+fp/hard\libc_nano.a(lib_a-lock.o)
                0x08009870                __retarget_lock_release_recursive
 .text.__swhatbuf_r
                0x08009872       0x48 e:/gnu tools arm embedded/9 2019-q4-major/bin/../lib/gcc/arm-none-eabi/9.2.1/../../../../arm-none-eabi/lib/thumb/v7e-m+fp/hard\libc_nano.a(lib_a-makebuf.o)
                0x08009872                __swhatbuf_r
 *fill*         0x080098ba        0x2 
 .text.__smakebuf_r
                0x080098bc       0x80 e:/gnu tools arm embedded/9 2019-q4-major/bin/../lib/gcc/arm-none-eabi/9.2.1/../../../../arm-none-eabi/lib/thumb/v7e-m+fp/hard\libc_nano.a(lib_a-makebuf.o)
                0x080098bc                __smakebuf_r
 .text.malloc   0x0800993c       0x10 e:/gnu tools arm embedded/9 2019-q4-major/bin/../lib/gcc/arm-none-eabi/9.2.1/../../../../arm-none-eabi/lib/thumb/v7e-m+fp/hard\libc_nano.a(lib_a-malloc.o)
                0x0800993c                malloc
 .text._Balloc  0x0800994c       0x68 e:/gnu tools arm embedded/9 2019-q4-major/bin/../lib/gcc/arm-none-eabi/9.2.1/../../../../arm-none-eabi/lib/thumb/v7e-m+fp/hard\libc_nano.a(lib_a-mprec.o)
                0x0800994c                _Balloc
 .text._Bfree   0x080099b4       0x2e e:/gnu tools arm embedded/9 2019-q4-major/bin/../lib/gcc/arm-none-eabi/9.2.1/../../../../arm-none-eabi/lib/thumb/v7e-m+fp/hard\libc_nano.a(lib_a-mprec.o)
                0x080099b4                _Bfree
 .text.__multadd
                0x080099e2       0x7c e:/gnu tools arm embedded/9 2019-q4-major/bin/../lib/gcc/arm-none-eabi/9.2.1/../../../../arm-none-eabi/lib/thumb/v7e-m+fp/hard\libc_nano.a(lib_a-mprec.o)
                0x080099e2                __multadd
 .text.__hi0bits
                0x08009a5e       0x40 e:/gnu tools arm embedded/9 2019-q4-major/bin/../lib/gcc/arm-none-eabi/9.2.1/../../../../arm-none-eabi/lib/thumb/v7e-m+fp/hard\libc_nano.a(lib_a-mprec.o)
                0x08009a5e                __hi0bits
 .text.__lo0bits
                0x08009a9e       0x60 e:/gnu tools arm embedded/9 2019-q4-major/bin/../lib/gcc/arm-none-eabi/9.2.1/../../../../arm-none-eabi/lib/thumb/v7e-m+fp/hard\libc_nano.a(lib_a-mprec.o)
                0x08009a9e                __lo0bits
 .text.__i2b    0x08009afe       0x12 e:/gnu tools arm embedded/9 2019-q4-major/bin/../lib/gcc/arm-none-eabi/9.2.1/../../../../arm-none-eabi/lib/thumb/v7e-m+fp/hard\libc_nano.a(lib_a-mprec.o)
                0x08009afe                __i2b
 .text.__multiply
                0x08009b10      0x138 e:/gnu tools arm embedded/9 2019-q4-major/bin/../lib/gcc/arm-none-eabi/9.2.1/../../../../arm-none-eabi/lib/thumb/v7e-m+fp/hard\libc_nano.a(lib_a-mprec.o)
                0x08009b10                __multiply
 .text.__pow5mult
                0x08009c48       0x9c e:/gnu tools arm embedded/9 2019-q4-major/bin/../lib/gcc/arm-none-eabi/9.2.1/../../../../arm-none-eabi/lib/thumb/v7e-m+fp/hard\libc_nano.a(lib_a-mprec.o)
                0x08009c48                __pow5mult
 .text.__lshift
                0x08009ce4       0xbe e:/gnu tools arm embedded/9 2019-q4-major/bin/../lib/gcc/arm-none-eabi/9.2.1/../../../../arm-none-eabi/lib/thumb/v7e-m+fp/hard\libc_nano.a(lib_a-mprec.o)
                0x08009ce4                __lshift
 .text.__mcmp   0x08009da2       0x38 e:/gnu tools arm embedded/9 2019-q4-major/bin/../lib/gcc/arm-none-eabi/9.2.1/../../../../arm-none-eabi/lib/thumb/v7e-m+fp/hard\libc_nano.a(lib_a-mprec.o)
                0x08009da2                __mcmp
 .text.__mdiff  0x08009dda       0xec e:/gnu tools arm embedded/9 2019-q4-major/bin/../lib/gcc/arm-none-eabi/9.2.1/../../../../arm-none-eabi/lib/thumb/v7e-m+fp/hard\libc_nano.a(lib_a-mprec.o)
                0x08009dda                __mdiff
 .text.__d2b    0x08009ec6       0xa0 e:/gnu tools arm embedded/9 2019-q4-major/bin/../lib/gcc/arm-none-eabi/9.2.1/../../../../arm-none-eabi/lib/thumb/v7e-m+fp/hard\libc_nano.a(lib_a-mprec.o)
                0x08009ec6                __d2b
 .text._calloc_r
                0x08009f66       0x1e e:/gnu tools arm embedded/9 2019-q4-major/bin/../lib/gcc/arm-none-eabi/9.2.1/../../../../arm-none-eabi/lib/thumb/v7e-m+fp/hard\libc_nano.a(lib_a-nano-callocr.o)
                0x08009f66                _calloc_r
 .text._free_r  0x08009f84       0xa0 e:/gnu tools arm embedded/9 2019-q4-major/bin/../lib/gcc/arm-none-eabi/9.2.1/../../../../arm-none-eabi/lib/thumb/v7e-m+fp/hard\libc_nano.a(lib_a-nano-freer.o)
                0x08009f84                _free_r
 .text._malloc_r
                0x0800a024       0xb4 e:/gnu tools arm embedded/9 2019-q4-major/bin/../lib/gcc/arm-none-eabi/9.2.1/../../../../arm-none-eabi/lib/thumb/v7e-m+fp/hard\libc_nano.a(lib_a-nano-mallocr.o)
                0x0800a024                _malloc_r
 .text.__sfputc_r
                0x0800a0d8       0x2e e:/gnu tools arm embedded/9 2019-q4-major/bin/../lib/gcc/arm-none-eabi/9.2.1/../../../../arm-none-eabi/lib/thumb/v7e-m+fp/hard\libc_nano.a(lib_a-nano-vfprintf.o)
 .text.__sfputs_r
                0x0800a106       0x24 e:/gnu tools arm embedded/9 2019-q4-major/bin/../lib/gcc/arm-none-eabi/9.2.1/../../../../arm-none-eabi/lib/thumb/v7e-m+fp/hard\libc_nano.a(lib_a-nano-vfprintf.o)
                0x0800a106                __sfputs_r
 *fill*         0x0800a12a        0x2 
 .text._vfprintf_r
                0x0800a12c      0x260 e:/gnu tools arm embedded/9 2019-q4-major/bin/../lib/gcc/arm-none-eabi/9.2.1/../../../../arm-none-eabi/lib/thumb/v7e-m+fp/hard\libc_nano.a(lib_a-nano-vfprintf.o)
                0x0800a12c                _vfprintf_r
                0x0800a12c                _vfiprintf_r
 .text._sbrk_r  0x0800a38c       0x20 e:/gnu tools arm embedded/9 2019-q4-major/bin/../lib/gcc/arm-none-eabi/9.2.1/../../../../arm-none-eabi/lib/thumb/v7e-m+fp/hard\libc_nano.a(lib_a-sbrkr.o)
                0x0800a38c                _sbrk_r
 .text.__sread  0x0800a3ac       0x22 e:/gnu tools arm embedded/9 2019-q4-major/bin/../lib/gcc/arm-none-eabi/9.2.1/../../../../arm-none-eabi/lib/thumb/v7e-m+fp/hard\libc_nano.a(lib_a-stdio.o)
                0x0800a3ac                __sread
 .text.__swrite
                0x0800a3ce       0x38 e:/gnu tools arm embedded/9 2019-q4-major/bin/../lib/gcc/arm-none-eabi/9.2.1/../../../../arm-none-eabi/lib/thumb/v7e-m+fp/hard\libc_nano.a(lib_a-stdio.o)
                0x0800a3ce                __swrite
 .text.__sseek  0x0800a406       0x24 e:/gnu tools arm embedded/9 2019-q4-major/bin/../lib/gcc/arm-none-eabi/9.2.1/../../../../arm-none-eabi/lib/thumb/v7e-m+fp/hard\libc_nano.a(lib_a-stdio.o)
                0x0800a406                __sseek
 .text.__sclose
                0x0800a42a        0x8 e:/gnu tools arm embedded/9 2019-q4-major/bin/../lib/gcc/arm-none-eabi/9.2.1/../../../../arm-none-eabi/lib/thumb/v7e-m+fp/hard\libc_nano.a(lib_a-stdio.o)
                0x0800a42a                __sclose
 *fill*         0x0800a432        0x2 
 .text._write_r
                0x0800a434       0x24 e:/gnu tools arm embedded/9 2019-q4-major/bin/../lib/gcc/arm-none-eabi/9.2.1/../../../../arm-none-eabi/lib/thumb/v7e-m+fp/hard\libc_nano.a(lib_a-writer.o)
                0x0800a434                _write_r
 .text._close_r
                0x0800a458       0x20 e:/gnu tools arm embedded/9 2019-q4-major/bin/../lib/gcc/arm-none-eabi/9.2.1/../../../../arm-none-eabi/lib/thumb/v7e-m+fp/hard\libc_nano.a(lib_a-closer.o)
                0x0800a458                _close_r
 .text._fstat_r
                0x0800a478       0x24 e:/gnu tools arm embedded/9 2019-q4-major/bin/../lib/gcc/arm-none-eabi/9.2.1/../../../../arm-none-eabi/lib/thumb/v7e-m+fp/hard\libc_nano.a(lib_a-fstatr.o)
                0x0800a478                _fstat_r
 .text._isatty_r
                0x0800a49c       0x20 e:/gnu tools arm embedded/9 2019-q4-major/bin/../lib/gcc/arm-none-eabi/9.2.1/../../../../arm-none-eabi/lib/thumb/v7e-m+fp/hard\libc_nano.a(lib_a-isattyr.o)
                0x0800a49c                _isatty_r
 .text._lseek_r
                0x0800a4bc       0x24 e:/gnu tools arm embedded/9 2019-q4-major/bin/../lib/gcc/arm-none-eabi/9.2.1/../../../../arm-none-eabi/lib/thumb/v7e-m+fp/hard\libc_nano.a(lib_a-lseekr.o)
                0x0800a4bc                _lseek_r
 .text.__ascii_mbtowc
                0x0800a4e0       0x24 e:/gnu tools arm embedded/9 2019-q4-major/bin/../lib/gcc/arm-none-eabi/9.2.1/../../../../arm-none-eabi/lib/thumb/v7e-m+fp/hard\libc_nano.a(lib_a-mbtowc_r.o)
                0x0800a4e0                __ascii_mbtowc
 .text.__malloc_lock
                0x0800a504        0xc e:/gnu tools arm embedded/9 2019-q4-major/bin/../lib/gcc/arm-none-eabi/9.2.1/../../../../arm-none-eabi/lib/thumb/v7e-m+fp/hard\libc_nano.a(lib_a-mlock.o)
                0x0800a504                __malloc_lock
 .text.__malloc_unlock
                0x0800a510        0xc e:/gnu tools arm embedded/9 2019-q4-major/bin/../lib/gcc/arm-none-eabi/9.2.1/../../../../arm-none-eabi/lib/thumb/v7e-m+fp/hard\libc_nano.a(lib_a-mlock.o)
                0x0800a510                __malloc_unlock
 .text._read_r  0x0800a51c       0x24 e:/gnu tools arm embedded/9 2019-q4-major/bin/../lib/gcc/arm-none-eabi/9.2.1/../../../../arm-none-eabi/lib/thumb/v7e-m+fp/hard\libc_nano.a(lib_a-readr.o)
                0x0800a51c                _read_r
 .text.__ascii_wctomb
                0x0800a540       0x1a e:/gnu tools arm embedded/9 2019-q4-major/bin/../lib/gcc/arm-none-eabi/9.2.1/../../../../arm-none-eabi/lib/thumb/v7e-m+fp/hard\libc_nano.a(lib_a-wctomb_r.o)
                0x0800a540                __ascii_wctomb
 *fill*         0x0800a55a        0x2 
 .text.tanf     0x0800a55c       0x5c e:/gnu tools arm embedded/9 2019-q4-major/bin/../lib/gcc/arm-none-eabi/9.2.1/../../../../arm-none-eabi/lib/thumb/v7e-m+fp/hard\libm.a(lib_a-sf_tan.o)
                0x0800a55c                tanf
 .text.pow      0x0800a5b8      0x36c e:/gnu tools arm embedded/9 2019-q4-major/bin/../lib/gcc/arm-none-eabi/9.2.1/../../../../arm-none-eabi/lib/thumb/v7e-m+fp/hard\libm.a(lib_a-w_pow.o)
                0x0800a5b8                pow
 *fill*         0x0800a924        0x4 
 .text.__ieee754_pow
                0x0800a928      0xbb4 e:/gnu tools arm embedded/9 2019-q4-major/bin/../lib/gcc/arm-none-eabi/9.2.1/../../../../arm-none-eabi/lib/thumb/v7e-m+fp/hard\libm.a(lib_a-e_pow.o)
                0x0800a928                __ieee754_pow
 .text.__ieee754_sqrt
                0x0800b4dc      0x188 e:/gnu tools arm embedded/9 2019-q4-major/bin/../lib/gcc/arm-none-eabi/9.2.1/../../../../arm-none-eabi/lib/thumb/v7e-m+fp/hard\libm.a(lib_a-e_sqrt.o)
                0x0800b4dc                __ieee754_sqrt
 .text.__ieee754_rem_pio2f
                0x0800b664      0x294 e:/gnu tools arm embedded/9 2019-q4-major/bin/../lib/gcc/arm-none-eabi/9.2.1/../../../../arm-none-eabi/lib/thumb/v7e-m+fp/hard\libm.a(lib_a-ef_rem_pio2.o)
                0x0800b664                __ieee754_rem_pio2f
 .text.__kernel_rem_pio2f
                0x0800b8f8      0x66c e:/gnu tools arm embedded/9 2019-q4-major/bin/../lib/gcc/arm-none-eabi/9.2.1/../../../../arm-none-eabi/lib/thumb/v7e-m+fp/hard\libm.a(lib_a-kf_rem_pio2.o)
                0x0800b8f8                __kernel_rem_pio2f
 .text.__kernel_tanf
                0x0800bf64      0x1d8 e:/gnu tools arm embedded/9 2019-q4-major/bin/../lib/gcc/arm-none-eabi/9.2.1/../../../../arm-none-eabi/lib/thumb/v7e-m+fp/hard\libm.a(lib_a-kf_tan.o)
                0x0800bf64                __kernel_tanf
 .text.fabs     0x0800c13c       0x14 e:/gnu tools arm embedded/9 2019-q4-major/bin/../lib/gcc/arm-none-eabi/9.2.1/../../../../arm-none-eabi/lib/thumb/v7e-m+fp/hard\libm.a(lib_a-s_fabs.o)
                0x0800c13c                fabs
 .text.finite   0x0800c150       0x18 e:/gnu tools arm embedded/9 2019-q4-major/bin/../lib/gcc/arm-none-eabi/9.2.1/../../../../arm-none-eabi/lib/thumb/v7e-m+fp/hard\libm.a(lib_a-s_finite.o)
                0x0800c150                finite
 .text.matherr  0x0800c168        0x4 e:/gnu tools arm embedded/9 2019-q4-major/bin/../lib/gcc/arm-none-eabi/9.2.1/../../../../arm-none-eabi/lib/thumb/v7e-m+fp/hard\libm.a(lib_a-s_matherr.o)
                0x0800c168                matherr
 *fill*         0x0800c16c        0x4 
 .text.nan      0x0800c170       0x10 e:/gnu tools arm embedded/9 2019-q4-major/bin/../lib/gcc/arm-none-eabi/9.2.1/../../../../arm-none-eabi/lib/thumb/v7e-m+fp/hard\libm.a(lib_a-s_nan.o)
                0x0800c170                nan
 .text.rint     0x0800c180      0x124 e:/gnu tools arm embedded/9 2019-q4-major/bin/../lib/gcc/arm-none-eabi/9.2.1/../../../../arm-none-eabi/lib/thumb/v7e-m+fp/hard\libm.a(lib_a-s_rint.o)
                0x0800c180                rint
 *fill*         0x0800c2a4        0x4 
 .text.scalbn   0x0800c2a8      0x124 e:/gnu tools arm embedded/9 2019-q4-major/bin/../lib/gcc/arm-none-eabi/9.2.1/../../../../arm-none-eabi/lib/thumb/v7e-m+fp/hard\libm.a(lib_a-s_scalbn.o)
                0x0800c2a8                scalbn
 .text.fabsf    0x0800c3cc       0x10 e:/gnu tools arm embedded/9 2019-q4-major/bin/../lib/gcc/arm-none-eabi/9.2.1/../../../../arm-none-eabi/lib/thumb/v7e-m+fp/hard\libm.a(lib_a-sf_fabs.o)
                0x0800c3cc                fabsf
 .text.floorf   0x0800c3dc       0x8c e:/gnu tools arm embedded/9 2019-q4-major/bin/../lib/gcc/arm-none-eabi/9.2.1/../../../../arm-none-eabi/lib/thumb/v7e-m+fp/hard\libm.a(lib_a-sf_floor.o)
                0x0800c3dc                floorf
 .text.scalbnf  0x0800c468       0xe4 e:/gnu tools arm embedded/9 2019-q4-major/bin/../lib/gcc/arm-none-eabi/9.2.1/../../../../arm-none-eabi/lib/thumb/v7e-m+fp/hard\libm.a(lib_a-sf_scalbn.o)
                0x0800c468                scalbnf
 .text._close   0x0800c54c       0x10 e:/gnu tools arm embedded/9 2019-q4-major/bin/../lib/gcc/arm-none-eabi/9.2.1/../../../../arm-none-eabi/lib/thumb/v7e-m+fp/hard\libnosys.a(close.o)
                0x0800c54c                _close
 .text._fstat   0x0800c55c       0x10 e:/gnu tools arm embedded/9 2019-q4-major/bin/../lib/gcc/arm-none-eabi/9.2.1/../../../../arm-none-eabi/lib/thumb/v7e-m+fp/hard\libnosys.a(fstat.o)
                0x0800c55c                _fstat
 .text._isatty  0x0800c56c       0x10 e:/gnu tools arm embedded/9 2019-q4-major/bin/../lib/gcc/arm-none-eabi/9.2.1/../../../../arm-none-eabi/lib/thumb/v7e-m+fp/hard\libnosys.a(isatty.o)
                0x0800c56c                _isatty
 .text._lseek   0x0800c57c       0x10 e:/gnu tools arm embedded/9 2019-q4-major/bin/../lib/gcc/arm-none-eabi/9.2.1/../../../../arm-none-eabi/lib/thumb/v7e-m+fp/hard\libnosys.a(lseek.o)
                0x0800c57c                _lseek
 .text._read    0x0800c58c       0x10 e:/gnu tools arm embedded/9 2019-q4-major/bin/../lib/gcc/arm-none-eabi/9.2.1/../../../../arm-none-eabi/lib/thumb/v7e-m+fp/hard\libnosys.a(read.o)
                0x0800c58c                _read
 .text._sbrk    0x0800c59c       0x1c e:/gnu tools arm embedded/9 2019-q4-major/bin/../lib/gcc/arm-none-eabi/9.2.1/../../../../arm-none-eabi/lib/thumb/v7e-m+fp/hard\libnosys.a(sbrk.o)
                0x0800c59c                _sbrk
 .text.__errno  0x0800c5b8        0xc e:/gnu tools arm embedded/9 2019-q4-major/bin/../lib/gcc/arm-none-eabi/9.2.1/../../../../arm-none-eabi/lib/thumb/v7e-m+fp/hard\libc_nano.a(lib_a-errno.o)
                0x0800c5b8                __errno
 *(.glue_7)
 .glue_7        0x0800c5c4        0x0 linker stubs
 *(.glue_7t)
 .glue_7t       0x0800c5c4        0x0 linker stubs
 *(.eh_frame)
 .eh_frame      0x0800c5c4        0x0 e:/gnu tools arm embedded/9 2019-q4-major/bin/../lib/gcc/arm-none-eabi/9.2.1/thumb/v7e-m+fp/hard/crtbegin.o
 *(.init)
 .init          0x0800c5c4        0x4 e:/gnu tools arm embedded/9 2019-q4-major/bin/../lib/gcc/arm-none-eabi/9.2.1/thumb/v7e-m+fp/hard/crti.o
                0x0800c5c4                _init
 .init          0x0800c5c8        0x8 e:/gnu tools arm embedded/9 2019-q4-major/bin/../lib/gcc/arm-none-eabi/9.2.1/thumb/v7e-m+fp/hard/crtn.o
 *(.fini)
 .fini          0x0800c5d0        0x4 e:/gnu tools arm embedded/9 2019-q4-major/bin/../lib/gcc/arm-none-eabi/9.2.1/thumb/v7e-m+fp/hard/crti.o
                0x0800c5d0                _fini
 .fini          0x0800c5d4        0x8 e:/gnu tools arm embedded/9 2019-q4-major/bin/../lib/gcc/arm-none-eabi/9.2.1/thumb/v7e-m+fp/hard/crtn.o
                0x0800c5dc                . = ALIGN (0x4)
                0x0800c5dc                _etext = .

.vfp11_veneer   0x0800c5dc        0x0
 .vfp11_veneer  0x0800c5dc        0x0 linker stubs

.v4_bx          0x0800c5dc        0x0
 .v4_bx         0x0800c5dc        0x0 linker stubs

.iplt           0x0800c5dc        0x0
 .iplt          0x0800c5dc        0x0 e:/gnu tools arm embedded/9 2019-q4-major/bin/../lib/gcc/arm-none-eabi/9.2.1/thumb/v7e-m+fp/hard/crtbegin.o

.rodata         0x0800c5e0      0x7b0
                0x0800c5e0                . = ALIGN (0x4)
 *(.rodata)
 .rodata        0x0800c5e0       0x1c build/freertos.o
 *(.rodata*)
 .rodata.SensorsInit.str1.4
                0x0800c5fc       0x91 build/sensors.o
 *fill*         0x0800c68d        0x3 
 .rodata.SystemLaunch.str1.4
                0x0800c690        0xb build/system_task.o
 *fill*         0x0800c69b        0x1 
 .rodata.SystemInitiate.str1.4
                0x0800c69c       0x17 build/system_task.o
 *fill*         0x0800c6b3        0x1 
 .rodata.str1.4
                0x0800c6b4        0xc build/freertos.o
 .rodata.flagBitshiftOffset.8557
                0x0800c6c0        0x8 build/stm32f4xx_hal_dma.o
 .rodata.AHBPrescTable
                0x0800c6c8       0x10 build/system_stm32f4xx.o
                0x0800c6c8                AHBPrescTable
 .rodata.APBPrescTable
                0x0800c6d8        0x8 build/system_stm32f4xx.o
                0x0800c6d8                APBPrescTable
 .rodata.vTaskStartScheduler.str1.4
                0x0800c6e0        0x5 build/tasks.o
 *fill*         0x0800c6e5        0x3 
 .rodata._global_impure_ptr
                0x0800c6e8        0x4 e:/gnu tools arm embedded/9 2019-q4-major/bin/../lib/gcc/arm-none-eabi/9.2.1/../../../../arm-none-eabi/lib/thumb/v7e-m+fp/hard\libc_nano.a(lib_a-impure.o)
                0x0800c6e8                _global_impure_ptr
 .rodata._printf_float.str1.1
                0x0800c6ec       0x12 e:/gnu tools arm embedded/9 2019-q4-major/bin/../lib/gcc/arm-none-eabi/9.2.1/../../../../arm-none-eabi/lib/thumb/v7e-m+fp/hard\libc_nano.a(lib_a-nano-vfprintf_float.o)
 .rodata._printf_i.str1.1
                0x0800c6fe       0x22 e:/gnu tools arm embedded/9 2019-q4-major/bin/../lib/gcc/arm-none-eabi/9.2.1/../../../../arm-none-eabi/lib/thumb/v7e-m+fp/hard\libc_nano.a(lib_a-nano-vfprintf_i.o)
 .rodata._dtoa_r.str1.1
                0x0800c720        0xd e:/gnu tools arm embedded/9 2019-q4-major/bin/../lib/gcc/arm-none-eabi/9.2.1/../../../../arm-none-eabi/lib/thumb/v7e-m+fp/hard\libc_nano.a(lib_a-dtoa.o)
                                  0xf (size before relaxing)
 *fill*         0x0800c72d        0x3 
 .rodata.__sf_fake_stderr
                0x0800c730       0x20 e:/gnu tools arm embedded/9 2019-q4-major/bin/../lib/gcc/arm-none-eabi/9.2.1/../../../../arm-none-eabi/lib/thumb/v7e-m+fp/hard\libc_nano.a(lib_a-findfp.o)
                0x0800c730                __sf_fake_stderr
 .rodata.__sf_fake_stdin
                0x0800c750       0x20 e:/gnu tools arm embedded/9 2019-q4-major/bin/../lib/gcc/arm-none-eabi/9.2.1/../../../../arm-none-eabi/lib/thumb/v7e-m+fp/hard\libc_nano.a(lib_a-findfp.o)
                0x0800c750                __sf_fake_stdin
 .rodata.__sf_fake_stdout
                0x0800c770       0x20 e:/gnu tools arm embedded/9 2019-q4-major/bin/../lib/gcc/arm-none-eabi/9.2.1/../../../../arm-none-eabi/lib/thumb/v7e-m+fp/hard\libc_nano.a(lib_a-findfp.o)
                0x0800c770                __sf_fake_stdout
 .rodata.__mprec_bigtens
                0x0800c790       0x28 e:/gnu tools arm embedded/9 2019-q4-major/bin/../lib/gcc/arm-none-eabi/9.2.1/../../../../arm-none-eabi/lib/thumb/v7e-m+fp/hard\libc_nano.a(lib_a-mprec.o)
                0x0800c790                __mprec_bigtens
 .rodata.__mprec_tens
                0x0800c7b8       0xc8 e:/gnu tools arm embedded/9 2019-q4-major/bin/../lib/gcc/arm-none-eabi/9.2.1/../../../../arm-none-eabi/lib/thumb/v7e-m+fp/hard\libc_nano.a(lib_a-mprec.o)
                0x0800c7b8                __mprec_tens
 .rodata.p05.7490
                0x0800c880        0xc e:/gnu tools arm embedded/9 2019-q4-major/bin/../lib/gcc/arm-none-eabi/9.2.1/../../../../arm-none-eabi/lib/thumb/v7e-m+fp/hard\libc_nano.a(lib_a-mprec.o)
 .rodata._vfprintf_r.str1.1
                0x0800c88c       0x11 e:/gnu tools arm embedded/9 2019-q4-major/bin/../lib/gcc/arm-none-eabi/9.2.1/../../../../arm-none-eabi/lib/thumb/v7e-m+fp/hard\libc_nano.a(lib_a-nano-vfprintf.o)
 .rodata._setlocale_r.str1.1
                0x0800c89d        0x8 e:/gnu tools arm embedded/9 2019-q4-major/bin/../lib/gcc/arm-none-eabi/9.2.1/../../../../arm-none-eabi/lib/thumb/v7e-m+fp/hard\libc_nano.a(lib_a-locale.o)
                                  0x9 (size before relaxing)
 .rodata.str1.1
                0x0800c8a5        0x2 e:/gnu tools arm embedded/9 2019-q4-major/bin/../lib/gcc/arm-none-eabi/9.2.1/../../../../arm-none-eabi/lib/thumb/v7e-m+fp/hard\libc_nano.a(lib_a-locale.o)
 .rodata._ctype_
                0x0800c8a7      0x101 e:/gnu tools arm embedded/9 2019-q4-major/bin/../lib/gcc/arm-none-eabi/9.2.1/../../../../arm-none-eabi/lib/thumb/v7e-m+fp/hard\libc_nano.a(lib_a-ctype_.o)
                0x0800c8a7                _ctype_
 .rodata.pow.str1.4
                0x0800c9a8        0x4 e:/gnu tools arm embedded/9 2019-q4-major/bin/../lib/gcc/arm-none-eabi/9.2.1/../../../../arm-none-eabi/lib/thumb/v7e-m+fp/hard\libm.a(lib_a-w_pow.o)
 .rodata.__ieee754_pow.str1.4
                0x0800c9ac        0x4 e:/gnu tools arm embedded/9 2019-q4-major/bin/../lib/gcc/arm-none-eabi/9.2.1/../../../../arm-none-eabi/lib/thumb/v7e-m+fp/hard\libm.a(lib_a-e_pow.o)
                                  0x1 (size before relaxing)
 .rodata.npio2_hw
                0x0800c9ac       0x80 e:/gnu tools arm embedded/9 2019-q4-major/bin/../lib/gcc/arm-none-eabi/9.2.1/../../../../arm-none-eabi/lib/thumb/v7e-m+fp/hard\libm.a(lib_a-ef_rem_pio2.o)
 .rodata.two_over_pi
                0x0800ca2c      0x318 e:/gnu tools arm embedded/9 2019-q4-major/bin/../lib/gcc/arm-none-eabi/9.2.1/../../../../arm-none-eabi/lib/thumb/v7e-m+fp/hard\libm.a(lib_a-ef_rem_pio2.o)
 .rodata.PIo2   0x0800cd44       0x2c e:/gnu tools arm embedded/9 2019-q4-major/bin/../lib/gcc/arm-none-eabi/9.2.1/../../../../arm-none-eabi/lib/thumb/v7e-m+fp/hard\libm.a(lib_a-kf_rem_pio2.o)
 .rodata.init_jk
                0x0800cd70        0xc e:/gnu tools arm embedded/9 2019-q4-major/bin/../lib/gcc/arm-none-eabi/9.2.1/../../../../arm-none-eabi/lib/thumb/v7e-m+fp/hard\libm.a(lib_a-kf_rem_pio2.o)
 *fill*         0x0800cd7c        0x4 
 .rodata.TWO52  0x0800cd80       0x10 e:/gnu tools arm embedded/9 2019-q4-major/bin/../lib/gcc/arm-none-eabi/9.2.1/../../../../arm-none-eabi/lib/thumb/v7e-m+fp/hard\libm.a(lib_a-s_rint.o)
                0x0800cd90                . = ALIGN (0x4)

.ARM.extab
 *(.ARM.extab* .gnu.linkonce.armextab.*)

.ARM            0x0800cd90        0x8
                0x0800cd90                __exidx_start = .
 *(.ARM.exidx*)
 .ARM.exidx     0x0800cd90        0x8 e:/gnu tools arm embedded/9 2019-q4-major/bin/../lib/gcc/arm-none-eabi/9.2.1/thumb/v7e-m+fp/hard\libgcc.a(_udivmoddi4.o)
                0x0800cd98                __exidx_end = .

.rel.dyn        0x0800cd98        0x0
 .rel.iplt      0x0800cd98        0x0 e:/gnu tools arm embedded/9 2019-q4-major/bin/../lib/gcc/arm-none-eabi/9.2.1/thumb/v7e-m+fp/hard/crtbegin.o

.preinit_array  0x0800cd98        0x0
                0x0800cd98                PROVIDE (__preinit_array_start = .)
 *(.preinit_array*)
                0x0800cd98                PROVIDE (__preinit_array_end = .)

.init_array     0x0800cd98        0x4
                0x0800cd98                PROVIDE (__init_array_start = .)
 *(SORT_BY_NAME(.init_array.*))
 *(.init_array*)
 .init_array    0x0800cd98        0x4 e:/gnu tools arm embedded/9 2019-q4-major/bin/../lib/gcc/arm-none-eabi/9.2.1/thumb/v7e-m+fp/hard/crtbegin.o
                0x0800cd9c                PROVIDE (__init_array_end = .)

.fini_array     0x0800cd9c        0x4
                [!provide]                PROVIDE (__fini_array_start = .)
 *(SORT_BY_NAME(.fini_array.*))
 *(.fini_array*)
 .fini_array    0x0800cd9c        0x4 e:/gnu tools arm embedded/9 2019-q4-major/bin/../lib/gcc/arm-none-eabi/9.2.1/thumb/v7e-m+fp/hard/crtbegin.o
                [!provide]                PROVIDE (__fini_array_end = .)
                0x0800cda0                _sidata = LOADADDR (.data)

.data           0x20000000      0x1e4 load address 0x0800cda0
                0x20000000                . = ALIGN (0x4)
                0x20000000                _sdata = .
 *(.data)
 *(.data*)
 .data.uwTickFreq
                0x20000000        0x1 build/stm32f4xx_hal.o
                0x20000000                uwTickFreq
 *fill*         0x20000001        0x3 
 .data.uwTickPrio
                0x20000004        0x4 build/stm32f4xx_hal.o
                0x20000004                uwTickPrio
 .data.SystemCoreClock
                0x20000008        0x4 build/system_stm32f4xx.o
                0x20000008                SystemCoreClock
 .data.uxCriticalNesting
                0x2000000c        0x4 build/port.o
 .data._impure_ptr
                0x20000010        0x4 e:/gnu tools arm embedded/9 2019-q4-major/bin/../lib/gcc/arm-none-eabi/9.2.1/../../../../arm-none-eabi/lib/thumb/v7e-m+fp/hard\libc_nano.a(lib_a-impure.o)
                0x20000010                _impure_ptr
 .data.impure_data
                0x20000014       0x60 e:/gnu tools arm embedded/9 2019-q4-major/bin/../lib/gcc/arm-none-eabi/9.2.1/../../../../arm-none-eabi/lib/thumb/v7e-m+fp/hard\libc_nano.a(lib_a-impure.o)
 .data.__global_locale
                0x20000074      0x16c e:/gnu tools arm embedded/9 2019-q4-major/bin/../lib/gcc/arm-none-eabi/9.2.1/../../../../arm-none-eabi/lib/thumb/v7e-m+fp/hard\libc_nano.a(lib_a-locale.o)
                0x20000074                __global_locale
 .data.__fdlib_version
                0x200001e0        0x1 e:/gnu tools arm embedded/9 2019-q4-major/bin/../lib/gcc/arm-none-eabi/9.2.1/../../../../arm-none-eabi/lib/thumb/v7e-m+fp/hard\libm.a(lib_a-s_lib_ver.o)
                0x200001e0                __fdlib_version
                0x200001e4                . = ALIGN (0x4)
 *fill*         0x200001e1        0x3 
                0x200001e4                _edata = .
                0x0800cf84                _siccmram = LOADADDR (.ccmram)

.igot.plt       0x200001e4        0x0 load address 0x0800cf84
 .igot.plt      0x200001e4        0x0 e:/gnu tools arm embedded/9 2019-q4-major/bin/../lib/gcc/arm-none-eabi/9.2.1/thumb/v7e-m+fp/hard/crtbegin.o

.ccmram         0x10000000        0x0 load address 0x0800cf84
                0x10000000                . = ALIGN (0x4)
                0x10000000                _sccmram = .
 *(.ccmram)
 *(.ccmram*)
                0x10000000                . = ALIGN (0x4)
                0x10000000                _eccmram = .
                0x10000000                . = ALIGN (0x4)

.bss            0x200001e8     0x4f00
                0x200001e8                _sbss = .
                0x200001e8                __bss_start__ = _sbss
 *(.bss)
 .bss           0x200001e8       0x1c e:/gnu tools arm embedded/9 2019-q4-major/bin/../lib/gcc/arm-none-eabi/9.2.1/thumb/v7e-m+fp/hard/crtbegin.o
 *(.bss*)
 .bss.old_pos.10015
                0x20000204        0x4 build/usart_com.o
 .bss.rx_buffer
                0x20000208       0x80 build/usart_com.o
 .bss.i2c_data  0x20000288        0x1 build/mpu6050.o
 *fill*         0x20000289        0x3 
 .bss.i2c_datas
                0x2000028c        0x6 build/mpu6050.o
 *fill*         0x20000292        0x6 
 .bss.OFF_t2    0x20000298        0x8 build/ms5611.o
 .bss.SENS_t2   0x200002a0        0x8 build/ms5611.o
 .bss.TCO       0x200002a8        0x2 build/ms5611.o
 .bss.TCS       0x200002aa        0x2 build/ms5611.o
 .bss.TEMPSENS  0x200002ac        0x2 build/ms5611.o
 .bss.TREF      0x200002ae        0x2 build/ms5611.o
 .bss.buffer    0x200002b0        0x3 build/ms5611.o
 .bss.command   0x200002b3        0x1 build/ms5611.o
 .bss.i2c_data  0x200002b4        0x1 build/hmc5883l.o
 *fill*         0x200002b5        0x3 
 .bss.i2c_datas
                0x200002b8        0x6 build/hmc5883l.o
 *fill*         0x200002be        0x2 
 .bss.acc_lpf   0x200002c0       0x54 build/sensors.o
 .bss.gyro_lpf  0x20000314       0x54 build/sensors.o
 .bss.osSys_acc_queueMgm
                0x20000368       0x48 build/sensors.o
 .bss.osSys_acc_queueStorage
                0x200003b0        0xc build/sensors.o
 .bss.osSys_alt_queueMgm
                0x200003bc       0x48 build/sensors.o
 .bss.osSys_alt_queueStorage
                0x20000404        0x4 build/sensors.o
 .bss.osSys_gyro_queueMgm
                0x20000408       0x48 build/sensors.o
 .bss.osSys_gyro_queueStorage
                0x20000450        0xc build/sensors.o
 .bss.osSys_mag_queueMgm
                0x2000045c       0x48 build/sensors.o
 .bss.osSys_mag_queueStorage
                0x200004a4        0xc build/sensors.o
 .bss.osSys_sensors_taskStackBuffer
                0x200004b0      0x400 build/sensors.o
 .bss.osSys_sensors_taskTaskBuffer
                0x200008b0       0x54 build/sensors.o
 .bss.i2c1_notify
                0x20000904        0x4 build/i2c1.o
 .bss.is_init   0x20000908        0x1 build/system_task.o
 *fill*         0x20000909        0x3 
 .bss.osSys_system_taskStackBuffer
                0x2000090c      0x400 build/system_task.o
 .bss.osSys_system_taskTaskBuffer
                0x20000d0c       0x54 build/system_task.o
 .bss.xIdleStack
                0x20000d60      0x200 build/freertos.o
 .bss.xIdleTaskTCBBuffer
                0x20000f60       0x54 build/freertos.o
 .bss.pxCurrentTCB
                0x20000fb4        0x4 build/tasks.o
                0x20000fb4                pxCurrentTCB
 .bss.pxDelayedTaskList
                0x20000fb8        0x4 build/tasks.o
 .bss.pxOverflowDelayedTaskList
                0x20000fbc        0x4 build/tasks.o
 .bss.pxReadyTasksLists
                0x20000fc0       0x8c build/tasks.o
 .bss.uxCurrentNumberOfTasks
                0x2000104c        0x4 build/tasks.o
 .bss.uxDeletedTasksWaitingCleanUp
                0x20001050        0x4 build/tasks.o
 .bss.uxSchedulerSuspended
                0x20001054        0x4 build/tasks.o
 .bss.uxTaskNumber
                0x20001058        0x4 build/tasks.o
 .bss.uxTopReadyPriority
                0x2000105c        0x4 build/tasks.o
 .bss.xDelayedTaskList1
                0x20001060       0x14 build/tasks.o
 .bss.xDelayedTaskList2
                0x20001074       0x14 build/tasks.o
 .bss.xNextTaskUnblockTime
                0x20001088        0x4 build/tasks.o
 .bss.xNumOfOverflows
                0x2000108c        0x4 build/tasks.o
 .bss.xPendedTicks
                0x20001090        0x4 build/tasks.o
 .bss.xPendingReadyList
                0x20001094       0x14 build/tasks.o
 .bss.xSchedulerRunning
                0x200010a8        0x4 build/tasks.o
 .bss.xSuspendedTaskList
                0x200010ac       0x14 build/tasks.o
 .bss.xTasksWaitingTermination
                0x200010c0       0x14 build/tasks.o
 .bss.xTickCount
                0x200010d4        0x4 build/tasks.o
 .bss.xYieldPending
                0x200010d8        0x4 build/tasks.o
 .bss.pxEnd     0x200010dc        0x4 build/heap_4.o
 .bss.ucHeap    0x200010e0     0x3c00 build/heap_4.o
 .bss.xBlockAllocatedBit
                0x20004ce0        0x4 build/heap_4.o
 .bss.xFreeBytesRemaining
                0x20004ce4        0x4 build/heap_4.o
 .bss.xMinimumEverFreeBytesRemaining
                0x20004ce8        0x4 build/heap_4.o
 .bss.xNumberOfSuccessfulAllocations
                0x20004cec        0x4 build/heap_4.o
 .bss.xNumberOfSuccessfulFrees
                0x20004cf0        0x4 build/heap_4.o
 .bss.xStart    0x20004cf4        0x8 build/heap_4.o
 .bss.ucMaxSysCallPriority
                0x20004cfc        0x1 build/port.o
 *fill*         0x20004cfd        0x3 
 .bss.ulMaxPRIGROUPValue
                0x20004d00        0x4 build/port.o
 .bss.__malloc_free_list
                0x20004d04        0x4 e:/gnu tools arm embedded/9 2019-q4-major/bin/../lib/gcc/arm-none-eabi/9.2.1/../../../../arm-none-eabi/lib/thumb/v7e-m+fp/hard\libc_nano.a(lib_a-nano-mallocr.o)
                0x20004d04                __malloc_free_list
 .bss.__malloc_sbrk_start
                0x20004d08        0x4 e:/gnu tools arm embedded/9 2019-q4-major/bin/../lib/gcc/arm-none-eabi/9.2.1/../../../../arm-none-eabi/lib/thumb/v7e-m+fp/hard\libc_nano.a(lib_a-nano-mallocr.o)
                0x20004d08                __malloc_sbrk_start
 .bss.heap_end.5507
                0x20004d0c        0x4 e:/gnu tools arm embedded/9 2019-q4-major/bin/../lib/gcc/arm-none-eabi/9.2.1/../../../../arm-none-eabi/lib/thumb/v7e-m+fp/hard\libnosys.a(sbrk.o)
 *(COMMON)
 COMMON         0x20004d10        0x4 build/usart_com.o
                0x20004d10                usart2_queue
 COMMON         0x20004d14       0x10 build/sensors.o
                0x20004d14                mag_queue
                0x20004d18                acc_queue
                0x20004d1c                gyro_queue
                0x20004d20                alt_queue
 COMMON         0x20004d24        0x4 build/freertos.o
                0x20004d24                defaultTaskHandle
 COMMON         0x20004d28      0x114 build/i2c.o
                0x20004d28                hdma_i2c1_tx
                0x20004d88                hi2c1
                0x20004ddc                hdma_i2c1_rx
 COMMON         0x20004e3c       0x48 build/tim.o
                0x20004e3c                htim4
 COMMON         0x20004e84      0x208 build/usart.o
                0x20004e84                hdma_usart2_rx
                0x20004ee4                hdma_usart1_tx
                0x20004f44                hdma_usart1_rx
                0x20004fa4                hdma_usart2_tx
                0x20005004                huart1
                0x20005048                huart2
 COMMON         0x2000508c       0x48 build/stm32f4xx_hal_timebase_tim.o
                0x2000508c                htim7
 COMMON         0x200050d4        0x4 build/stm32f4xx_hal.o
                0x200050d4                uwTick
 COMMON         0x200050d8        0x9 e:/gnu tools arm embedded/9 2019-q4-major/bin/../lib/gcc/arm-none-eabi/9.2.1/../../../../arm-none-eabi/lib/thumb/v7e-m+fp/hard\libc_nano.a(lib_a-lock.o)
                0x200050d8                __lock___atexit_recursive_mutex
                0x200050d9                __lock___arc4random_mutex
                0x200050da                __lock___env_recursive_mutex
                0x200050db                __lock___sinit_recursive_mutex
                0x200050dc                __lock___malloc_recursive_mutex
                0x200050dd                __lock___at_quick_exit_mutex
                0x200050de                __lock___dd_hash_mutex
                0x200050df                __lock___tz_mutex
                0x200050e0                __lock___sfp_recursive_mutex
 *fill*         0x200050e1        0x3 
 COMMON         0x200050e4        0x4 e:/gnu tools arm embedded/9 2019-q4-major/bin/../lib/gcc/arm-none-eabi/9.2.1/../../../../arm-none-eabi/lib/thumb/v7e-m+fp/hard\libc_nano.a(lib_a-reent.o)
                0x200050e4                errno
                0x200050e8                . = ALIGN (0x4)
                0x200050e8                _ebss = .
                0x200050e8                __bss_end__ = _ebss

._user_heap_stack
                0x200050e8      0x600
                0x200050e8                . = ALIGN (0x8)
                0x200050e8                PROVIDE (end = .)
                [!provide]                PROVIDE (_end = .)
                0x200052e8                . = (. + _Min_Heap_Size)
 *fill*         0x200050e8      0x200 
                0x200056e8                . = (. + _Min_Stack_Size)
 *fill*         0x200052e8      0x400 
                0x200056e8                . = ALIGN (0x8)

/DISCARD/
 libc.a(*)
 libm.a(*)
 libgcc.a(*)

.ARM.attributes
                0x00000000       0x30
 *(.ARM.attributes)
 .ARM.attributes
                0x00000000       0x1e e:/gnu tools arm embedded/9 2019-q4-major/bin/../lib/gcc/arm-none-eabi/9.2.1/thumb/v7e-m+fp/hard/crti.o
 .ARM.attributes
                0x0000001e       0x34 e:/gnu tools arm embedded/9 2019-q4-major/bin/../lib/gcc/arm-none-eabi/9.2.1/thumb/v7e-m+fp/hard/crtbegin.o
 .ARM.attributes
                0x00000052       0x34 build/usart_com.o
 .ARM.attributes
                0x00000086       0x34 build/utils.o
 .ARM.attributes
                0x000000ba       0x34 build/mpu6050.o
 .ARM.attributes
                0x000000ee       0x34 build/ms5611.o
 .ARM.attributes
                0x00000122       0x34 build/hmc5883l.o
 .ARM.attributes
                0x00000156       0x34 build/sensors.o
 .ARM.attributes
                0x0000018a       0x34 build/i2c1.o
 .ARM.attributes
                0x000001be       0x34 build/system_task.o
 .ARM.attributes
                0x000001f2       0x34 build/filter.o
 .ARM.attributes
                0x00000226       0x34 build/main.o
 .ARM.attributes
                0x0000025a       0x34 build/gpio.o
 .ARM.attributes
                0x0000028e       0x34 build/dma.o
 .ARM.attributes
                0x000002c2       0x34 build/freertos.o
 .ARM.attributes
                0x000002f6       0x34 build/i2c.o
 .ARM.attributes
                0x0000032a       0x34 build/tim.o
 .ARM.attributes
                0x0000035e       0x34 build/usart.o
 .ARM.attributes
                0x00000392       0x34 build/stm32f4xx_it.o
 .ARM.attributes
                0x000003c6       0x34 build/stm32f4xx_hal_msp.o
 .ARM.attributes
                0x000003fa       0x34 build/stm32f4xx_hal_timebase_tim.o
 .ARM.attributes
                0x0000042e       0x34 build/stm32f4xx_hal_rcc.o
 .ARM.attributes
                0x00000462       0x34 build/stm32f4xx_hal_gpio.o
 .ARM.attributes
                0x00000496       0x34 build/stm32f4xx_hal_dma.o
 .ARM.attributes
                0x000004ca       0x34 build/stm32f4xx_hal_cortex.o
 .ARM.attributes
                0x000004fe       0x34 build/stm32f4xx_hal.o
 .ARM.attributes
                0x00000532       0x34 build/stm32f4xx_hal_i2c.o
 .ARM.attributes
                0x00000566       0x34 build/stm32f4xx_hal_tim.o
 .ARM.attributes
                0x0000059a       0x34 build/stm32f4xx_hal_tim_ex.o
 .ARM.attributes
                0x000005ce       0x34 build/stm32f4xx_hal_uart.o
 .ARM.attributes
                0x00000602       0x34 build/system_stm32f4xx.o
 .ARM.attributes
                0x00000636       0x34 build/list.o
 .ARM.attributes
                0x0000066a       0x34 build/queue.o
 .ARM.attributes
                0x0000069e       0x34 build/tasks.o
 .ARM.attributes
                0x000006d2       0x34 build/cmsis_os.o
 .ARM.attributes
                0x00000706       0x34 build/heap_4.o
 .ARM.attributes
                0x0000073a       0x34 build/port.o
 .ARM.attributes
                0x0000076e       0x21 build/startup_stm32f407xx.o
 .ARM.attributes
                0x0000078f       0x32 e:/gnu tools arm embedded/9 2019-q4-major/bin/../lib/gcc/arm-none-eabi/9.2.1/../../../../arm-none-eabi/lib/thumb/v7e-m+fp/hard\libc_nano.a(lib_a-impure.o)
 .ARM.attributes
                0x000007c1       0x34 e:/gnu tools arm embedded/9 2019-q4-major/bin/../lib/gcc/arm-none-eabi/9.2.1/../../../../arm-none-eabi/lib/thumb/v7e-m+fp/hard\libc_nano.a(lib_a-init.o)
 .ARM.attributes
                0x000007f5       0x34 e:/gnu tools arm embedded/9 2019-q4-major/bin/../lib/gcc/arm-none-eabi/9.2.1/../../../../arm-none-eabi/lib/thumb/v7e-m+fp/hard\libc_nano.a(lib_a-memcpy-stub.o)
 .ARM.attributes
                0x00000829       0x34 e:/gnu tools arm embedded/9 2019-q4-major/bin/../lib/gcc/arm-none-eabi/9.2.1/../../../../arm-none-eabi/lib/thumb/v7e-m+fp/hard\libc_nano.a(lib_a-memset.o)
 .ARM.attributes
                0x0000085d       0x34 e:/gnu tools arm embedded/9 2019-q4-major/bin/../lib/gcc/arm-none-eabi/9.2.1/../../../../arm-none-eabi/lib/thumb/v7e-m+fp/hard\libc_nano.a(lib_a-nano-vfprintf_float.o)
 .ARM.attributes
                0x00000891       0x34 e:/gnu tools arm embedded/9 2019-q4-major/bin/../lib/gcc/arm-none-eabi/9.2.1/../../../../arm-none-eabi/lib/thumb/v7e-m+fp/hard\libc_nano.a(lib_a-nano-vfprintf_i.o)
 .ARM.attributes
                0x000008c5       0x34 e:/gnu tools arm embedded/9 2019-q4-major/bin/../lib/gcc/arm-none-eabi/9.2.1/../../../../arm-none-eabi/lib/thumb/v7e-m+fp/hard\libc_nano.a(lib_a-printf.o)
 .ARM.attributes
                0x000008f9       0x34 e:/gnu tools arm embedded/9 2019-q4-major/bin/../lib/gcc/arm-none-eabi/9.2.1/../../../../arm-none-eabi/lib/thumb/v7e-m+fp/hard\libc_nano.a(lib_a-puts.o)
 .ARM.attributes
                0x0000092d       0x17 e:/gnu tools arm embedded/9 2019-q4-major/bin/../lib/gcc/arm-none-eabi/9.2.1/../../../../arm-none-eabi/lib/thumb/v7e-m+fp/hard\libc_nano.a(lib_a-strlen.o)
 .ARM.attributes
                0x00000944       0x34 e:/gnu tools arm embedded/9 2019-q4-major/bin/../lib/gcc/arm-none-eabi/9.2.1/../../../../arm-none-eabi/lib/thumb/v7e-m+fp/hard\libc_nano.a(lib_a-wbuf.o)
 .ARM.attributes
                0x00000978       0x34 e:/gnu tools arm embedded/9 2019-q4-major/bin/../lib/gcc/arm-none-eabi/9.2.1/../../../../arm-none-eabi/lib/thumb/v7e-m+fp/hard\libc_nano.a(lib_a-wsetup.o)
 .ARM.attributes
                0x000009ac       0x34 e:/gnu tools arm embedded/9 2019-q4-major/bin/../lib/gcc/arm-none-eabi/9.2.1/../../../../arm-none-eabi/lib/thumb/v7e-m+fp/hard\libc_nano.a(lib_a-dtoa.o)
 .ARM.attributes
                0x000009e0       0x34 e:/gnu tools arm embedded/9 2019-q4-major/bin/../lib/gcc/arm-none-eabi/9.2.1/../../../../arm-none-eabi/lib/thumb/v7e-m+fp/hard\libc_nano.a(lib_a-fflush.o)
 .ARM.attributes
                0x00000a14       0x34 e:/gnu tools arm embedded/9 2019-q4-major/bin/../lib/gcc/arm-none-eabi/9.2.1/../../../../arm-none-eabi/lib/thumb/v7e-m+fp/hard\libc_nano.a(lib_a-findfp.o)
 .ARM.attributes