Archive member included to satisfy reference by file (symbol)

c:/gnu_tools_arm_embedded/bin/../lib/gcc/arm-none-eabi/9.2.1/../../../../arm-none-eabi/lib/thumb/v7e-m+fp/hard\libc_nano.a(lib_a-exit.o)
                              c:/gnu_tools_arm_embedded/bin/../lib/gcc/arm-none-eabi/9.2.1/../../../../arm-none-eabi/lib/thumb/v7e-m+fp/hard/crt0.o (exit)
c:/gnu_tools_arm_embedded/bin/../lib/gcc/arm-none-eabi/9.2.1/../../../../arm-none-eabi/lib/thumb/v7e-m+fp/hard\libc_nano.a(lib_a-impure.o)
                              c:/gnu_tools_arm_embedded/bin/../lib/gcc/arm-none-eabi/9.2.1/../../../../arm-none-eabi/lib/thumb/v7e-m+fp/hard\libc_nano.a(lib_a-exit.o) (_global_impure_ptr)
c:/gnu_tools_arm_embedded/bin/../lib/gcc/arm-none-eabi/9.2.1/../../../../arm-none-eabi/lib/thumb/v7e-m+fp/hard\libc_nano.a(lib_a-init.o)
                              c:/gnu_tools_arm_embedded/bin/../lib/gcc/arm-none-eabi/9.2.1/../../../../arm-none-eabi/lib/thumb/v7e-m+fp/hard/crt0.o (__libc_init_array)
c:/gnu_tools_arm_embedded/bin/../lib/gcc/arm-none-eabi/9.2.1/../../../../arm-none-eabi/lib/thumb/v7e-m+fp/hard\libc_nano.a(lib_a-memcpy-stub.o)
                              build/queue.o (memcpy)
c:/gnu_tools_arm_embedded/bin/../lib/gcc/arm-none-eabi/9.2.1/../../../../arm-none-eabi/lib/thumb/v7e-m+fp/hard\libc_nano.a(lib_a-memset.o)
                              c:/gnu_tools_arm_embedded/bin/../lib/gcc/arm-none-eabi/9.2.1/../../../../arm-none-eabi/lib/thumb/v7e-m+fp/hard/crt0.o (memset)
c:/gnu_tools_arm_embedded/bin/../lib/gcc/arm-none-eabi/9.2.1/../../../../arm-none-eabi/lib/thumb/v7e-m+fp/hard\libc_nano.a(lib_a-nano-vfprintf_float.o)
                              (_printf_float)
c:/gnu_tools_arm_embedded/bin/../lib/gcc/arm-none-eabi/9.2.1/../../../../arm-none-eabi/lib/thumb/v7e-m+fp/hard\libc_nano.a(lib_a-nano-vfprintf_i.o)
                              c:/gnu_tools_arm_embedded/bin/../lib/gcc/arm-none-eabi/9.2.1/../../../../arm-none-eabi/lib/thumb/v7e-m+fp/hard\libc_nano.a(lib_a-nano-vfprintf_float.o) (_printf_common)
c:/gnu_tools_arm_embedded/bin/../lib/gcc/arm-none-eabi/9.2.1/../../../../arm-none-eabi/lib/thumb/v7e-m+fp/hard\libc_nano.a(lib_a-printf.o)
                              build/sensors_task.o (printf)
c:/gnu_tools_arm_embedded/bin/../lib/gcc/arm-none-eabi/9.2.1/../../../../arm-none-eabi/lib/thumb/v7e-m+fp/hard\libc_nano.a(lib_a-puts.o)
                              build/sensors_task.o (puts)
c:/gnu_tools_arm_embedded/bin/../lib/gcc/arm-none-eabi/9.2.1/../../../../arm-none-eabi/lib/thumb/v7e-m+fp/hard\libc_nano.a(lib_a-strlen.o)
                              c:/gnu_tools_arm_embedded/bin/../lib/gcc/arm-none-eabi/9.2.1/../../../../arm-none-eabi/lib/thumb/v7e-m+fp/hard\libc_nano.a(lib_a-nano-vfprintf_float.o) (strlen)
c:/gnu_tools_arm_embedded/bin/../lib/gcc/arm-none-eabi/9.2.1/../../../../arm-none-eabi/lib/thumb/v7e-m+fp/hard\libc_nano.a(lib_a-wbuf.o)
                              c:/gnu_tools_arm_embedded/bin/../lib/gcc/arm-none-eabi/9.2.1/../../../../arm-none-eabi/lib/thumb/v7e-m+fp/hard\libc_nano.a(lib_a-puts.o) (__swbuf_r)
c:/gnu_tools_arm_embedded/bin/../lib/gcc/arm-none-eabi/9.2.1/../../../../arm-none-eabi/lib/thumb/v7e-m+fp/hard\libc_nano.a(lib_a-wsetup.o)
                              c:/gnu_tools_arm_embedded/bin/../lib/gcc/arm-none-eabi/9.2.1/../../../../arm-none-eabi/lib/thumb/v7e-m+fp/hard\libc_nano.a(lib_a-puts.o) (__swsetup_r)
c:/gnu_tools_arm_embedded/bin/../lib/gcc/arm-none-eabi/9.2.1/../../../../arm-none-eabi/lib/thumb/v7e-m+fp/hard\libc_nano.a(lib_a-dtoa.o)
                              c:/gnu_tools_arm_embedded/bin/../lib/gcc/arm-none-eabi/9.2.1/../../../../arm-none-eabi/lib/thumb/v7e-m+fp/hard\libc_nano.a(lib_a-nano-vfprintf_float.o) (_dtoa_r)
c:/gnu_tools_arm_embedded/bin/../lib/gcc/arm-none-eabi/9.2.1/../../../../arm-none-eabi/lib/thumb/v7e-m+fp/hard\libc_nano.a(lib_a-fflush.o)
                              c:/gnu_tools_arm_embedded/bin/../lib/gcc/arm-none-eabi/9.2.1/../../../../arm-none-eabi/lib/thumb/v7e-m+fp/hard\libc_nano.a(lib_a-wbuf.o) (_fflush_r)
c:/gnu_tools_arm_embedded/bin/../lib/gcc/arm-none-eabi/9.2.1/../../../../arm-none-eabi/lib/thumb/v7e-m+fp/hard\libc_nano.a(lib_a-findfp.o)
                              c:/gnu_tools_arm_embedded/bin/../lib/gcc/arm-none-eabi/9.2.1/../../../../arm-none-eabi/lib/thumb/v7e-m+fp/hard\libc_nano.a(lib_a-printf.o) (__sinit)
c:/gnu_tools_arm_embedded/bin/../lib/gcc/arm-none-eabi/9.2.1/../../../../arm-none-eabi/lib/thumb/v7e-m+fp/hard\libc_nano.a(lib_a-fwalk.o)
                              c:/gnu_tools_arm_embedded/bin/../lib/gcc/arm-none-eabi/9.2.1/../../../../arm-none-eabi/lib/thumb/v7e-m+fp/hard\libc_nano.a(lib_a-findfp.o) (_fwalk)
c:/gnu_tools_arm_embedded/bin/../lib/gcc/arm-none-eabi/9.2.1/../../../../arm-none-eabi/lib/thumb/v7e-m+fp/hard\libc_nano.a(lib_a-localeconv.o)
[...]
Memory Configuration

Name             Origin             Length             Attributes
RAM              0x20000000         0x00020000         xrw
CCMRAM           0x10000000         0x00010000         xrw
FLASH            0x08000000         0x00080000         xr
*default*        0x00000000         0xffffffff

Linker script and memory map

LOAD c:/gnu_tools_arm_embedded/bin/../lib/gcc/arm-none-eabi/9.2.1/thumb/v7e-m+fp/hard/crti.o
LOAD c:/gnu_tools_arm_embedded/bin/../lib/gcc/arm-none-eabi/9.2.1/thumb/v7e-m+fp/hard/crtbegin.o
LOAD c:/gnu_tools_arm_embedded/bin/../lib/gcc/arm-none-eabi/9.2.1/../../../../arm-none-eabi/lib/thumb/v7e-m+fp/hard/crt0.o
LOAD build/usart_com.o
LOAD build/motor.o
LOAD build/mavlink_task.o
LOAD build/utils.o
LOAD build/mpu6050.o
LOAD build/ms5611.o
LOAD build/hmc5883l.o
LOAD build/sensors_task.o
LOAD build/i2c1.o
LOAD build/system_task.o
LOAD build/filter.o
LOAD build/eskf.o
LOAD build/state_estimator_task.o
LOAD build/main.o
LOAD build/gpio.o
LOAD build/dma.o
LOAD build/freertos.o
LOAD build/i2c.o
LOAD build/tim.o
LOAD build/usart.o
LOAD build/stm32f4xx_it.o
LOAD build/stm32f4xx_hal_msp.o
LOAD build/stm32f4xx_hal_timebase_tim.o
LOAD build/stm32f4xx_hal_rcc.o
LOAD build/stm32f4xx_hal_rcc_ex.o
LOAD build/stm32f4xx_hal_flash.o
LOAD build/stm32f4xx_hal_flash_ex.o
LOAD build/stm32f4xx_hal_flash_ramfunc.o
LOAD build/stm32f4xx_hal_gpio.o
LOAD build/stm32f4xx_hal_dma_ex.o
LOAD build/stm32f4xx_hal_dma.o
LOAD build/stm32f4xx_hal_pwr.o
LOAD build/stm32f4xx_hal_pwr_ex.o
LOAD build/stm32f4xx_hal_cortex.o
LOAD build/stm32f4xx_hal.o
LOAD build/stm32f4xx_hal_exti.o
LOAD build/stm32f4xx_hal_i2c.o
LOAD build/stm32f4xx_hal_i2c_ex.o
LOAD build/stm32f4xx_hal_tim.o
LOAD build/stm32f4xx_hal_tim_ex.o
LOAD build/stm32f4xx_hal_uart.o
LOAD build/system_stm32f4xx.o
LOAD build/croutine.o
LOAD build/event_groups.o
LOAD build/list.o
LOAD build/queue.o
LOAD build/stream_buffer.o
LOAD build/tasks.o
LOAD build/timers.o
LOAD build/cmsis_os.o
LOAD build/heap_4.o
LOAD build/port.o
LOAD build/startup_stm32f407xx.o
LOAD c:/gnu_tools_arm_embedded/bin/../lib/gcc/arm-none-eabi/9.2.1/../../../../arm-none-eabi/lib/thumb/v7e-m+fp/hard\libc_nano.a
LOAD c:/gnu_tools_arm_embedded/bin/../lib/gcc/arm-none-eabi/9.2.1/../../../../arm-none-eabi/lib/thumb/v7e-m+fp/hard\libm.a
LOAD c:/gnu_tools_arm_embedded/bin/../lib/gcc/arm-none-eabi/9.2.1/../../../../arm-none-eabi/lib/thumb/v7e-m+fp/hard\libnosys.a
LOAD Drivers/CMSIS/Lib/GCC\libarm_cortexM4lf_math.a
START GROUP
LOAD c:/gnu_tools_arm_embedded/bin/../lib/gcc/arm-none-eabi/9.2.1/thumb/v7e-m+fp/hard\libgcc.a
LOAD c:/gnu_tools_arm_embedded/bin/../lib/gcc/arm-none-eabi/9.2.1/../../../../arm-none-eabi/lib/thumb/v7e-m+fp/hard\libc_nano.a
END GROUP
START GROUP
LOAD c:/gnu_tools_arm_embedded/bin/../lib/gcc/arm-none-eabi/9.2.1/thumb/v7e-m+fp/hard\libgcc.a
LOAD c:/gnu_tools_arm_embedded/bin/../lib/gcc/arm-none-eabi/9.2.1/../../../../arm-none-eabi/lib/thumb/v7e-m+fp/hard\libc_nano.a
END GROUP
LOAD c:/gnu_tools_arm_embedded/bin/../lib/gcc/arm-none-eabi/9.2.1/thumb/v7e-m+fp/hard/crtend.o
LOAD c:/gnu_tools_arm_embedded/bin/../lib/gcc/arm-none-eabi/9.2.1/thumb/v7e-m+fp/hard/crtn.o
                0x20020000                _estack = 0x20020000
                0x00000200                _Min_Heap_Size = 0x200
                0x00000400                _Min_Stack_Size = 0x400

.isr_vector     0x08000000      0x188
                0x08000000                . = ALIGN (0x4)
 *(.isr_vector)
 .isr_vector    0x08000000      0x188 build/startup_stm32f407xx.o
                0x08000000                g_pfnVectors
                0x08000188                . = ALIGN (0x4)

.text           0x08000190     0xc70c
                0x08000190                . = ALIGN (0x4)
 *(.text)
 .text          0x08000190       0x40 c:/gnu_tools_arm_embedded/bin/../lib/gcc/arm-none-eabi/9.2.1/thumb/v7e-m+fp/hard/crtbegin.o
 .text          0x080001d0       0x10 c:/gnu_tools_arm_embedded/bin/../lib/gcc/arm-none-eabi/9.2.1/../../../../arm-none-eabi/lib/thumb/v7e-m+fp/hard\libc_nano.a(lib_a-strlen.o)
                0x080001d0                strlen
 .text          0x080001e0       0xa0 c:/gnu_tools_arm_embedded/bin/../lib/gcc/arm-none-eabi/9.2.1/../../../../arm-none-eabi/lib/thumb/v7e-m+fp/hard\libc_nano.a(lib_a-memchr.o)
                0x080001e0                memchr
 .text          0x08000280      0x378 c:/gnu_tools_arm_embedded/bin/../lib/gcc/arm-none-eabi/9.2.1/thumb/v7e-m+fp/hard\libgcc.a(_arm_addsubdf3.o)
                0x08000280                __aeabi_drsub
                0x08000288                __aeabi_dsub
                0x08000288                __subdf3
                0x0800028c                __aeabi_dadd
                0x0800028c                __adddf3
                0x08000504                __floatunsidf
                0x08000504                __aeabi_ui2d
                0x08000524                __floatsidf
                0x08000524                __aeabi_i2d
                0x08000548                __aeabi_f2d
                0x08000548                __extendsfdf2
                0x0800058c                __floatundidf
                0x0800058c                __aeabi_ul2d
                0x0800059c                __floatdidf
                0x0800059c                __aeabi_l2d
 .text          0x080005f8      0x424 c:/gnu_tools_arm_embedded/bin/../lib/gcc/arm-none-eabi/9.2.1/thumb/v7e-m+fp/hard\libgcc.a(_arm_muldivdf3.o)
                0x080005f8                __aeabi_dmul
                0x080005f8                __muldf3
                0x0800084c                __divdf3
                0x0800084c                __aeabi_ddiv
 .text          0x08000a1c      0x110 c:/gnu_tools_arm_embedded/bin/../lib/gcc/arm-none-eabi/9.2.1/thumb/v7e-m+fp/hard\libgcc.a(_arm_cmpdf2.o)
                0x08000a1c                __gtdf2
                0x08000a1c                __gedf2
                0x08000a24                __ltdf2
                0x08000a24                __ledf2
                0x08000a2c                __nedf2
                0x08000a2c                __eqdf2
                0x08000a2c                __cmpdf2
                0x08000aa8                __aeabi_cdrcmple
                0x08000ab8                __aeabi_cdcmpeq
                0x08000ab8                __aeabi_cdcmple
                0x08000ac8                __aeabi_dcmpeq
                0x08000adc                __aeabi_dcmplt
                0x08000af0                __aeabi_dcmple
                0x08000b04                __aeabi_dcmpge
                0x08000b18                __aeabi_dcmpgt
 .text          0x08000b2c       0x2c c:/gnu_tools_arm_embedded/bin/../lib/gcc/arm-none-eabi/9.2.1/thumb/v7e-m+fp/hard\libgcc.a(_arm_unorddf2.o)
                0x08000b2c                __unorddf2
                0x08000b2c                __aeabi_dcmpun
 .text          0x08000b58       0x50 c:/gnu_tools_arm_embedded/bin/../lib/gcc/arm-none-eabi/9.2.1/thumb/v7e-m+fp/hard\libgcc.a(_arm_fixdfsi.o)
                0x08000b58                __aeabi_d2iz
                0x08000b58                __fixdfsi
 .text          0x08000ba8       0xa0 c:/gnu_tools_arm_embedded/bin/../lib/gcc/arm-none-eabi/9.2.1/thumb/v7e-m+fp/hard\libgcc.a(_arm_truncdfsf2.o)
                0x08000ba8                __truncdfsf2
                0x08000ba8                __aeabi_d2f
 .text          0x08000c48      0x21c c:/gnu_tools_arm_embedded/bin/../lib/gcc/arm-none-eabi/9.2.1/thumb/v7e-m+fp/hard\libgcc.a(_arm_addsubsf3.o)
                0x08000c48                __aeabi_frsub
                0x08000c50                __subsf3
                0x08000c50                __aeabi_fsub
                0x08000c54                __aeabi_fadd
                0x08000c54                __addsf3
                0x08000db4                __aeabi_ui2f
                0x08000db4                __floatunsisf
                0x08000dbc                __aeabi_i2f
                0x08000dbc                __floatsisf
                0x08000dd8                __aeabi_ul2f
                0x08000dd8                __floatundisf
                0x08000de8                __aeabi_l2f
                0x08000de8                __floatdisf
 .text          0x08000e64       0x30 c:/gnu_tools_arm_embedded/bin/../lib/gcc/arm-none-eabi/9.2.1/thumb/v7e-m+fp/hard\libgcc.a(_aeabi_uldivmod.o)
                0x08000e64                __aeabi_uldivmod
 .text          0x08000e94      0x2c4 c:/gnu_tools_arm_embedded/bin/../lib/gcc/arm-none-eabi/9.2.1/thumb/v7e-m+fp/hard\libgcc.a(_udivmoddi4.o)
                0x08000e94                __udivmoddi4
 .text          0x08001158        0x4 c:/gnu_tools_arm_embedded/bin/../lib/gcc/arm-none-eabi/9.2.1/thumb/v7e-m+fp/hard\libgcc.a(_dvmd_tls.o)
                0x08001158                __aeabi_idiv0
                0x08001158                __aeabi_ldiv0
 *(.text*)
 .text.UartRxCheck
                0x0800115c       0xa4 build/usart_com.o
 .text.USART2_IRQHandler
                0x08001200       0x34 build/usart_com.o
                0x08001200                USART2_IRQHandler
 .text.DMA1_Stream5_IRQHandler
                0x08001234       0x10 build/usart_com.o
                0x08001234                DMA1_Stream5_IRQHandler
 .text.DMA1_Stream6_IRQHandler
                0x08001244       0x10 build/usart_com.o
                0x08001244                DMA1_Stream6_IRQHandler
 .text.HAL_UART_RxCpltCallback
                0x08001254       0x18 build/usart_com.o
                0x08001254                HAL_UART_RxCpltCallback
 .text.__io_putchar
                0x0800126c       0x20 build/utils.o
                0x0800126c                __io_putchar
 .text._write   0x0800128c       0x1c build/utils.o
                0x0800128c                _write
 .text.MPU6050Init
                0x080012a8      0x110 build/mpu6050.o
                0x080012a8                MPU6050Init
 .text.MPU6050ReadAccelRaw
                0x080013b8       0x40 build/mpu6050.o
                0x080013b8                MPU6050ReadAccelRaw
 .text.MPU6050ReadGyroRaw
                0x080013f8       0x40 build/mpu6050.o
                0x080013f8                MPU6050ReadGyroRaw
 .text.CalibrateIMU
                0x08001438      0x184 build/mpu6050.o
                0x08001438                CalibrateIMU
 .text.MS5611Init
                0x080015bc       0xe4 build/ms5611.o
                0x080015bc                MS5611Init
 .text.MS5611ReadRawTemp
                0x080016a0       0x58 build/ms5611.o
                0x080016a0                MS5611ReadRawTemp
 .text.MS5611ReadRawPress
                0x080016f8       0x58 build/ms5611.o
                0x080016f8                MS5611ReadRawPress
 .text.MS5611ReadAlt
                0x08001750      0x204 build/ms5611.o
                0x08001750                MS5611ReadAlt
 .text.HMC5883LInit
                0x08001954       0x60 build/hmc5883l.o
                0x08001954                HMC5883LInit
 .text.HMC5883LReadMagRaw
                0x080019b4       0x40 build/hmc5883l.o
                0x080019b4                HMC5883LReadMagRaw
 .text.CalibrateMag
                0x080019f4       0xdc build/hmc5883l.o
                0x080019f4                CalibrateMag
 .text.SensorsTask
                0x08001ad0       0xec build/sensors_task.o
                0x08001ad0                SensorsTask
 .text.SensorsInit
                0x08001bbc       0xc0 build/sensors_task.o
                0x08001bbc                SensorsInit
 .text.SensorsLaunch
                0x08001c7c       0xac build/sensors_task.o
                0x08001c7c                SensorsLaunch
 .text.I2C1MenRead
                0x08001d28       0x50 build/i2c1.o
                0x08001d28                I2C1MenRead
 .text.I2C1MenWrite
                0x08001d78       0x50 build/i2c1.o
                0x08001d78                I2C1MenWrite
 .text.I2C1Read
                0x08001dc8       0x40 build/i2c1.o
                0x08001dc8                I2C1Read
 .text.I2C1Write
                0x08001e08       0x40 build/i2c1.o
                0x08001e08                I2C1Write
 .text.HAL_I2C_MemRxCpltCallback
                0x08001e48       0x34 build/i2c1.o
                0x08001e48                HAL_I2C_MemRxCpltCallback
 .text.HAL_I2C_MemTxCpltCallback
                0x08001e7c       0x34 build/i2c1.o
                0x08001e7c                HAL_I2C_MemTxCpltCallback
 .text.HAL_I2C_MasterTxCpltCallback
                0x08001eb0       0x34 build/i2c1.o
                0x08001eb0                HAL_I2C_MasterTxCpltCallback
 .text.HAL_I2C_MasterRxCpltCallback
                0x08001ee4       0x34 build/i2c1.o
                0x08001ee4                HAL_I2C_MasterRxCpltCallback
 .text.SystemLaunch
                0x08001f18       0x34 build/system_task.o
                0x08001f18                SystemLaunch
 .text.SystemInitiate
                0x08001f4c       0x24 build/system_task.o
                0x08001f4c                SystemInitiate
 .text.SystemTask
                0x08001f70       0x18 build/system_task.o
 .text.SystemWaitStart
                0x08001f88       0x18 build/system_task.o
                0x08001f88                SystemWaitStart
 .text.Lowpass2Init
                0x08001fa0       0x80 build/filter.o
                0x08001fa0                Lowpass2Init
 .text.Lowpass2Apply
                0x08002020       0x64 build/filter.o
                0x08002020                Lowpass2Apply
 .text.Lowpass2Apply3Axis
                0x08002084       0x34 build/filter.o
                0x08002084                Lowpass2Apply3Axis
 .text.StateEstimatorTask
                0x080020b8       0xe8 build/state_estimator_task.o
                0x080020b8                StateEstimatorTask
 .text.StateEstimatorLaunch
                0x080021a0       0x34 build/state_estimator_task.o
                0x080021a0                StateEstimatorLaunch
 .text.SystemClock_Config
                0x080021d4       0x94 build/main.o
                0x080021d4                SystemClock_Config
 .text.main     0x08002268       0x30 build/main.o
                0x08002268                main
 .text.HAL_TIM_PeriodElapsedCallback
                0x08002298       0x18 build/main.o
                0x08002298                HAL_TIM_PeriodElapsedCallback
 .text.Error_Handler
                0x080022b0        0x2 build/main.o
                0x080022b0                Error_Handler
 *fill*         0x080022b2        0x2 
 .text.MX_GPIO_Init
                0x080022b4       0xa8 build/gpio.o
                0x080022b4                MX_GPIO_Init
 .text.MX_DMA_Init
                0x0800235c       0x98 build/dma.o
                0x0800235c                MX_DMA_Init
 .text.StartDefaultTask
                0x080023f4        0xa build/freertos.o
                0x080023f4                StartDefaultTask
 *fill*         0x080023fe        0x2 
 .text.vApplicationGetIdleTaskMemory
                0x08002400       0x18 build/freertos.o
                0x08002400                vApplicationGetIdleTaskMemory
 .text.MX_FREERTOS_Init
                0x08002418       0x2c build/freertos.o
                0x08002418                MX_FREERTOS_Init
 .text.MX_I2C1_Init
                0x08002444       0x3c build/i2c.o
                0x08002444                MX_I2C1_Init
 .text.HAL_I2C_MspInit
                0x08002480      0x114 build/i2c.o
                0x08002480                HAL_I2C_MspInit
 .text.HAL_TIM_Base_MspInit
                0x08002594       0x30 build/tim.o
                0x08002594                HAL_TIM_Base_MspInit
 .text.HAL_TIM_MspPostInit
                0x080025c4       0x5c build/tim.o
                0x080025c4                HAL_TIM_MspPostInit
 .text.MX_TIM4_Init
                0x08002620       0xe8 build/tim.o
                0x08002620                MX_TIM4_Init
 .text.MX_USART1_UART_Init
                0x08002708       0x34 build/usart.o
                0x08002708                MX_USART1_UART_Init
 .text.MX_USART2_UART_Init
                0x0800273c       0x34 build/usart.o
                0x0800273c                MX_USART2_UART_Init
 .text.HAL_UART_MspInit
                0x08002770      0x1e4 build/usart.o
                0x08002770                HAL_UART_MspInit
 .text.NMI_Handler
                0x08002954        0x2 build/stm32f4xx_it.o
                0x08002954                NMI_Handler
 .text.HardFault_Handler
                0x08002956        0x2 build/stm32f4xx_it.o
                0x08002956                HardFault_Handler
 .text.MemManage_Handler
                0x08002958        0x2 build/stm32f4xx_it.o
                0x08002958                MemManage_Handler
 .text.BusFault_Handler
                0x0800295a        0x2 build/stm32f4xx_it.o
                0x0800295a                BusFault_Handler
 .text.UsageFault_Handler
                0x0800295c        0x2 build/stm32f4xx_it.o
                0x0800295c                UsageFault_Handler
 .text.DebugMon_Handler
                0x0800295e        0x2 build/stm32f4xx_it.o
                0x0800295e                DebugMon_Handler
 .text.DMA1_Stream0_IRQHandler
                0x08002960       0x10 build/stm32f4xx_it.o
                0x08002960                DMA1_Stream0_IRQHandler
 .text.I2C1_EV_IRQHandler
                0x08002970       0x10 build/stm32f4xx_it.o
                0x08002970                I2C1_EV_IRQHandler
 .text.I2C1_ER_IRQHandler
                0x08002980       0x10 build/stm32f4xx_it.o
                0x08002980                I2C1_ER_IRQHandler
 .text.USART1_IRQHandler
                0x08002990       0x10 build/stm32f4xx_it.o
                0x08002990                USART1_IRQHandler
 .text.DMA1_Stream7_IRQHandler
                0x080029a0       0x10 build/stm32f4xx_it.o
                0x080029a0                DMA1_Stream7_IRQHandler
 .text.TIM7_IRQHandler
                0x080029b0       0x10 build/stm32f4xx_it.o
                0x080029b0                TIM7_IRQHandler
 .text.DMA2_Stream2_IRQHandler
                0x080029c0       0x10 build/stm32f4xx_it.o
                0x080029c0                DMA2_Stream2_IRQHandler
 .text.DMA2_Stream7_IRQHandler
                0x080029d0       0x10 build/stm32f4xx_it.o
                0x080029d0                DMA2_Stream7_IRQHandler
 .text.HAL_MspInit
                0x080029e0       0x44 build/stm32f4xx_hal_msp.o
                0x080029e0                HAL_MspInit
 .text.HAL_InitTick
                0x08002a24       0x7c build/stm32f4xx_hal_timebase_tim.o
                0x08002a24                HAL_InitTick
 .text.HAL_RCC_OscConfig
                0x08002aa0      0x3f8 build/stm32f4xx_hal_rcc.o
                0x08002aa0                HAL_RCC_OscConfig
 .text.HAL_RCC_GetSysClockFreq
                0x08002e98       0xcc build/stm32f4xx_hal_rcc.o
                0x08002e98                HAL_RCC_GetSysClockFreq
 .text.HAL_RCC_ClockConfig
                0x08002f64      0x160 build/stm32f4xx_hal_rcc.o
                0x08002f64                HAL_RCC_ClockConfig
 .text.HAL_RCC_GetHCLKFreq
                0x080030c4        0xc build/stm32f4xx_hal_rcc.o
                0x080030c4                HAL_RCC_GetHCLKFreq
 .text.HAL_RCC_GetPCLK1Freq
                0x080030d0       0x20 build/stm32f4xx_hal_rcc.o
                0x080030d0                HAL_RCC_GetPCLK1Freq
 .text.HAL_RCC_GetPCLK2Freq
                0x080030f0       0x20 build/stm32f4xx_hal_rcc.o
                0x080030f0                HAL_RCC_GetPCLK2Freq
 .text.HAL_RCC_GetClockConfig
                0x08003110       0x3c build/stm32f4xx_hal_rcc.o
                0x08003110                HAL_RCC_GetClockConfig
 .text.HAL_GPIO_Init
                0x0800314c      0x1d4 build/stm32f4xx_hal_gpio.o
                0x0800314c                HAL_GPIO_Init
 .text.HAL_GPIO_WritePin
                0x08003320        0xc build/stm32f4xx_hal_gpio.o
                0x08003320                HAL_GPIO_WritePin
 .text.DMA_SetConfig
                0x0800332c       0x2c build/stm32f4xx_hal_dma.o
 .text.DMA_CalcBaseAndBitshift
                0x08003358       0x44 build/stm32f4xx_hal_dma.o
 .text.DMA_CheckFifoParam
                0x0800339c       0x8e build/stm32f4xx_hal_dma.o
 *fill*         0x0800342a        0x2 
 .text.HAL_DMA_Init
                0x0800342c       0xcc build/stm32f4xx_hal_dma.o
                0x0800342c                HAL_DMA_Init
 .text.HAL_DMA_Start_IT
                0x080034f8       0x6a build/stm32f4xx_hal_dma.o
                0x080034f8                HAL_DMA_Start_IT
 .text.HAL_DMA_Abort
                0x08003562       0x94 build/stm32f4xx_hal_dma.o
                0x08003562                HAL_DMA_Abort
 .text.HAL_DMA_Abort_IT
                0x080035f6       0x26 build/stm32f4xx_hal_dma.o
                0x080035f6                HAL_DMA_Abort_IT
 .text.HAL_DMA_IRQHandler
                0x0800361c      0x1dc build/stm32f4xx_hal_dma.o
                0x0800361c                HAL_DMA_IRQHandler
 .text.HAL_DMA_GetState
                0x080037f8        0x6 build/stm32f4xx_hal_dma.o
                0x080037f8                HAL_DMA_GetState
 .text.HAL_DMA_GetError
                0x080037fe        0x4 build/stm32f4xx_hal_dma.o
                0x080037fe                HAL_DMA_GetError
 *fill*         0x08003802        0x2 
 .text.HAL_NVIC_SetPriorityGrouping
                0x08003804       0x24 build/stm32f4xx_hal_cortex.o
                0x08003804                HAL_NVIC_SetPriorityGrouping
 .text.HAL_NVIC_SetPriority
                0x08003828       0x68 build/stm32f4xx_hal_cortex.o
                0x08003828                HAL_NVIC_SetPriority
 .text.HAL_NVIC_EnableIRQ
                0x08003890       0x1c build/stm32f4xx_hal_cortex.o
                0x08003890                HAL_NVIC_EnableIRQ
 .text.HAL_Init
                0x080038ac       0x34 build/stm32f4xx_hal.o
                0x080038ac                HAL_Init
 .text.HAL_IncTick
                0x080038e0       0x18 build/stm32f4xx_hal.o
                0x080038e0                HAL_IncTick
 .text.HAL_GetTick
                0x080038f8        0xc build/stm32f4xx_hal.o
                0x080038f8                HAL_GetTick
 .text.I2C_Master_SB
                0x08003904       0xa8 build/stm32f4xx_hal_i2c.o
 .text.I2C_Master_ADD10
                0x080039ac       0x2a build/stm32f4xx_hal_i2c.o
 .text.I2C_Master_ADDR
                0x080039d6      0x206 build/stm32f4xx_hal_i2c.o
 .text.I2C_SlaveTransmit_BTF
                0x08003bdc       0x20 build/stm32f4xx_hal_i2c.o
 .text.I2C_SlaveReceive_BTF
                0x08003bfc       0x20 build/stm32f4xx_hal_i2c.o
 .text.I2C_WaitOnSTOPRequestThroughIT
                0x08003c1c       0x48 build/stm32f4xx_hal_i2c.o
 .text.I2C_IsAcknowledgeFailed
                0x08003c64       0x32 build/stm32f4xx_hal_i2c.o
 .text.I2C_ConvertOtherXferOptions
                0x08003c96       0x1e build/stm32f4xx_hal_i2c.o
 .text.I2C_WaitOnFlagUntilTimeout
                0x08003cb4       0x74 build/stm32f4xx_hal_i2c.o
 .text.I2C_WaitOnMasterAddressFlagUntilTimeout
                0x08003d28       0xaa build/stm32f4xx_hal_i2c.o
 .text.I2C_WaitOnTXEFlagUntilTimeout
                0x08003dd2       0x54 build/stm32f4xx_hal_i2c.o
 *fill*         0x08003e26        0x2 
 .text.I2C_RequestMemoryWrite
                0x08003e28       0xd8 build/stm32f4xx_hal_i2c.o
 .text.I2C_RequestMemoryRead
                0x08003f00      0x154 build/stm32f4xx_hal_i2c.o
 .text.HAL_I2C_Init
                0x08004054      0x1bc build/stm32f4xx_hal_i2c.o
                0x08004054                HAL_I2C_Init
 .text.HAL_I2C_Master_Transmit_DMA
                0x08004210      0x190 build/stm32f4xx_hal_i2c.o
                0x08004210                HAL_I2C_Master_Transmit_DMA
 .text.HAL_I2C_Master_Receive_DMA
                0x080043a0      0x190 build/stm32f4xx_hal_i2c.o
                0x080043a0                HAL_I2C_Master_Receive_DMA
 .text.HAL_I2C_Mem_Write_DMA
                0x08004530      0x1d0 build/stm32f4xx_hal_i2c.o
                0x08004530                HAL_I2C_Mem_Write_DMA
 .text.HAL_I2C_Mem_Read_DMA
                0x08004700      0x210 build/stm32f4xx_hal_i2c.o
                0x08004700                HAL_I2C_Mem_Read_DMA
 .text.HAL_I2C_IsDeviceReady
                0x08004910      0x194 build/stm32f4xx_hal_i2c.o
                0x08004910                HAL_I2C_IsDeviceReady
 .text.I2C_MasterTransmit_BTF
                0x08004aa4       0x86 build/stm32f4xx_hal_i2c.o
 .text.HAL_I2C_SlaveTxCpltCallback
                0x08004b2a        0x2 build/stm32f4xx_hal_i2c.o
                0x08004b2a                HAL_I2C_SlaveTxCpltCallback
 .text.I2C_SlaveTransmit_TXE
                0x08004b2c       0x4c build/stm32f4xx_hal_i2c.o
 .text.HAL_I2C_SlaveRxCpltCallback
                0x08004b78        0x2 build/stm32f4xx_hal_i2c.o
                0x08004b78                HAL_I2C_SlaveRxCpltCallback
 .text.I2C_SlaveReceive_RXNE
                0x08004b7a       0x4c build/stm32f4xx_hal_i2c.o
 .text.HAL_I2C_AddrCallback
                0x08004bc6        0x2 build/stm32f4xx_hal_i2c.o
                0x08004bc6                HAL_I2C_AddrCallback
 .text.I2C_Slave_ADDR
                0x08004bc8       0x4e build/stm32f4xx_hal_i2c.o
 .text.HAL_I2C_ListenCpltCallback
                0x08004c16        0x2 build/stm32f4xx_hal_i2c.o
                0x08004c16                HAL_I2C_ListenCpltCallback
 .text.I2C_Slave_AF
                0x08004c18       0x94 build/stm32f4xx_hal_i2c.o
 .text.I2C_MemoryTransmit_TXE_BTF
                0x08004cac       0xb8 build/stm32f4xx_hal_i2c.o
 .text.I2C_MasterTransmit_TXE
                0x08004d64       0xd0 build/stm32f4xx_hal_i2c.o
 .text.I2C_MasterReceive_BTF
                0x08004e34      0x128 build/stm32f4xx_hal_i2c.o
 .text.HAL_I2C_ErrorCallback
                0x08004f5c        0x2 build/stm32f4xx_hal_i2c.o
                0x08004f5c                HAL_I2C_ErrorCallback
 .text.I2C_DMAError
                0x08004f5e       0x46 build/stm32f4xx_hal_i2c.o
 .text.I2C_DMAXferCplt
                0x08004fa4      0x122 build/stm32f4xx_hal_i2c.o
 .text.I2C_MasterReceive_RXNE
                0x080050c6       0xec build/stm32f4xx_hal_i2c.o
 .text.HAL_I2C_AbortCpltCallback
                0x080051b2        0x2 build/stm32f4xx_hal_i2c.o
                0x080051b2                HAL_I2C_AbortCpltCallback
 .text.I2C_DMAAbort
                0x080051b4       0xe4 build/stm32f4xx_hal_i2c.o
 .text.I2C_ITError
                0x08005298      0x178 build/stm32f4xx_hal_i2c.o
 .text.I2C_Slave_STOPF
                0x08005410      0x18c build/stm32f4xx_hal_i2c.o
 .text.HAL_I2C_EV_IRQHandler
                0x0800559c      0x19a build/stm32f4xx_hal_i2c.o
                0x0800559c                HAL_I2C_EV_IRQHandler
 .text.HAL_I2C_ER_IRQHandler
                0x08005736       0xc4 build/stm32f4xx_hal_i2c.o
                0x08005736                HAL_I2C_ER_IRQHandler
 *fill*         0x080057fa        0x2 
 .text.TIM_OC1_SetConfig
                0x080057fc       0x68 build/stm32f4xx_hal_tim.o
 .text.TIM_OC3_SetConfig
                0x08005864       0x70 build/stm32f4xx_hal_tim.o
 .text.TIM_OC4_SetConfig
                0x080058d4       0x50 build/stm32f4xx_hal_tim.o
 .text.TIM_TI1_ConfigInputStage
                0x08005924       0x24 build/stm32f4xx_hal_tim.o
 .text.TIM_TI2_ConfigInputStage
                0x08005948       0x26 build/stm32f4xx_hal_tim.o
 .text.TIM_ITRx_SetConfig
                0x0800596e       0x10 build/stm32f4xx_hal_tim.o
 *fill*         0x0800597e        0x2 
 .text.HAL_TIM_Base_Start_IT
                0x08005980       0x88 build/stm32f4xx_hal_tim.o
                0x08005980                HAL_TIM_Base_Start_IT
 .text.HAL_TIM_PWM_MspInit
                0x08005a08        0x2 build/stm32f4xx_hal_tim.o
                0x08005a08                HAL_TIM_PWM_MspInit
 .text.HAL_TIM_OC_DelayElapsedCallback
                0x08005a0a        0x2 build/stm32f4xx_hal_tim.o
                0x08005a0a                HAL_TIM_OC_DelayElapsedCallback
 .text.HAL_TIM_IC_CaptureCallback
                0x08005a0c        0x2 build/stm32f4xx_hal_tim.o
                0x08005a0c                HAL_TIM_IC_CaptureCallback
 .text.HAL_TIM_PWM_PulseFinishedCallback
                0x08005a0e        0x2 build/stm32f4xx_hal_tim.o
                0x08005a0e                HAL_TIM_PWM_PulseFinishedCallback
 .text.HAL_TIM_TriggerCallback
                0x08005a10        0x2 build/stm32f4xx_hal_tim.o
                0x08005a10                HAL_TIM_TriggerCallback
 .text.HAL_TIM_IRQHandler
                0x08005a12      0x17a build/stm32f4xx_hal_tim.o
                0x08005a12                HAL_TIM_IRQHandler
 .text.TIM_Base_SetConfig
                0x08005b8c       0xc8 build/stm32f4xx_hal_tim.o
                0x08005b8c                TIM_Base_SetConfig
 .text.HAL_TIM_Base_Init
                0x08005c54       0x58 build/stm32f4xx_hal_tim.o
                0x08005c54                HAL_TIM_Base_Init
 .text.HAL_TIM_PWM_Init
                0x08005cac       0x58 build/stm32f4xx_hal_tim.o
                0x08005cac                HAL_TIM_PWM_Init
 .text.TIM_OC2_SetConfig
                0x08005d04       0x70 build/stm32f4xx_hal_tim.o
                0x08005d04                TIM_OC2_SetConfig
 .text.HAL_TIM_PWM_ConfigChannel
                0x08005d74       0xd0 build/stm32f4xx_hal_tim.o
                0x08005d74                HAL_TIM_PWM_ConfigChannel
 .text.TIM_ETR_SetConfig
                0x08005e44       0x18 build/stm32f4xx_hal_tim.o
                0x08005e44                TIM_ETR_SetConfig
 .text.HAL_TIM_ConfigClockSource
                0x08005e5c       0xda build/stm32f4xx_hal_tim.o
                0x08005e5c                HAL_TIM_ConfigClockSource
 *fill*         0x08005f36        0x2 
 .text.HAL_TIMEx_MasterConfigSynchronization
                0x08005f38       0x88 build/stm32f4xx_hal_tim_ex.o
                0x08005f38                HAL_TIMEx_MasterConfigSynchronization
 .text.HAL_TIMEx_CommutCallback
                0x08005fc0        0x2 build/stm32f4xx_hal_tim_ex.o
                0x08005fc0                HAL_TIMEx_CommutCallback
 .text.HAL_TIMEx_BreakCallback
                0x08005fc2        0x2 build/stm32f4xx_hal_tim_ex.o
                0x08005fc2                HAL_TIMEx_BreakCallback
 .text.UART_EndRxTransfer
                0x08005fc4       0x32 build/stm32f4xx_hal_uart.o
 .text.UART_Transmit_IT
                0x08005ff6       0x60 build/stm32f4xx_hal_uart.o
 *fill*         0x08006056        0x2 
 .text.UART_SetConfig
                0x08006058      0x11c build/stm32f4xx_hal_uart.o
 .text.UART_WaitOnFlagUntilTimeout
                0x08006174       0x68 build/stm32f4xx_hal_uart.o
 .text.HAL_UART_Init
                0x080061dc       0x5e build/stm32f4xx_hal_uart.o
                0x080061dc                HAL_UART_Init
 .text.HAL_UART_Transmit
                0x0800623a       0xd8 build/stm32f4xx_hal_uart.o
                0x0800623a                HAL_UART_Transmit
 .text.HAL_UART_TxCpltCallback
                0x08006312        0x2 build/stm32f4xx_hal_uart.o
                0x08006312                HAL_UART_TxCpltCallback
 .text.UART_EndTransmit_IT
                0x08006314       0x1a build/stm32f4xx_hal_uart.o
 .text.HAL_UART_ErrorCallback
                0x0800632e        0x2 build/stm32f4xx_hal_uart.o
                0x0800632e                HAL_UART_ErrorCallback
 .text.UART_DMAAbortOnError
                0x08006330       0x10 build/stm32f4xx_hal_uart.o
 .text.HAL_UARTEx_RxEventCallback
                0x08006340        0x2 build/stm32f4xx_hal_uart.o
                0x08006340                HAL_UARTEx_RxEventCallback
 .text.UART_Receive_IT
                0x08006342       0xba build/stm32f4xx_hal_uart.o
 .text.HAL_UART_IRQHandler
                0x080063fc      0x208 build/stm32f4xx_hal_uart.o
                0x080063fc                HAL_UART_IRQHandler
 .text.SystemInit
                0x08006604       0x1c build/system_stm32f4xx.o
                0x08006604                SystemInit
 .text.vListInitialise
                0x08006620       0x16 build/list.o
                0x08006620                vListInitialise
 .text.vListInitialiseItem
                0x08006636        0x6 build/list.o
                0x08006636                vListInitialiseItem
 .text.vListInsertEnd
                0x0800663c       0x16 build/list.o
                0x0800663c                vListInsertEnd
 .text.vListInsert
                0x08006652       0x32 build/list.o
                0x08006652                vListInsert
 .text.uxListRemove
                0x08006684       0x26 build/list.o
                0x08006684                uxListRemove
 .text.prvIsQueueFull
                0x080066aa       0x1e build/queue.o
 .text.prvIsQueueEmpty
                0x080066c8       0x1a build/queue.o
 .text.prvCopyDataToQueue
                0x080066e2       0x76 build/queue.o
 .text.prvCopyDataFromQueue
                0x08006758       0x24 build/queue.o
 .text.prvUnlockQueue
                0x0800677c       0x6e build/queue.o
 *fill*         0x080067ea        0x2 
 .text.xQueueGenericReset
                0x080067ec       0x84 build/queue.o
                0x080067ec                xQueueGenericReset
 .text.prvInitialiseNewQueue
                0x08006870       0x1c build/queue.o
 .text.xQueueGenericCreateStatic
                0x0800688c       0x94 build/queue.o
                0x0800688c                xQueueGenericCreateStatic
 .text.xQueueGenericSend
                0x08006920      0x180 build/queue.o
                0x08006920                xQueueGenericSend
 .text.xQueueGenericSendFromISR
                0x08006aa0       0xd0 build/queue.o
                0x08006aa0                xQueueGenericSendFromISR
 .text.xQueuePeek
                0x08006b70      0x15c build/queue.o
                0x08006b70                xQueuePeek
 .text.prvResetNextTaskUnblockTime
                0x08006ccc       0x2c build/tasks.o
 .text.prvInitialiseNewTask
                0x08006cf8       0x8e build/tasks.o
 *fill*         0x08006d86        0x2 
 .text.prvInitialiseTaskLists
                0x08006d88       0x68 build/tasks.o
 .text.prvAddNewTaskToReadyList
                0x08006df0       0xa8 build/tasks.o
 .text.prvDeleteTCB
                0x08006e98       0x38 build/tasks.o
 .text.prvCheckTasksWaitingTermination
                0x08006ed0       0x4c build/tasks.o
 .text.prvIdleTask
                0x08006f1c       0x28 build/tasks.o
 .text.prvAddCurrentTaskToDelayedList
                0x08006f44       0x98 build/tasks.o
 .text.xTaskCreateStatic
                0x08006fdc       0x74 build/tasks.o
                0x08006fdc                xTaskCreateStatic
 .text.xTaskCreate
                0x08007050       0x68 build/tasks.o
                0x08007050                xTaskCreate
 .text.vTaskStartScheduler
                0x080070b8       0x6c build/tasks.o
                0x080070b8                vTaskStartScheduler
 .text.vTaskSuspendAll
                0x08007124       0x10 build/tasks.o
                0x08007124                vTaskSuspendAll
 .text.xTaskGetTickCount
                0x08007134        0xc build/tasks.o
                0x08007134                xTaskGetTickCount
 .text.xTaskIncrementTick
                0x08007140      0x118 build/tasks.o
                0x08007140                xTaskIncrementTick
 .text.xTaskResumeAll
                0x08007258       0xf8 build/tasks.o
                0x08007258                xTaskResumeAll
 .text.vTaskDelayUntil
                0x08007350       0xa4 build/tasks.o
                0x08007350                vTaskDelayUntil
 .text.vTaskDelay
                0x080073f4       0x4c build/tasks.o
                0x080073f4                vTaskDelay
 .text.vTaskSwitchContext
                0x08007440       0x98 build/tasks.o
                0x08007440                vTaskSwitchContext
 .text.vTaskPlaceOnEventList
                0x080074d8       0x30 build/tasks.o
                0x080074d8                vTaskPlaceOnEventList
 .text.xTaskRemoveFromEventList
                0x08007508       0x8c build/tasks.o
                0x08007508                xTaskRemoveFromEventList
 .text.vTaskInternalSetTimeOutState
                0x08007594       0x18 build/tasks.o
                0x08007594                vTaskInternalSetTimeOutState
 .text.xTaskCheckForTimeOut
                0x080075ac       0x84 build/tasks.o
                0x080075ac                xTaskCheckForTimeOut
 .text.vTaskMissedYield
                0x08007630        0xc build/tasks.o
                0x08007630                vTaskMissedYield
 .text.xTaskGetCurrentTaskHandle
                0x0800763c        0xc build/tasks.o
                0x0800763c                xTaskGetCurrentTaskHandle
 .text.xTaskGetSchedulerState
                0x08007648       0x20 build/tasks.o
                0x08007648                xTaskGetSchedulerState
 .text.xTaskPriorityDisinherit
                0x08007668       0xb4 build/tasks.o
                0x08007668                xTaskPriorityDisinherit
 .text.ulTaskNotifyTake
                0x0800771c       0x78 build/tasks.o
                0x0800771c                ulTaskNotifyTake
 .text.vTaskNotifyGiveFromISR
                0x08007794       0xd0 build/tasks.o
                0x08007794                vTaskNotifyGiveFromISR
 .text.makeFreeRtosPriority
                0x08007864        0xc build/cmsis_os.o
 .text.osKernelStart
                0x08007870        0xa build/cmsis_os.o
                0x08007870                osKernelStart
 .text.osThreadCreate
                0x0800787a       0x6a build/cmsis_os.o
                0x0800787a                osThreadCreate
 .text.osDelay  0x080078e4        0xe build/cmsis_os.o
                0x080078e4                osDelay
 *fill*         0x080078f2        0x2 
 .text.prvHeapInit
                0x080078f4       0x64 build/heap_4.o
 .text.prvInsertBlockIntoFreeList
                0x08007958       0x58 build/heap_4.o
 .text.pvPortMalloc
                0x080079b0       0xfc build/heap_4.o
                0x080079b0                pvPortMalloc
 .text.vPortFree
                0x08007aac       0x7c build/heap_4.o
                0x08007aac                vPortFree
 .text.prvTaskExitError
                0x08007b28       0x40 build/port.o
 .text.prvPortStartFirstTask
                0x08007b68       0x28 build/port.o
 .text.vPortEnableVFP
                0x08007b90       0x14 build/port.o
 .text.pxPortInitialiseStack
                0x08007ba4       0x2c build/port.o
                0x08007ba4                pxPortInitialiseStack
 .text.SVC_Handler
                0x08007bd0       0x24 build/port.o
                0x08007bd0                SVC_Handler
 .text.vPortEnterCritical
                0x08007bf4       0x44 build/port.o
                0x08007bf4                vPortEnterCritical
 .text.vPortExitCritical
                0x08007c38       0x2c build/port.o
                0x08007c38                vPortExitCritical
 *fill*         0x08007c64        0xc 
 .text.PendSV_Handler
                0x08007c70       0x64 build/port.o
                0x08007c70                PendSV_Handler
 .text.SysTick_Handler
                0x08007cd4       0x2c build/port.o
                0x08007cd4                SysTick_Handler
 .text.vPortSetupTimerInterrupt
                0x08007d00       0x38 build/port.o
                0x08007d00                vPortSetupTimerInterrupt
 .text.xPortStartScheduler
                0x08007d38      0x110 build/port.o
                0x08007d38                xPortStartScheduler
 .text.vPortValidateInterruptPriority
                0x08007e48       0x5c build/port.o
                0x08007e48                vPortValidateInterruptPriority
 .text.Reset_Handler
                0x08007ea4       0x50 build/startup_stm32f407xx.o
                0x08007ea4                Reset_Handler
 .text.Default_Handler
                0x08007ef4        0x2 build/startup_stm32f407xx.o
                0x08007ef4                RTC_Alarm_IRQHandler
                0x08007ef4                HASH_RNG_IRQHandler
                0x08007ef4                EXTI2_IRQHandler
                0x08007ef4                TIM8_CC_IRQHandler
                0x08007ef4                TIM1_CC_IRQHandler
                0x08007ef4                DMA2_Stream5_IRQHandler
                0x08007ef4                PVD_IRQHandler
                0x08007ef4                SDIO_IRQHandler
                0x08007ef4                TAMP_STAMP_IRQHandler
                0x08007ef4                CAN2_RX1_IRQHandler
                0x08007ef4                EXTI3_IRQHandler
                0x08007ef4                TIM8_TRG_COM_TIM14_IRQHandler
                0x08007ef4                TIM1_UP_TIM10_IRQHandler
                0x08007ef4                TIM8_UP_TIM13_IRQHandler
                0x08007ef4                I2C3_ER_IRQHandler
                0x08007ef4                EXTI0_IRQHandler
                0x08007ef4                I2C2_EV_IRQHandler
                0x08007ef4                DMA1_Stream2_IRQHandler
                0x08007ef4                CAN1_RX0_IRQHandler
                0x08007ef4                FPU_IRQHandler
                0x08007ef4                OTG_HS_WKUP_IRQHandler
                0x08007ef4                CAN2_SCE_IRQHandler
                0x08007ef4                SPI1_IRQHandler
                0x08007ef4                TIM6_DAC_IRQHandler
                0x08007ef4                TIM1_BRK_TIM9_IRQHandler
                0x08007ef4                DCMI_IRQHandler
                0x08007ef4                CAN2_RX0_IRQHandler
                0x08007ef4                DMA2_Stream3_IRQHandler
                0x08007ef4                USART6_IRQHandler
                0x08007ef4                USART3_IRQHandler
                0x08007ef4                CAN1_RX1_IRQHandler
                0x08007ef4                UART5_IRQHandler
                0x08007ef4                DMA2_Stream0_IRQHandler
                0x08007ef4                TIM4_IRQHandler
                0x08007ef4                DMA1_Stream1_IRQHandler
                0x08007ef4                UART4_IRQHandler
                0x08007ef4                TIM3_IRQHandler
                0x08007ef4                RCC_IRQHandler
                0x08007ef4                TIM8_BRK_TIM12_IRQHandler
                0x08007ef4                Default_Handler
                0x08007ef4                EXTI15_10_IRQHandler
                0x08007ef4                ADC_IRQHandler
                0x08007ef4                CAN2_TX_IRQHandler
                0x08007ef4                TIM5_IRQHandler
                0x08007ef4                I2C3_EV_IRQHandler
                0x08007ef4                EXTI9_5_IRQHandler
                0x08007ef4                RTC_WKUP_IRQHandler
                0x08007ef4                ETH_WKUP_IRQHandler
                0x08007ef4                SPI2_IRQHandler
                0x08007ef4                OTG_HS_EP1_IN_IRQHandler
                0x08007ef4                CAN1_TX_IRQHandler
                0x08007ef4                EXTI4_IRQHandler
                0x08007ef4                FSMC_IRQHandler
                0x08007ef4                ETH_IRQHandler
                0x08007ef4                OTG_HS_EP1_OUT_IRQHandler
                0x08007ef4                WWDG_IRQHandler
                0x08007ef4                TIM2_IRQHandler
                0x08007ef4                OTG_FS_WKUP_IRQHandler
                0x08007ef4                TIM1_TRG_COM_TIM11_IRQHandler
                0x08007ef4                OTG_HS_IRQHandler
                0x08007ef4                EXTI1_IRQHandler
                0x08007ef4                I2C2_ER_IRQHandler
                0x08007ef4                DMA2_Stream1_IRQHandler
                0x08007ef4                CAN1_SCE_IRQHandler
                0x08007ef4                FLASH_IRQHandler
                0x08007ef4                DMA2_Stream4_IRQHandler
                0x08007ef4                OTG_FS_IRQHandler
                0x08007ef4                SPI3_IRQHandler
                0x08007ef4                DMA1_Stream4_IRQHandler
                0x08007ef4                DMA2_Stream6_IRQHandler
                0x08007ef4                DMA1_Stream3_IRQHandler
 *fill*         0x08007ef6        0x2 
 .text.__libc_init_array
                0x08007ef8       0x48 c:/gnu_tools_arm_embedded/bin/../lib/gcc/arm-none-eabi/9.2.1/../../../../arm-none-eabi/lib/thumb/v7e-m+fp/hard\libc_nano.a(lib_a-init.o)
                0x08007ef8                __libc_init_array
 .text.memcpy   0x08007f40       0x1c c:/gnu_tools_arm_embedded/bin/../lib/gcc/arm-none-eabi/9.2.1/../../../../arm-none-eabi/lib/thumb/v7e-m+fp/hard\libc_nano.a(lib_a-memcpy-stub.o)
                0x08007f40                memcpy
 .text.memset   0x08007f5c       0x10 c:/gnu_tools_arm_embedded/bin/../lib/gcc/arm-none-eabi/9.2.1/../../../../arm-none-eabi/lib/thumb/v7e-m+fp/hard\libc_nano.a(lib_a-memset.o)
                0x08007f5c                memset
 .text.__cvt    0x08007f6c       0xc4 c:/gnu_tools_arm_embedded/bin/../lib/gcc/arm-none-eabi/9.2.1/../../../../arm-none-eabi/lib/thumb/v7e-m+fp/hard\libc_nano.a(lib_a-nano-vfprintf_float.o)
                0x08007f6c                __cvt
 .text.__exponent
                0x08008030       0x7c c:/gnu_tools_arm_embedded/bin/../lib/gcc/arm-none-eabi/9.2.1/../../../../arm-none-eabi/lib/thumb/v7e-m+fp/hard\libc_nano.a(lib_a-nano-vfprintf_float.o)
                0x08008030                __exponent
 .text._printf_float
                0x080080ac      0x46c c:/gnu_tools_arm_embedded/bin/../lib/gcc/arm-none-eabi/9.2.1/../../../../arm-none-eabi/lib/thumb/v7e-m+fp/hard\libc_nano.a(lib_a-nano-vfprintf_float.o)
                0x080080ac                _printf_float
 .text._printf_common
                0x08008518       0xda c:/gnu_tools_arm_embedded/bin/../lib/gcc/arm-none-eabi/9.2.1/../../../../arm-none-eabi/lib/thumb/v7e-m+fp/hard\libc_nano.a(lib_a-nano-vfprintf_i.o)
                0x08008518                _printf_common
 *fill*         0x080085f2        0x2 
 .text._printf_i
                0x080085f4      0x24c c:/gnu_tools_arm_embedded/bin/../lib/gcc/arm-none-eabi/9.2.1/../../../../arm-none-eabi/lib/thumb/v7e-m+fp/hard\libc_nano.a(lib_a-nano-vfprintf_i.o)
                0x080085f4                _printf_i
 .text.printf   0x08008840       0x30 c:/gnu_tools_arm_embedded/bin/../lib/gcc/arm-none-eabi/9.2.1/../../../../arm-none-eabi/lib/thumb/v7e-m+fp/hard\libc_nano.a(lib_a-printf.o)
                0x08008840                iprintf
                0x08008840                printf
 .text._puts_r  0x08008870       0xdc c:/gnu_tools_arm_embedded/bin/../lib/gcc/arm-none-eabi/9.2.1/../../../../arm-none-eabi/lib/thumb/v7e-m+fp/hard\libc_nano.a(lib_a-puts.o)
                0x08008870                _puts_r
 .text.puts     0x0800894c       0x10 c:/gnu_tools_arm_embedded/bin/../lib/gcc/arm-none-eabi/9.2.1/../../../../arm-none-eabi/lib/thumb/v7e-m+fp/hard\libc_nano.a(lib_a-puts.o)
                0x0800894c                puts
 .text.__swbuf_r
                0x0800895c       0xa4 c:/gnu_tools_arm_embedded/bin/../lib/gcc/arm-none-eabi/9.2.1/../../../../arm-none-eabi/lib/thumb/v7e-m+fp/hard\libc_nano.a(lib_a-wbuf.o)
                0x0800895c                __swbuf_r
 .text.__swsetup_r
                0x08008a00       0xdc c:/gnu_tools_arm_embedded/bin/../lib/gcc/arm-none-eabi/9.2.1/../../../../arm-none-eabi/lib/thumb/v7e-m+fp/hard\libc_nano.a(lib_a-wsetup.o)
                0x08008a00                __swsetup_r
 .text.quorem   0x08008adc      0x116 c:/gnu_tools_arm_embedded/bin/../lib/gcc/arm-none-eabi/9.2.1/../../../../arm-none-eabi/lib/thumb/v7e-m+fp/hard\libc_nano.a(lib_a-dtoa.o)
 *fill*         0x08008bf2        0x6 
 .text._dtoa_r  0x08008bf8      0xbbc c:/gnu_tools_arm_embedded/bin/../lib/gcc/arm-none-eabi/9.2.1/../../../../arm-none-eabi/lib/thumb/v7e-m+fp/hard\libc_nano.a(lib_a-dtoa.o)
                0x08008bf8                _dtoa_r
 .text.__sflush_r
                0x080097b4      0x10c c:/gnu_tools_arm_embedded/bin/../lib/gcc/arm-none-eabi/9.2.1/../../../../arm-none-eabi/lib/thumb/v7e-m+fp/hard\libc_nano.a(lib_a-fflush.o)
                0x080097b4                __sflush_r
 .text._fflush_r
                0x080098c0       0x78 c:/gnu_tools_arm_embedded/bin/../lib/gcc/arm-none-eabi/9.2.1/../../../../arm-none-eabi/lib/thumb/v7e-m+fp/hard\libc_nano.a(lib_a-fflush.o)
                0x080098c0                _fflush_r
 .text.std      0x08009938       0x48 c:/gnu_tools_arm_embedded/bin/../lib/gcc/arm-none-eabi/9.2.1/../../../../arm-none-eabi/lib/thumb/v7e-m+fp/hard\libc_nano.a(lib_a-findfp.o)
 .text._cleanup_r
                0x08009980        0xc c:/gnu_tools_arm_embedded/bin/../lib/gcc/arm-none-eabi/9.2.1/../../../../arm-none-eabi/lib/thumb/v7e-m+fp/hard\libc_nano.a(lib_a-findfp.o)
                0x08009980                _cleanup_r
 .text.__sfmoreglue
                0x0800998c       0x2c c:/gnu_tools_arm_embedded/bin/../lib/gcc/arm-none-eabi/9.2.1/../../../../arm-none-eabi/lib/thumb/v7e-m+fp/hard\libc_nano.a(lib_a-findfp.o)
                0x0800998c                __sfmoreglue
 .text.__sfp_lock_acquire
                0x080099b8        0xc c:/gnu_tools_arm_embedded/bin/../lib/gcc/arm-none-eabi/9.2.1/../../../../arm-none-eabi/lib/thumb/v7e-m+fp/hard\libc_nano.a(lib_a-findfp.o)
                0x080099b8                __sfp_lock_acquire
 .text.__sfp_lock_release
                0x080099c4        0xc c:/gnu_tools_arm_embedded/bin/../lib/gcc/arm-none-eabi/9.2.1/../../../../arm-none-eabi/lib/thumb/v7e-m+fp/hard\libc_nano.a(lib_a-findfp.o)
                0x080099c4                __sfp_lock_release
 .text.__sinit_lock_acquire
                0x080099d0        0xc c:/gnu_tools_arm_embedded/bin/../lib/gcc/arm-none-eabi/9.2.1/../../../../arm-none-eabi/lib/thumb/v7e-m+fp/hard\libc_nano.a(lib_a-findfp.o)
                0x080099d0                __sinit_lock_acquire
 .text.__sinit_lock_release
                0x080099dc        0xc c:/gnu_tools_arm_embedded/bin/../lib/gcc/arm-none-eabi/9.2.1/../../../../arm-none-eabi/lib/thumb/v7e-m+fp/hard\libc_nano.a(lib_a-findfp.o)
                0x080099dc                __sinit_lock_release
 .text.__sinit  0x080099e8       0x70 c:/gnu_tools_arm_embedded/bin/../lib/gcc/arm-none-eabi/9.2.1/../../../../arm-none-eabi/lib/thumb/v7e-m+fp/hard\libc_nano.a(lib_a-findfp.o)
                0x080099e8                __sinit
 .text.__sfp    0x08009a58       0x8c c:/gnu_tools_arm_embedded/bin/../lib/gcc/arm-none-eabi/9.2.1/../../../../arm-none-eabi/lib/thumb/v7e-m+fp/hard\libc_nano.a(lib_a-findfp.o)
                0x08009a58                __sfp
 .text._fwalk_reent
                0x08009ae4       0x3e c:/gnu_tools_arm_embedded/bin/../lib/gcc/arm-none-eabi/9.2.1/../../../../arm-none-eabi/lib/thumb/v7e-m+fp/hard\libc_nano.a(lib_a-fwalk.o)
                0x08009ae4                _fwalk_reent
 *fill*         0x08009b22        0x2 
 .text._localeconv_r
                0x08009b24        0x8 c:/gnu_tools_arm_embedded/bin/../lib/gcc/arm-none-eabi/9.2.1/../../../../arm-none-eabi/lib/thumb/v7e-m+fp/hard\libc_nano.a(lib_a-localeconv.o)
                0x08009b24                _localeconv_r
 .text.__retarget_lock_init_recursive
                0x08009b2c        0x2 c:/gnu_tools_arm_embedded/bin/../lib/gcc/arm-none-eabi/9.2.1/../../../../arm-none-eabi/lib/thumb/v7e-m+fp/hard\libc_nano.a(lib_a-lock.o)
                0x08009b2c                __retarget_lock_init_recursive
 .text.__retarget_lock_acquire_recursive
                0x08009b2e        0x2 c:/gnu_tools_arm_embedded/bin/../lib/gcc/arm-none-eabi/9.2.1/../../../../arm-none-eabi/lib/thumb/v7e-m+fp/hard\libc_nano.a(lib_a-lock.o)
                0x08009b2e                __retarget_lock_acquire_recursive
 .text.__retarget_lock_release_recursive
                0x08009b30        0x2 c:/gnu_tools_arm_embedded/bin/../lib/gcc/arm-none-eabi/9.2.1/../../../../arm-none-eabi/lib/thumb/v7e-m+fp/hard\libc_nano.a(lib_a-lock.o)
                0x08009b30                __retarget_lock_release_recursive
 .text.__swhatbuf_r
                0x08009b32       0x48 c:/gnu_tools_arm_embedded/bin/../lib/gcc/arm-none-eabi/9.2.1/../../../../arm-none-eabi/lib/thumb/v7e-m+fp/hard\libc_nano.a(lib_a-makebuf.o)
                0x08009b32                __swhatbuf_r
 *fill*         0x08009b7a        0x2 
 .text.__smakebuf_r
                0x08009b7c       0x80 c:/gnu_tools_arm_embedded/bin/../lib/gcc/arm-none-eabi/9.2.1/../../../../arm-none-eabi/lib/thumb/v7e-m+fp/hard\libc_nano.a(lib_a-makebuf.o)
                0x08009b7c                __smakebuf_r
 .text.malloc   0x08009bfc       0x10 c:/gnu_tools_arm_embedded/bin/../lib/gcc/arm-none-eabi/9.2.1/../../../../arm-none-eabi/lib/thumb/v7e-m+fp/hard\libc_nano.a(lib_a-malloc.o)
                0x08009bfc                malloc
 .text._Balloc  0x08009c0c       0x68 c:/gnu_tools_arm_embedded/bin/../lib/gcc/arm-none-eabi/9.2.1/../../../../arm-none-eabi/lib/thumb/v7e-m+fp/hard\libc_nano.a(lib_a-mprec.o)
                0x08009c0c                _Balloc
 .text._Bfree   0x08009c74       0x2e c:/gnu_tools_arm_embedded/bin/../lib/gcc/arm-none-eabi/9.2.1/../../../../arm-none-eabi/lib/thumb/v7e-m+fp/hard\libc_nano.a(lib_a-mprec.o)
                0x08009c74                _Bfree
 .text.__multadd
                0x08009ca2       0x7c c:/gnu_tools_arm_embedded/bin/../lib/gcc/arm-none-eabi/9.2.1/../../../../arm-none-eabi/lib/thumb/v7e-m+fp/hard\libc_nano.a(lib_a-mprec.o)
                0x08009ca2                __multadd
 .text.__hi0bits
                0x08009d1e       0x40 c:/gnu_tools_arm_embedded/bin/../lib/gcc/arm-none-eabi/9.2.1/../../../../arm-none-eabi/lib/thumb/v7e-m+fp/hard\libc_nano.a(lib_a-mprec.o)
                0x08009d1e                __hi0bits
 .text.__lo0bits
                0x08009d5e       0x60 c:/gnu_tools_arm_embedded/bin/../lib/gcc/arm-none-eabi/9.2.1/../../../../arm-none-eabi/lib/thumb/v7e-m+fp/hard\libc_nano.a(lib_a-mprec.o)
                0x08009d5e                __lo0bits
 .text.__i2b    0x08009dbe       0x12 c:/gnu_tools_arm_embedded/bin/../lib/gcc/arm-none-eabi/9.2.1/../../../../arm-none-eabi/lib/thumb/v7e-m+fp/hard\libc_nano.a(lib_a-mprec.o)
                0x08009dbe                __i2b
 .text.__multiply
                0x08009dd0      0x138 c:/gnu_tools_arm_embedded/bin/../lib/gcc/arm-none-eabi/9.2.1/../../../../arm-none-eabi/lib/thumb/v7e-m+fp/hard\libc_nano.a(lib_a-mprec.o)
                0x08009dd0                __multiply
 .text.__pow5mult
                0x08009f08       0x9c c:/gnu_tools_arm_embedded/bin/../lib/gcc/arm-none-eabi/9.2.1/../../../../arm-none-eabi/lib/thumb/v7e-m+fp/hard\libc_nano.a(lib_a-mprec.o)
                0x08009f08                __pow5mult
 .text.__lshift
                0x08009fa4       0xbe c:/gnu_tools_arm_embedded/bin/../lib/gcc/arm-none-eabi/9.2.1/../../../../arm-none-eabi/lib/thumb/v7e-m+fp/hard\libc_nano.a(lib_a-mprec.o)
                0x08009fa4                __lshift
 .text.__mcmp   0x0800a062       0x38 c:/gnu_tools_arm_embedded/bin/../lib/gcc/arm-none-eabi/9.2.1/../../../../arm-none-eabi/lib/thumb/v7e-m+fp/hard\libc_nano.a(lib_a-mprec.o)
                0x0800a062                __mcmp
 .text.__mdiff  0x0800a09a       0xec c:/gnu_tools_arm_embedded/bin/../lib/gcc/arm-none-eabi/9.2.1/../../../../arm-none-eabi/lib/thumb/v7e-m+fp/hard\libc_nano.a(lib_a-mprec.o)
                0x0800a09a                __mdiff
 .text.__d2b    0x0800a186       0xa0 c:/gnu_tools_arm_embedded/bin/../lib/gcc/arm-none-eabi/9.2.1/../../../../arm-none-eabi/lib/thumb/v7e-m+fp/hard\libc_nano.a(lib_a-mprec.o)
                0x0800a186                __d2b
 .text._calloc_r
                0x0800a226       0x1e c:/gnu_tools_arm_embedded/bin/../lib/gcc/arm-none-eabi/9.2.1/../../../../arm-none-eabi/lib/thumb/v7e-m+fp/hard\libc_nano.a(lib_a-nano-callocr.o)
                0x0800a226                _calloc_r
 .text._free_r  0x0800a244       0xa0 c:/gnu_tools_arm_embedded/bin/../lib/gcc/arm-none-eabi/9.2.1/../../../../arm-none-eabi/lib/thumb/v7e-m+fp/hard\libc_nano.a(lib_a-nano-freer.o)
                0x0800a244                _free_r
 .text._malloc_r
                0x0800a2e4       0xb4 c:/gnu_tools_arm_embedded/bin/../lib/gcc/arm-none-eabi/9.2.1/../../../../arm-none-eabi/lib/thumb/v7e-m+fp/hard\libc_nano.a(lib_a-nano-mallocr.o)
                0x0800a2e4                _malloc_r
 .text.__sfputc_r
                0x0800a398       0x2e c:/gnu_tools_arm_embedded/bin/../lib/gcc/arm-none-eabi/9.2.1/../../../../arm-none-eabi/lib/thumb/v7e-m+fp/hard\libc_nano.a(lib_a-nano-vfprintf.o)
 .text.__sfputs_r
                0x0800a3c6       0x24 c:/gnu_tools_arm_embedded/bin/../lib/gcc/arm-none-eabi/9.2.1/../../../../arm-none-eabi/lib/thumb/v7e-m+fp/hard\libc_nano.a(lib_a-nano-vfprintf.o)
                0x0800a3c6                __sfputs_r
 *fill*         0x0800a3ea        0x2 
 .text._vfprintf_r
                0x0800a3ec      0x260 c:/gnu_tools_arm_embedded/bin/../lib/gcc/arm-none-eabi/9.2.1/../../../../arm-none-eabi/lib/thumb/v7e-m+fp/hard\libc_nano.a(lib_a-nano-vfprintf.o)
                0x0800a3ec                _vfprintf_r
                0x0800a3ec                _vfiprintf_r
 .text._sbrk_r  0x0800a64c       0x20 c:/gnu_tools_arm_embedded/bin/../lib/gcc/arm-none-eabi/9.2.1/../../../../arm-none-eabi/lib/thumb/v7e-m+fp/hard\libc_nano.a(lib_a-sbrkr.o)
                0x0800a64c                _sbrk_r
 .text.__sread  0x0800a66c       0x22 c:/gnu_tools_arm_embedded/bin/../lib/gcc/arm-none-eabi/9.2.1/../../../../arm-none-eabi/lib/thumb/v7e-m+fp/hard\libc_nano.a(lib_a-stdio.o)
                0x0800a66c                __sread
 .text.__swrite
                0x0800a68e       0x38 c:/gnu_tools_arm_embedded/bin/../lib/gcc/arm-none-eabi/9.2.1/../../../../arm-none-eabi/lib/thumb/v7e-m+fp/hard\libc_nano.a(lib_a-stdio.o)
                0x0800a68e                __swrite
 .text.__sseek  0x0800a6c6       0x24 c:/gnu_tools_arm_embedded/bin/../lib/gcc/arm-none-eabi/9.2.1/../../../../arm-none-eabi/lib/thumb/v7e-m+fp/hard\libc_nano.a(lib_a-stdio.o)
                0x0800a6c6                __sseek
 .text.__sclose
                0x0800a6ea        0x8 c:/gnu_tools_arm_embedded/bin/../lib/gcc/arm-none-eabi/9.2.1/../../../../arm-none-eabi/lib/thumb/v7e-m+fp/hard\libc_nano.a(lib_a-stdio.o)
                0x0800a6ea                __sclose
 *fill*         0x0800a6f2        0x2 
 .text._write_r
                0x0800a6f4       0x24 c:/gnu_tools_arm_embedded/bin/../lib/gcc/arm-none-eabi/9.2.1/../../../../arm-none-eabi/lib/thumb/v7e-m+fp/hard\libc_nano.a(lib_a-writer.o)
                0x0800a6f4                _write_r
 .text._close_r
                0x0800a718       0x20 c:/gnu_tools_arm_embedded/bin/../lib/gcc/arm-none-eabi/9.2.1/../../../../arm-none-eabi/lib/thumb/v7e-m+fp/hard\libc_nano.a(lib_a-closer.o)
                0x0800a718                _close_r
 .text._fstat_r
                0x0800a738       0x24 c:/gnu_tools_arm_embedded/bin/../lib/gcc/arm-none-eabi/9.2.1/../../../../arm-none-eabi/lib/thumb/v7e-m+fp/hard\libc_nano.a(lib_a-fstatr.o)
                0x0800a738                _fstat_r
 .text._isatty_r
                0x0800a75c       0x20 c:/gnu_tools_arm_embedded/bin/../lib/gcc/arm-none-eabi/9.2.1/../../../../arm-none-eabi/lib/thumb/v7e-m+fp/hard\libc_nano.a(lib_a-isattyr.o)
                0x0800a75c                _isatty_r
 .text._lseek_r
                0x0800a77c       0x24 c:/gnu_tools_arm_embedded/bin/../lib/gcc/arm-none-eabi/9.2.1/../../../../arm-none-eabi/lib/thumb/v7e-m+fp/hard\libc_nano.a(lib_a-lseekr.o)
                0x0800a77c                _lseek_r
 .text.__ascii_mbtowc
                0x0800a7a0       0x24 c:/gnu_tools_arm_embedded/bin/../lib/gcc/arm-none-eabi/9.2.1/../../../../arm-none-eabi/lib/thumb/v7e-m+fp/hard\libc_nano.a(lib_a-mbtowc_r.o)
                0x0800a7a0                __ascii_mbtowc
 .text.__malloc_lock
                0x0800a7c4        0xc c:/gnu_tools_arm_embedded/bin/../lib/gcc/arm-none-eabi/9.2.1/../../../../arm-none-eabi/lib/thumb/v7e-m+fp/hard\libc_nano.a(lib_a-mlock.o)
                0x0800a7c4                __malloc_lock
 .text.__malloc_unlock
                0x0800a7d0        0xc c:/gnu_tools_arm_embedded/bin/../lib/gcc/arm-none-eabi/9.2.1/../../../../arm-none-eabi/lib/thumb/v7e-m+fp/hard\libc_nano.a(lib_a-mlock.o)
                0x0800a7d0                __malloc_unlock
 .text._read_r  0x0800a7dc       0x24 c:/gnu_tools_arm_embedded/bin/../lib/gcc/arm-none-eabi/9.2.1/../../../../arm-none-eabi/lib/thumb/v7e-m+fp/hard\libc_nano.a(lib_a-readr.o)
                0x0800a7dc                _read_r
 .text.__ascii_wctomb
                0x0800a800       0x1a c:/gnu_tools_arm_embedded/bin/../lib/gcc/arm-none-eabi/9.2.1/../../../../arm-none-eabi/lib/thumb/v7e-m+fp/hard\libc_nano.a(lib_a-wctomb_r.o)
                0x0800a800                __ascii_wctomb
 *fill*         0x0800a81a        0x2 
 .text.tanf     0x0800a81c       0x5c c:/gnu_tools_arm_embedded/bin/../lib/gcc/arm-none-eabi/9.2.1/../../../../arm-none-eabi/lib/thumb/v7e-m+fp/hard\libm.a(lib_a-sf_tan.o)
                0x0800a81c                tanf
 .text.pow      0x0800a878      0x36c c:/gnu_tools_arm_embedded/bin/../lib/gcc/arm-none-eabi/9.2.1/../../../../arm-none-eabi/lib/thumb/v7e-m+fp/hard\libm.a(lib_a-w_pow.o)
                0x0800a878                pow
 *fill*         0x0800abe4        0x4 
 .text.__ieee754_pow
                0x0800abe8      0xbb4 c:/gnu_tools_arm_embedded/bin/../lib/gcc/arm-none-eabi/9.2.1/../../../../arm-none-eabi/lib/thumb/v7e-m+fp/hard\libm.a(lib_a-e_pow.o)
                0x0800abe8                __ieee754_pow
 .text.__ieee754_sqrt
                0x0800b79c      0x188 c:/gnu_tools_arm_embedded/bin/../lib/gcc/arm-none-eabi/9.2.1/../../../../arm-none-eabi/lib/thumb/v7e-m+fp/hard\libm.a(lib_a-e_sqrt.o)
                0x0800b79c                __ieee754_sqrt
 .text.__ieee754_rem_pio2f
                0x0800b924      0x294 c:/gnu_tools_arm_embedded/bin/../lib/gcc/arm-none-eabi/9.2.1/../../../../arm-none-eabi/lib/thumb/v7e-m+fp/hard\libm.a(lib_a-ef_rem_pio2.o)
                0x0800b924                __ieee754_rem_pio2f
 .text.__kernel_rem_pio2f
                0x0800bbb8      0x66c c:/gnu_tools_arm_embedded/bin/../lib/gcc/arm-none-eabi/9.2.1/../../../../arm-none-eabi/lib/thumb/v7e-m+fp/hard\libm.a(lib_a-kf_rem_pio2.o)
                0x0800bbb8                __kernel_rem_pio2f
 .text.__kernel_tanf
                0x0800c224      0x1d8 c:/gnu_tools_arm_embedded/bin/../lib/gcc/arm-none-eabi/9.2.1/../../../../arm-none-eabi/lib/thumb/v7e-m+fp/hard\libm.a(lib_a-kf_tan.o)
                0x0800c224                __kernel_tanf
 .text.fabs     0x0800c3fc       0x14 c:/gnu_tools_arm_embedded/bin/../lib/gcc/arm-none-eabi/9.2.1/../../../../arm-none-eabi/lib/thumb/v7e-m+fp/hard\libm.a(lib_a-s_fabs.o)
                0x0800c3fc                fabs
 .text.finite   0x0800c410       0x18 c:/gnu_tools_arm_embedded/bin/../lib/gcc/arm-none-eabi/9.2.1/../../../../arm-none-eabi/lib/thumb/v7e-m+fp/hard\libm.a(lib_a-s_finite.o)
                0x0800c410                finite
 .text.matherr  0x0800c428        0x4 c:/gnu_tools_arm_embedded/bin/../lib/gcc/arm-none-eabi/9.2.1/../../../../arm-none-eabi/lib/thumb/v7e-m+fp/hard\libm.a(lib_a-s_matherr.o)
                0x0800c428                matherr
 *fill*         0x0800c42c        0x4 
 .text.nan      0x0800c430       0x10 c:/gnu_tools_arm_embedded/bin/../lib/gcc/arm-none-eabi/9.2.1/../../../../arm-none-eabi/lib/thumb/v7e-m+fp/hard\libm.a(lib_a-s_nan.o)
                0x0800c430                nan
 .text.rint     0x0800c440      0x124 c:/gnu_tools_arm_embedded/bin/../lib/gcc/arm-none-eabi/9.2.1/../../../../arm-none-eabi/lib/thumb/v7e-m+fp/hard\libm.a(lib_a-s_rint.o)
                0x0800c440                rint
 *fill*         0x0800c564        0x4 
 .text.scalbn   0x0800c568      0x124 c:/gnu_tools_arm_embedded/bin/../lib/gcc/arm-none-eabi/9.2.1/../../../../arm-none-eabi/lib/thumb/v7e-m+fp/hard\libm.a(lib_a-s_scalbn.o)
                0x0800c568                scalbn
 .text.fabsf    0x0800c68c       0x10 c:/gnu_tools_arm_embedded/bin/../lib/gcc/arm-none-eabi/9.2.1/../../../../arm-none-eabi/lib/thumb/v7e-m+fp/hard\libm.a(lib_a-sf_fabs.o)
                0x0800c68c                fabsf
 .text.floorf   0x0800c69c       0x8c c:/gnu_tools_arm_embedded/bin/../lib/gcc/arm-none-eabi/9.2.1/../../../../arm-none-eabi/lib/thumb/v7e-m+fp/hard\libm.a(lib_a-sf_floor.o)
                0x0800c69c                floorf
 .text.scalbnf  0x0800c728       0xe4 c:/gnu_tools_arm_embedded/bin/../lib/gcc/arm-none-eabi/9.2.1/../../../../arm-none-eabi/lib/thumb/v7e-m+fp/hard\libm.a(lib_a-sf_scalbn.o)
                0x0800c728                scalbnf
 .text._close   0x0800c80c       0x10 c:/gnu_tools_arm_embedded/bin/../lib/gcc/arm-none-eabi/9.2.1/../../../../arm-none-eabi/lib/thumb/v7e-m+fp/hard\libnosys.a(close.o)
                0x0800c80c                _close
 .text._fstat   0x0800c81c       0x10 c:/gnu_tools_arm_embedded/bin/../lib/gcc/arm-none-eabi/9.2.1/../../../../arm-none-eabi/lib/thumb/v7e-m+fp/hard\libnosys.a(fstat.o)
                0x0800c81c                _fstat
 .text._isatty  0x0800c82c       0x10 c:/gnu_tools_arm_embedded/bin/../lib/gcc/arm-none-eabi/9.2.1/../../../../arm-none-eabi/lib/thumb/v7e-m+fp/hard\libnosys.a(isatty.o)
                0x0800c82c                _isatty
 .text._lseek   0x0800c83c       0x10 c:/gnu_tools_arm_embedded/bin/../lib/gcc/arm-none-eabi/9.2.1/../../../../arm-none-eabi/lib/thumb/v7e-m+fp/hard\libnosys.a(lseek.o)
                0x0800c83c                _lseek
 .text._read    0x0800c84c       0x10 c:/gnu_tools_arm_embedded/bin/../lib/gcc/arm-none-eabi/9.2.1/../../../../arm-none-eabi/lib/thumb/v7e-m+fp/hard\libnosys.a(read.o)
                0x0800c84c                _read
 .text._sbrk    0x0800c85c       0x1c c:/gnu_tools_arm_embedded/bin/../lib/gcc/arm-none-eabi/9.2.1/../../../../arm-none-eabi/lib/thumb/v7e-m+fp/hard\libnosys.a(sbrk.o)
                0x0800c85c                _sbrk
 .text.__errno  0x0800c878        0xc c:/gnu_tools_arm_embedded/bin/../lib/gcc/arm-none-eabi/9.2.1/../../../../arm-none-eabi/lib/thumb/v7e-m+fp/hard\libc_nano.a(lib_a-errno.o)
                0x0800c878                __errno
 *(.glue_7)
 .glue_7        0x0800c884        0x0 linker stubs
 *(.glue_7t)
 .glue_7t       0x0800c884        0x0 linker stubs
 *(.eh_frame)
 .eh_frame      0x0800c884        0x0 c:/gnu_tools_arm_embedded/bin/../lib/gcc/arm-none-eabi/9.2.1/thumb/v7e-m+fp/hard/crtbegin.o
 *(.init)
 .init          0x0800c884        0x4 c:/gnu_tools_arm_embedded/bin/../lib/gcc/arm-none-eabi/9.2.1/thumb/v7e-m+fp/hard/crti.o
                0x0800c884                _init
 .init          0x0800c888        0x8 c:/gnu_tools_arm_embedded/bin/../lib/gcc/arm-none-eabi/9.2.1/thumb/v7e-m+fp/hard/crtn.o
 *(.fini)
 .fini          0x0800c890        0x4 c:/gnu_tools_arm_embedded/bin/../lib/gcc/arm-none-eabi/9.2.1/thumb/v7e-m+fp/hard/crti.o
                0x0800c890                _fini
 .fini          0x0800c894        0x8 c:/gnu_tools_arm_embedded/bin/../lib/gcc/arm-none-eabi/9.2.1/thumb/v7e-m+fp/hard/crtn.o
                0x0800c89c                . = ALIGN (0x4)
                0x0800c89c                _etext = .

.vfp11_veneer   0x0800c89c        0x0
 .vfp11_veneer  0x0800c89c        0x0 linker stubs

.v4_bx          0x0800c89c        0x0
 .v4_bx         0x0800c89c        0x0 linker stubs

.iplt           0x0800c89c        0x0
 .iplt          0x0800c89c        0x0 c:/gnu_tools_arm_embedded/bin/../lib/gcc/arm-none-eabi/9.2.1/thumb/v7e-m+fp/hard/crtbegin.o

.rodata         0x0800c8a0      0x7e8
                0x0800c8a0                . = ALIGN (0x4)
 *(.rodata)
 .rodata        0x0800c8a0       0x1c build/freertos.o
 *(.rodata*)
 .rodata.SensorsInit.str1.4
                0x0800c8bc       0x85 build/sensors_task.o
 *fill*         0x0800c941        0x3 
 .rodata.SensorsLaunch.str1.4
                0x0800c944        0xc build/sensors_task.o
 .rodata.SystemLaunch.str1.4
                0x0800c950        0xb build/system_task.o
 *fill*         0x0800c95b        0x1 
 .rodata.SystemInitiate.str1.4
                0x0800c95c       0x17 build/system_task.o
 *fill*         0x0800c973        0x1 
 .rodata.StateEstimatorTask.str1.4
                0x0800c974       0x23 build/state_estimator_task.o
 *fill*         0x0800c997        0x1 
 .rodata.StateEstimatorLaunch.str1.4
                0x0800c998       0x13 build/state_estimator_task.o
 *fill*         0x0800c9ab        0x1 
 .rodata.str1.4
                0x0800c9ac        0xc build/freertos.o
 .rodata.flagBitshiftOffset.8557
                0x0800c9b8        0x8 build/stm32f4xx_hal_dma.o
 .rodata.AHBPrescTable
                0x0800c9c0       0x10 build/system_stm32f4xx.o
                0x0800c9c0                AHBPrescTable
 .rodata.APBPrescTable
                0x0800c9d0        0x8 build/system_stm32f4xx.o
                0x0800c9d0                APBPrescTable
 .rodata.vTaskStartScheduler.str1.4
                0x0800c9d8        0x5 build/tasks.o
 *fill*         0x0800c9dd        0x3 
 .rodata._global_impure_ptr
                0x0800c9e0        0x4 c:/gnu_tools_arm_embedded/bin/../lib/gcc/arm-none-eabi/9.2.1/../../../../arm-none-eabi/lib/thumb/v7e-m+fp/hard\libc_nano.a(lib_a-impure.o)
                0x0800c9e0                _global_impure_ptr
 .rodata._printf_float.str1.1
                0x0800c9e4       0x12 c:/gnu_tools_arm_embedded/bin/../lib/gcc/arm-none-eabi/9.2.1/../../../../arm-none-eabi/lib/thumb/v7e-m+fp/hard\libc_nano.a(lib_a-nano-vfprintf_float.o)
 .rodata._printf_i.str1.1
                0x0800c9f6       0x22 c:/gnu_tools_arm_embedded/bin/../lib/gcc/arm-none-eabi/9.2.1/../../../../arm-none-eabi/lib/thumb/v7e-m+fp/hard\libc_nano.a(lib_a-nano-vfprintf_i.o)
 .rodata._dtoa_r.str1.1
                0x0800ca18        0xd c:/gnu_tools_arm_embedded/bin/../lib/gcc/arm-none-eabi/9.2.1/../../../../arm-none-eabi/lib/thumb/v7e-m+fp/hard\libc_nano.a(lib_a-dtoa.o)
                                  0xf (size before relaxing)
 *fill*         0x0800ca25        0x3 
 .rodata.__sf_fake_stderr
                0x0800ca28       0x20 c:/gnu_tools_arm_embedded/bin/../lib/gcc/arm-none-eabi/9.2.1/../../../../arm-none-eabi/lib/thumb/v7e-m+fp/hard\libc_nano.a(lib_a-findfp.o)
                0x0800ca28                __sf_fake_stderr
 .rodata.__sf_fake_stdin
                0x0800ca48       0x20 c:/gnu_tools_arm_embedded/bin/../lib/gcc/arm-none-eabi/9.2.1/../../../../arm-none-eabi/lib/thumb/v7e-m+fp/hard\libc_nano.a(lib_a-findfp.o)
                0x0800ca48                __sf_fake_stdin
 .rodata.__sf_fake_stdout
                0x0800ca68       0x20 c:/gnu_tools_arm_embedded/bin/../lib/gcc/arm-none-eabi/9.2.1/../../../../arm-none-eabi/lib/thumb/v7e-m+fp/hard\libc_nano.a(lib_a-findfp.o)
                0x0800ca68                __sf_fake_stdout
 .rodata.__mprec_bigtens
                0x0800ca88       0x28 c:/gnu_tools_arm_embedded/bin/../lib/gcc/arm-none-eabi/9.2.1/../../../../arm-none-eabi/lib/thumb/v7e-m+fp/hard\libc_nano.a(lib_a-mprec.o)
                0x0800ca88                __mprec_bigtens
 .rodata.__mprec_tens
                0x0800cab0       0xc8 c:/gnu_tools_arm_embedded/bin/../lib/gcc/arm-none-eabi/9.2.1/../../../../arm-none-eabi/lib/thumb/v7e-m+fp/hard\libc_nano.a(lib_a-mprec.o)
                0x0800cab0                __mprec_tens
 .rodata.p05.7490
                0x0800cb78        0xc c:/gnu_tools_arm_embedded/bin/../lib/gcc/arm-none-eabi/9.2.1/../../../../arm-none-eabi/lib/thumb/v7e-m+fp/hard\libc_nano.a(lib_a-mprec.o)
 .rodata._vfprintf_r.str1.1
                0x0800cb84       0x11 c:/gnu_tools_arm_embedded/bin/../lib/gcc/arm-none-eabi/9.2.1/../../../../arm-none-eabi/lib/thumb/v7e-m+fp/hard\libc_nano.a(lib_a-nano-vfprintf.o)
 .rodata._setlocale_r.str1.1
                0x0800cb95        0x8 c:/gnu_tools_arm_embedded/bin/../lib/gcc/arm-none-eabi/9.2.1/../../../../arm-none-eabi/lib/thumb/v7e-m+fp/hard\libc_nano.a(lib_a-locale.o)
                                  0x9 (size before relaxing)
 .rodata.str1.1
                0x0800cb9d        0x2 c:/gnu_tools_arm_embedded/bin/../lib/gcc/arm-none-eabi/9.2.1/../../../../arm-none-eabi/lib/thumb/v7e-m+fp/hard\libc_nano.a(lib_a-locale.o)
 .rodata._ctype_
                0x0800cb9f      0x101 c:/gnu_tools_arm_embedded/bin/../lib/gcc/arm-none-eabi/9.2.1/../../../../arm-none-eabi/lib/thumb/v7e-m+fp/hard\libc_nano.a(lib_a-ctype_.o)
                0x0800cb9f                _ctype_
 .rodata.pow.str1.4
                0x0800cca0        0x4 c:/gnu_tools_arm_embedded/bin/../lib/gcc/arm-none-eabi/9.2.1/../../../../arm-none-eabi/lib/thumb/v7e-m+fp/hard\libm.a(lib_a-w_pow.o)
 .rodata.__ieee754_pow.str1.4
                0x0800cca4        0x4 c:/gnu_tools_arm_embedded/bin/../lib/gcc/arm-none-eabi/9.2.1/../../../../arm-none-eabi/lib/thumb/v7e-m+fp/hard\libm.a(lib_a-e_pow.o)
                                  0x1 (size before relaxing)
 .rodata.npio2_hw
                0x0800cca4       0x80 c:/gnu_tools_arm_embedded/bin/../lib/gcc/arm-none-eabi/9.2.1/../../../../arm-none-eabi/lib/thumb/v7e-m+fp/hard\libm.a(lib_a-ef_rem_pio2.o)
 .rodata.two_over_pi
                0x0800cd24      0x318 c:/gnu_tools_arm_embedded/bin/../lib/gcc/arm-none-eabi/9.2.1/../../../../arm-none-eabi/lib/thumb/v7e-m+fp/hard\libm.a(lib_a-ef_rem_pio2.o)
 .rodata.PIo2   0x0800d03c       0x2c c:/gnu_tools_arm_embedded/bin/../lib/gcc/arm-none-eabi/9.2.1/../../../../arm-none-eabi/lib/thumb/v7e-m+fp/hard\libm.a(lib_a-kf_rem_pio2.o)
 .rodata.init_jk
                0x0800d068        0xc c:/gnu_tools_arm_embedded/bin/../lib/gcc/arm-none-eabi/9.2.1/../../../../arm-none-eabi/lib/thumb/v7e-m+fp/hard\libm.a(lib_a-kf_rem_pio2.o)
 *fill*         0x0800d074        0x4 
 .rodata.TWO52  0x0800d078       0x10 c:/gnu_tools_arm_embedded/bin/../lib/gcc/arm-none-eabi/9.2.1/../../../../arm-none-eabi/lib/thumb/v7e-m+fp/hard\libm.a(lib_a-s_rint.o)
                0x0800d088                . = ALIGN (0x4)

.ARM.extab
 *(.ARM.extab* .gnu.linkonce.armextab.*)

.ARM            0x0800d088        0x8
                0x0800d088                __exidx_start = .
 *(.ARM.exidx*)
 .ARM.exidx     0x0800d088        0x8 c:/gnu_tools_arm_embedded/bin/../lib/gcc/arm-none-eabi/9.2.1/thumb/v7e-m+fp/hard\libgcc.a(_udivmoddi4.o)
                0x0800d090                __exidx_end = .

.rel.dyn        0x0800d090        0x0
 .rel.iplt      0x0800d090        0x0 c:/gnu_tools_arm_embedded/bin/../lib/gcc/arm-none-eabi/9.2.1/thumb/v7e-m+fp/hard/crtbegin.o

.preinit_array  0x0800d090        0x0
                0x0800d090                PROVIDE (__preinit_array_start = .)
 *(.preinit_array*)
                0x0800d090                PROVIDE (__preinit_array_end = .)

.init_array     0x0800d090        0x4
                0x0800d090                PROVIDE (__init_array_start = .)
 *(SORT_BY_NAME(.init_array.*))
 *(.init_array*)
 .init_array    0x0800d090        0x4 c:/gnu_tools_arm_embedded/bin/../lib/gcc/arm-none-eabi/9.2.1/thumb/v7e-m+fp/hard/crtbegin.o
                0x0800d094                PROVIDE (__init_array_end = .)

.fini_array     0x0800d094        0x4
                [!provide]                PROVIDE (__fini_array_start = .)
 *(SORT_BY_NAME(.fini_array.*))
 *(.fini_array*)
 .fini_array    0x0800d094        0x4 c:/gnu_tools_arm_embedded/bin/../lib/gcc/arm-none-eabi/9.2.1/thumb/v7e-m+fp/hard/crtbegin.o
                [!provide]                PROVIDE (__fini_array_end = .)
                0x0800d098                _sidata = LOADADDR (.data)

.data           0x20000000      0x1e4 load address 0x0800d098
                0x20000000                . = ALIGN (0x4)
                0x20000000                _sdata = .
 *(.data)
 *(.data*)
 .data.uwTickFreq
                0x20000000        0x1 build/stm32f4xx_hal.o
                0x20000000                uwTickFreq
 *fill*         0x20000001        0x3 
 .data.uwTickPrio
                0x20000004        0x4 build/stm32f4xx_hal.o
                0x20000004                uwTickPrio
 .data.SystemCoreClock
                0x20000008        0x4 build/system_stm32f4xx.o
                0x20000008                SystemCoreClock
 .data.uxCriticalNesting
                0x2000000c        0x4 build/port.o
 .data._impure_ptr
                0x20000010        0x4 c:/gnu_tools_arm_embedded/bin/../lib/gcc/arm-none-eabi/9.2.1/../../../../arm-none-eabi/lib/thumb/v7e-m+fp/hard\libc_nano.a(lib_a-impure.o)
                0x20000010                _impure_ptr
 .data.impure_data
                0x20000014       0x60 c:/gnu_tools_arm_embedded/bin/../lib/gcc/arm-none-eabi/9.2.1/../../../../arm-none-eabi/lib/thumb/v7e-m+fp/hard\libc_nano.a(lib_a-impure.o)
 .data.__global_locale
                0x20000074      0x16c c:/gnu_tools_arm_embedded/bin/../lib/gcc/arm-none-eabi/9.2.1/../../../../arm-none-eabi/lib/thumb/v7e-m+fp/hard\libc_nano.a(lib_a-locale.o)
                0x20000074                __global_locale
 .data.__fdlib_version
                0x200001e0        0x1 c:/gnu_tools_arm_embedded/bin/../lib/gcc/arm-none-eabi/9.2.1/../../../../arm-none-eabi/lib/thumb/v7e-m+fp/hard\libm.a(lib_a-s_lib_ver.o)
                0x200001e0                __fdlib_version
                0x200001e4                . = ALIGN (0x4)
 *fill*         0x200001e1        0x3 
                0x200001e4                _edata = .
                0x0800d27c                _siccmram = LOADADDR (.ccmram)

.igot.plt       0x200001e4        0x0 load address 0x0800d27c
 .igot.plt      0x200001e4        0x0 c:/gnu_tools_arm_embedded/bin/../lib/gcc/arm-none-eabi/9.2.1/thumb/v7e-m+fp/hard/crtbegin.o

.ccmram         0x10000000        0x0 load address 0x0800d27c
                0x10000000                . = ALIGN (0x4)
                0x10000000                _sccmram = .
 *(.ccmram)
 *(.ccmram*)
                0x10000000                . = ALIGN (0x4)
                0x10000000                _eccmram = .
                0x10000000                . = ALIGN (0x4)

.bss            0x200001e8     0x5354
                0x200001e8                _sbss = .
                0x200001e8                __bss_start__ = _sbss
 *(.bss)
 .bss           0x200001e8       0x1c c:/gnu_tools_arm_embedded/bin/../lib/gcc/arm-none-eabi/9.2.1/thumb/v7e-m+fp/hard/crtbegin.o
 *(.bss*)
 .bss.old_pos.10015
                0x20000204        0x4 build/usart_com.o
 .bss.rx_buffer
                0x20000208       0x80 build/usart_com.o
 .bss.i2c_data  0x20000288        0x1 build/mpu6050.o
 *fill*         0x20000289        0x3 
 .bss.i2c_datas
                0x2000028c        0x6 build/mpu6050.o
 *fill*         0x20000292        0x6 
 .bss.OFF_t2    0x20000298        0x8 build/ms5611.o
 .bss.SENS_t2   0x200002a0        0x8 build/ms5611.o
 .bss.TCO       0x200002a8        0x2 build/ms5611.o
 .bss.TCS       0x200002aa        0x2 build/ms5611.o
 .bss.TEMPSENS  0x200002ac        0x2 build/ms5611.o
 .bss.TREF      0x200002ae        0x2 build/ms5611.o
 .bss.buffer    0x200002b0        0x3 build/ms5611.o
 .bss.command   0x200002b3        0x1 build/ms5611.o
 .bss.i2c_data  0x200002b4        0x1 build/hmc5883l.o
 *fill*         0x200002b5        0x3 
 .bss.i2c_datas
                0x200002b8        0x6 build/hmc5883l.o
 *fill*         0x200002be        0x2 
 .bss.acc_lpf   0x200002c0       0x54 build/sensors_task.o
 .bss.gyro_lpf  0x20000314       0x54 build/sensors_task.o
 .bss.osSys_acc_queueMgm
                0x20000368       0x48 build/sensors_task.o
 .bss.osSys_acc_queueStorage
                0x200003b0        0xc build/sensors_task.o
 .bss.osSys_alt_queueMgm
                0x200003bc       0x48 build/sensors_task.o
 .bss.osSys_alt_queueStorage
                0x20000404        0x4 build/sensors_task.o
 .bss.osSys_gyro_queueMgm
                0x20000408       0x48 build/sensors_task.o
 .bss.osSys_gyro_queueStorage
                0x20000450        0xc build/sensors_task.o
 .bss.osSys_mag_queueMgm
                0x2000045c       0x48 build/sensors_task.o
 .bss.osSys_mag_queueStorage
                0x200004a4        0xc build/sensors_task.o
 .bss.osSys_sensors_taskStackBuffer
                0x200004b0      0x400 build/sensors_task.o
 .bss.osSys_sensors_taskTaskBuffer
                0x200008b0       0x54 build/sensors_task.o
 .bss.i2c1_notify
                0x20000904        0x4 build/i2c1.o
 .bss.is_init   0x20000908        0x1 build/system_task.o
 *fill*         0x20000909        0x3 
 .bss.osSys_system_taskStackBuffer
                0x2000090c      0x400 build/system_task.o
 .bss.osSys_system_taskTaskBuffer
                0x20000d0c       0x54 build/system_task.o
 .bss.osSys_state_estimator_taskStackBuffer
                0x20000d60      0x400 build/state_estimator_task.o
 .bss.osSys_state_estimator_taskTaskBuffer
                0x20001160       0x54 build/state_estimator_task.o
 .bss.xIdleStack
                0x200011b4      0x200 build/freertos.o
 .bss.xIdleTaskTCBBuffer
                0x200013b4       0x54 build/freertos.o
 .bss.pxCurrentTCB
                0x20001408        0x4 build/tasks.o
                0x20001408                pxCurrentTCB
 .bss.pxDelayedTaskList
                0x2000140c        0x4 build/tasks.o
 .bss.pxOverflowDelayedTaskList
                0x20001410        0x4 build/tasks.o
 .bss.pxReadyTasksLists
                0x20001414       0x8c build/tasks.o
 .bss.uxCurrentNumberOfTasks
                0x200014a0        0x4 build/tasks.o
 .bss.uxDeletedTasksWaitingCleanUp
                0x200014a4        0x4 build/tasks.o
 .bss.uxSchedulerSuspended
                0x200014a8        0x4 build/tasks.o
 .bss.uxTaskNumber
                0x200014ac        0x4 build/tasks.o
 .bss.uxTopReadyPriority
                0x200014b0        0x4 build/tasks.o
 .bss.xDelayedTaskList1
                0x200014b4       0x14 build/tasks.o
 .bss.xDelayedTaskList2
                0x200014c8       0x14 build/tasks.o
 .bss.xNextTaskUnblockTime
                0x200014dc        0x4 build/tasks.o
 .bss.xNumOfOverflows
                0x200014e0        0x4 build/tasks.o
 .bss.xPendedTicks
                0x200014e4        0x4 build/tasks.o
 .bss.xPendingReadyList
                0x200014e8       0x14 build/tasks.o
 .bss.xSchedulerRunning
                0x200014fc        0x4 build/tasks.o
 .bss.xSuspendedTaskList
                0x20001500       0x14 build/tasks.o
 .bss.xTasksWaitingTermination
                0x20001514       0x14 build/tasks.o
 .bss.xTickCount
                0x20001528        0x4 build/tasks.o
 .bss.xYieldPending
                0x2000152c        0x4 build/tasks.o
 .bss.pxEnd     0x20001530        0x4 build/heap_4.o
 .bss.ucHeap    0x20001534     0x3c00 build/heap_4.o
 .bss.xBlockAllocatedBit
                0x20005134        0x4 build/heap_4.o
 .bss.xFreeBytesRemaining
                0x20005138        0x4 build/heap_4.o
 .bss.xMinimumEverFreeBytesRemaining
                0x2000513c        0x4 build/heap_4.o
 .bss.xNumberOfSuccessfulAllocations
                0x20005140        0x4 build/heap_4.o
 .bss.xNumberOfSuccessfulFrees
                0x20005144        0x4 build/heap_4.o
 .bss.xStart    0x20005148        0x8 build/heap_4.o
 .bss.ucMaxSysCallPriority
                0x20005150        0x1 build/port.o
 *fill*         0x20005151        0x3 
 .bss.ulMaxPRIGROUPValue
                0x20005154        0x4 build/port.o
 .bss.__malloc_free_list
                0x20005158        0x4 c:/gnu_tools_arm_embedded/bin/../lib/gcc/arm-none-eabi/9.2.1/../../../../arm-none-eabi/lib/thumb/v7e-m+fp/hard\libc_nano.a(lib_a-nano-mallocr.o)
                0x20005158                __malloc_free_list
 .bss.__malloc_sbrk_start
                0x2000515c        0x4 c:/gnu_tools_arm_embedded/bin/../lib/gcc/arm-none-eabi/9.2.1/../../../../arm-none-eabi/lib/thumb/v7e-m+fp/hard\libc_nano.a(lib_a-nano-mallocr.o)
                0x2000515c                __malloc_sbrk_start
 .bss.heap_end.5507
                0x20005160        0x4 c:/gnu_tools_arm_embedded/bin/../lib/gcc/arm-none-eabi/9.2.1/../../../../arm-none-eabi/lib/thumb/v7e-m+fp/hard\libnosys.a(sbrk.o)
 *(COMMON)
 COMMON         0x20005164        0x4 build/usart_com.o
                0x20005164                usart2_queue
 COMMON         0x20005168       0x10 build/sensors_task.o
                0x20005168                mag_queue
                0x2000516c                acc_queue
                0x20005170                gyro_queue
                0x20005174                alt_queue
 COMMON         0x20005178        0x4 build/freertos.o
                0x20005178                defaultTaskHandle
 COMMON         0x2000517c      0x114 build/i2c.o
                0x2000517c                hdma_i2c1_tx
                0x200051dc                hi2c1
                0x20005230                hdma_i2c1_rx
 COMMON         0x20005290       0x48 build/tim.o
                0x20005290                htim4
 COMMON         0x200052d8      0x208 build/usart.o
                0x200052d8                hdma_usart2_rx
                0x20005338                hdma_usart1_tx
                0x20005398                hdma_usart1_rx
                0x200053f8                hdma_usart2_tx
                0x20005458                huart1
                0x2000549c                huart2
 COMMON         0x200054e0       0x48 build/stm32f4xx_hal_timebase_tim.o
                0x200054e0                htim7
 COMMON         0x20005528        0x4 build/stm32f4xx_hal.o
                0x20005528                uwTick
 COMMON         0x2000552c        0x9 c:/gnu_tools_arm_embedded/bin/../lib/gcc/arm-none-eabi/9.2.1/../../../../arm-none-eabi/lib/thumb/v7e-m+fp/hard\libc_nano.a(lib_a-lock.o)
                0x2000552c                __lock___atexit_recursive_mutex
                0x2000552d                __lock___arc4random_mutex
                0x2000552e                __lock___env_recursive_mutex
                0x2000552f                __lock___sinit_recursive_mutex
                0x20005530                __lock___malloc_recursive_mutex
                0x20005531                __lock___at_quick_exit_mutex
                0x20005532                __lock___dd_hash_mutex
                0x20005533                __lock___tz_mutex
                0x20005534                __lock___sfp_recursive_mutex
 *fill*         0x20005535        0x3 
 COMMON         0x20005538        0x4 c:/gnu_tools_arm_embedded/bin/../lib/gcc/arm-none-eabi/9.2.1/../../../../arm-none-eabi/lib/thumb/v7e-m+fp/hard\libc_nano.a(lib_a-reent.o)
                0x20005538                errno
                0x2000553c                . = ALIGN (0x4)
                0x2000553c                _ebss = .
                0x2000553c                __bss_end__ = _ebss

._user_heap_stack
                0x2000553c      0x604
                0x20005540                . = ALIGN (0x8)
 *fill*         0x2000553c        0x4 
                0x20005540                PROVIDE (end = .)
                [!provide]                PROVIDE (_end = .)
                0x20005740                . = (. + _Min_Heap_Size)
 *fill*         0x20005540      0x200 
                0x20005b40                . = (. + _Min_Stack_Size)
 *fill*         0x20005740      0x400 
                0x20005b40                . = ALIGN (0x8)

/DISCARD/
 libc.a(*)
 libm.a(*)
 libgcc.a(*)

.ARM.attributes
                0x00000000       0x30
 *(.ARM.attributes)
 .ARM.attributes
                0x00000000       0x1e c:/gnu_tools_arm_embedded/bin/../lib/gcc/arm-none-eabi/9.2.1/thumb/v7e-m+fp/hard/crti.o
 .ARM.attributes
                0x0000001e       0x34 c:/gnu_tools_arm_embedded/bin/../lib/gcc/arm-none-eabi/9.2.1/thumb/v7e-m+fp/hard/crtbegin.o
 .ARM.attributes
                0x00000052       0x34 build/usart_com.o
 .ARM.attributes
                0x00000086       0x34 build/utils.o
 .ARM.attributes
                0x000000ba       0x34 build/mpu6050.o
 .ARM.attributes
                0x000000ee       0x34 build/ms5611.o
 .ARM.attributes
                0x00000122       0x34 build/hmc5883l.o
 .ARM.attributes
                0x00000156       0x34 build/sensors_task.o
 .ARM.attributes
                0x0000018a       0x34 build/i2c1.o
 .ARM.attributes
                0x000001be       0x34 build/system_task.o
 .ARM.attributes
                0x000001f2       0x34 build/filter.o
 .ARM.attributes
                0x00000226       0x34 build/state_estimator_task.o
 .ARM.attributes
                0x0000025a       0x34 build/main.o
 .ARM.attributes
                0x0000028e       0x34 build/gpio.o
 .ARM.attributes
                0x000002c2       0x34 build/dma.o
 .ARM.attributes
                0x000002f6       0x34 build/freertos.o
 .ARM.attributes
                0x0000032a       0x34 build/i2c.o
 .ARM.attributes
                0x0000035e       0x34 build/tim.o
 .ARM.attributes
                0x00000392       0x34 build/usart.o
 .ARM.attributes
                0x000003c6       0x34 build/stm32f4xx_it.o
 .ARM.attributes
                0x000003fa       0x34 build/stm32f4xx_hal_msp.o
 .ARM.attributes
                0x0000042e       0x34 build/stm32f4xx_hal_timebase_tim.o
 .ARM.attributes
                0x00000462       0x34 build/stm32f4xx_hal_rcc.o
 .ARM.attributes
                0x00000496       0x34 build/stm32f4xx_hal_gpio.o
 .ARM.attributes
                0x000004ca       0x34 build/stm32f4xx_hal_dma.o
 .ARM.attributes
                0x000004fe       0x34 build/stm32f4xx_hal_cortex.o
 .ARM.attributes
                0x00000532       0x34 build/stm32f4xx_hal.o
 .ARM.attributes
                0x00000566       0x34 build/stm32f4xx_hal_i2c.o
 .ARM.attributes
                0x0000059a       0x34 build/stm32f4xx_hal_tim.o
 .ARM.attributes
                0x000005ce       0x34 build/stm32f4xx_hal_tim_ex.o
 .ARM.attributes
                0x00000602       0x34 build/stm32f4xx_hal_uart.o
 .ARM.attributes
                0x00000636       0x34 build/system_stm32f4xx.o
 .ARM.attributes
                0x0000066a       0x34 build/list.o
 .ARM.attributes
                0x0000069e       0x34 build/queue.o
 .ARM.attributes
                0x000006d2       0x34 build/tasks.o
 .ARM.attributes
                0x00000706       0x34 build/cmsis_os.o
 .ARM.attributes
                0x0000073a       0x34 build/heap_4.o
 .ARM.attributes
                0x0000076e       0x34 build/port.o
 .ARM.attributes
                0x000007a2       0x21 build/startup_stm32f407xx.o
 .ARM.attributes
                0x000007c3       0x32 c:/gnu_tools_arm_embedded/bin/../lib/gcc/arm-none-eabi/9.2.1/../../../../arm-none-eabi/lib/thumb/v7e-m+fp/hard\libc_nano.a(lib_a-impure.o)
 .ARM.attributes
                0x000007f5       0x34 c:/gnu_tools_arm_embedded/bin/../lib/gcc/arm-none-eabi/9.2.1/../../../../arm-none-eabi/lib/thumb/v7e-m+fp/hard\libc_nano.a(lib_a-init.o)
 .ARM.attributes
                0x00000829       0x34 c:/gnu_tools_arm_embedded/bin/../lib/gcc/arm-none-eabi/9.2.1/../../../../arm-none-eabi/lib/thumb/v7e-m+fp/hard\libc_nano.a(lib_a-memcpy-stub.o)
 .ARM.attributes
                0x0000085d       0x34 c:/gnu_tools_arm_embedded/bin/../lib/gcc/arm-none-eabi/9.2.1/../../../../arm-none-eabi/lib/thumb/v7e-m+fp/hard\libc_nano.a(lib_a-memset.o)
 .ARM.attributes
                0x00000891       0x34 c:/gnu_tools_arm_embedded/bin/../lib/gcc/arm-none-eabi/9.2.1/../../../../arm-none-eabi/lib/thumb/v7e-m+fp/hard\libc_nano.a(lib_a-nano-vfprintf_float.o)
 .ARM.attributes
                0x000008c5       0x34 c:/gnu_tools_arm_embedded/bin/../lib/gcc/arm-none-eabi/9.2.1/../../../../arm-none-eabi/lib/thumb/v7e-m+fp/hard\libc_nano.a(lib_a-nano-vfprintf_i.o)
 .ARM.attributes
                0x000008f9       0x34 c:/gnu_tools_arm_embedded/bin/../lib/gcc/arm-none-eabi/9.2.1/../../../../arm-none-eabi/lib/thumb/v7e-m+fp/hard\libc_nano.a(lib_a-printf.o)
 .ARM.attributes
                0x0000092d       0x34 c:/gnu_tools_arm_embedded/bin/../lib/gcc/arm-none-eabi/9.2.1/../../../../arm-none-eabi/lib/thumb/v7e-m+fp/hard\libc_nano.a(lib_a-puts.o)
 .ARM.attributes
                0x00000961       0x17 c:/gnu_tools_arm_embedded/bin/../lib/gcc/arm-none-eabi/9.2.1/../../../../arm-none-eabi/lib/thumb/v7e-m+fp/hard\libc_nano.a(lib_a-strlen.o)
 .ARM.attributes
                0x00000978       0x34 c:/gnu_tools_arm_embedded/bin/../lib/gcc/arm-none-eabi/9.2.1/../../../../arm-none-eabi/lib/thumb/v7e-m+fp/hard\libc_nano.a(lib_a-wbuf.o)
 .ARM.attributes
                0x000009ac       0x34 c:/gnu_tools_arm_embedded/bin/../lib/gcc/arm-none-eabi/9.2.1/../../../../arm-none-eabi/lib/thumb/v7e-m+fp/hard\libc_nano.a(lib_a-wsetup.o)
 .ARM.attributes
                0x000009e0       0x34 c:/gnu_tools_arm_embedded/bin/../lib/gcc/arm-none-eabi/9.2.1/../../../../arm-none-eabi/lib/thumb/v7e-m+fp/hard\libc_nano.a(lib_a-dtoa.o)
 .ARM.attributes
                0x00000a14       0x34 c:/gnu_tools_arm_embedded/bin/../lib/gcc/arm-none-eabi/9.2.1/../../../../arm-none-eabi/lib/thumb/v7e-m+fp/hard\libc_nano.a(lib_a-fflush.o)
 .ARM.attributes
                0x00000a48       0x34 c:/gnu_tools_arm_embedded/bin/../lib/gcc/arm-none-eabi/9.2.1/../../../../arm-none-eabi/lib/thumb/v7e-m+fp/hard\libc_nano.a(lib_a-findfp.o)
 .ARM.attributes
                0x00000a7c       0x34 c:/gnu_tools_arm_embedded/bin/../lib/gcc/arm-none-eabi/9.2.1/../../../../arm-none-eabi/lib/thumb/v7e-m+fp/hard\libc_nano.a(lib_a-fwalk.o)
 .ARM.attributes
                0x00000ab0       0x34 c:/gnu_tools_arm_embedded/bin/../lib/gcc/arm-none-eabi/9.2.1/../../../../arm-none-eabi/lib/thumb/v7e-m+fp/hard\libc_nano.a(lib_a-localeconv.o)
 .ARM.attributes
                0x00000ae4       0x34 c:/gnu_tools_arm_embedded/bin/../lib/gcc/arm-none-eabi/9.2.1/../../../../arm-none-eabi/lib/thumb/v7e-m+fp/hard\libc_nano.a(lib_a-lock.o)
 .ARM.attributes
                0x00000b18       0x34 c:/gnu_tools_arm_embedded/bin/../lib/gcc/arm-none-eabi/9.2.1/../../../../arm-none-eabi/lib/thumb/v7e-m+fp/hard\libc_nano.a(lib_a-makebuf.o)
 .ARM.attributes
                0x00000b4c       0x34 c:/gnu_tools_arm_embedded/bin/../lib/gcc/arm-none-eabi/9.2.1/../../../../arm-none-eabi/lib/thumb/v7e-m+fp/hard\libc_nano.a(lib_a-malloc.o)
 .ARM.attributes
                0x00000b80       0x1c c:/gnu_tools_arm_embedded/bin/../lib/gcc/arm-none-eabi/9.2.1/../../../../arm-none-eabi/lib/thumb/v7e-m+fp/hard\libc_nano.a(lib_a-memchr.o)
 .ARM.attributes
                0x00000b9c       0x34 c:/gnu_tools_arm_embedded/bin/../lib/gcc/arm-none-eabi/9.2.1/../../../../arm-none-eabi/lib/thumb/v7e-m+fp/hard\libc_nano.a(lib_a-mprec.o)