Archive member included to satisfy reference by file (symbol)

e:/gnu tools arm embedded/9 2019-q4-major/bin/../lib/gcc/arm-none-eabi/9.2.1/../../../../arm-none-eabi/lib/thumb/v7e-m+fp/hard\libc_nano.a(lib_a-exit.o)
                              e:/gnu tools arm embedded/9 2019-q4-major/bin/../lib/gcc/arm-none-eabi/9.2.1/../../../../arm-none-eabi/lib/thumb/v7e-m+fp/hard/crt0.o (exit)
e:/gnu tools arm embedded/9 2019-q4-major/bin/../lib/gcc/arm-none-eabi/9.2.1/../../../../arm-none-eabi/lib/thumb/v7e-m+fp/hard\libc_nano.a(lib_a-impure.o)
                              e:/gnu tools arm embedded/9 2019-q4-major/bin/../lib/gcc/arm-none-eabi/9.2.1/../../../../arm-none-eabi/lib/thumb/v7e-m+fp/hard\libc_nano.a(lib_a-exit.o) (_global_impure_ptr)
e:/gnu tools arm embedded/9 2019-q4-major/bin/../lib/gcc/arm-none-eabi/9.2.1/../../../../arm-none-eabi/lib/thumb/v7e-m+fp/hard\libc_nano.a(lib_a-init.o)
                              e:/gnu tools arm embedded/9 2019-q4-major/bin/../lib/gcc/arm-none-eabi/9.2.1/../../../../arm-none-eabi/lib/thumb/v7e-m+fp/hard/crt0.o (__libc_init_array)
e:/gnu tools arm embedded/9 2019-q4-major/bin/../lib/gcc/arm-none-eabi/9.2.1/../../../../arm-none-eabi/lib/thumb/v7e-m+fp/hard\libc_nano.a(lib_a-memcmp.o)
                              build/mavlink_task.o (memcmp)
e:/gnu tools arm embedded/9 2019-q4-major/bin/../lib/gcc/arm-none-eabi/9.2.1/../../../../arm-none-eabi/lib/thumb/v7e-m+fp/hard\libc_nano.a(lib_a-memcpy-stub.o)
                              build/mavlink_task.o (memcpy)
e:/gnu tools arm embedded/9 2019-q4-major/bin/../lib/gcc/arm-none-eabi/9.2.1/../../../../arm-none-eabi/lib/thumb/v7e-m+fp/hard\libc_nano.a(lib_a-memset.o)
                              e:/gnu tools arm embedded/9 2019-q4-major/bin/../lib/gcc/arm-none-eabi/9.2.1/../../../../arm-none-eabi/lib/thumb/v7e-m+fp/hard/crt0.o (memset)
e:/gnu tools arm embedded/9 2019-q4-major/bin/../lib/gcc/arm-none-eabi/9.2.1/../../../../arm-none-eabi/lib/thumb/v7e-m+fp/hard\libc_nano.a(lib_a-nano-vfprintf_float.o)
                              (_printf_float)
e:/gnu tools arm embedded/9 2019-q4-major/bin/../lib/gcc/arm-none-eabi/9.2.1/../../../../arm-none-eabi/lib/thumb/v7e-m+fp/hard\libc_nano.a(lib_a-nano-vfprintf_i.o)
                              e:/gnu tools arm embedded/9 2019-q4-major/bin/../lib/gcc/arm-none-eabi/9.2.1/../../../../arm-none-eabi/lib/thumb/v7e-m+fp/hard\libc_nano.a(lib_a-nano-vfprintf_float.o) (_printf_common)
e:/gnu tools arm embedded/9 2019-q4-major/bin/../lib/gcc/arm-none-eabi/9.2.1/../../../../arm-none-eabi/lib/thumb/v7e-m+fp/hard\libc_nano.a(lib_a-printf.o)
                              build/mavlink_task.o (printf)
e:/gnu tools arm embedded/9 2019-q4-major/bin/../lib/gcc/arm-none-eabi/9.2.1/../../../../arm-none-eabi/lib/thumb/v7e-m+fp/hard\libc_nano.a(lib_a-puts.o)
                              build/mavlink_task.o (puts)
e:/gnu tools arm embedded/9 2019-q4-major/bin/../lib/gcc/arm-none-eabi/9.2.1/../../../../arm-none-eabi/lib/thumb/v7e-m+fp/hard\libc_nano.a(lib_a-strlen.o)
                              e:/gnu tools arm embedded/9 2019-q4-major/bin/../lib/gcc/arm-none-eabi/9.2.1/../../../../arm-none-eabi/lib/thumb/v7e-m+fp/hard\libc_nano.a(lib_a-nano-vfprintf_float.o) (strlen)
e:/gnu tools arm embedded/9 2019-q4-major/bin/../lib/gcc/arm-none-eabi/9.2.1/../../../../arm-none-eabi/lib/thumb/v7e-m+fp/hard\libc_nano.a(lib_a-wbuf.o)
                              e:/gnu tools arm embedded/9 2019-q4-major/bin/../lib/gcc/arm-none-eabi/9.2.1/../../../../arm-none-eabi/lib/thumb/v7e-m+fp/hard\libc_nano.a(lib_a-puts.o) (__swbuf_r)
e:/gnu tools arm embedded/9 2019-q4-major/bin/../lib/gcc/arm-none-eabi/9.2.1/../../../../arm-none-eabi/lib/thumb/v7e-m+fp/hard\libc_nano.a(lib_a-wsetup.o)
                              e:/gnu tools arm embedded/9 2019-q4-major/bin/../lib/gcc/arm-none-eabi/9.2.1/../../../../arm-none-eabi/lib/thumb/v7e-m+fp/hard\libc_nano.a(lib_a-puts.o) (__swsetup_r)
e:/gnu tools arm embedded/9 2019-q4-major/bin/../lib/gcc/arm-none-eabi/9.2.1/../../../../arm-none-eabi/lib/thumb/v7e-m+fp/hard\libc_nano.a(lib_a-dtoa.o)
                              e:/gnu tools arm embedded/9 2019-q4-major/bin/../lib/gcc/arm-none-eabi/9.2.1/../../../../arm-none-eabi/lib/thumb/v7e-m+fp/hard\libc_nano.a(lib_a-nano-vfprintf_float.o) (_dtoa_r)
e:/gnu tools arm embedded/9 2019-q4-major/bin/../lib/gcc/arm-none-eabi/9.2.1/../../../../arm-none-eabi/lib/thumb/v7e-m+fp/hard\libc_nano.a(lib_a-fflush.o)
                              e:/gnu tools arm embedded/9 2019-q4-major/bin/../lib/gcc/arm-none-eabi/9.2.1/../../../../arm-none-eabi/lib/thumb/v7e-m+fp/hard\libc_nano.a(lib_a-wbuf.o) (_fflush_r)
e:/gnu tools arm embedded/9 2019-q4-major/bin/../lib/gcc/arm-none-eabi/9.2.1/../../../../arm-none-eabi/lib/thumb/v7e-m+fp/hard\libc_nano.a(lib_a-findfp.o)
                              e:/gnu tools arm embedded/9 2019-q4-major/bin/../lib/gcc/arm-none-eabi/9.2.1/../../../../arm-none-eabi/lib/thumb/v7e-m+fp/hard\libc_nano.a(lib_a-printf.o) (__sinit)
[...]
Memory Configuration

Name             Origin             Length             Attributes
RAM              0x20000000         0x00020000         xrw
CCMRAM           0x10000000         0x00010000         xrw
FLASH            0x08000000         0x00080000         xr
*default*        0x00000000         0xffffffff

Linker script and memory map

LOAD e:/gnu tools arm embedded/9 2019-q4-major/bin/../lib/gcc/arm-none-eabi/9.2.1/thumb/v7e-m+fp/hard/crti.o
LOAD e:/gnu tools arm embedded/9 2019-q4-major/bin/../lib/gcc/arm-none-eabi/9.2.1/thumb/v7e-m+fp/hard/crtbegin.o
LOAD e:/gnu tools arm embedded/9 2019-q4-major/bin/../lib/gcc/arm-none-eabi/9.2.1/../../../../arm-none-eabi/lib/thumb/v7e-m+fp/hard/crt0.o
LOAD build/usart2.o
LOAD build/motor.o
LOAD build/mavlink_task.o
LOAD build/utils.o
LOAD build/mpu6050.o
LOAD build/ms5611.o
LOAD build/sensors.o
LOAD build/i2c1.o
LOAD build/main.o
LOAD build/gpio.o
LOAD build/dma.o
LOAD build/freertos.o
LOAD build/i2c.o
LOAD build/tim.o
LOAD build/usart.o
LOAD build/stm32f4xx_it.o
LOAD build/stm32f4xx_hal_msp.o
LOAD build/stm32f4xx_hal_timebase_tim.o
LOAD build/stm32f4xx_hal_rcc.o
LOAD build/stm32f4xx_hal_rcc_ex.o
LOAD build/stm32f4xx_hal_flash.o
LOAD build/stm32f4xx_hal_flash_ex.o
LOAD build/stm32f4xx_hal_flash_ramfunc.o
LOAD build/stm32f4xx_hal_gpio.o
LOAD build/stm32f4xx_hal_dma_ex.o
LOAD build/stm32f4xx_hal_dma.o
LOAD build/stm32f4xx_hal_pwr.o
LOAD build/stm32f4xx_hal_pwr_ex.o
LOAD build/stm32f4xx_hal_cortex.o
LOAD build/stm32f4xx_hal.o
LOAD build/stm32f4xx_hal_exti.o
LOAD build/stm32f4xx_hal_i2c.o
LOAD build/stm32f4xx_hal_i2c_ex.o
LOAD build/stm32f4xx_hal_tim.o
LOAD build/stm32f4xx_hal_tim_ex.o
LOAD build/stm32f4xx_hal_uart.o
LOAD build/system_stm32f4xx.o
LOAD build/croutine.o
LOAD build/event_groups.o
LOAD build/list.o
LOAD build/queue.o
LOAD build/stream_buffer.o
LOAD build/tasks.o
LOAD build/timers.o
LOAD build/cmsis_os.o
LOAD build/heap_4.o
LOAD build/port.o
LOAD build/startup_stm32f407xx.o
LOAD e:/gnu tools arm embedded/9 2019-q4-major/bin/../lib/gcc/arm-none-eabi/9.2.1/../../../../arm-none-eabi/lib/thumb/v7e-m+fp/hard\libc_nano.a
LOAD e:/gnu tools arm embedded/9 2019-q4-major/bin/../lib/gcc/arm-none-eabi/9.2.1/../../../../arm-none-eabi/lib/thumb/v7e-m+fp/hard\libm.a
LOAD e:/gnu tools arm embedded/9 2019-q4-major/bin/../lib/gcc/arm-none-eabi/9.2.1/../../../../arm-none-eabi/lib/thumb/v7e-m+fp/hard\libnosys.a
START GROUP
LOAD e:/gnu tools arm embedded/9 2019-q4-major/bin/../lib/gcc/arm-none-eabi/9.2.1/thumb/v7e-m+fp/hard\libgcc.a
LOAD e:/gnu tools arm embedded/9 2019-q4-major/bin/../lib/gcc/arm-none-eabi/9.2.1/../../../../arm-none-eabi/lib/thumb/v7e-m+fp/hard\libc_nano.a
END GROUP
START GROUP
LOAD e:/gnu tools arm embedded/9 2019-q4-major/bin/../lib/gcc/arm-none-eabi/9.2.1/thumb/v7e-m+fp/hard\libgcc.a
LOAD e:/gnu tools arm embedded/9 2019-q4-major/bin/../lib/gcc/arm-none-eabi/9.2.1/../../../../arm-none-eabi/lib/thumb/v7e-m+fp/hard\libc_nano.a
END GROUP
LOAD e:/gnu tools arm embedded/9 2019-q4-major/bin/../lib/gcc/arm-none-eabi/9.2.1/thumb/v7e-m+fp/hard/crtend.o
LOAD e:/gnu tools arm embedded/9 2019-q4-major/bin/../lib/gcc/arm-none-eabi/9.2.1/thumb/v7e-m+fp/hard/crtn.o
                0x20020000                _estack = 0x20020000
                0x00000200                _Min_Heap_Size = 0x200
                0x00000400                _Min_Stack_Size = 0x400

.isr_vector     0x08000000      0x188
                0x08000000                . = ALIGN (0x4)
 *(.isr_vector)
 .isr_vector    0x08000000      0x188 build/startup_stm32f407xx.o
                0x08000000                g_pfnVectors
                0x08000188                . = ALIGN (0x4)

.text           0x08000190     0xa26c
                0x08000190                . = ALIGN (0x4)
 *(.text)
 .text          0x08000190       0x40 e:/gnu tools arm embedded/9 2019-q4-major/bin/../lib/gcc/arm-none-eabi/9.2.1/thumb/v7e-m+fp/hard/crtbegin.o
 .text          0x080001d0       0x10 e:/gnu tools arm embedded/9 2019-q4-major/bin/../lib/gcc/arm-none-eabi/9.2.1/../../../../arm-none-eabi/lib/thumb/v7e-m+fp/hard\libc_nano.a(lib_a-strlen.o)
                0x080001d0                strlen
 .text          0x080001e0       0xa0 e:/gnu tools arm embedded/9 2019-q4-major/bin/../lib/gcc/arm-none-eabi/9.2.1/../../../../arm-none-eabi/lib/thumb/v7e-m+fp/hard\libc_nano.a(lib_a-memchr.o)
                0x080001e0                memchr
 .text          0x08000280      0x378 e:/gnu tools arm embedded/9 2019-q4-major/bin/../lib/gcc/arm-none-eabi/9.2.1/thumb/v7e-m+fp/hard\libgcc.a(_arm_addsubdf3.o)
                0x08000280                __aeabi_drsub
                0x08000288                __aeabi_dsub
                0x08000288                __subdf3
                0x0800028c                __aeabi_dadd
                0x0800028c                __adddf3
                0x08000504                __floatunsidf
                0x08000504                __aeabi_ui2d
                0x08000524                __floatsidf
                0x08000524                __aeabi_i2d
                0x08000548                __aeabi_f2d
                0x08000548                __extendsfdf2
                0x0800058c                __floatundidf
                0x0800058c                __aeabi_ul2d
                0x0800059c                __floatdidf
                0x0800059c                __aeabi_l2d
 .text          0x080005f8      0x424 e:/gnu tools arm embedded/9 2019-q4-major/bin/../lib/gcc/arm-none-eabi/9.2.1/thumb/v7e-m+fp/hard\libgcc.a(_arm_muldivdf3.o)
                0x080005f8                __aeabi_dmul
                0x080005f8                __muldf3
                0x0800084c                __divdf3
                0x0800084c                __aeabi_ddiv
 .text          0x08000a1c      0x110 e:/gnu tools arm embedded/9 2019-q4-major/bin/../lib/gcc/arm-none-eabi/9.2.1/thumb/v7e-m+fp/hard\libgcc.a(_arm_cmpdf2.o)
                0x08000a1c                __gtdf2
                0x08000a1c                __gedf2
                0x08000a24                __ltdf2
                0x08000a24                __ledf2
                0x08000a2c                __nedf2
                0x08000a2c                __eqdf2
                0x08000a2c                __cmpdf2
                0x08000aa8                __aeabi_cdrcmple
                0x08000ab8                __aeabi_cdcmpeq
                0x08000ab8                __aeabi_cdcmple
                0x08000ac8                __aeabi_dcmpeq
                0x08000adc                __aeabi_dcmplt
                0x08000af0                __aeabi_dcmple
                0x08000b04                __aeabi_dcmpge
                0x08000b18                __aeabi_dcmpgt
 .text          0x08000b2c       0x2c e:/gnu tools arm embedded/9 2019-q4-major/bin/../lib/gcc/arm-none-eabi/9.2.1/thumb/v7e-m+fp/hard\libgcc.a(_arm_unorddf2.o)
                0x08000b2c                __unorddf2
                0x08000b2c                __aeabi_dcmpun
 .text          0x08000b58       0x50 e:/gnu tools arm embedded/9 2019-q4-major/bin/../lib/gcc/arm-none-eabi/9.2.1/thumb/v7e-m+fp/hard\libgcc.a(_arm_fixdfsi.o)
                0x08000b58                __aeabi_d2iz
                0x08000b58                __fixdfsi
 .text          0x08000ba8       0xa0 e:/gnu tools arm embedded/9 2019-q4-major/bin/../lib/gcc/arm-none-eabi/9.2.1/thumb/v7e-m+fp/hard\libgcc.a(_arm_truncdfsf2.o)
                0x08000ba8                __truncdfsf2
                0x08000ba8                __aeabi_d2f
 .text          0x08000c48       0x30 e:/gnu tools arm embedded/9 2019-q4-major/bin/../lib/gcc/arm-none-eabi/9.2.1/thumb/v7e-m+fp/hard\libgcc.a(_aeabi_uldivmod.o)
                0x08000c48                __aeabi_uldivmod
 .text          0x08000c78      0x2c4 e:/gnu tools arm embedded/9 2019-q4-major/bin/../lib/gcc/arm-none-eabi/9.2.1/thumb/v7e-m+fp/hard\libgcc.a(_udivmoddi4.o)
                0x08000c78                __udivmoddi4
 .text          0x08000f3c        0x4 e:/gnu tools arm embedded/9 2019-q4-major/bin/../lib/gcc/arm-none-eabi/9.2.1/thumb/v7e-m+fp/hard\libgcc.a(_dvmd_tls.o)
                0x08000f3c                __aeabi_idiv0
                0x08000f3c                __aeabi_ldiv0
 *(.text*)
 .text.UartRxCheck
                0x08000f40       0xa4 build/usart2.o
 .text.USART2_IRQHandler
                0x08000fe4       0x34 build/usart2.o
                0x08000fe4                USART2_IRQHandler
 .text.DMA1_Stream5_IRQHandler
                0x08001018       0x10 build/usart2.o
                0x08001018                DMA1_Stream5_IRQHandler
 .text.DMA1_Stream6_IRQHandler
                0x08001028       0x10 build/usart2.o
                0x08001028                DMA1_Stream6_IRQHandler
 .text.HAL_UART_RxCpltCallback
                0x08001038       0x18 build/usart2.o
                0x08001038                HAL_UART_RxCpltCallback
 .text.__io_putchar
                0x08001050       0x20 build/utils.o
                0x08001050                __io_putchar
 .text._write   0x08001070       0x1c build/utils.o
                0x08001070                _write
 .text.MS5611Init
                0x0800108c       0xe4 build/ms5611.o
                0x0800108c                MS5611Init
 .text.MS5611ReadRawTemp
                0x08001170       0x50 build/ms5611.o
                0x08001170                MS5611ReadRawTemp
 .text.MS5611ReadRawPress
                0x080011c0       0x50 build/ms5611.o
                0x080011c0                MS5611ReadRawPress
 .text.MS5611Calculate
                0x08001210      0x1f0 build/ms5611.o
                0x08001210                MS5611Calculate
 .text.MS5611ReadAlt
                0x08001400        0xc build/ms5611.o
                0x08001400                MS5611ReadAlt
 .text.MS5611Task
                0x0800140c       0x40 build/sensors.o
                0x0800140c                MS5611Task
 .text.SensorsInit
                0x0800144c       0x34 build/sensors.o
                0x0800144c                SensorsInit
 .text.I2C1MenRead
                0x08001480       0x50 build/i2c1.o
                0x08001480                I2C1MenRead
 .text.I2C1Read
                0x080014d0       0x40 build/i2c1.o
                0x080014d0                I2C1Read
 .text.I2C1Write
                0x08001510       0x40 build/i2c1.o
                0x08001510                I2C1Write
 .text.HAL_I2C_MemRxCpltCallback
                0x08001550       0x34 build/i2c1.o
                0x08001550                HAL_I2C_MemRxCpltCallback
 .text.HAL_I2C_MemTxCpltCallback
                0x08001584       0x34 build/i2c1.o
                0x08001584                HAL_I2C_MemTxCpltCallback
 .text.HAL_I2C_MasterTxCpltCallback
                0x080015b8       0x34 build/i2c1.o
                0x080015b8                HAL_I2C_MasterTxCpltCallback
 .text.HAL_I2C_MasterRxCpltCallback
                0x080015ec       0x34 build/i2c1.o
                0x080015ec                HAL_I2C_MasterRxCpltCallback
 .text.SystemClock_Config
                0x08001620       0x94 build/main.o
                0x08001620                SystemClock_Config
 .text.main     0x080016b4       0x30 build/main.o
                0x080016b4                main
 .text.HAL_TIM_PeriodElapsedCallback
                0x080016e4       0x18 build/main.o
                0x080016e4                HAL_TIM_PeriodElapsedCallback
 .text.Error_Handler
                0x080016fc        0x2 build/main.o
                0x080016fc                Error_Handler
 *fill*         0x080016fe        0x2 
 .text.MX_GPIO_Init
                0x08001700       0xa8 build/gpio.o
                0x08001700                MX_GPIO_Init
 .text.MX_DMA_Init
                0x080017a8       0x98 build/dma.o
                0x080017a8                MX_DMA_Init
 .text.StartDefaultTask
                0x08001840        0xa build/freertos.o
                0x08001840                StartDefaultTask
 *fill*         0x0800184a        0x2 
 .text.vApplicationGetIdleTaskMemory
                0x0800184c       0x18 build/freertos.o
                0x0800184c                vApplicationGetIdleTaskMemory
 .text.MX_FREERTOS_Init
                0x08001864       0x2c build/freertos.o
                0x08001864                MX_FREERTOS_Init
 .text.MX_I2C1_Init
                0x08001890       0x3c build/i2c.o
                0x08001890                MX_I2C1_Init
 .text.HAL_I2C_MspInit
                0x080018cc      0x114 build/i2c.o
                0x080018cc                HAL_I2C_MspInit
 .text.HAL_TIM_Base_MspInit
                0x080019e0       0x30 build/tim.o
                0x080019e0                HAL_TIM_Base_MspInit
 .text.HAL_TIM_MspPostInit
                0x08001a10       0x5c build/tim.o
                0x08001a10                HAL_TIM_MspPostInit
 .text.MX_TIM4_Init
                0x08001a6c       0xe8 build/tim.o
                0x08001a6c                MX_TIM4_Init
 .text.MX_USART1_UART_Init
                0x08001b54       0x34 build/usart.o
                0x08001b54                MX_USART1_UART_Init
 .text.MX_USART2_UART_Init
                0x08001b88       0x34 build/usart.o
                0x08001b88                MX_USART2_UART_Init
 .text.HAL_UART_MspInit
                0x08001bbc      0x1e4 build/usart.o
                0x08001bbc                HAL_UART_MspInit
 .text.NMI_Handler
                0x08001da0        0x2 build/stm32f4xx_it.o
                0x08001da0                NMI_Handler
 .text.HardFault_Handler
                0x08001da2        0x2 build/stm32f4xx_it.o
                0x08001da2                HardFault_Handler
 .text.MemManage_Handler
                0x08001da4        0x2 build/stm32f4xx_it.o
                0x08001da4                MemManage_Handler
 .text.BusFault_Handler
                0x08001da6        0x2 build/stm32f4xx_it.o
                0x08001da6                BusFault_Handler
 .text.UsageFault_Handler
                0x08001da8        0x2 build/stm32f4xx_it.o
                0x08001da8                UsageFault_Handler
 .text.DebugMon_Handler
                0x08001daa        0x2 build/stm32f4xx_it.o
                0x08001daa                DebugMon_Handler
 .text.DMA1_Stream0_IRQHandler
                0x08001dac       0x10 build/stm32f4xx_it.o
                0x08001dac                DMA1_Stream0_IRQHandler
 .text.I2C1_EV_IRQHandler
                0x08001dbc       0x10 build/stm32f4xx_it.o
                0x08001dbc                I2C1_EV_IRQHandler
 .text.I2C1_ER_IRQHandler
                0x08001dcc       0x10 build/stm32f4xx_it.o
                0x08001dcc                I2C1_ER_IRQHandler
 .text.USART1_IRQHandler
                0x08001ddc       0x10 build/stm32f4xx_it.o
                0x08001ddc                USART1_IRQHandler
 .text.DMA1_Stream7_IRQHandler
                0x08001dec       0x10 build/stm32f4xx_it.o
                0x08001dec                DMA1_Stream7_IRQHandler
 .text.TIM7_IRQHandler
                0x08001dfc       0x10 build/stm32f4xx_it.o
                0x08001dfc                TIM7_IRQHandler
 .text.DMA2_Stream2_IRQHandler
                0x08001e0c       0x10 build/stm32f4xx_it.o
                0x08001e0c                DMA2_Stream2_IRQHandler
 .text.DMA2_Stream7_IRQHandler
                0x08001e1c       0x10 build/stm32f4xx_it.o
                0x08001e1c                DMA2_Stream7_IRQHandler
 .text.HAL_MspInit
                0x08001e2c       0x44 build/stm32f4xx_hal_msp.o
                0x08001e2c                HAL_MspInit
 .text.HAL_InitTick
                0x08001e70       0x7c build/stm32f4xx_hal_timebase_tim.o
                0x08001e70                HAL_InitTick
 .text.HAL_RCC_OscConfig
                0x08001eec      0x3ec build/stm32f4xx_hal_rcc.o
                0x08001eec                HAL_RCC_OscConfig
 .text.HAL_RCC_GetSysClockFreq
                0x080022d8       0xcc build/stm32f4xx_hal_rcc.o
                0x080022d8                HAL_RCC_GetSysClockFreq
 .text.HAL_RCC_ClockConfig
                0x080023a4      0x160 build/stm32f4xx_hal_rcc.o
                0x080023a4                HAL_RCC_ClockConfig
 .text.HAL_RCC_GetHCLKFreq
                0x08002504        0xc build/stm32f4xx_hal_rcc.o
                0x08002504                HAL_RCC_GetHCLKFreq
 .text.HAL_RCC_GetPCLK1Freq
                0x08002510       0x20 build/stm32f4xx_hal_rcc.o
                0x08002510                HAL_RCC_GetPCLK1Freq
 .text.HAL_RCC_GetPCLK2Freq
                0x08002530       0x20 build/stm32f4xx_hal_rcc.o
                0x08002530                HAL_RCC_GetPCLK2Freq
 .text.HAL_RCC_GetClockConfig
                0x08002550       0x3c build/stm32f4xx_hal_rcc.o
                0x08002550                HAL_RCC_GetClockConfig
 .text.HAL_GPIO_Init
                0x0800258c      0x1cc build/stm32f4xx_hal_gpio.o
                0x0800258c                HAL_GPIO_Init
 .text.HAL_GPIO_WritePin
                0x08002758        0xc build/stm32f4xx_hal_gpio.o
                0x08002758                HAL_GPIO_WritePin
 .text.DMA_SetConfig
                0x08002764       0x2c build/stm32f4xx_hal_dma.o
 .text.DMA_CalcBaseAndBitshift
                0x08002790       0x44 build/stm32f4xx_hal_dma.o
 .text.DMA_CheckFifoParam
                0x080027d4       0x8e build/stm32f4xx_hal_dma.o
 *fill*         0x08002862        0x2 
 .text.HAL_DMA_Init
                0x08002864       0xcc build/stm32f4xx_hal_dma.o
                0x08002864                HAL_DMA_Init
 .text.HAL_DMA_Start_IT
                0x08002930       0x6a build/stm32f4xx_hal_dma.o
                0x08002930                HAL_DMA_Start_IT
 .text.HAL_DMA_Abort_IT
                0x0800299a       0x26 build/stm32f4xx_hal_dma.o
                0x0800299a                HAL_DMA_Abort_IT
 .text.HAL_DMA_IRQHandler
                0x080029c0      0x1dc build/stm32f4xx_hal_dma.o
                0x080029c0                HAL_DMA_IRQHandler
 .text.HAL_DMA_GetState
                0x08002b9c        0x6 build/stm32f4xx_hal_dma.o
                0x08002b9c                HAL_DMA_GetState
 .text.HAL_DMA_GetError
                0x08002ba2        0x4 build/stm32f4xx_hal_dma.o
                0x08002ba2                HAL_DMA_GetError
 *fill*         0x08002ba6        0x2 
 .text.HAL_NVIC_SetPriorityGrouping
                0x08002ba8       0x24 build/stm32f4xx_hal_cortex.o
                0x08002ba8                HAL_NVIC_SetPriorityGrouping
 .text.HAL_NVIC_SetPriority
                0x08002bcc       0x68 build/stm32f4xx_hal_cortex.o
                0x08002bcc                HAL_NVIC_SetPriority
 .text.HAL_NVIC_EnableIRQ
                0x08002c34       0x1c build/stm32f4xx_hal_cortex.o
                0x08002c34                HAL_NVIC_EnableIRQ
 .text.HAL_Init
                0x08002c50       0x34 build/stm32f4xx_hal.o
                0x08002c50                HAL_Init
 .text.HAL_IncTick
                0x08002c84       0x18 build/stm32f4xx_hal.o
                0x08002c84                HAL_IncTick
 .text.HAL_GetTick
                0x08002c9c        0xc build/stm32f4xx_hal.o
                0x08002c9c                HAL_GetTick
 .text.I2C_MemoryTransmit_TXE_BTF
                0x08002ca8       0x84 build/stm32f4xx_hal_i2c.o
 .text.I2C_Master_SB
                0x08002d2c       0xa8 build/stm32f4xx_hal_i2c.o
 .text.I2C_Master_ADD10
                0x08002dd4       0x2e build/stm32f4xx_hal_i2c.o
 .text.I2C_Master_ADDR
                0x08002e02      0x206 build/stm32f4xx_hal_i2c.o
 .text.I2C_SlaveTransmit_BTF
                0x08003008       0x20 build/stm32f4xx_hal_i2c.o
 .text.I2C_SlaveReceive_BTF
                0x08003028       0x20 build/stm32f4xx_hal_i2c.o
 .text.I2C_IsAcknowledgeFailed
                0x08003048       0x32 build/stm32f4xx_hal_i2c.o
 .text.I2C_ConvertOtherXferOptions
                0x0800307a       0x1e build/stm32f4xx_hal_i2c.o
 .text.I2C_WaitOnFlagUntilTimeout
                0x08003098       0x74 build/stm32f4xx_hal_i2c.o
 .text.I2C_WaitOnMasterAddressFlagUntilTimeout
                0x0800310c       0xaa build/stm32f4xx_hal_i2c.o
 .text.I2C_WaitOnTXEFlagUntilTimeout
                0x080031b6       0x54 build/stm32f4xx_hal_i2c.o
 *fill*         0x0800320a        0x2 
 .text.I2C_RequestMemoryRead
                0x0800320c      0x154 build/stm32f4xx_hal_i2c.o
 .text.HAL_I2C_Init
                0x08003360      0x1bc build/stm32f4xx_hal_i2c.o
                0x08003360                HAL_I2C_Init
 .text.HAL_I2C_Master_Transmit_DMA
                0x0800351c      0x16c build/stm32f4xx_hal_i2c.o
                0x0800351c                HAL_I2C_Master_Transmit_DMA
 .text.HAL_I2C_Master_Receive_DMA
                0x08003688      0x16c build/stm32f4xx_hal_i2c.o
                0x08003688                HAL_I2C_Master_Receive_DMA
 .text.HAL_I2C_Mem_Read_DMA
                0x080037f4      0x1cc build/stm32f4xx_hal_i2c.o
                0x080037f4                HAL_I2C_Mem_Read_DMA
 .text.HAL_I2C_IsDeviceReady
                0x080039c0      0x194 build/stm32f4xx_hal_i2c.o
                0x080039c0                HAL_I2C_IsDeviceReady
 .text.HAL_I2C_SlaveTxCpltCallback
                0x08003b54        0x2 build/stm32f4xx_hal_i2c.o
                0x08003b54                HAL_I2C_SlaveTxCpltCallback
 .text.I2C_SlaveTransmit_TXE
                0x08003b56       0x4c build/stm32f4xx_hal_i2c.o
 .text.HAL_I2C_SlaveRxCpltCallback
                0x08003ba2        0x2 build/stm32f4xx_hal_i2c.o
                0x08003ba2                HAL_I2C_SlaveRxCpltCallback
 .text.I2C_SlaveReceive_RXNE
                0x08003ba4       0x4c build/stm32f4xx_hal_i2c.o
 .text.HAL_I2C_AddrCallback
                0x08003bf0        0x2 build/stm32f4xx_hal_i2c.o
                0x08003bf0                HAL_I2C_AddrCallback
 .text.I2C_Slave_ADDR
                0x08003bf2       0x4e build/stm32f4xx_hal_i2c.o
 .text.HAL_I2C_ListenCpltCallback
                0x08003c40        0x2 build/stm32f4xx_hal_i2c.o
                0x08003c40                HAL_I2C_ListenCpltCallback
 *fill*         0x08003c42        0x2 
 .text.I2C_Slave_AF
                0x08003c44       0x94 build/stm32f4xx_hal_i2c.o
 .text.I2C_MasterTransmit_TXE
                0x08003cd8       0xd0 build/stm32f4xx_hal_i2c.o
 .text.I2C_MasterTransmit_BTF
                0x08003da8       0xae build/stm32f4xx_hal_i2c.o
 .text.I2C_MasterReceive_RXNE
                0x08003e56       0xa6 build/stm32f4xx_hal_i2c.o
 .text.I2C_MasterReceive_BTF
                0x08003efc      0x128 build/stm32f4xx_hal_i2c.o
 .text.HAL_I2C_ErrorCallback
                0x08004024        0x2 build/stm32f4xx_hal_i2c.o
                0x08004024                HAL_I2C_ErrorCallback
 .text.I2C_DMAError
                0x08004026       0x46 build/stm32f4xx_hal_i2c.o
 .text.I2C_DMAXferCplt
                0x0800406c      0x122 build/stm32f4xx_hal_i2c.o
 .text.HAL_I2C_AbortCpltCallback
                0x0800418e        0x2 build/stm32f4xx_hal_i2c.o
                0x0800418e                HAL_I2C_AbortCpltCallback
 .text.I2C_DMAAbort
                0x08004190       0x9a build/stm32f4xx_hal_i2c.o
 *fill*         0x0800422a        0x2 
 .text.I2C_ITError
                0x0800422c      0x170 build/stm32f4xx_hal_i2c.o
 .text.I2C_Slave_STOPF
                0x0800439c      0x18c build/stm32f4xx_hal_i2c.o
 .text.HAL_I2C_EV_IRQHandler
                0x08004528      0x18c build/stm32f4xx_hal_i2c.o
                0x08004528                HAL_I2C_EV_IRQHandler
 .text.HAL_I2C_ER_IRQHandler
                0x080046b4       0xc4 build/stm32f4xx_hal_i2c.o
                0x080046b4                HAL_I2C_ER_IRQHandler
 .text.TIM_OC1_SetConfig
                0x08004778       0x68 build/stm32f4xx_hal_tim.o
 .text.TIM_OC3_SetConfig
                0x080047e0       0x70 build/stm32f4xx_hal_tim.o
 .text.TIM_OC4_SetConfig
                0x08004850       0x50 build/stm32f4xx_hal_tim.o
 .text.TIM_TI1_ConfigInputStage
                0x080048a0       0x24 build/stm32f4xx_hal_tim.o
 .text.TIM_TI2_ConfigInputStage
                0x080048c4       0x26 build/stm32f4xx_hal_tim.o
 .text.TIM_ITRx_SetConfig
                0x080048ea       0x10 build/stm32f4xx_hal_tim.o
 .text.HAL_TIM_Base_Start_IT
                0x080048fa       0x22 build/stm32f4xx_hal_tim.o
                0x080048fa                HAL_TIM_Base_Start_IT
 .text.HAL_TIM_PWM_MspInit
                0x0800491c        0x2 build/stm32f4xx_hal_tim.o
                0x0800491c                HAL_TIM_PWM_MspInit
 .text.HAL_TIM_OC_DelayElapsedCallback
                0x0800491e        0x2 build/stm32f4xx_hal_tim.o
                0x0800491e                HAL_TIM_OC_DelayElapsedCallback
 .text.HAL_TIM_IC_CaptureCallback
                0x08004920        0x2 build/stm32f4xx_hal_tim.o
                0x08004920                HAL_TIM_IC_CaptureCallback
 .text.HAL_TIM_PWM_PulseFinishedCallback
                0x08004922        0x2 build/stm32f4xx_hal_tim.o
                0x08004922                HAL_TIM_PWM_PulseFinishedCallback
 .text.HAL_TIM_TriggerCallback
                0x08004924        0x2 build/stm32f4xx_hal_tim.o
                0x08004924                HAL_TIM_TriggerCallback
 .text.HAL_TIM_IRQHandler
                0x08004926      0x17a build/stm32f4xx_hal_tim.o
                0x08004926                HAL_TIM_IRQHandler
 .text.TIM_Base_SetConfig
                0x08004aa0       0xc8 build/stm32f4xx_hal_tim.o
                0x08004aa0                TIM_Base_SetConfig
 .text.HAL_TIM_Base_Init
                0x08004b68       0x34 build/stm32f4xx_hal_tim.o
                0x08004b68                HAL_TIM_Base_Init
 .text.HAL_TIM_PWM_Init
                0x08004b9c       0x34 build/stm32f4xx_hal_tim.o
                0x08004b9c                HAL_TIM_PWM_Init
 .text.TIM_OC2_SetConfig
                0x08004bd0       0x70 build/stm32f4xx_hal_tim.o
                0x08004bd0                TIM_OC2_SetConfig
 .text.HAL_TIM_PWM_ConfigChannel
                0x08004c40       0xdc build/stm32f4xx_hal_tim.o
                0x08004c40                HAL_TIM_PWM_ConfigChannel
 .text.TIM_ETR_SetConfig
                0x08004d1c       0x18 build/stm32f4xx_hal_tim.o
                0x08004d1c                TIM_ETR_SetConfig
 .text.HAL_TIM_ConfigClockSource
                0x08004d34       0xda build/stm32f4xx_hal_tim.o
                0x08004d34                HAL_TIM_ConfigClockSource
 *fill*         0x08004e0e        0x2 
 .text.HAL_TIMEx_MasterConfigSynchronization
                0x08004e10       0x88 build/stm32f4xx_hal_tim_ex.o
                0x08004e10                HAL_TIMEx_MasterConfigSynchronization
 .text.HAL_TIMEx_CommutCallback
                0x08004e98        0x2 build/stm32f4xx_hal_tim_ex.o
                0x08004e98                HAL_TIMEx_CommutCallback
 .text.HAL_TIMEx_BreakCallback
                0x08004e9a        0x2 build/stm32f4xx_hal_tim_ex.o
                0x08004e9a                HAL_TIMEx_BreakCallback
 .text.UART_EndRxTransfer
                0x08004e9c       0x1c build/stm32f4xx_hal_uart.o
 .text.UART_Transmit_IT
                0x08004eb8       0x66 build/stm32f4xx_hal_uart.o
 *fill*         0x08004f1e        0x2 
 .text.UART_SetConfig
                0x08004f20      0x1e8 build/stm32f4xx_hal_uart.o
 .text.UART_WaitOnFlagUntilTimeout
                0x08005108       0x68 build/stm32f4xx_hal_uart.o
 .text.HAL_UART_Init
                0x08005170       0x5e build/stm32f4xx_hal_uart.o
                0x08005170                HAL_UART_Init
 .text.HAL_UART_Transmit
                0x080051ce       0xe2 build/stm32f4xx_hal_uart.o
                0x080051ce                HAL_UART_Transmit
 .text.HAL_UART_TxCpltCallback
                0x080052b0        0x2 build/stm32f4xx_hal_uart.o
                0x080052b0                HAL_UART_TxCpltCallback
 .text.UART_EndTransmit_IT
                0x080052b2       0x1a build/stm32f4xx_hal_uart.o
 .text.UART_Receive_IT
                0x080052cc       0x9e build/stm32f4xx_hal_uart.o
 .text.HAL_UART_ErrorCallback
                0x0800536a        0x2 build/stm32f4xx_hal_uart.o
                0x0800536a                HAL_UART_ErrorCallback
 .text.HAL_UART_IRQHandler
                0x0800536c      0x128 build/stm32f4xx_hal_uart.o
                0x0800536c                HAL_UART_IRQHandler
 .text.UART_DMAAbortOnError
                0x08005494       0x10 build/stm32f4xx_hal_uart.o
 .text.SystemInit
                0x080054a4       0x1c build/system_stm32f4xx.o
                0x080054a4                SystemInit
 .text.vListInitialise
                0x080054c0       0x16 build/list.o
                0x080054c0                vListInitialise
 .text.vListInitialiseItem
                0x080054d6        0x6 build/list.o
                0x080054d6                vListInitialiseItem
 .text.vListInsertEnd
                0x080054dc       0x16 build/list.o
                0x080054dc                vListInsertEnd
 .text.vListInsert
                0x080054f2       0x32 build/list.o
                0x080054f2                vListInsert
 .text.uxListRemove
                0x08005524       0x26 build/list.o
                0x08005524                uxListRemove
 .text.prvCopyDataToQueue
                0x0800554a       0x76 build/queue.o
 .text.xQueueGenericSendFromISR
                0x080055c0       0xce build/queue.o
                0x080055c0                xQueueGenericSendFromISR
 *fill*         0x0800568e        0x2 
 .text.prvResetNextTaskUnblockTime
                0x08005690       0x2c build/tasks.o
 .text.prvInitialiseNewTask
                0x080056bc       0x8e build/tasks.o
 *fill*         0x0800574a        0x2 
 .text.prvInitialiseTaskLists
                0x0800574c       0x68 build/tasks.o
 .text.prvAddNewTaskToReadyList
                0x080057b4       0xa8 build/tasks.o
 .text.prvDeleteTCB
                0x0800585c       0x38 build/tasks.o
 .text.prvCheckTasksWaitingTermination
                0x08005894       0x4c build/tasks.o
 .text.prvIdleTask
                0x080058e0       0x28 build/tasks.o
 .text.prvAddCurrentTaskToDelayedList
                0x08005908       0x98 build/tasks.o
 .text.xTaskCreateStatic
                0x080059a0       0x74 build/tasks.o
                0x080059a0                xTaskCreateStatic
 .text.xTaskCreate
                0x08005a14       0x68 build/tasks.o
                0x08005a14                xTaskCreate
 .text.vTaskStartScheduler
                0x08005a7c       0x6c build/tasks.o
                0x08005a7c                vTaskStartScheduler
 .text.vTaskSuspendAll
                0x08005ae8       0x10 build/tasks.o
                0x08005ae8                vTaskSuspendAll
 .text.xTaskIncrementTick
                0x08005af8      0x118 build/tasks.o
                0x08005af8                xTaskIncrementTick
 .text.xTaskResumeAll
                0x08005c10       0xf8 build/tasks.o
                0x08005c10                xTaskResumeAll
 .text.vTaskDelay
                0x08005d08       0x4c build/tasks.o
                0x08005d08                vTaskDelay
 .text.vTaskSwitchContext
                0x08005d54       0x98 build/tasks.o
                0x08005d54                vTaskSwitchContext
 .text.xTaskRemoveFromEventList
                0x08005dec       0x8c build/tasks.o
                0x08005dec                xTaskRemoveFromEventList
 .text.xTaskGetCurrentTaskHandle
                0x08005e78        0xc build/tasks.o
                0x08005e78                xTaskGetCurrentTaskHandle
 .text.xTaskPriorityDisinherit
                0x08005e84       0xb4 build/tasks.o
                0x08005e84                xTaskPriorityDisinherit
 .text.ulTaskNotifyTake
                0x08005f38       0x78 build/tasks.o
                0x08005f38                ulTaskNotifyTake
 .text.vTaskNotifyGiveFromISR
                0x08005fb0       0xd0 build/tasks.o
                0x08005fb0                vTaskNotifyGiveFromISR
 .text.makeFreeRtosPriority
                0x08006080        0xc build/cmsis_os.o
 .text.osKernelStart
                0x0800608c        0xa build/cmsis_os.o
                0x0800608c                osKernelStart
 .text.osThreadCreate
                0x08006096       0x6a build/cmsis_os.o
                0x08006096                osThreadCreate
 .text.osDelay  0x08006100        0xe build/cmsis_os.o
                0x08006100                osDelay
 *fill*         0x0800610e        0x2 
 .text.prvHeapInit
                0x08006110       0x64 build/heap_4.o
 .text.prvInsertBlockIntoFreeList
                0x08006174       0x58 build/heap_4.o
 .text.pvPortMalloc
                0x080061cc       0xf0 build/heap_4.o
                0x080061cc                pvPortMalloc
 .text.vPortFree
                0x080062bc       0x70 build/heap_4.o
                0x080062bc                vPortFree
 .text.prvTaskExitError
                0x0800632c       0x40 build/port.o
 .text.prvPortStartFirstTask
                0x0800636c       0x28 build/port.o
 .text.vPortEnableVFP
                0x08006394       0x14 build/port.o
 .text.pxPortInitialiseStack
                0x080063a8       0x2c build/port.o
                0x080063a8                pxPortInitialiseStack
 *fill*         0x080063d4        0xc 
 .text.SVC_Handler
                0x080063e0       0x24 build/port.o
                0x080063e0                SVC_Handler
 .text.vPortEnterCritical
                0x08006404       0x44 build/port.o
                0x08006404                vPortEnterCritical
 .text.vPortExitCritical
                0x08006448       0x2c build/port.o
                0x08006448                vPortExitCritical
 *fill*         0x08006474        0xc 
 .text.PendSV_Handler
                0x08006480       0x64 build/port.o
                0x08006480                PendSV_Handler
 .text.SysTick_Handler
                0x080064e4       0x2c build/port.o
                0x080064e4                SysTick_Handler
 .text.vPortSetupTimerInterrupt
                0x08006510       0x38 build/port.o
                0x08006510                vPortSetupTimerInterrupt
 .text.xPortStartScheduler
                0x08006548      0x110 build/port.o
                0x08006548                xPortStartScheduler
 .text.vPortValidateInterruptPriority
                0x08006658       0x5c build/port.o
                0x08006658                vPortValidateInterruptPriority
 .text.Reset_Handler
                0x080066b4       0x50 build/startup_stm32f407xx.o
                0x080066b4                Reset_Handler
 .text.Default_Handler
                0x08006704        0x2 build/startup_stm32f407xx.o
                0x08006704                RTC_Alarm_IRQHandler
                0x08006704                HASH_RNG_IRQHandler
                0x08006704                EXTI2_IRQHandler
                0x08006704                TIM8_CC_IRQHandler
                0x08006704                TIM1_CC_IRQHandler
                0x08006704                DMA2_Stream5_IRQHandler
                0x08006704                PVD_IRQHandler
                0x08006704                SDIO_IRQHandler
                0x08006704                TAMP_STAMP_IRQHandler
                0x08006704                CAN2_RX1_IRQHandler
                0x08006704                EXTI3_IRQHandler
                0x08006704                TIM8_TRG_COM_TIM14_IRQHandler
                0x08006704                TIM1_UP_TIM10_IRQHandler
                0x08006704                TIM8_UP_TIM13_IRQHandler
                0x08006704                I2C3_ER_IRQHandler
                0x08006704                EXTI0_IRQHandler
                0x08006704                I2C2_EV_IRQHandler
                0x08006704                DMA1_Stream2_IRQHandler
                0x08006704                CAN1_RX0_IRQHandler
                0x08006704                FPU_IRQHandler
                0x08006704                OTG_HS_WKUP_IRQHandler
                0x08006704                CAN2_SCE_IRQHandler
                0x08006704                SPI1_IRQHandler
                0x08006704                TIM6_DAC_IRQHandler
                0x08006704                TIM1_BRK_TIM9_IRQHandler
                0x08006704                DCMI_IRQHandler
                0x08006704                CAN2_RX0_IRQHandler
                0x08006704                DMA2_Stream3_IRQHandler
                0x08006704                USART6_IRQHandler
                0x08006704                USART3_IRQHandler
                0x08006704                CAN1_RX1_IRQHandler
                0x08006704                UART5_IRQHandler
                0x08006704                DMA2_Stream0_IRQHandler
                0x08006704                TIM4_IRQHandler
                0x08006704                DMA1_Stream1_IRQHandler
                0x08006704                UART4_IRQHandler
                0x08006704                TIM3_IRQHandler
                0x08006704                RCC_IRQHandler
                0x08006704                TIM8_BRK_TIM12_IRQHandler
                0x08006704                Default_Handler
                0x08006704                EXTI15_10_IRQHandler
                0x08006704                ADC_IRQHandler
                0x08006704                CAN2_TX_IRQHandler
                0x08006704                TIM5_IRQHandler
                0x08006704                I2C3_EV_IRQHandler
                0x08006704                EXTI9_5_IRQHandler
                0x08006704                RTC_WKUP_IRQHandler
                0x08006704                ETH_WKUP_IRQHandler
                0x08006704                SPI2_IRQHandler
                0x08006704                OTG_HS_EP1_IN_IRQHandler
                0x08006704                CAN1_TX_IRQHandler
                0x08006704                EXTI4_IRQHandler
                0x08006704                FSMC_IRQHandler
                0x08006704                ETH_IRQHandler
                0x08006704                OTG_HS_EP1_OUT_IRQHandler
                0x08006704                WWDG_IRQHandler
                0x08006704                TIM2_IRQHandler
                0x08006704                OTG_FS_WKUP_IRQHandler
                0x08006704                TIM1_TRG_COM_TIM11_IRQHandler
                0x08006704                OTG_HS_IRQHandler
                0x08006704                EXTI1_IRQHandler
                0x08006704                I2C2_ER_IRQHandler
                0x08006704                DMA2_Stream1_IRQHandler
                0x08006704                CAN1_SCE_IRQHandler
                0x08006704                FLASH_IRQHandler
                0x08006704                DMA2_Stream4_IRQHandler
                0x08006704                OTG_FS_IRQHandler
                0x08006704                SPI3_IRQHandler
                0x08006704                DMA1_Stream4_IRQHandler
                0x08006704                DMA2_Stream6_IRQHandler
                0x08006704                DMA1_Stream3_IRQHandler
 *fill*         0x08006706        0x2 
 .text.__libc_init_array
                0x08006708       0x48 e:/gnu tools arm embedded/9 2019-q4-major/bin/../lib/gcc/arm-none-eabi/9.2.1/../../../../arm-none-eabi/lib/thumb/v7e-m+fp/hard\libc_nano.a(lib_a-init.o)
                0x08006708                __libc_init_array
 .text.memcpy   0x08006750       0x1c e:/gnu tools arm embedded/9 2019-q4-major/bin/../lib/gcc/arm-none-eabi/9.2.1/../../../../arm-none-eabi/lib/thumb/v7e-m+fp/hard\libc_nano.a(lib_a-memcpy-stub.o)
                0x08006750                memcpy
 .text.memset   0x0800676c       0x10 e:/gnu tools arm embedded/9 2019-q4-major/bin/../lib/gcc/arm-none-eabi/9.2.1/../../../../arm-none-eabi/lib/thumb/v7e-m+fp/hard\libc_nano.a(lib_a-memset.o)
                0x0800676c                memset
 .text.__cvt    0x0800677c       0xc4 e:/gnu tools arm embedded/9 2019-q4-major/bin/../lib/gcc/arm-none-eabi/9.2.1/../../../../arm-none-eabi/lib/thumb/v7e-m+fp/hard\libc_nano.a(lib_a-nano-vfprintf_float.o)
                0x0800677c                __cvt
 .text.__exponent
                0x08006840       0x7c e:/gnu tools arm embedded/9 2019-q4-major/bin/../lib/gcc/arm-none-eabi/9.2.1/../../../../arm-none-eabi/lib/thumb/v7e-m+fp/hard\libc_nano.a(lib_a-nano-vfprintf_float.o)
                0x08006840                __exponent
 .text._printf_float
                0x080068bc      0x46c e:/gnu tools arm embedded/9 2019-q4-major/bin/../lib/gcc/arm-none-eabi/9.2.1/../../../../arm-none-eabi/lib/thumb/v7e-m+fp/hard\libc_nano.a(lib_a-nano-vfprintf_float.o)
                0x080068bc                _printf_float
 .text._printf_common
                0x08006d28       0xda e:/gnu tools arm embedded/9 2019-q4-major/bin/../lib/gcc/arm-none-eabi/9.2.1/../../../../arm-none-eabi/lib/thumb/v7e-m+fp/hard\libc_nano.a(lib_a-nano-vfprintf_i.o)
                0x08006d28                _printf_common
 *fill*         0x08006e02        0x2 
 .text._printf_i
                0x08006e04      0x24c e:/gnu tools arm embedded/9 2019-q4-major/bin/../lib/gcc/arm-none-eabi/9.2.1/../../../../arm-none-eabi/lib/thumb/v7e-m+fp/hard\libc_nano.a(lib_a-nano-vfprintf_i.o)
                0x08006e04                _printf_i
 .text.printf   0x08007050       0x30 e:/gnu tools arm embedded/9 2019-q4-major/bin/../lib/gcc/arm-none-eabi/9.2.1/../../../../arm-none-eabi/lib/thumb/v7e-m+fp/hard\libc_nano.a(lib_a-printf.o)
                0x08007050                iprintf
                0x08007050                printf
 .text._puts_r  0x08007080       0xdc e:/gnu tools arm embedded/9 2019-q4-major/bin/../lib/gcc/arm-none-eabi/9.2.1/../../../../arm-none-eabi/lib/thumb/v7e-m+fp/hard\libc_nano.a(lib_a-puts.o)
                0x08007080                _puts_r
 .text.puts     0x0800715c       0x10 e:/gnu tools arm embedded/9 2019-q4-major/bin/../lib/gcc/arm-none-eabi/9.2.1/../../../../arm-none-eabi/lib/thumb/v7e-m+fp/hard\libc_nano.a(lib_a-puts.o)
                0x0800715c                puts
 .text.__swbuf_r
                0x0800716c       0xa4 e:/gnu tools arm embedded/9 2019-q4-major/bin/../lib/gcc/arm-none-eabi/9.2.1/../../../../arm-none-eabi/lib/thumb/v7e-m+fp/hard\libc_nano.a(lib_a-wbuf.o)
                0x0800716c                __swbuf_r
 .text.__swsetup_r
                0x08007210       0xdc e:/gnu tools arm embedded/9 2019-q4-major/bin/../lib/gcc/arm-none-eabi/9.2.1/../../../../arm-none-eabi/lib/thumb/v7e-m+fp/hard\libc_nano.a(lib_a-wsetup.o)
                0x08007210                __swsetup_r
 .text.quorem   0x080072ec      0x116 e:/gnu tools arm embedded/9 2019-q4-major/bin/../lib/gcc/arm-none-eabi/9.2.1/../../../../arm-none-eabi/lib/thumb/v7e-m+fp/hard\libc_nano.a(lib_a-dtoa.o)
 *fill*         0x08007402        0x6 
 .text._dtoa_r  0x08007408      0xbbc e:/gnu tools arm embedded/9 2019-q4-major/bin/../lib/gcc/arm-none-eabi/9.2.1/../../../../arm-none-eabi/lib/thumb/v7e-m+fp/hard\libc_nano.a(lib_a-dtoa.o)
                0x08007408                _dtoa_r
 .text.__sflush_r
                0x08007fc4      0x10c e:/gnu tools arm embedded/9 2019-q4-major/bin/../lib/gcc/arm-none-eabi/9.2.1/../../../../arm-none-eabi/lib/thumb/v7e-m+fp/hard\libc_nano.a(lib_a-fflush.o)
                0x08007fc4                __sflush_r
 .text._fflush_r
                0x080080d0       0x78 e:/gnu tools arm embedded/9 2019-q4-major/bin/../lib/gcc/arm-none-eabi/9.2.1/../../../../arm-none-eabi/lib/thumb/v7e-m+fp/hard\libc_nano.a(lib_a-fflush.o)
                0x080080d0                _fflush_r
 .text.std      0x08008148       0x48 e:/gnu tools arm embedded/9 2019-q4-major/bin/../lib/gcc/arm-none-eabi/9.2.1/../../../../arm-none-eabi/lib/thumb/v7e-m+fp/hard\libc_nano.a(lib_a-findfp.o)
 .text._cleanup_r
                0x08008190        0xc e:/gnu tools arm embedded/9 2019-q4-major/bin/../lib/gcc/arm-none-eabi/9.2.1/../../../../arm-none-eabi/lib/thumb/v7e-m+fp/hard\libc_nano.a(lib_a-findfp.o)
                0x08008190                _cleanup_r
 .text.__sfmoreglue
                0x0800819c       0x2c e:/gnu tools arm embedded/9 2019-q4-major/bin/../lib/gcc/arm-none-eabi/9.2.1/../../../../arm-none-eabi/lib/thumb/v7e-m+fp/hard\libc_nano.a(lib_a-findfp.o)
                0x0800819c                __sfmoreglue
 .text.__sfp_lock_acquire
                0x080081c8        0xc e:/gnu tools arm embedded/9 2019-q4-major/bin/../lib/gcc/arm-none-eabi/9.2.1/../../../../arm-none-eabi/lib/thumb/v7e-m+fp/hard\libc_nano.a(lib_a-findfp.o)
                0x080081c8                __sfp_lock_acquire
 .text.__sfp_lock_release
                0x080081d4        0xc e:/gnu tools arm embedded/9 2019-q4-major/bin/../lib/gcc/arm-none-eabi/9.2.1/../../../../arm-none-eabi/lib/thumb/v7e-m+fp/hard\libc_nano.a(lib_a-findfp.o)
                0x080081d4                __sfp_lock_release
 .text.__sinit_lock_acquire
                0x080081e0        0xc e:/gnu tools arm embedded/9 2019-q4-major/bin/../lib/gcc/arm-none-eabi/9.2.1/../../../../arm-none-eabi/lib/thumb/v7e-m+fp/hard\libc_nano.a(lib_a-findfp.o)
                0x080081e0                __sinit_lock_acquire
 .text.__sinit_lock_release
                0x080081ec        0xc e:/gnu tools arm embedded/9 2019-q4-major/bin/../lib/gcc/arm-none-eabi/9.2.1/../../../../arm-none-eabi/lib/thumb/v7e-m+fp/hard\libc_nano.a(lib_a-findfp.o)
                0x080081ec                __sinit_lock_release
 .text.__sinit  0x080081f8       0x70 e:/gnu tools arm embedded/9 2019-q4-major/bin/../lib/gcc/arm-none-eabi/9.2.1/../../../../arm-none-eabi/lib/thumb/v7e-m+fp/hard\libc_nano.a(lib_a-findfp.o)
                0x080081f8                __sinit
 .text.__sfp    0x08008268       0x8c e:/gnu tools arm embedded/9 2019-q4-major/bin/../lib/gcc/arm-none-eabi/9.2.1/../../../../arm-none-eabi/lib/thumb/v7e-m+fp/hard\libc_nano.a(lib_a-findfp.o)
                0x08008268                __sfp
 .text._fwalk_reent
                0x080082f4       0x3e e:/gnu tools arm embedded/9 2019-q4-major/bin/../lib/gcc/arm-none-eabi/9.2.1/../../../../arm-none-eabi/lib/thumb/v7e-m+fp/hard\libc_nano.a(lib_a-fwalk.o)
                0x080082f4                _fwalk_reent
 *fill*         0x08008332        0x2 
 .text._localeconv_r
                0x08008334        0x8 e:/gnu tools arm embedded/9 2019-q4-major/bin/../lib/gcc/arm-none-eabi/9.2.1/../../../../arm-none-eabi/lib/thumb/v7e-m+fp/hard\libc_nano.a(lib_a-localeconv.o)
                0x08008334                _localeconv_r
 .text.__retarget_lock_init_recursive
                0x0800833c        0x2 e:/gnu tools arm embedded/9 2019-q4-major/bin/../lib/gcc/arm-none-eabi/9.2.1/../../../../arm-none-eabi/lib/thumb/v7e-m+fp/hard\libc_nano.a(lib_a-lock.o)
                0x0800833c                __retarget_lock_init_recursive
 .text.__retarget_lock_acquire_recursive
                0x0800833e        0x2 e:/gnu tools arm embedded/9 2019-q4-major/bin/../lib/gcc/arm-none-eabi/9.2.1/../../../../arm-none-eabi/lib/thumb/v7e-m+fp/hard\libc_nano.a(lib_a-lock.o)
                0x0800833e                __retarget_lock_acquire_recursive
 .text.__retarget_lock_release_recursive
                0x08008340        0x2 e:/gnu tools arm embedded/9 2019-q4-major/bin/../lib/gcc/arm-none-eabi/9.2.1/../../../../arm-none-eabi/lib/thumb/v7e-m+fp/hard\libc_nano.a(lib_a-lock.o)
                0x08008340                __retarget_lock_release_recursive
 .text.__swhatbuf_r
                0x08008342       0x48 e:/gnu tools arm embedded/9 2019-q4-major/bin/../lib/gcc/arm-none-eabi/9.2.1/../../../../arm-none-eabi/lib/thumb/v7e-m+fp/hard\libc_nano.a(lib_a-makebuf.o)
                0x08008342                __swhatbuf_r
 *fill*         0x0800838a        0x2 
 .text.__smakebuf_r
                0x0800838c       0x80 e:/gnu tools arm embedded/9 2019-q4-major/bin/../lib/gcc/arm-none-eabi/9.2.1/../../../../arm-none-eabi/lib/thumb/v7e-m+fp/hard\libc_nano.a(lib_a-makebuf.o)
                0x0800838c                __smakebuf_r
 .text.malloc   0x0800840c       0x10 e:/gnu tools arm embedded/9 2019-q4-major/bin/../lib/gcc/arm-none-eabi/9.2.1/../../../../arm-none-eabi/lib/thumb/v7e-m+fp/hard\libc_nano.a(lib_a-malloc.o)
                0x0800840c                malloc
 .text._Balloc  0x0800841c       0x68 e:/gnu tools arm embedded/9 2019-q4-major/bin/../lib/gcc/arm-none-eabi/9.2.1/../../../../arm-none-eabi/lib/thumb/v7e-m+fp/hard\libc_nano.a(lib_a-mprec.o)
                0x0800841c                _Balloc
 .text._Bfree   0x08008484       0x2e e:/gnu tools arm embedded/9 2019-q4-major/bin/../lib/gcc/arm-none-eabi/9.2.1/../../../../arm-none-eabi/lib/thumb/v7e-m+fp/hard\libc_nano.a(lib_a-mprec.o)
                0x08008484                _Bfree
 .text.__multadd
                0x080084b2       0x7c e:/gnu tools arm embedded/9 2019-q4-major/bin/../lib/gcc/arm-none-eabi/9.2.1/../../../../arm-none-eabi/lib/thumb/v7e-m+fp/hard\libc_nano.a(lib_a-mprec.o)
                0x080084b2                __multadd
 .text.__hi0bits
                0x0800852e       0x40 e:/gnu tools arm embedded/9 2019-q4-major/bin/../lib/gcc/arm-none-eabi/9.2.1/../../../../arm-none-eabi/lib/thumb/v7e-m+fp/hard\libc_nano.a(lib_a-mprec.o)
                0x0800852e                __hi0bits
 .text.__lo0bits
                0x0800856e       0x60 e:/gnu tools arm embedded/9 2019-q4-major/bin/../lib/gcc/arm-none-eabi/9.2.1/../../../../arm-none-eabi/lib/thumb/v7e-m+fp/hard\libc_nano.a(lib_a-mprec.o)
                0x0800856e                __lo0bits
 .text.__i2b    0x080085ce       0x12 e:/gnu tools arm embedded/9 2019-q4-major/bin/../lib/gcc/arm-none-eabi/9.2.1/../../../../arm-none-eabi/lib/thumb/v7e-m+fp/hard\libc_nano.a(lib_a-mprec.o)
                0x080085ce                __i2b
 .text.__multiply
                0x080085e0      0x138 e:/gnu tools arm embedded/9 2019-q4-major/bin/../lib/gcc/arm-none-eabi/9.2.1/../../../../arm-none-eabi/lib/thumb/v7e-m+fp/hard\libc_nano.a(lib_a-mprec.o)
                0x080085e0                __multiply
 .text.__pow5mult
                0x08008718       0x9c e:/gnu tools arm embedded/9 2019-q4-major/bin/../lib/gcc/arm-none-eabi/9.2.1/../../../../arm-none-eabi/lib/thumb/v7e-m+fp/hard\libc_nano.a(lib_a-mprec.o)
                0x08008718                __pow5mult
 .text.__lshift
                0x080087b4       0xbe e:/gnu tools arm embedded/9 2019-q4-major/bin/../lib/gcc/arm-none-eabi/9.2.1/../../../../arm-none-eabi/lib/thumb/v7e-m+fp/hard\libc_nano.a(lib_a-mprec.o)
                0x080087b4                __lshift
 .text.__mcmp   0x08008872       0x38 e:/gnu tools arm embedded/9 2019-q4-major/bin/../lib/gcc/arm-none-eabi/9.2.1/../../../../arm-none-eabi/lib/thumb/v7e-m+fp/hard\libc_nano.a(lib_a-mprec.o)
                0x08008872                __mcmp
 .text.__mdiff  0x080088aa       0xec e:/gnu tools arm embedded/9 2019-q4-major/bin/../lib/gcc/arm-none-eabi/9.2.1/../../../../arm-none-eabi/lib/thumb/v7e-m+fp/hard\libc_nano.a(lib_a-mprec.o)
                0x080088aa                __mdiff
 .text.__d2b    0x08008996       0xa0 e:/gnu tools arm embedded/9 2019-q4-major/bin/../lib/gcc/arm-none-eabi/9.2.1/../../../../arm-none-eabi/lib/thumb/v7e-m+fp/hard\libc_nano.a(lib_a-mprec.o)
                0x08008996                __d2b
 .text._calloc_r
                0x08008a36       0x1e e:/gnu tools arm embedded/9 2019-q4-major/bin/../lib/gcc/arm-none-eabi/9.2.1/../../../../arm-none-eabi/lib/thumb/v7e-m+fp/hard\libc_nano.a(lib_a-nano-callocr.o)
                0x08008a36                _calloc_r
 .text._free_r  0x08008a54       0xa0 e:/gnu tools arm embedded/9 2019-q4-major/bin/../lib/gcc/arm-none-eabi/9.2.1/../../../../arm-none-eabi/lib/thumb/v7e-m+fp/hard\libc_nano.a(lib_a-nano-freer.o)
                0x08008a54                _free_r
 .text._malloc_r
                0x08008af4       0xb4 e:/gnu tools arm embedded/9 2019-q4-major/bin/../lib/gcc/arm-none-eabi/9.2.1/../../../../arm-none-eabi/lib/thumb/v7e-m+fp/hard\libc_nano.a(lib_a-nano-mallocr.o)
                0x08008af4                _malloc_r
 .text.__sfputc_r
                0x08008ba8       0x2e e:/gnu tools arm embedded/9 2019-q4-major/bin/../lib/gcc/arm-none-eabi/9.2.1/../../../../arm-none-eabi/lib/thumb/v7e-m+fp/hard\libc_nano.a(lib_a-nano-vfprintf.o)
 .text.__sfputs_r
                0x08008bd6       0x24 e:/gnu tools arm embedded/9 2019-q4-major/bin/../lib/gcc/arm-none-eabi/9.2.1/../../../../arm-none-eabi/lib/thumb/v7e-m+fp/hard\libc_nano.a(lib_a-nano-vfprintf.o)
                0x08008bd6                __sfputs_r
 *fill*         0x08008bfa        0x2 
 .text._vfprintf_r
                0x08008bfc      0x260 e:/gnu tools arm embedded/9 2019-q4-major/bin/../lib/gcc/arm-none-eabi/9.2.1/../../../../arm-none-eabi/lib/thumb/v7e-m+fp/hard\libc_nano.a(lib_a-nano-vfprintf.o)
                0x08008bfc                _vfprintf_r
                0x08008bfc                _vfiprintf_r
 .text._sbrk_r  0x08008e5c       0x20 e:/gnu tools arm embedded/9 2019-q4-major/bin/../lib/gcc/arm-none-eabi/9.2.1/../../../../arm-none-eabi/lib/thumb/v7e-m+fp/hard\libc_nano.a(lib_a-sbrkr.o)
                0x08008e5c                _sbrk_r
 .text.__sread  0x08008e7c       0x22 e:/gnu tools arm embedded/9 2019-q4-major/bin/../lib/gcc/arm-none-eabi/9.2.1/../../../../arm-none-eabi/lib/thumb/v7e-m+fp/hard\libc_nano.a(lib_a-stdio.o)
                0x08008e7c                __sread
 .text.__swrite
                0x08008e9e       0x38 e:/gnu tools arm embedded/9 2019-q4-major/bin/../lib/gcc/arm-none-eabi/9.2.1/../../../../arm-none-eabi/lib/thumb/v7e-m+fp/hard\libc_nano.a(lib_a-stdio.o)
                0x08008e9e                __swrite
 .text.__sseek  0x08008ed6       0x24 e:/gnu tools arm embedded/9 2019-q4-major/bin/../lib/gcc/arm-none-eabi/9.2.1/../../../../arm-none-eabi/lib/thumb/v7e-m+fp/hard\libc_nano.a(lib_a-stdio.o)
                0x08008ed6                __sseek
 .text.__sclose
                0x08008efa        0x8 e:/gnu tools arm embedded/9 2019-q4-major/bin/../lib/gcc/arm-none-eabi/9.2.1/../../../../arm-none-eabi/lib/thumb/v7e-m+fp/hard\libc_nano.a(lib_a-stdio.o)
                0x08008efa                __sclose
 *fill*         0x08008f02        0x2 
 .text._write_r
                0x08008f04       0x24 e:/gnu tools arm embedded/9 2019-q4-major/bin/../lib/gcc/arm-none-eabi/9.2.1/../../../../arm-none-eabi/lib/thumb/v7e-m+fp/hard\libc_nano.a(lib_a-writer.o)
                0x08008f04                _write_r
 .text._close_r
                0x08008f28       0x20 e:/gnu tools arm embedded/9 2019-q4-major/bin/../lib/gcc/arm-none-eabi/9.2.1/../../../../arm-none-eabi/lib/thumb/v7e-m+fp/hard\libc_nano.a(lib_a-closer.o)
                0x08008f28                _close_r
 .text._fstat_r
                0x08008f48       0x24 e:/gnu tools arm embedded/9 2019-q4-major/bin/../lib/gcc/arm-none-eabi/9.2.1/../../../../arm-none-eabi/lib/thumb/v7e-m+fp/hard\libc_nano.a(lib_a-fstatr.o)
                0x08008f48                _fstat_r
 .text._isatty_r
                0x08008f6c       0x20 e:/gnu tools arm embedded/9 2019-q4-major/bin/../lib/gcc/arm-none-eabi/9.2.1/../../../../arm-none-eabi/lib/thumb/v7e-m+fp/hard\libc_nano.a(lib_a-isattyr.o)
                0x08008f6c                _isatty_r
 .text._lseek_r
                0x08008f8c       0x24 e:/gnu tools arm embedded/9 2019-q4-major/bin/../lib/gcc/arm-none-eabi/9.2.1/../../../../arm-none-eabi/lib/thumb/v7e-m+fp/hard\libc_nano.a(lib_a-lseekr.o)
                0x08008f8c                _lseek_r
 .text.__ascii_mbtowc
                0x08008fb0       0x24 e:/gnu tools arm embedded/9 2019-q4-major/bin/../lib/gcc/arm-none-eabi/9.2.1/../../../../arm-none-eabi/lib/thumb/v7e-m+fp/hard\libc_nano.a(lib_a-mbtowc_r.o)
                0x08008fb0                __ascii_mbtowc
 .text.__malloc_lock
                0x08008fd4        0xc e:/gnu tools arm embedded/9 2019-q4-major/bin/../lib/gcc/arm-none-eabi/9.2.1/../../../../arm-none-eabi/lib/thumb/v7e-m+fp/hard\libc_nano.a(lib_a-mlock.o)
                0x08008fd4                __malloc_lock
 .text.__malloc_unlock
                0x08008fe0        0xc e:/gnu tools arm embedded/9 2019-q4-major/bin/../lib/gcc/arm-none-eabi/9.2.1/../../../../arm-none-eabi/lib/thumb/v7e-m+fp/hard\libc_nano.a(lib_a-mlock.o)
                0x08008fe0                __malloc_unlock
 .text._read_r  0x08008fec       0x24 e:/gnu tools arm embedded/9 2019-q4-major/bin/../lib/gcc/arm-none-eabi/9.2.1/../../../../arm-none-eabi/lib/thumb/v7e-m+fp/hard\libc_nano.a(lib_a-readr.o)
                0x08008fec                _read_r
 .text.__ascii_wctomb
                0x08009010       0x1a e:/gnu tools arm embedded/9 2019-q4-major/bin/../lib/gcc/arm-none-eabi/9.2.1/../../../../arm-none-eabi/lib/thumb/v7e-m+fp/hard\libc_nano.a(lib_a-wctomb_r.o)
                0x08009010                __ascii_wctomb
 *fill*         0x0800902a        0x6 
 .text.pow      0x08009030      0x36c e:/gnu tools arm embedded/9 2019-q4-major/bin/../lib/gcc/arm-none-eabi/9.2.1/../../../../arm-none-eabi/lib/thumb/v7e-m+fp/hard\libm.a(lib_a-w_pow.o)
                0x08009030                pow
 *fill*         0x0800939c        0x4 
 .text.__ieee754_pow
                0x080093a0      0xbb4 e:/gnu tools arm embedded/9 2019-q4-major/bin/../lib/gcc/arm-none-eabi/9.2.1/../../../../arm-none-eabi/lib/thumb/v7e-m+fp/hard\libm.a(lib_a-e_pow.o)
                0x080093a0                __ieee754_pow
 .text.__ieee754_sqrt
                0x08009f54      0x188 e:/gnu tools arm embedded/9 2019-q4-major/bin/../lib/gcc/arm-none-eabi/9.2.1/../../../../arm-none-eabi/lib/thumb/v7e-m+fp/hard\libm.a(lib_a-e_sqrt.o)
                0x08009f54                __ieee754_sqrt
 .text.fabs     0x0800a0dc       0x14 e:/gnu tools arm embedded/9 2019-q4-major/bin/../lib/gcc/arm-none-eabi/9.2.1/../../../../arm-none-eabi/lib/thumb/v7e-m+fp/hard\libm.a(lib_a-s_fabs.o)
                0x0800a0dc                fabs
 .text.finite   0x0800a0f0       0x18 e:/gnu tools arm embedded/9 2019-q4-major/bin/../lib/gcc/arm-none-eabi/9.2.1/../../../../arm-none-eabi/lib/thumb/v7e-m+fp/hard\libm.a(lib_a-s_finite.o)
                0x0800a0f0                finite
 .text.matherr  0x0800a108        0x4 e:/gnu tools arm embedded/9 2019-q4-major/bin/../lib/gcc/arm-none-eabi/9.2.1/../../../../arm-none-eabi/lib/thumb/v7e-m+fp/hard\libm.a(lib_a-s_matherr.o)
                0x0800a108                matherr
 *fill*         0x0800a10c        0x4 
 .text.nan      0x0800a110       0x10 e:/gnu tools arm embedded/9 2019-q4-major/bin/../lib/gcc/arm-none-eabi/9.2.1/../../../../arm-none-eabi/lib/thumb/v7e-m+fp/hard\libm.a(lib_a-s_nan.o)
                0x0800a110                nan
 .text.rint     0x0800a120      0x124 e:/gnu tools arm embedded/9 2019-q4-major/bin/../lib/gcc/arm-none-eabi/9.2.1/../../../../arm-none-eabi/lib/thumb/v7e-m+fp/hard\libm.a(lib_a-s_rint.o)
                0x0800a120                rint
 *fill*         0x0800a244        0x4 
 .text.scalbn   0x0800a248      0x124 e:/gnu tools arm embedded/9 2019-q4-major/bin/../lib/gcc/arm-none-eabi/9.2.1/../../../../arm-none-eabi/lib/thumb/v7e-m+fp/hard\libm.a(lib_a-s_scalbn.o)
                0x0800a248                scalbn
 .text._close   0x0800a36c       0x10 e:/gnu tools arm embedded/9 2019-q4-major/bin/../lib/gcc/arm-none-eabi/9.2.1/../../../../arm-none-eabi/lib/thumb/v7e-m+fp/hard\libnosys.a(close.o)
                0x0800a36c                _close
 .text._fstat   0x0800a37c       0x10 e:/gnu tools arm embedded/9 2019-q4-major/bin/../lib/gcc/arm-none-eabi/9.2.1/../../../../arm-none-eabi/lib/thumb/v7e-m+fp/hard\libnosys.a(fstat.o)
                0x0800a37c                _fstat
 .text._isatty  0x0800a38c       0x10 e:/gnu tools arm embedded/9 2019-q4-major/bin/../lib/gcc/arm-none-eabi/9.2.1/../../../../arm-none-eabi/lib/thumb/v7e-m+fp/hard\libnosys.a(isatty.o)
                0x0800a38c                _isatty
 .text._lseek   0x0800a39c       0x10 e:/gnu tools arm embedded/9 2019-q4-major/bin/../lib/gcc/arm-none-eabi/9.2.1/../../../../arm-none-eabi/lib/thumb/v7e-m+fp/hard\libnosys.a(lseek.o)
                0x0800a39c                _lseek
 .text._read    0x0800a3ac       0x10 e:/gnu tools arm embedded/9 2019-q4-major/bin/../lib/gcc/arm-none-eabi/9.2.1/../../../../arm-none-eabi/lib/thumb/v7e-m+fp/hard\libnosys.a(read.o)
                0x0800a3ac                _read
 .text._sbrk    0x0800a3bc       0x1c e:/gnu tools arm embedded/9 2019-q4-major/bin/../lib/gcc/arm-none-eabi/9.2.1/../../../../arm-none-eabi/lib/thumb/v7e-m+fp/hard\libnosys.a(sbrk.o)
                0x0800a3bc                _sbrk
 .text.__errno  0x0800a3d8        0xc e:/gnu tools arm embedded/9 2019-q4-major/bin/../lib/gcc/arm-none-eabi/9.2.1/../../../../arm-none-eabi/lib/thumb/v7e-m+fp/hard\libc_nano.a(lib_a-errno.o)
                0x0800a3d8                __errno
 *(.glue_7)
 .glue_7        0x0800a3e4        0x0 linker stubs
 *(.glue_7t)
 .glue_7t       0x0800a3e4        0x0 linker stubs
 *(.eh_frame)
 .eh_frame      0x0800a3e4        0x0 e:/gnu tools arm embedded/9 2019-q4-major/bin/../lib/gcc/arm-none-eabi/9.2.1/thumb/v7e-m+fp/hard/crtbegin.o
 *(.init)
 .init          0x0800a3e4        0x4 e:/gnu tools arm embedded/9 2019-q4-major/bin/../lib/gcc/arm-none-eabi/9.2.1/thumb/v7e-m+fp/hard/crti.o
                0x0800a3e4                _init
 .init          0x0800a3e8        0x8 e:/gnu tools arm embedded/9 2019-q4-major/bin/../lib/gcc/arm-none-eabi/9.2.1/thumb/v7e-m+fp/hard/crtn.o
 *(.fini)
 .fini          0x0800a3f0        0x4 e:/gnu tools arm embedded/9 2019-q4-major/bin/../lib/gcc/arm-none-eabi/9.2.1/thumb/v7e-m+fp/hard/crti.o
                0x0800a3f0                _fini
 .fini          0x0800a3f4        0x8 e:/gnu tools arm embedded/9 2019-q4-major/bin/../lib/gcc/arm-none-eabi/9.2.1/thumb/v7e-m+fp/hard/crtn.o
                0x0800a3fc                . = ALIGN (0x4)
                0x0800a3fc                _etext = .

.vfp11_veneer   0x0800a3fc        0x0
 .vfp11_veneer  0x0800a3fc        0x0 linker stubs

.v4_bx          0x0800a3fc        0x0
 .v4_bx         0x0800a3fc        0x0 linker stubs

.iplt           0x0800a3fc        0x0
 .iplt          0x0800a3fc        0x0 e:/gnu tools arm embedded/9 2019-q4-major/bin/../lib/gcc/arm-none-eabi/9.2.1/thumb/v7e-m+fp/hard/crtbegin.o

.rodata         0x0800a400      0x358
                0x0800a400                . = ALIGN (0x4)
 *(.rodata)
 .rodata        0x0800a400       0x1c build/freertos.o
 *(.rodata*)
 .rodata.MS5611Task.str1.4
                0x0800a41c       0x1e build/sensors.o
 *fill*         0x0800a43a        0x2 
 .rodata.SensorsInit.str1.4
                0x0800a43c        0xb build/sensors.o
 *fill*         0x0800a447        0x1 
 .rodata.str1.4
                0x0800a448        0xc build/freertos.o
 .rodata.flagBitshiftOffset.8495
                0x0800a454        0x8 build/stm32f4xx_hal_dma.o
 .rodata.AHBPrescTable
                0x0800a45c       0x10 build/system_stm32f4xx.o
                0x0800a45c                AHBPrescTable
 .rodata.APBPrescTable
                0x0800a46c        0x8 build/system_stm32f4xx.o
                0x0800a46c                APBPrescTable
 .rodata.vTaskStartScheduler.str1.4
                0x0800a474        0x5 build/tasks.o
 *fill*         0x0800a479        0x3 
 .rodata._global_impure_ptr
                0x0800a47c        0x4 e:/gnu tools arm embedded/9 2019-q4-major/bin/../lib/gcc/arm-none-eabi/9.2.1/../../../../arm-none-eabi/lib/thumb/v7e-m+fp/hard\libc_nano.a(lib_a-impure.o)
                0x0800a47c                _global_impure_ptr
 .rodata._printf_float.str1.1
                0x0800a480       0x12 e:/gnu tools arm embedded/9 2019-q4-major/bin/../lib/gcc/arm-none-eabi/9.2.1/../../../../arm-none-eabi/lib/thumb/v7e-m+fp/hard\libc_nano.a(lib_a-nano-vfprintf_float.o)
 .rodata._printf_i.str1.1
                0x0800a492       0x22 e:/gnu tools arm embedded/9 2019-q4-major/bin/../lib/gcc/arm-none-eabi/9.2.1/../../../../arm-none-eabi/lib/thumb/v7e-m+fp/hard\libc_nano.a(lib_a-nano-vfprintf_i.o)
 .rodata._dtoa_r.str1.1
                0x0800a4b4        0xd e:/gnu tools arm embedded/9 2019-q4-major/bin/../lib/gcc/arm-none-eabi/9.2.1/../../../../arm-none-eabi/lib/thumb/v7e-m+fp/hard\libc_nano.a(lib_a-dtoa.o)
                                  0xf (size before relaxing)
 *fill*         0x0800a4c1        0x3 
 .rodata.__sf_fake_stderr
                0x0800a4c4       0x20 e:/gnu tools arm embedded/9 2019-q4-major/bin/../lib/gcc/arm-none-eabi/9.2.1/../../../../arm-none-eabi/lib/thumb/v7e-m+fp/hard\libc_nano.a(lib_a-findfp.o)
                0x0800a4c4                __sf_fake_stderr
 .rodata.__sf_fake_stdin
                0x0800a4e4       0x20 e:/gnu tools arm embedded/9 2019-q4-major/bin/../lib/gcc/arm-none-eabi/9.2.1/../../../../arm-none-eabi/lib/thumb/v7e-m+fp/hard\libc_nano.a(lib_a-findfp.o)
                0x0800a4e4                __sf_fake_stdin
 .rodata.__sf_fake_stdout
                0x0800a504       0x20 e:/gnu tools arm embedded/9 2019-q4-major/bin/../lib/gcc/arm-none-eabi/9.2.1/../../../../arm-none-eabi/lib/thumb/v7e-m+fp/hard\libc_nano.a(lib_a-findfp.o)
                0x0800a504                __sf_fake_stdout
 *fill*         0x0800a524        0x4 
 .rodata.__mprec_bigtens
                0x0800a528       0x28 e:/gnu tools arm embedded/9 2019-q4-major/bin/../lib/gcc/arm-none-eabi/9.2.1/../../../../arm-none-eabi/lib/thumb/v7e-m+fp/hard\libc_nano.a(lib_a-mprec.o)
                0x0800a528                __mprec_bigtens
 .rodata.__mprec_tens
                0x0800a550       0xc8 e:/gnu tools arm embedded/9 2019-q4-major/bin/../lib/gcc/arm-none-eabi/9.2.1/../../../../arm-none-eabi/lib/thumb/v7e-m+fp/hard\libc_nano.a(lib_a-mprec.o)
                0x0800a550                __mprec_tens
 .rodata.p05.7490
                0x0800a618        0xc e:/gnu tools arm embedded/9 2019-q4-major/bin/../lib/gcc/arm-none-eabi/9.2.1/../../../../arm-none-eabi/lib/thumb/v7e-m+fp/hard\libc_nano.a(lib_a-mprec.o)
 .rodata._vfprintf_r.str1.1
                0x0800a624       0x11 e:/gnu tools arm embedded/9 2019-q4-major/bin/../lib/gcc/arm-none-eabi/9.2.1/../../../../arm-none-eabi/lib/thumb/v7e-m+fp/hard\libc_nano.a(lib_a-nano-vfprintf.o)
 .rodata._setlocale_r.str1.1
                0x0800a635        0x8 e:/gnu tools arm embedded/9 2019-q4-major/bin/../lib/gcc/arm-none-eabi/9.2.1/../../../../arm-none-eabi/lib/thumb/v7e-m+fp/hard\libc_nano.a(lib_a-locale.o)
                                  0x9 (size before relaxing)
 .rodata.str1.1
                0x0800a63d        0x2 e:/gnu tools arm embedded/9 2019-q4-major/bin/../lib/gcc/arm-none-eabi/9.2.1/../../../../arm-none-eabi/lib/thumb/v7e-m+fp/hard\libc_nano.a(lib_a-locale.o)
 .rodata._ctype_
                0x0800a63f      0x101 e:/gnu tools arm embedded/9 2019-q4-major/bin/../lib/gcc/arm-none-eabi/9.2.1/../../../../arm-none-eabi/lib/thumb/v7e-m+fp/hard\libc_nano.a(lib_a-ctype_.o)
                0x0800a63f                _ctype_
 .rodata.pow.str1.4
                0x0800a740        0x4 e:/gnu tools arm embedded/9 2019-q4-major/bin/../lib/gcc/arm-none-eabi/9.2.1/../../../../arm-none-eabi/lib/thumb/v7e-m+fp/hard\libm.a(lib_a-w_pow.o)
 .rodata.__ieee754_pow.str1.4
                0x0800a744        0x4 e:/gnu tools arm embedded/9 2019-q4-major/bin/../lib/gcc/arm-none-eabi/9.2.1/../../../../arm-none-eabi/lib/thumb/v7e-m+fp/hard\libm.a(lib_a-e_pow.o)
                                  0x1 (size before relaxing)
 *fill*         0x0800a744        0x4 
 .rodata.TWO52  0x0800a748       0x10 e:/gnu tools arm embedded/9 2019-q4-major/bin/../lib/gcc/arm-none-eabi/9.2.1/../../../../arm-none-eabi/lib/thumb/v7e-m+fp/hard\libm.a(lib_a-s_rint.o)
                0x0800a758                . = ALIGN (0x4)

.ARM.extab
 *(.ARM.extab* .gnu.linkonce.armextab.*)

.ARM            0x0800a758        0x8
                0x0800a758                __exidx_start = .
 *(.ARM.exidx*)
 .ARM.exidx     0x0800a758        0x8 e:/gnu tools arm embedded/9 2019-q4-major/bin/../lib/gcc/arm-none-eabi/9.2.1/thumb/v7e-m+fp/hard\libgcc.a(_udivmoddi4.o)
                0x0800a760                __exidx_end = .

.rel.dyn        0x0800a760        0x0
 .rel.iplt      0x0800a760        0x0 e:/gnu tools arm embedded/9 2019-q4-major/bin/../lib/gcc/arm-none-eabi/9.2.1/thumb/v7e-m+fp/hard/crtbegin.o

.preinit_array  0x0800a760        0x0
                0x0800a760                PROVIDE (__preinit_array_start = .)
 *(.preinit_array*)
                0x0800a760                PROVIDE (__preinit_array_end = .)

.init_array     0x0800a760        0x4
                0x0800a760                PROVIDE (__init_array_start = .)
 *(SORT_BY_NAME(.init_array.*))
 *(.init_array*)
 .init_array    0x0800a760        0x4 e:/gnu tools arm embedded/9 2019-q4-major/bin/../lib/gcc/arm-none-eabi/9.2.1/thumb/v7e-m+fp/hard/crtbegin.o
                0x0800a764                PROVIDE (__init_array_end = .)

.fini_array     0x0800a764        0x4
                [!provide]                PROVIDE (__fini_array_start = .)
 *(SORT_BY_NAME(.fini_array.*))
 *(.fini_array*)
 .fini_array    0x0800a764        0x4 e:/gnu tools arm embedded/9 2019-q4-major/bin/../lib/gcc/arm-none-eabi/9.2.1/thumb/v7e-m+fp/hard/crtbegin.o
                [!provide]                PROVIDE (__fini_array_end = .)
                0x0800a768                _sidata = LOADADDR (.data)

.data           0x20000000      0x1e4 load address 0x0800a768
                0x20000000                . = ALIGN (0x4)
                0x20000000                _sdata = .
 *(.data)
 *(.data*)
 .data.uwTickFreq
                0x20000000        0x1 build/stm32f4xx_hal.o
                0x20000000                uwTickFreq
 *fill*         0x20000001        0x3 
 .data.uwTickPrio
                0x20000004        0x4 build/stm32f4xx_hal.o
                0x20000004                uwTickPrio
 .data.SystemCoreClock
                0x20000008        0x4 build/system_stm32f4xx.o
                0x20000008                SystemCoreClock
 .data.uxCriticalNesting
                0x2000000c        0x4 build/port.o
 .data._impure_ptr
                0x20000010        0x4 e:/gnu tools arm embedded/9 2019-q4-major/bin/../lib/gcc/arm-none-eabi/9.2.1/../../../../arm-none-eabi/lib/thumb/v7e-m+fp/hard\libc_nano.a(lib_a-impure.o)
                0x20000010                _impure_ptr
 .data.impure_data
                0x20000014       0x60 e:/gnu tools arm embedded/9 2019-q4-major/bin/../lib/gcc/arm-none-eabi/9.2.1/../../../../arm-none-eabi/lib/thumb/v7e-m+fp/hard\libc_nano.a(lib_a-impure.o)
 .data.__global_locale
                0x20000074      0x16c e:/gnu tools arm embedded/9 2019-q4-major/bin/../lib/gcc/arm-none-eabi/9.2.1/../../../../arm-none-eabi/lib/thumb/v7e-m+fp/hard\libc_nano.a(lib_a-locale.o)
                0x20000074                __global_locale
 .data.__fdlib_version
                0x200001e0        0x1 e:/gnu tools arm embedded/9 2019-q4-major/bin/../lib/gcc/arm-none-eabi/9.2.1/../../../../arm-none-eabi/lib/thumb/v7e-m+fp/hard\libm.a(lib_a-s_lib_ver.o)
                0x200001e0                __fdlib_version
                0x200001e4                . = ALIGN (0x4)
 *fill*         0x200001e1        0x3 
                0x200001e4                _edata = .
                0x0800a94c                _siccmram = LOADADDR (.ccmram)

.igot.plt       0x200001e4        0x0 load address 0x0800a94c
 .igot.plt      0x200001e4        0x0 e:/gnu tools arm embedded/9 2019-q4-major/bin/../lib/gcc/arm-none-eabi/9.2.1/thumb/v7e-m+fp/hard/crtbegin.o

.ccmram         0x10000000        0x0 load address 0x0800a94c
                0x10000000                . = ALIGN (0x4)
                0x10000000                _sccmram = .
 *(.ccmram)
 *(.ccmram*)
                0x10000000                . = ALIGN (0x4)
                0x10000000                _eccmram = .
                0x10000000                . = ALIGN (0x4)

.bss            0x200001e8     0x4e70
                0x200001e8                _sbss = .
                0x200001e8                __bss_start__ = _sbss
 *(.bss)
 .bss           0x200001e8       0x1c e:/gnu tools arm embedded/9 2019-q4-major/bin/../lib/gcc/arm-none-eabi/9.2.1/thumb/v7e-m+fp/hard/crtbegin.o
 *(.bss*)
 .bss.old_pos.9937
                0x20000204        0x4 build/usart2.o
 .bss.rx_buffer
                0x20000208       0x80 build/usart2.o
 .bss.OFF_t2    0x20000288        0x8 build/ms5611.o
 .bss.SENS_t2   0x20000290        0x8 build/ms5611.o
 .bss.TCO       0x20000298        0x2 build/ms5611.o
 .bss.TCS       0x2000029a        0x2 build/ms5611.o
 .bss.TEMPSENS  0x2000029c        0x2 build/ms5611.o
 .bss.TREF      0x2000029e        0x2 build/ms5611.o
 .bss.altitude  0x200002a0        0x4 build/ms5611.o
 .bss.buffer    0x200002a4        0x3 build/ms5611.o
 .bss.command   0x200002a7        0x1 build/ms5611.o
 .bss.osSys_ms5611_taskStackBuffer
                0x200002a8      0xa00 build/sensors.o
 .bss.osSys_ms5611_taskTaskBuffer
                0x20000ca8       0x54 build/sensors.o
 .bss.i2c1_notify
                0x20000cfc        0x4 build/i2c1.o
 .bss.xIdleStack
                0x20000d00      0x200 build/freertos.o
 .bss.xIdleTaskTCBBuffer
                0x20000f00       0x54 build/freertos.o
 .bss.pxCurrentTCB
                0x20000f54        0x4 build/tasks.o
                0x20000f54                pxCurrentTCB
 .bss.pxDelayedTaskList
                0x20000f58        0x4 build/tasks.o
 .bss.pxOverflowDelayedTaskList
                0x20000f5c        0x4 build/tasks.o
 .bss.pxReadyTasksLists
                0x20000f60       0x8c build/tasks.o
 .bss.uxCurrentNumberOfTasks
                0x20000fec        0x4 build/tasks.o
 .bss.uxDeletedTasksWaitingCleanUp
                0x20000ff0        0x4 build/tasks.o
 .bss.uxPendedTicks
                0x20000ff4        0x4 build/tasks.o
 .bss.uxSchedulerSuspended
                0x20000ff8        0x4 build/tasks.o
 .bss.uxTaskNumber
                0x20000ffc        0x4 build/tasks.o
 .bss.uxTopReadyPriority
                0x20001000        0x4 build/tasks.o
 .bss.xDelayedTaskList1
                0x20001004       0x14 build/tasks.o
 .bss.xDelayedTaskList2
                0x20001018       0x14 build/tasks.o
 .bss.xNextTaskUnblockTime
                0x2000102c        0x4 build/tasks.o
 .bss.xNumOfOverflows
                0x20001030        0x4 build/tasks.o
 .bss.xPendingReadyList
                0x20001034       0x14 build/tasks.o
 .bss.xSchedulerRunning
                0x20001048        0x4 build/tasks.o
 .bss.xSuspendedTaskList
                0x2000104c       0x14 build/tasks.o
 .bss.xTasksWaitingTermination
                0x20001060       0x14 build/tasks.o
 .bss.xTickCount
                0x20001074        0x4 build/tasks.o
 .bss.xYieldPending
                0x20001078        0x4 build/tasks.o
 .bss.pxEnd     0x2000107c        0x4 build/heap_4.o
 .bss.ucHeap    0x20001080     0x3c00 build/heap_4.o
 .bss.xBlockAllocatedBit
                0x20004c80        0x4 build/heap_4.o
 .bss.xFreeBytesRemaining
                0x20004c84        0x4 build/heap_4.o
 .bss.xMinimumEverFreeBytesRemaining
                0x20004c88        0x4 build/heap_4.o
 .bss.xStart    0x20004c8c        0x8 build/heap_4.o
 .bss.ucMaxSysCallPriority
                0x20004c94        0x1 build/port.o
 *fill*         0x20004c95        0x3 
 .bss.ulMaxPRIGROUPValue
                0x20004c98        0x4 build/port.o
 .bss.__malloc_free_list
                0x20004c9c        0x4 e:/gnu tools arm embedded/9 2019-q4-major/bin/../lib/gcc/arm-none-eabi/9.2.1/../../../../arm-none-eabi/lib/thumb/v7e-m+fp/hard\libc_nano.a(lib_a-nano-mallocr.o)
                0x20004c9c                __malloc_free_list
 .bss.__malloc_sbrk_start
                0x20004ca0        0x4 e:/gnu tools arm embedded/9 2019-q4-major/bin/../lib/gcc/arm-none-eabi/9.2.1/../../../../arm-none-eabi/lib/thumb/v7e-m+fp/hard\libc_nano.a(lib_a-nano-mallocr.o)
                0x20004ca0                __malloc_sbrk_start
 .bss.heap_end.5507
                0x20004ca4        0x4 e:/gnu tools arm embedded/9 2019-q4-major/bin/../lib/gcc/arm-none-eabi/9.2.1/../../../../arm-none-eabi/lib/thumb/v7e-m+fp/hard\libnosys.a(sbrk.o)
 *(COMMON)
 COMMON         0x20004ca8        0x4 build/usart2.o
                0x20004ca8                usart2_queue
 COMMON         0x20004cac        0x4 build/freertos.o
                0x20004cac                defaultTaskHandle
 COMMON         0x20004cb0      0x114 build/i2c.o
                0x20004cb0                hdma_i2c1_tx
                0x20004d10                hi2c1
                0x20004d64                hdma_i2c1_rx
 COMMON         0x20004dc4       0x40 build/tim.o
                0x20004dc4                htim4
 COMMON         0x20004e04      0x200 build/usart.o
                0x20004e04                hdma_usart2_rx
                0x20004e64                hdma_usart1_tx
                0x20004ec4                hdma_usart1_rx
                0x20004f24                hdma_usart2_tx
                0x20004f84                huart1
                0x20004fc4                huart2
 COMMON         0x20005004       0x40 build/stm32f4xx_hal_timebase_tim.o
                0x20005004                htim7
 COMMON         0x20005044        0x4 build/stm32f4xx_hal.o
                0x20005044                uwTick
 COMMON         0x20005048        0x9 e:/gnu tools arm embedded/9 2019-q4-major/bin/../lib/gcc/arm-none-eabi/9.2.1/../../../../arm-none-eabi/lib/thumb/v7e-m+fp/hard\libc_nano.a(lib_a-lock.o)
                0x20005048                __lock___atexit_recursive_mutex
                0x20005049                __lock___arc4random_mutex
                0x2000504a                __lock___env_recursive_mutex
                0x2000504b                __lock___sinit_recursive_mutex
                0x2000504c                __lock___malloc_recursive_mutex
                0x2000504d                __lock___at_quick_exit_mutex
                0x2000504e                __lock___dd_hash_mutex
                0x2000504f                __lock___tz_mutex
                0x20005050                __lock___sfp_recursive_mutex
 *fill*         0x20005051        0x3 
 COMMON         0x20005054        0x4 e:/gnu tools arm embedded/9 2019-q4-major/bin/../lib/gcc/arm-none-eabi/9.2.1/../../../../arm-none-eabi/lib/thumb/v7e-m+fp/hard\libc_nano.a(lib_a-reent.o)
                0x20005054                errno
                0x20005058                . = ALIGN (0x4)
                0x20005058                _ebss = .
                0x20005058                __bss_end__ = _ebss

._user_heap_stack
                0x20005058      0x600
                0x20005058                . = ALIGN (0x8)
                0x20005058                PROVIDE (end = .)
                [!provide]                PROVIDE (_end = .)
                0x20005258                . = (. + _Min_Heap_Size)
 *fill*         0x20005058      0x200 
                0x20005658                . = (. + _Min_Stack_Size)
 *fill*         0x20005258      0x400 
                0x20005658                . = ALIGN (0x8)

/DISCARD/
 libc.a(*)
 libm.a(*)
 libgcc.a(*)

.ARM.attributes
                0x00000000       0x30
 *(.ARM.attributes)
 .ARM.attributes
                0x00000000       0x1e e:/gnu tools arm embedded/9 2019-q4-major/bin/../lib/gcc/arm-none-eabi/9.2.1/thumb/v7e-m+fp/hard/crti.o
 .ARM.attributes
                0x0000001e       0x34 e:/gnu tools arm embedded/9 2019-q4-major/bin/../lib/gcc/arm-none-eabi/9.2.1/thumb/v7e-m+fp/hard/crtbegin.o
 .ARM.attributes
                0x00000052       0x34 build/usart2.o
 .ARM.attributes
                0x00000086       0x34 build/utils.o
 .ARM.attributes
                0x000000ba       0x34 build/ms5611.o
 .ARM.attributes
                0x000000ee       0x34 build/sensors.o
 .ARM.attributes
                0x00000122       0x34 build/i2c1.o
 .ARM.attributes
                0x00000156       0x34 build/main.o
 .ARM.attributes
                0x0000018a       0x34 build/gpio.o
 .ARM.attributes
                0x000001be       0x34 build/dma.o
 .ARM.attributes
                0x000001f2       0x34 build/freertos.o
 .ARM.attributes
                0x00000226       0x34 build/i2c.o
 .ARM.attributes
                0x0000025a       0x34 build/tim.o
 .ARM.attributes
                0x0000028e       0x34 build/usart.o
 .ARM.attributes
                0x000002c2       0x34 build/stm32f4xx_it.o
 .ARM.attributes
                0x000002f6       0x34 build/stm32f4xx_hal_msp.o
 .ARM.attributes
                0x0000032a       0x34 build/stm32f4xx_hal_timebase_tim.o
 .ARM.attributes
                0x0000035e       0x34 build/stm32f4xx_hal_rcc.o
 .ARM.attributes
                0x00000392       0x34 build/stm32f4xx_hal_gpio.o
 .ARM.attributes
                0x000003c6       0x34 build/stm32f4xx_hal_dma.o
 .ARM.attributes
                0x000003fa       0x34 build/stm32f4xx_hal_cortex.o
 .ARM.attributes
                0x0000042e       0x34 build/stm32f4xx_hal.o
 .ARM.attributes
                0x00000462       0x34 build/stm32f4xx_hal_i2c.o
 .ARM.attributes
                0x00000496       0x34 build/stm32f4xx_hal_tim.o
 .ARM.attributes
                0x000004ca       0x34 build/stm32f4xx_hal_tim_ex.o
 .ARM.attributes
                0x000004fe       0x34 build/stm32f4xx_hal_uart.o
 .ARM.attributes
                0x00000532       0x34 build/system_stm32f4xx.o
 .ARM.attributes
                0x00000566       0x34 build/list.o
 .ARM.attributes
                0x0000059a       0x34 build/queue.o
 .ARM.attributes
                0x000005ce       0x34 build/tasks.o
 .ARM.attributes
                0x00000602       0x34 build/cmsis_os.o
 .ARM.attributes
                0x00000636       0x34 build/heap_4.o
 .ARM.attributes
                0x0000066a       0x34 build/port.o
 .ARM.attributes
                0x0000069e       0x21 build/startup_stm32f407xx.o
 .ARM.attributes
                0x000006bf       0x32 e:/gnu tools arm embedded/9 2019-q4-major/bin/../lib/gcc/arm-none-eabi/9.2.1/../../../../arm-none-eabi/lib/thumb/v7e-m+fp/hard\libc_nano.a(lib_a-impure.o)
 .ARM.attributes
                0x000006f1       0x34 e:/gnu tools arm embedded/9 2019-q4-major/bin/../lib/gcc/arm-none-eabi/9.2.1/../../../../arm-none-eabi/lib/thumb/v7e-m+fp/hard\libc_nano.a(lib_a-init.o)
 .ARM.attributes
                0x00000725       0x34 e:/gnu tools arm embedded/9 2019-q4-major/bin/../lib/gcc/arm-none-eabi/9.2.1/../../../../arm-none-eabi/lib/thumb/v7e-m+fp/hard\libc_nano.a(lib_a-memcpy-stub.o)
 .ARM.attributes
                0x00000759       0x34 e:/gnu tools arm embedded/9 2019-q4-major/bin/../lib/gcc/arm-none-eabi/9.2.1/../../../../arm-none-eabi/lib/thumb/v7e-m+fp/hard\libc_nano.a(lib_a-memset.o)
 .ARM.attributes
                0x0000078d       0x34 e:/gnu tools arm embedded/9 2019-q4-major/bin/../lib/gcc/arm-none-eabi/9.2.1/../../../../arm-none-eabi/lib/thumb/v7e-m+fp/hard\libc_nano.a(lib_a-nano-vfprintf_float.o)
 .ARM.attributes
                0x000007c1       0x34 e:/gnu tools arm embedded/9 2019-q4-major/bin/../lib/gcc/arm-none-eabi/9.2.1/../../../../arm-none-eabi/lib/thumb/v7e-m+fp/hard\libc_nano.a(lib_a-nano-vfprintf_i.o)
 .ARM.attributes
                0x000007f5       0x34 e:/gnu tools arm embedded/9 2019-q4-major/bin/../lib/gcc/arm-none-eabi/9.2.1/../../../../arm-none-eabi/lib/thumb/v7e-m+fp/hard\libc_nano.a(lib_a-printf.o)
 .ARM.attributes
                0x00000829       0x34 e:/gnu tools arm embedded/9 2019-q4-major/bin/../lib/gcc/arm-none-eabi/9.2.1/../../../../arm-none-eabi/lib/thumb/v7e-m+fp/hard\libc_nano.a(lib_a-puts.o)
 .ARM.attributes
                0x0000085d       0x17 e:/gnu tools arm embedded/9 2019-q4-major/bin/../lib/gcc/arm-none-eabi/9.2.1/../../../../arm-none-eabi/lib/thumb/v7e-m+fp/hard\libc_nano.a(lib_a-strlen.o)
 .ARM.attributes
                0x00000874       0x34 e:/gnu tools arm embedded/9 2019-q4-major/bin/../lib/gcc/arm-none-eabi/9.2.1/../../../../arm-none-eabi/lib/thumb/v7e-m+fp/hard\libc_nano.a(lib_a-wbuf.o)
 .ARM.attributes
                0x000008a8       0x34 e:/gnu tools arm embedded/9 2019-q4-major/bin/../lib/gcc/arm-none-eabi/9.2.1/../../../../arm-none-eabi/lib/thumb/v7e-m+fp/hard\libc_nano.a(lib_a-wsetup.o)
 .ARM.attributes
                0x000008dc       0x34 e:/gnu tools arm embedded/9 2019-q4-major/bin/../lib/gcc/arm-none-eabi/9.2.1/../../../../arm-none-eabi/lib/thumb/v7e-m+fp/hard\libc_nano.a(lib_a-dtoa.o)
 .ARM.attributes
                0x00000910       0x34 e:/gnu tools arm embedded/9 2019-q4-major/bin/../lib/gcc/arm-none-eabi/9.2.1/../../../../arm-none-eabi/lib/thumb/v7e-m+fp/hard\libc_nano.a(lib_a-fflush.o)
 .ARM.attributes
                0x00000944       0x34 e:/gnu tools arm embedded/9 2019-q4-major/bin/../lib/gcc/arm-none-eabi/9.2.1/../../../../arm-none-eabi/lib/thumb/v7e-m+fp/hard\libc_nano.a(lib_a-findfp.o)
 .ARM.attributes
                0x00000978       0x34 e:/gnu tools arm embedded/9 2019-q4-major/bin/../lib/gcc/arm-none-eabi/9.2.1/../../../../arm-none-eabi/lib/thumb/v7e-m+fp/hard\libc_nano.a(lib_a-fwalk.o)
 .ARM.attributes
                0x000009ac       0x34 e:/gnu tools arm embedded/9 2019-q4-major/bin/../lib/gcc/arm-none-eabi/9.2.1/../../../../arm-none-eabi/lib/thumb/v7e-m+fp/hard\libc_nano.a(lib_a-localeconv.o)
 .ARM.attributes
                0x000009e0       0x34 e:/gnu tools arm embedded/9 2019-q4-major/bin/../lib/gcc/arm-none-eabi/9.2.1/../../../../arm-none-eabi/lib/thumb/v7e-m+fp/hard\libc_nano.a(lib_a-lock.o)
 .ARM.attributes
                0x00000a14       0x34 e:/gnu tools arm embedded/9 2019-q4-major/bin/../lib/gcc/arm-none-eabi/9.2.1/../../../../arm-none-eabi/lib/thumb/v7e-m+fp/hard\libc_nano.a(lib_a-makebuf.o)
 .ARM.attributes
                0x00000a48       0x34 e:/gnu tools arm embedded/9 2019-q4-major/bin/../lib/gcc/arm-none-eabi/9.2.1/../../../../arm-none-eabi/lib/thumb/v7e-m+fp/hard\libc_nano.a(lib_a-malloc.o)
 .ARM.attributes
                0x00000a7c       0x1c e:/gnu tools arm embedded/9 2019-q4-major/bin/../lib/gcc/arm-none-eabi/9.2.1/../../../../arm-none-eabi/lib/thumb/v7e-m+fp/hard\libc_nano.a(lib_a-memchr.o)
 .ARM.attributes
                0x00000a98       0x34 e:/gnu tools arm embedded/9 2019-q4-major/bin/../lib/gcc/arm-none-eabi/9.2.1/../../../../arm-none-eabi/lib/thumb/v7e-m+fp/hard\libc_nano.a(lib_a-mprec.o)
 .ARM.attributes
                0x00000acc       0x34 e:/gnu tools arm embedded/9 2019-q4-major/bin/../lib/gcc/arm-none-eabi/9.2.1/../../../../arm-none-eabi/lib/thumb/v7e-m+fp/hard\libc_nano.a(lib_a-nano-callocr.o)
 .ARM.attributes
                0x00000b00       0x34 e:/gnu tools arm embedded/9 2019-q4-major/bin/../lib/gcc/arm-none-eabi/9.2.1/../../../../arm-none-eabi/lib/thumb/v7e-m+fp/hard\libc_nano.a(lib_a-nano-freer.o)
 .ARM.attributes
                0x00000b34       0x34 e:/gnu tools arm embedded/9 2019-q4-major/bin/../lib/gcc/arm-none-eabi/9.2.1/../../../../arm-none-eabi/lib/thumb/v7e-m+fp/hard\libc_nano.a(lib_a-nano-mallocr.o)
 .ARM.attributes
                0x00000b68       0x34 e:/gnu tools arm embedded/9 2019-q4-major/bin/../lib/gcc/arm-none-eabi/9.2.1/../../../../arm-none-eabi/lib/thumb/v7e-m+fp/hard\libc_nano.a(lib_a-nano-vfprintf.o)
 .ARM.attributes
                0x00000b9c       0x34 e:/gnu tools arm embedded/9 2019-q4-major/bin/../lib/gcc/arm-none-eabi/9.2.1/../../../../arm-none-eabi/lib/thumb/v7e-m+fp/hard\libc_nano.a(lib_a-sbrkr.o)
 .ARM.attributes
                0x00000bd0       0x34 e:/gnu tools arm embedded/9 2019-q4-major/bin/../lib/gcc/arm-none-eabi/9.2.1/../../../../arm-none-eabi/lib/thumb/v7e-m+fp/hard\libc_nano.a(lib_a-stdio.o)
 .ARM.attributes
                0x00000c04       0x34 e:/gnu tools arm embedded/9 2019-q4-major/bin/../lib/gcc/arm-none-eabi/9.2.1/../../../../arm-none-eabi/lib/thumb/v7e-m+fp/hard\libc_nano.a(lib_a-writer.o)
 .ARM.attributes
                0x00000c38       0x34 e:/gnu tools arm embedded/9 2019-q4-major/bin/../lib/gcc/arm-none-eabi/9.2.1/../../../../arm-none-eabi/lib/thumb/v7e-m+fp/hard\libc_nano.a(lib_a-closer.o)
 .ARM.attributes
                0x00000c6c       0x34 e:/gnu tools arm embedded/9 2019-q4-major/bin/../lib/gcc/arm-none-eabi/9.2.1/../../../../arm-none-eabi/lib/thumb/v7e-m+fp/hard\libc_nano.a(lib_a-fstatr.o)
 .ARM.attributes
                0x00000ca0       0x34 e:/gnu tools arm embedded/9 2019-q4-major/bin/../lib/gcc/arm-none-eabi/9.2.1/../../../../arm-none-eabi/lib/thumb/v7e-m+fp/hard\libc_nano.a(lib_a-isattyr.o)
 .ARM.attributes
                0x00000cd4       0x34 e:/gnu tools arm embedded/9 2019-q4-major/bin/../lib/gcc/arm-none-eabi/9.2.1/../../../../arm-none-eabi/lib/thumb/v7e-m+fp/hard\libc_nano.a(lib_a-locale.o)
 .ARM.attributes
                0x00000d08       0x34 e:/gnu tools arm embedded/9 2019-q4-major/bin/../lib/gcc/arm-none-eabi/9.2.1/../../../../arm-none-eabi/lib/thumb/v7e-m+fp/hard\libc_nano.a(lib_a-lseekr.o)
 .ARM.attributes
                0x00000d3c       0x34 e:/gnu tools arm embedded/9 2019-q4-major/bin/../lib/gcc/arm-none-eabi/9.2.1/../../../../arm-none-eabi/lib/thumb/v7e-m+fp/hard\libc_nano.a(lib_a-mbtowc_r.o)
 .ARM.attributes
                0x00000d70       0x34 e:/gnu tools arm embedded/9 2019-q4-major/bin/../lib/gcc/arm-none-eabi/9.2.1/../../../../arm-none-eabi/lib/thumb/v7e-m+fp/hard\libc_nano.a(lib_a-mlock.o)
 .ARM.attributes
                0x00000da4       0x34 e:/gnu tools arm embedded/9 2019-q4-major/bin/../lib/gcc/arm-none-eabi/9.2.1/../../../../arm-none-eabi/lib/thumb/v7e-m+fp/hard\libc_nano.a(lib_a-readr.o)
 .ARM.attributes
                0x00000dd8       0x34 e:/gnu tools arm embedded/9 2019-q4-major/bin/../lib/gcc/arm-none-eabi/9.2.1/../../../../arm-none-eabi/lib/thumb/v7e-m+fp/hard\libc_nano.a(lib_a-reent.o)
 .ARM.attributes
                0x00000e0c       0x34 e:/gnu tools arm embedded/9 2019-q4-major/bin/../lib/gcc/arm-none-eabi/9.2.1/../../../../arm-none-eabi/lib/thumb/v7e-m+fp/hard\libc_nano.a(lib_a-wctomb_r.o)
 .ARM.attributes
                0x00000e40       0x32 e:/gnu tools arm embedded/9 2019-q4-major/bin/../lib/gcc/arm-none-eabi/9.2.1/../../../../arm-none-eabi/lib/thumb/v7e-m+fp/hard\libc_nano.a(lib_a-ctype_.o)
 .ARM.attributes
                0x00000e72       0x34 e:/gnu tools arm embedded/9 2019-q4-major/bin/../lib/gcc/arm-none-eabi/9.2.1/../../../../arm-none-eabi/lib/thumb/v7e-m+fp/hard\libm.a(lib_a-w_pow.o)
 .ARM.attributes
                0x00000ea6       0x34 e:/gnu tools arm embedded/9 2019-q4-major/bin/../lib/gcc/arm-none-eabi/9.2.1/../../../../arm-none-eabi/lib/thumb/v7e-m+fp/hard\libm.a(lib_a-e_pow.o)
 .ARM.attributes
                0x00000eda       0x34 e:/gnu tools arm embedded/9 2019-q4-major/bin/../lib/gcc/arm-none-eabi/9.2.1/../../../../arm-none-eabi/lib/thumb/v7e-m+fp/hard\libm.a(lib_a-e_sqrt.o)
 .ARM.attributes
                0x00000f0e       0x34 e:/gnu tools arm embedded/9 2019-q4-major/bin/../lib/gcc/arm-none-eabi/9.2.1/../../../../arm-none-eabi/lib/thumb/v7e-m+fp/hard\libm.a(lib_a-s_fabs.o)
 .ARM.attributes
                0x00000f42       0x34 e:/gnu tools arm embedded/9 2019-q4-major/bin/../lib/gcc/arm-none-eabi/9.2.1/../../../../arm-none-eabi/lib/thumb/v7e-m+fp/hard\libm.a(lib_a-s_finite.o)
 .ARM.attributes
                0x00000f76       0x32 e:/gnu tools arm embedded/9 2019-q4-major/bin/../lib/gcc/arm-none-eabi/9.2.1/../../../../arm-none-eabi/lib/thumb/v7e-m+fp/hard\libm.a(lib_a-s_lib_ver.o)
 .ARM.attributes
                0x00000fa8       0x34 e:/gnu tools arm embedded/9 2019-q4-major/bin/../lib/gcc/arm-none-eabi/9.2.1/../../../../arm-none-eabi/lib/thumb/v7e-m+fp/hard\libm.a(lib_a-s_matherr.o)
 .ARM.attributes
                0x00000fdc       0x34 e:/gnu tools arm embedded/9 2019-q4-major/bin/../lib/gcc/arm-none-eabi/9.2.1/../../../../arm-none-eabi/lib/thumb/v7e-m+fp/hard\libm.a(lib_a-s_nan.o)
 .ARM.attributes
                0x00001010       0x34 e:/gnu tools arm embedded/9 2019-q4-major/bin/../lib/gcc/arm-none-eabi/9.2.1/../../../../arm-none-eabi/lib/thumb/v7e-m+fp/hard\libm.a(lib_a-s_rint.o)
 .ARM.attributes
                0x00001044       0x34 e:/gnu tools arm embedded/9 2019-q4-major/bin/../lib/gcc/arm-none-eabi/9.2.1/../../../../arm-none-eabi/lib/thumb/v7e-m+fp/hard\libm.a(lib_a-s_scalbn.o)
 .ARM.attributes
                0x00001078       0x34 e:/gnu tools arm embedded/9 2019-q4-major/bin/../lib/gcc/arm-none-eabi/9.2.1/../../../../arm-none-eabi/lib/thumb/v7e-m+fp/hard\libnosys.a(close.o)
 .ARM.attributes
                0x000010ac       0x34 e:/gnu tools arm embedded/9 2019-q4-major/bin/../lib/gcc/arm-none-eabi/9.2.1/../../../../arm-none-eabi/lib/thumb/v7e-m+fp/hard\libnosys.a(fstat.o)
 .ARM.attributes
                0x000010e0       0x34 e:/gnu tools arm embedded/9 2019-q4-major/bin/../lib/gcc/arm-none-eabi/9.2.1/../../../../arm-none-eabi/lib/thumb/v7e-m+fp/hard\libnosys.a(isatty.o)
 .ARM.attributes
                0x00001114       0x34 e:/gnu tools arm embedded/9 2019-q4-major/bin/../lib/gcc/arm-none-eabi/9.2.1/../../../../arm-none-eabi/lib/thumb/v7e-m+fp/hard\libnosys.a(lseek.o)
 .ARM.attributes
                0x00001148       0x34 e:/gnu tools arm embedded/9 2019-q4-major/bin/../lib/gcc/arm-none-eabi/9.2.1/../../../../arm-none-eabi/lib/thumb/v7e-m+fp/hard\libnosys.a(read.o)
 .ARM.attributes
                0x0000117c       0x34 e:/gnu tools arm embedded/9 2019-q4-major/bin/../lib/gcc/arm-none-eabi/9.2.1/../../../../arm-none-eabi/lib/thumb/v7e-m+fp/hard\libnosys.a(sbrk.o)
 .ARM.attributes
                0x000011b0       0x1e e:/gnu tools arm embedded/9 2019-q4-major/bin/../lib/gcc/arm-none-eabi/9.2.1/thumb/v7e-m+fp/hard\libgcc.a(_arm_addsubdf3.o)
 .ARM.attributes
                0x000011ce       0x1e e:/gnu tools arm embedded/9 2019-q4-major/bin/../lib/gcc/arm-none-eabi/9.2.1/thumb/v7e-m+fp/hard\libgcc.a(_arm_muldivdf3.o)
 .ARM.attributes
                0x000011ec       0x1e e:/gnu tools arm embedded/9 2019-q4-major/bin/../lib/gcc/arm-none-eabi/9.2.1/thumb/v7e-m+fp/hard\libgcc.a(_arm_cmpdf2.o)
 .ARM.attributes
                0x0000120a       0x1e e:/gnu tools arm embedded/9 2019-q4-major/bin/../lib/gcc/arm-none-eabi/9.2.1/thumb/v7e-m+fp/hard\libgcc.a(_arm_unorddf2.o)
 .ARM.attributes
                0x00001228       0x1e e:/gnu tools arm embedded/9 2019-q4-major/bin/../lib/gcc/arm-none-eabi/9.2.1/thumb/v7e-m+fp/hard\libgcc.a(_arm_fixdfsi.o)
 .ARM.attributes
                0x00001246       0x1e e:/gnu tools arm embedded/9 2019-q4-major/bin/../lib/gcc/arm-none-eabi/9.2.1/thumb/v7e-m+fp/hard\libgcc.a(_arm_truncdfsf2.o)
 .ARM.attributes
                0x00001264       0x1e e:/gnu tools arm embedded/9 2019-q4-major/bin/../lib/gcc/arm-none-eabi/9.2.1/thumb/v7e-m+fp/hard\libgcc.a(_aeabi_uldivmod.o)
 .ARM.attributes
                0x00001282       0x34 e:/gnu tools arm embedded/9 2019-q4-major/bin/../lib/gcc/arm-none-eabi/9.2.1/thumb/v7e-m+fp/hard\libgcc.a(_udivmoddi4.o)
 .ARM.attributes