Archive member included to satisfy reference by file (symbol)

e:/gnu tools arm embedded/9 2019-q4-major/bin/../lib/gcc/arm-none-eabi/9.2.1/../../../../arm-none-eabi/lib/thumb/v7e-m+fp/hard\libc_nano.a(lib_a-exit.o)
                              e:/gnu tools arm embedded/9 2019-q4-major/bin/../lib/gcc/arm-none-eabi/9.2.1/../../../../arm-none-eabi/lib/thumb/v7e-m+fp/hard/crt0.o (exit)
e:/gnu tools arm embedded/9 2019-q4-major/bin/../lib/gcc/arm-none-eabi/9.2.1/../../../../arm-none-eabi/lib/thumb/v7e-m+fp/hard\libc_nano.a(lib_a-impure.o)
                              e:/gnu tools arm embedded/9 2019-q4-major/bin/../lib/gcc/arm-none-eabi/9.2.1/../../../../arm-none-eabi/lib/thumb/v7e-m+fp/hard\libc_nano.a(lib_a-exit.o) (_global_impure_ptr)
e:/gnu tools arm embedded/9 2019-q4-major/bin/../lib/gcc/arm-none-eabi/9.2.1/../../../../arm-none-eabi/lib/thumb/v7e-m+fp/hard\libc_nano.a(lib_a-init.o)
                              e:/gnu tools arm embedded/9 2019-q4-major/bin/../lib/gcc/arm-none-eabi/9.2.1/../../../../arm-none-eabi/lib/thumb/v7e-m+fp/hard/crt0.o (__libc_init_array)
e:/gnu tools arm embedded/9 2019-q4-major/bin/../lib/gcc/arm-none-eabi/9.2.1/../../../../arm-none-eabi/lib/thumb/v7e-m+fp/hard\libc_nano.a(lib_a-memcmp.o)
                              build/mavlink_task.o (memcmp)
e:/gnu tools arm embedded/9 2019-q4-major/bin/../lib/gcc/arm-none-eabi/9.2.1/../../../../arm-none-eabi/lib/thumb/v7e-m+fp/hard\libc_nano.a(lib_a-memcpy-stub.o)
                              build/mavlink_task.o (memcpy)
e:/gnu tools arm embedded/9 2019-q4-major/bin/../lib/gcc/arm-none-eabi/9.2.1/../../../../arm-none-eabi/lib/thumb/v7e-m+fp/hard\libc_nano.a(lib_a-memset.o)
                              e:/gnu tools arm embedded/9 2019-q4-major/bin/../lib/gcc/arm-none-eabi/9.2.1/../../../../arm-none-eabi/lib/thumb/v7e-m+fp/hard/crt0.o (memset)
e:/gnu tools arm embedded/9 2019-q4-major/bin/../lib/gcc/arm-none-eabi/9.2.1/../../../../arm-none-eabi/lib/thumb/v7e-m+fp/hard\libc_nano.a(lib_a-nano-vfprintf_float.o)
                              (_printf_float)
e:/gnu tools arm embedded/9 2019-q4-major/bin/../lib/gcc/arm-none-eabi/9.2.1/../../../../arm-none-eabi/lib/thumb/v7e-m+fp/hard\libc_nano.a(lib_a-nano-vfprintf_i.o)
                              e:/gnu tools arm embedded/9 2019-q4-major/bin/../lib/gcc/arm-none-eabi/9.2.1/../../../../arm-none-eabi/lib/thumb/v7e-m+fp/hard\libc_nano.a(lib_a-nano-vfprintf_float.o) (_printf_common)
e:/gnu tools arm embedded/9 2019-q4-major/bin/../lib/gcc/arm-none-eabi/9.2.1/../../../../arm-none-eabi/lib/thumb/v7e-m+fp/hard\libc_nano.a(lib_a-printf.o)
                              build/mavlink_task.o (printf)
e:/gnu tools arm embedded/9 2019-q4-major/bin/../lib/gcc/arm-none-eabi/9.2.1/../../../../arm-none-eabi/lib/thumb/v7e-m+fp/hard\libc_nano.a(lib_a-puts.o)
                              build/mavlink_task.o (puts)
e:/gnu tools arm embedded/9 2019-q4-major/bin/../lib/gcc/arm-none-eabi/9.2.1/../../../../arm-none-eabi/lib/thumb/v7e-m+fp/hard\libc_nano.a(lib_a-strlen.o)
                              e:/gnu tools arm embedded/9 2019-q4-major/bin/../lib/gcc/arm-none-eabi/9.2.1/../../../../arm-none-eabi/lib/thumb/v7e-m+fp/hard\libc_nano.a(lib_a-nano-vfprintf_float.o) (strlen)
e:/gnu tools arm embedded/9 2019-q4-major/bin/../lib/gcc/arm-none-eabi/9.2.1/../../../../arm-none-eabi/lib/thumb/v7e-m+fp/hard\libc_nano.a(lib_a-wbuf.o)
                              e:/gnu tools arm embedded/9 2019-q4-major/bin/../lib/gcc/arm-none-eabi/9.2.1/../../../../arm-none-eabi/lib/thumb/v7e-m+fp/hard\libc_nano.a(lib_a-puts.o) (__swbuf_r)
e:/gnu tools arm embedded/9 2019-q4-major/bin/../lib/gcc/arm-none-eabi/9.2.1/../../../../arm-none-eabi/lib/thumb/v7e-m+fp/hard\libc_nano.a(lib_a-wsetup.o)
                              e:/gnu tools arm embedded/9 2019-q4-major/bin/../lib/gcc/arm-none-eabi/9.2.1/../../../../arm-none-eabi/lib/thumb/v7e-m+fp/hard\libc_nano.a(lib_a-puts.o) (__swsetup_r)
e:/gnu tools arm embedded/9 2019-q4-major/bin/../lib/gcc/arm-none-eabi/9.2.1/../../../../arm-none-eabi/lib/thumb/v7e-m+fp/hard\libc_nano.a(lib_a-dtoa.o)
                              e:/gnu tools arm embedded/9 2019-q4-major/bin/../lib/gcc/arm-none-eabi/9.2.1/../../../../arm-none-eabi/lib/thumb/v7e-m+fp/hard\libc_nano.a(lib_a-nano-vfprintf_float.o) (_dtoa_r)
e:/gnu tools arm embedded/9 2019-q4-major/bin/../lib/gcc/arm-none-eabi/9.2.1/../../../../arm-none-eabi/lib/thumb/v7e-m+fp/hard\libc_nano.a(lib_a-fflush.o)
                              e:/gnu tools arm embedded/9 2019-q4-major/bin/../lib/gcc/arm-none-eabi/9.2.1/../../../../arm-none-eabi/lib/thumb/v7e-m+fp/hard\libc_nano.a(lib_a-wbuf.o) (_fflush_r)
e:/gnu tools arm embedded/9 2019-q4-major/bin/../lib/gcc/arm-none-eabi/9.2.1/../../../../arm-none-eabi/lib/thumb/v7e-m+fp/hard\libc_nano.a(lib_a-findfp.o)
                              e:/gnu tools arm embedded/9 2019-q4-major/bin/../lib/gcc/arm-none-eabi/9.2.1/../../../../arm-none-eabi/lib/thumb/v7e-m+fp/hard\libc_nano.a(lib_a-printf.o) (__sinit)
[...]
Memory Configuration

Name             Origin             Length             Attributes
RAM              0x20000000         0x00020000         xrw
CCMRAM           0x10000000         0x00010000         xrw
FLASH            0x08000000         0x00080000         xr
*default*        0x00000000         0xffffffff

Linker script and memory map

LOAD e:/gnu tools arm embedded/9 2019-q4-major/bin/../lib/gcc/arm-none-eabi/9.2.1/thumb/v7e-m+fp/hard/crti.o
LOAD e:/gnu tools arm embedded/9 2019-q4-major/bin/../lib/gcc/arm-none-eabi/9.2.1/thumb/v7e-m+fp/hard/crtbegin.o
LOAD e:/gnu tools arm embedded/9 2019-q4-major/bin/../lib/gcc/arm-none-eabi/9.2.1/../../../../arm-none-eabi/lib/thumb/v7e-m+fp/hard/crt0.o
LOAD build/usart2.o
LOAD build/motor.o
LOAD build/mavlink_task.o
LOAD build/utils.o
LOAD build/mpu6050.o
LOAD build/sensors.o
LOAD build/i2c1.o
LOAD build/main.o
LOAD build/gpio.o
LOAD build/dma.o
LOAD build/freertos.o
LOAD build/i2c.o
LOAD build/tim.o
LOAD build/usart.o
LOAD build/stm32f4xx_it.o
LOAD build/stm32f4xx_hal_msp.o
LOAD build/stm32f4xx_hal_timebase_tim.o
LOAD build/stm32f4xx_hal_rcc.o
LOAD build/stm32f4xx_hal_rcc_ex.o
LOAD build/stm32f4xx_hal_flash.o
LOAD build/stm32f4xx_hal_flash_ex.o
LOAD build/stm32f4xx_hal_flash_ramfunc.o
LOAD build/stm32f4xx_hal_gpio.o
LOAD build/stm32f4xx_hal_dma_ex.o
LOAD build/stm32f4xx_hal_dma.o
LOAD build/stm32f4xx_hal_pwr.o
LOAD build/stm32f4xx_hal_pwr_ex.o
LOAD build/stm32f4xx_hal_cortex.o
LOAD build/stm32f4xx_hal.o
LOAD build/stm32f4xx_hal_exti.o
LOAD build/stm32f4xx_hal_i2c.o
LOAD build/stm32f4xx_hal_i2c_ex.o
LOAD build/stm32f4xx_hal_tim.o
LOAD build/stm32f4xx_hal_tim_ex.o
LOAD build/stm32f4xx_hal_uart.o
LOAD build/system_stm32f4xx.o
LOAD build/croutine.o
LOAD build/event_groups.o
LOAD build/list.o
LOAD build/queue.o
LOAD build/stream_buffer.o
LOAD build/tasks.o
LOAD build/timers.o
LOAD build/cmsis_os.o
LOAD build/heap_4.o
LOAD build/port.o
LOAD build/startup_stm32f407xx.o
LOAD e:/gnu tools arm embedded/9 2019-q4-major/bin/../lib/gcc/arm-none-eabi/9.2.1/../../../../arm-none-eabi/lib/thumb/v7e-m+fp/hard\libc_nano.a
LOAD e:/gnu tools arm embedded/9 2019-q4-major/bin/../lib/gcc/arm-none-eabi/9.2.1/../../../../arm-none-eabi/lib/thumb/v7e-m+fp/hard\libm.a
LOAD e:/gnu tools arm embedded/9 2019-q4-major/bin/../lib/gcc/arm-none-eabi/9.2.1/../../../../arm-none-eabi/lib/thumb/v7e-m+fp/hard\libnosys.a
START GROUP
LOAD e:/gnu tools arm embedded/9 2019-q4-major/bin/../lib/gcc/arm-none-eabi/9.2.1/thumb/v7e-m+fp/hard\libgcc.a
LOAD e:/gnu tools arm embedded/9 2019-q4-major/bin/../lib/gcc/arm-none-eabi/9.2.1/../../../../arm-none-eabi/lib/thumb/v7e-m+fp/hard\libc_nano.a
END GROUP
START GROUP
LOAD e:/gnu tools arm embedded/9 2019-q4-major/bin/../lib/gcc/arm-none-eabi/9.2.1/thumb/v7e-m+fp/hard\libgcc.a
LOAD e:/gnu tools arm embedded/9 2019-q4-major/bin/../lib/gcc/arm-none-eabi/9.2.1/../../../../arm-none-eabi/lib/thumb/v7e-m+fp/hard\libc_nano.a
END GROUP
LOAD e:/gnu tools arm embedded/9 2019-q4-major/bin/../lib/gcc/arm-none-eabi/9.2.1/thumb/v7e-m+fp/hard/crtend.o
LOAD e:/gnu tools arm embedded/9 2019-q4-major/bin/../lib/gcc/arm-none-eabi/9.2.1/thumb/v7e-m+fp/hard/crtn.o
                0x20020000                _estack = 0x20020000
                0x00000200                _Min_Heap_Size = 0x200
                0x00000400                _Min_Stack_Size = 0x400

.isr_vector     0x08000000      0x188
                0x08000000                . = ALIGN (0x4)
 *(.isr_vector)
 .isr_vector    0x08000000      0x188 build/startup_stm32f407xx.o
                0x08000000                g_pfnVectors
                0x08000188                . = ALIGN (0x4)

.text           0x08000190     0x8750
                0x08000190                . = ALIGN (0x4)
 *(.text)
 .text          0x08000190       0x40 e:/gnu tools arm embedded/9 2019-q4-major/bin/../lib/gcc/arm-none-eabi/9.2.1/thumb/v7e-m+fp/hard/crtbegin.o
 .text          0x080001d0       0x10 e:/gnu tools arm embedded/9 2019-q4-major/bin/../lib/gcc/arm-none-eabi/9.2.1/../../../../arm-none-eabi/lib/thumb/v7e-m+fp/hard\libc_nano.a(lib_a-strlen.o)
                0x080001d0                strlen
 .text          0x080001e0       0xa0 e:/gnu tools arm embedded/9 2019-q4-major/bin/../lib/gcc/arm-none-eabi/9.2.1/../../../../arm-none-eabi/lib/thumb/v7e-m+fp/hard\libc_nano.a(lib_a-memchr.o)
                0x080001e0                memchr
 .text          0x08000280      0x378 e:/gnu tools arm embedded/9 2019-q4-major/bin/../lib/gcc/arm-none-eabi/9.2.1/thumb/v7e-m+fp/hard\libgcc.a(_arm_addsubdf3.o)
                0x08000280                __aeabi_drsub
                0x08000288                __aeabi_dsub
                0x08000288                __subdf3
                0x0800028c                __aeabi_dadd
                0x0800028c                __adddf3
                0x08000504                __floatunsidf
                0x08000504                __aeabi_ui2d
                0x08000524                __floatsidf
                0x08000524                __aeabi_i2d
                0x08000548                __aeabi_f2d
                0x08000548                __extendsfdf2
                0x0800058c                __floatundidf
                0x0800058c                __aeabi_ul2d
                0x0800059c                __floatdidf
                0x0800059c                __aeabi_l2d
 .text          0x080005f8      0x424 e:/gnu tools arm embedded/9 2019-q4-major/bin/../lib/gcc/arm-none-eabi/9.2.1/thumb/v7e-m+fp/hard\libgcc.a(_arm_muldivdf3.o)
                0x080005f8                __aeabi_dmul
                0x080005f8                __muldf3
                0x0800084c                __divdf3
                0x0800084c                __aeabi_ddiv
 .text          0x08000a1c      0x110 e:/gnu tools arm embedded/9 2019-q4-major/bin/../lib/gcc/arm-none-eabi/9.2.1/thumb/v7e-m+fp/hard\libgcc.a(_arm_cmpdf2.o)
                0x08000a1c                __gtdf2
                0x08000a1c                __gedf2
                0x08000a24                __ltdf2
                0x08000a24                __ledf2
                0x08000a2c                __nedf2
                0x08000a2c                __eqdf2
                0x08000a2c                __cmpdf2
                0x08000aa8                __aeabi_cdrcmple
                0x08000ab8                __aeabi_cdcmpeq
                0x08000ab8                __aeabi_cdcmple
                0x08000ac8                __aeabi_dcmpeq
                0x08000adc                __aeabi_dcmplt
                0x08000af0                __aeabi_dcmple
                0x08000b04                __aeabi_dcmpge
                0x08000b18                __aeabi_dcmpgt
 .text          0x08000b2c       0x2c e:/gnu tools arm embedded/9 2019-q4-major/bin/../lib/gcc/arm-none-eabi/9.2.1/thumb/v7e-m+fp/hard\libgcc.a(_arm_unorddf2.o)
                0x08000b2c                __unorddf2
                0x08000b2c                __aeabi_dcmpun
 .text          0x08000b58       0x50 e:/gnu tools arm embedded/9 2019-q4-major/bin/../lib/gcc/arm-none-eabi/9.2.1/thumb/v7e-m+fp/hard\libgcc.a(_arm_fixdfsi.o)
                0x08000b58                __aeabi_d2iz
                0x08000b58                __fixdfsi
 .text          0x08000ba8       0x30 e:/gnu tools arm embedded/9 2019-q4-major/bin/../lib/gcc/arm-none-eabi/9.2.1/thumb/v7e-m+fp/hard\libgcc.a(_aeabi_uldivmod.o)
                0x08000ba8                __aeabi_uldivmod
 .text          0x08000bd8      0x2c4 e:/gnu tools arm embedded/9 2019-q4-major/bin/../lib/gcc/arm-none-eabi/9.2.1/thumb/v7e-m+fp/hard\libgcc.a(_udivmoddi4.o)
                0x08000bd8                __udivmoddi4
 .text          0x08000e9c        0x4 e:/gnu tools arm embedded/9 2019-q4-major/bin/../lib/gcc/arm-none-eabi/9.2.1/thumb/v7e-m+fp/hard\libgcc.a(_dvmd_tls.o)
                0x08000e9c                __aeabi_idiv0
                0x08000e9c                __aeabi_ldiv0
 *(.text*)
 .text.UartRxCheck
                0x08000ea0       0xa4 build/usart2.o
 .text.USART2_IRQHandler
                0x08000f44       0x34 build/usart2.o
                0x08000f44                USART2_IRQHandler
 .text.DMA1_Stream5_IRQHandler
                0x08000f78       0x10 build/usart2.o
                0x08000f78                DMA1_Stream5_IRQHandler
 .text.DMA1_Stream6_IRQHandler
                0x08000f88       0x10 build/usart2.o
                0x08000f88                DMA1_Stream6_IRQHandler
 .text.HAL_UART_RxCpltCallback
                0x08000f98       0x18 build/usart2.o
                0x08000f98                HAL_UART_RxCpltCallback
 .text.__io_putchar
                0x08000fb0       0x20 build/utils.o
                0x08000fb0                __io_putchar
 .text._write   0x08000fd0       0x1c build/utils.o
                0x08000fd0                _write
 .text.MPU6050Init
                0x08000fec       0x70 build/mpu6050.o
                0x08000fec                MPU6050Init
 .text.MPU6050Task
                0x0800105c        0x8 build/sensors.o
                0x0800105c                MPU6050Task
 .text.SensorsInit
                0x08001064       0x34 build/sensors.o
                0x08001064                SensorsInit
 .text.I2C1Read
                0x08001098       0x58 build/i2c1.o
                0x08001098                I2C1Read
 .text.HAL_I2C_MemRxCpltCallback
                0x080010f0       0x34 build/i2c1.o
                0x080010f0                HAL_I2C_MemRxCpltCallback
 .text.SystemClock_Config
                0x08001124       0x94 build/main.o
                0x08001124                SystemClock_Config
 .text.main     0x080011b8       0x30 build/main.o
                0x080011b8                main
 .text.HAL_TIM_PeriodElapsedCallback
                0x080011e8       0x18 build/main.o
                0x080011e8                HAL_TIM_PeriodElapsedCallback
 .text.Error_Handler
                0x08001200        0x2 build/main.o
                0x08001200                Error_Handler
 *fill*         0x08001202        0x2 
 .text.MX_GPIO_Init
                0x08001204       0xa8 build/gpio.o
                0x08001204                MX_GPIO_Init
 .text.MX_DMA_Init
                0x080012ac       0x98 build/dma.o
                0x080012ac                MX_DMA_Init
 .text.StartDefaultTask
                0x08001344        0xa build/freertos.o
                0x08001344                StartDefaultTask
 *fill*         0x0800134e        0x2 
 .text.vApplicationGetIdleTaskMemory
                0x08001350       0x18 build/freertos.o
                0x08001350                vApplicationGetIdleTaskMemory
 .text.MX_FREERTOS_Init
                0x08001368       0x2c build/freertos.o
                0x08001368                MX_FREERTOS_Init
 .text.MX_I2C1_Init
                0x08001394       0x3c build/i2c.o
                0x08001394                MX_I2C1_Init
 .text.HAL_I2C_MspInit
                0x080013d0      0x114 build/i2c.o
                0x080013d0                HAL_I2C_MspInit
 .text.HAL_TIM_Base_MspInit
                0x080014e4       0x30 build/tim.o
                0x080014e4                HAL_TIM_Base_MspInit
 .text.HAL_TIM_MspPostInit
                0x08001514       0x5c build/tim.o
                0x08001514                HAL_TIM_MspPostInit
 .text.MX_TIM4_Init
                0x08001570       0xe8 build/tim.o
                0x08001570                MX_TIM4_Init
 .text.MX_USART1_UART_Init
                0x08001658       0x34 build/usart.o
                0x08001658                MX_USART1_UART_Init
 .text.MX_USART2_UART_Init
                0x0800168c       0x34 build/usart.o
                0x0800168c                MX_USART2_UART_Init
 .text.HAL_UART_MspInit
                0x080016c0      0x1e4 build/usart.o
                0x080016c0                HAL_UART_MspInit
 .text.NMI_Handler
                0x080018a4        0x2 build/stm32f4xx_it.o
                0x080018a4                NMI_Handler
 .text.HardFault_Handler
                0x080018a6        0x2 build/stm32f4xx_it.o
                0x080018a6                HardFault_Handler
 .text.MemManage_Handler
                0x080018a8        0x2 build/stm32f4xx_it.o
                0x080018a8                MemManage_Handler
 .text.BusFault_Handler
                0x080018aa        0x2 build/stm32f4xx_it.o
                0x080018aa                BusFault_Handler
 .text.UsageFault_Handler
                0x080018ac        0x2 build/stm32f4xx_it.o
                0x080018ac                UsageFault_Handler
 .text.DebugMon_Handler
                0x080018ae        0x2 build/stm32f4xx_it.o
                0x080018ae                DebugMon_Handler
 .text.DMA1_Stream0_IRQHandler
                0x080018b0       0x10 build/stm32f4xx_it.o
                0x080018b0                DMA1_Stream0_IRQHandler
 .text.I2C1_EV_IRQHandler
                0x080018c0       0x10 build/stm32f4xx_it.o
                0x080018c0                I2C1_EV_IRQHandler
 .text.I2C1_ER_IRQHandler
                0x080018d0       0x10 build/stm32f4xx_it.o
                0x080018d0                I2C1_ER_IRQHandler
 .text.USART1_IRQHandler
                0x080018e0       0x10 build/stm32f4xx_it.o
                0x080018e0                USART1_IRQHandler
 .text.DMA1_Stream7_IRQHandler
                0x080018f0       0x10 build/stm32f4xx_it.o
                0x080018f0                DMA1_Stream7_IRQHandler
 .text.TIM7_IRQHandler
                0x08001900       0x10 build/stm32f4xx_it.o
                0x08001900                TIM7_IRQHandler
 .text.DMA2_Stream2_IRQHandler
                0x08001910       0x10 build/stm32f4xx_it.o
                0x08001910                DMA2_Stream2_IRQHandler
 .text.DMA2_Stream7_IRQHandler
                0x08001920       0x10 build/stm32f4xx_it.o
                0x08001920                DMA2_Stream7_IRQHandler
 .text.HAL_MspInit
                0x08001930       0x44 build/stm32f4xx_hal_msp.o
                0x08001930                HAL_MspInit
 .text.HAL_InitTick
                0x08001974       0x7c build/stm32f4xx_hal_timebase_tim.o
                0x08001974                HAL_InitTick
 .text.HAL_RCC_OscConfig
                0x080019f0      0x3ec build/stm32f4xx_hal_rcc.o
                0x080019f0                HAL_RCC_OscConfig
 .text.HAL_RCC_GetSysClockFreq
                0x08001ddc       0xcc build/stm32f4xx_hal_rcc.o
                0x08001ddc                HAL_RCC_GetSysClockFreq
 .text.HAL_RCC_ClockConfig
                0x08001ea8      0x160 build/stm32f4xx_hal_rcc.o
                0x08001ea8                HAL_RCC_ClockConfig
 .text.HAL_RCC_GetHCLKFreq
                0x08002008        0xc build/stm32f4xx_hal_rcc.o
                0x08002008                HAL_RCC_GetHCLKFreq
 .text.HAL_RCC_GetPCLK1Freq
                0x08002014       0x20 build/stm32f4xx_hal_rcc.o
                0x08002014                HAL_RCC_GetPCLK1Freq
 .text.HAL_RCC_GetPCLK2Freq
                0x08002034       0x20 build/stm32f4xx_hal_rcc.o
                0x08002034                HAL_RCC_GetPCLK2Freq
 .text.HAL_RCC_GetClockConfig
                0x08002054       0x3c build/stm32f4xx_hal_rcc.o
                0x08002054                HAL_RCC_GetClockConfig
 .text.HAL_GPIO_Init
                0x08002090      0x1cc build/stm32f4xx_hal_gpio.o
                0x08002090                HAL_GPIO_Init
 .text.HAL_GPIO_WritePin
                0x0800225c        0xc build/stm32f4xx_hal_gpio.o
                0x0800225c                HAL_GPIO_WritePin
 .text.DMA_SetConfig
                0x08002268       0x2c build/stm32f4xx_hal_dma.o
 .text.DMA_CalcBaseAndBitshift
                0x08002294       0x44 build/stm32f4xx_hal_dma.o
 .text.DMA_CheckFifoParam
                0x080022d8       0x8e build/stm32f4xx_hal_dma.o
 *fill*         0x08002366        0x2 
 .text.HAL_DMA_Init
                0x08002368       0xcc build/stm32f4xx_hal_dma.o
                0x08002368                HAL_DMA_Init
 .text.HAL_DMA_Start_IT
                0x08002434       0x6a build/stm32f4xx_hal_dma.o
                0x08002434                HAL_DMA_Start_IT
 .text.HAL_DMA_Abort_IT
                0x0800249e       0x26 build/stm32f4xx_hal_dma.o
                0x0800249e                HAL_DMA_Abort_IT
 .text.HAL_DMA_IRQHandler
                0x080024c4      0x1dc build/stm32f4xx_hal_dma.o
                0x080024c4                HAL_DMA_IRQHandler
 .text.HAL_DMA_GetState
                0x080026a0        0x6 build/stm32f4xx_hal_dma.o
                0x080026a0                HAL_DMA_GetState
 .text.HAL_DMA_GetError
                0x080026a6        0x4 build/stm32f4xx_hal_dma.o
                0x080026a6                HAL_DMA_GetError
 *fill*         0x080026aa        0x2 
 .text.HAL_NVIC_SetPriorityGrouping
                0x080026ac       0x24 build/stm32f4xx_hal_cortex.o
                0x080026ac                HAL_NVIC_SetPriorityGrouping
 .text.HAL_NVIC_SetPriority
                0x080026d0       0x68 build/stm32f4xx_hal_cortex.o
                0x080026d0                HAL_NVIC_SetPriority
 .text.HAL_NVIC_EnableIRQ
                0x08002738       0x1c build/stm32f4xx_hal_cortex.o
                0x08002738                HAL_NVIC_EnableIRQ
 .text.HAL_Init
                0x08002754       0x34 build/stm32f4xx_hal.o
                0x08002754                HAL_Init
 .text.HAL_IncTick
                0x08002788       0x18 build/stm32f4xx_hal.o
                0x08002788                HAL_IncTick
 .text.HAL_GetTick
                0x080027a0        0xc build/stm32f4xx_hal.o
                0x080027a0                HAL_GetTick
 .text.I2C_MemoryTransmit_TXE_BTF
                0x080027ac       0x84 build/stm32f4xx_hal_i2c.o
 .text.I2C_Master_SB
                0x08002830       0xa8 build/stm32f4xx_hal_i2c.o
 .text.I2C_Master_ADD10
                0x080028d8       0x2e build/stm32f4xx_hal_i2c.o
 .text.I2C_Master_ADDR
                0x08002906      0x206 build/stm32f4xx_hal_i2c.o
 .text.I2C_SlaveTransmit_BTF
                0x08002b0c       0x20 build/stm32f4xx_hal_i2c.o
 .text.I2C_SlaveReceive_BTF
                0x08002b2c       0x20 build/stm32f4xx_hal_i2c.o
 .text.I2C_IsAcknowledgeFailed
                0x08002b4c       0x32 build/stm32f4xx_hal_i2c.o
 .text.I2C_ConvertOtherXferOptions
                0x08002b7e       0x1e build/stm32f4xx_hal_i2c.o
 .text.I2C_WaitOnFlagUntilTimeout
                0x08002b9c       0x74 build/stm32f4xx_hal_i2c.o
 .text.I2C_WaitOnMasterAddressFlagUntilTimeout
                0x08002c10       0xaa build/stm32f4xx_hal_i2c.o
 .text.I2C_WaitOnTXEFlagUntilTimeout
                0x08002cba       0x54 build/stm32f4xx_hal_i2c.o
 *fill*         0x08002d0e        0x2 
 .text.I2C_RequestMemoryRead
                0x08002d10      0x154 build/stm32f4xx_hal_i2c.o
 .text.HAL_I2C_Init
                0x08002e64      0x1bc build/stm32f4xx_hal_i2c.o
                0x08002e64                HAL_I2C_Init
 .text.HAL_I2C_Mem_Read_DMA
                0x08003020      0x1cc build/stm32f4xx_hal_i2c.o
                0x08003020                HAL_I2C_Mem_Read_DMA
 .text.HAL_I2C_IsDeviceReady
                0x080031ec      0x194 build/stm32f4xx_hal_i2c.o
                0x080031ec                HAL_I2C_IsDeviceReady
 .text.HAL_I2C_MasterTxCpltCallback
                0x08003380        0x2 build/stm32f4xx_hal_i2c.o
                0x08003380                HAL_I2C_MasterTxCpltCallback
 .text.HAL_I2C_MasterRxCpltCallback
                0x08003382        0x2 build/stm32f4xx_hal_i2c.o
                0x08003382                HAL_I2C_MasterRxCpltCallback
 .text.HAL_I2C_SlaveTxCpltCallback
                0x08003384        0x2 build/stm32f4xx_hal_i2c.o
                0x08003384                HAL_I2C_SlaveTxCpltCallback
 .text.I2C_SlaveTransmit_TXE
                0x08003386       0x4c build/stm32f4xx_hal_i2c.o
 .text.HAL_I2C_SlaveRxCpltCallback
                0x080033d2        0x2 build/stm32f4xx_hal_i2c.o
                0x080033d2                HAL_I2C_SlaveRxCpltCallback
 .text.I2C_SlaveReceive_RXNE
                0x080033d4       0x4c build/stm32f4xx_hal_i2c.o
 .text.HAL_I2C_AddrCallback
                0x08003420        0x2 build/stm32f4xx_hal_i2c.o
                0x08003420                HAL_I2C_AddrCallback
 .text.I2C_Slave_ADDR
                0x08003422       0x4e build/stm32f4xx_hal_i2c.o
 .text.HAL_I2C_ListenCpltCallback
                0x08003470        0x2 build/stm32f4xx_hal_i2c.o
                0x08003470                HAL_I2C_ListenCpltCallback
 *fill*         0x08003472        0x2 
 .text.I2C_Slave_AF
                0x08003474       0x94 build/stm32f4xx_hal_i2c.o
 .text.HAL_I2C_MemTxCpltCallback
                0x08003508        0x2 build/stm32f4xx_hal_i2c.o
                0x08003508                HAL_I2C_MemTxCpltCallback
 .text.I2C_MasterTransmit_TXE
                0x0800350a       0xd0 build/stm32f4xx_hal_i2c.o
 .text.I2C_MasterTransmit_BTF
                0x080035da       0xae build/stm32f4xx_hal_i2c.o
 .text.I2C_MasterReceive_RXNE
                0x08003688       0xa6 build/stm32f4xx_hal_i2c.o
 .text.I2C_MasterReceive_BTF
                0x0800372e      0x128 build/stm32f4xx_hal_i2c.o
 .text.HAL_I2C_ErrorCallback
                0x08003856        0x2 build/stm32f4xx_hal_i2c.o
                0x08003856                HAL_I2C_ErrorCallback
 .text.I2C_DMAError
                0x08003858       0x46 build/stm32f4xx_hal_i2c.o
 .text.I2C_DMAXferCplt
                0x0800389e      0x122 build/stm32f4xx_hal_i2c.o
 .text.HAL_I2C_AbortCpltCallback
                0x080039c0        0x2 build/stm32f4xx_hal_i2c.o
                0x080039c0                HAL_I2C_AbortCpltCallback
 .text.I2C_DMAAbort
                0x080039c2       0x9a build/stm32f4xx_hal_i2c.o
 .text.I2C_ITError
                0x08003a5c      0x170 build/stm32f4xx_hal_i2c.o
 .text.I2C_Slave_STOPF
                0x08003bcc      0x18c build/stm32f4xx_hal_i2c.o
 .text.HAL_I2C_EV_IRQHandler
                0x08003d58      0x18c build/stm32f4xx_hal_i2c.o
                0x08003d58                HAL_I2C_EV_IRQHandler
 .text.HAL_I2C_ER_IRQHandler
                0x08003ee4       0xc4 build/stm32f4xx_hal_i2c.o
                0x08003ee4                HAL_I2C_ER_IRQHandler
 .text.TIM_OC1_SetConfig
                0x08003fa8       0x68 build/stm32f4xx_hal_tim.o
 .text.TIM_OC3_SetConfig
                0x08004010       0x70 build/stm32f4xx_hal_tim.o
 .text.TIM_OC4_SetConfig
                0x08004080       0x50 build/stm32f4xx_hal_tim.o
 .text.TIM_TI1_ConfigInputStage
                0x080040d0       0x24 build/stm32f4xx_hal_tim.o
 .text.TIM_TI2_ConfigInputStage
                0x080040f4       0x26 build/stm32f4xx_hal_tim.o
 .text.TIM_ITRx_SetConfig
                0x0800411a       0x10 build/stm32f4xx_hal_tim.o
 .text.HAL_TIM_Base_Start_IT
                0x0800412a       0x22 build/stm32f4xx_hal_tim.o
                0x0800412a                HAL_TIM_Base_Start_IT
 .text.HAL_TIM_PWM_MspInit
                0x0800414c        0x2 build/stm32f4xx_hal_tim.o
                0x0800414c                HAL_TIM_PWM_MspInit
 .text.HAL_TIM_OC_DelayElapsedCallback
                0x0800414e        0x2 build/stm32f4xx_hal_tim.o
                0x0800414e                HAL_TIM_OC_DelayElapsedCallback
 .text.HAL_TIM_IC_CaptureCallback
                0x08004150        0x2 build/stm32f4xx_hal_tim.o
                0x08004150                HAL_TIM_IC_CaptureCallback
 .text.HAL_TIM_PWM_PulseFinishedCallback
                0x08004152        0x2 build/stm32f4xx_hal_tim.o
                0x08004152                HAL_TIM_PWM_PulseFinishedCallback
 .text.HAL_TIM_TriggerCallback
                0x08004154        0x2 build/stm32f4xx_hal_tim.o
                0x08004154                HAL_TIM_TriggerCallback
 .text.HAL_TIM_IRQHandler
                0x08004156      0x17a build/stm32f4xx_hal_tim.o
                0x08004156                HAL_TIM_IRQHandler
 .text.TIM_Base_SetConfig
                0x080042d0       0xc8 build/stm32f4xx_hal_tim.o
                0x080042d0                TIM_Base_SetConfig
 .text.HAL_TIM_Base_Init
                0x08004398       0x34 build/stm32f4xx_hal_tim.o
                0x08004398                HAL_TIM_Base_Init
 .text.HAL_TIM_PWM_Init
                0x080043cc       0x34 build/stm32f4xx_hal_tim.o
                0x080043cc                HAL_TIM_PWM_Init
 .text.TIM_OC2_SetConfig
                0x08004400       0x70 build/stm32f4xx_hal_tim.o
                0x08004400                TIM_OC2_SetConfig
 .text.HAL_TIM_PWM_ConfigChannel
                0x08004470       0xdc build/stm32f4xx_hal_tim.o
                0x08004470                HAL_TIM_PWM_ConfigChannel
 .text.TIM_ETR_SetConfig
                0x0800454c       0x18 build/stm32f4xx_hal_tim.o
                0x0800454c                TIM_ETR_SetConfig
 .text.HAL_TIM_ConfigClockSource
                0x08004564       0xda build/stm32f4xx_hal_tim.o
                0x08004564                HAL_TIM_ConfigClockSource
 *fill*         0x0800463e        0x2 
 .text.HAL_TIMEx_MasterConfigSynchronization
                0x08004640       0x88 build/stm32f4xx_hal_tim_ex.o
                0x08004640                HAL_TIMEx_MasterConfigSynchronization
 .text.HAL_TIMEx_CommutCallback
                0x080046c8        0x2 build/stm32f4xx_hal_tim_ex.o
                0x080046c8                HAL_TIMEx_CommutCallback
 .text.HAL_TIMEx_BreakCallback
                0x080046ca        0x2 build/stm32f4xx_hal_tim_ex.o
                0x080046ca                HAL_TIMEx_BreakCallback
 .text.UART_EndRxTransfer
                0x080046cc       0x1c build/stm32f4xx_hal_uart.o
 .text.UART_Transmit_IT
                0x080046e8       0x66 build/stm32f4xx_hal_uart.o
 *fill*         0x0800474e        0x2 
 .text.UART_SetConfig
                0x08004750      0x1e8 build/stm32f4xx_hal_uart.o
 .text.UART_WaitOnFlagUntilTimeout
                0x08004938       0x68 build/stm32f4xx_hal_uart.o
 .text.HAL_UART_Init
                0x080049a0       0x5e build/stm32f4xx_hal_uart.o
                0x080049a0                HAL_UART_Init
 .text.HAL_UART_Transmit
                0x080049fe       0xe2 build/stm32f4xx_hal_uart.o
                0x080049fe                HAL_UART_Transmit
 .text.HAL_UART_TxCpltCallback
                0x08004ae0        0x2 build/stm32f4xx_hal_uart.o
                0x08004ae0                HAL_UART_TxCpltCallback
 .text.UART_EndTransmit_IT
                0x08004ae2       0x1a build/stm32f4xx_hal_uart.o
 .text.UART_Receive_IT
                0x08004afc       0x9e build/stm32f4xx_hal_uart.o
 .text.HAL_UART_ErrorCallback
                0x08004b9a        0x2 build/stm32f4xx_hal_uart.o
                0x08004b9a                HAL_UART_ErrorCallback
 .text.HAL_UART_IRQHandler
                0x08004b9c      0x128 build/stm32f4xx_hal_uart.o
                0x08004b9c                HAL_UART_IRQHandler
 .text.UART_DMAAbortOnError
                0x08004cc4       0x10 build/stm32f4xx_hal_uart.o
 .text.SystemInit
                0x08004cd4       0x1c build/system_stm32f4xx.o
                0x08004cd4                SystemInit
 .text.vListInitialise
                0x08004cf0       0x16 build/list.o
                0x08004cf0                vListInitialise
 .text.vListInitialiseItem
                0x08004d06        0x6 build/list.o
                0x08004d06                vListInitialiseItem
 .text.vListInsertEnd
                0x08004d0c       0x16 build/list.o
                0x08004d0c                vListInsertEnd
 .text.vListInsert
                0x08004d22       0x32 build/list.o
                0x08004d22                vListInsert
 .text.uxListRemove
                0x08004d54       0x26 build/list.o
                0x08004d54                uxListRemove
 .text.prvCopyDataToQueue
                0x08004d7a       0x76 build/queue.o
 .text.xQueueGenericSendFromISR
                0x08004df0       0xce build/queue.o
                0x08004df0                xQueueGenericSendFromISR
 *fill*         0x08004ebe        0x2 
 .text.prvResetNextTaskUnblockTime
                0x08004ec0       0x2c build/tasks.o
 .text.prvInitialiseNewTask
                0x08004eec       0x8e build/tasks.o
 *fill*         0x08004f7a        0x2 
 .text.prvInitialiseTaskLists
                0x08004f7c       0x68 build/tasks.o
 .text.prvAddNewTaskToReadyList
                0x08004fe4       0xa8 build/tasks.o
 .text.prvDeleteTCB
                0x0800508c       0x38 build/tasks.o
 .text.prvCheckTasksWaitingTermination
                0x080050c4       0x4c build/tasks.o
 .text.prvIdleTask
                0x08005110       0x28 build/tasks.o
 .text.prvAddCurrentTaskToDelayedList
                0x08005138       0x98 build/tasks.o
 .text.xTaskCreateStatic
                0x080051d0       0x74 build/tasks.o
                0x080051d0                xTaskCreateStatic
 .text.xTaskCreate
                0x08005244       0x68 build/tasks.o
                0x08005244                xTaskCreate
 .text.vTaskStartScheduler
                0x080052ac       0x6c build/tasks.o
                0x080052ac                vTaskStartScheduler
 .text.vTaskSuspendAll
                0x08005318       0x10 build/tasks.o
                0x08005318                vTaskSuspendAll
 .text.xTaskIncrementTick
                0x08005328      0x118 build/tasks.o
                0x08005328                xTaskIncrementTick
 .text.xTaskResumeAll
                0x08005440       0xf8 build/tasks.o
                0x08005440                xTaskResumeAll
 .text.vTaskDelay
                0x08005538       0x4c build/tasks.o
                0x08005538                vTaskDelay
 .text.vTaskSwitchContext
                0x08005584       0x98 build/tasks.o
                0x08005584                vTaskSwitchContext
 .text.xTaskRemoveFromEventList
                0x0800561c       0x8c build/tasks.o
                0x0800561c                xTaskRemoveFromEventList
 .text.xTaskGetCurrentTaskHandle
                0x080056a8        0xc build/tasks.o
                0x080056a8                xTaskGetCurrentTaskHandle
 .text.xTaskPriorityDisinherit
                0x080056b4       0xb4 build/tasks.o
                0x080056b4                xTaskPriorityDisinherit
 .text.ulTaskNotifyTake
                0x08005768       0x78 build/tasks.o
                0x08005768                ulTaskNotifyTake
 .text.vTaskNotifyGiveFromISR
                0x080057e0       0xd0 build/tasks.o
                0x080057e0                vTaskNotifyGiveFromISR
 .text.makeFreeRtosPriority
                0x080058b0        0xc build/cmsis_os.o
 .text.osKernelStart
                0x080058bc        0xa build/cmsis_os.o
                0x080058bc                osKernelStart
 .text.osThreadCreate
                0x080058c6       0x6a build/cmsis_os.o
                0x080058c6                osThreadCreate
 .text.osDelay  0x08005930        0xe build/cmsis_os.o
                0x08005930                osDelay
 *fill*         0x0800593e        0x2 
 .text.prvHeapInit
                0x08005940       0x64 build/heap_4.o
 .text.prvInsertBlockIntoFreeList
                0x080059a4       0x58 build/heap_4.o
 .text.pvPortMalloc
                0x080059fc       0xf0 build/heap_4.o
                0x080059fc                pvPortMalloc
 .text.vPortFree
                0x08005aec       0x70 build/heap_4.o
                0x08005aec                vPortFree
 .text.prvTaskExitError
                0x08005b5c       0x40 build/port.o
 .text.prvPortStartFirstTask
                0x08005b9c       0x28 build/port.o
 .text.vPortEnableVFP
                0x08005bc4       0x14 build/port.o
 .text.pxPortInitialiseStack
                0x08005bd8       0x2c build/port.o
                0x08005bd8                pxPortInitialiseStack
 *fill*         0x08005c04        0xc 
 .text.SVC_Handler
                0x08005c10       0x24 build/port.o
                0x08005c10                SVC_Handler
 .text.vPortEnterCritical
                0x08005c34       0x44 build/port.o
                0x08005c34                vPortEnterCritical
 .text.vPortExitCritical
                0x08005c78       0x2c build/port.o
                0x08005c78                vPortExitCritical
 *fill*         0x08005ca4        0xc 
 .text.PendSV_Handler
                0x08005cb0       0x64 build/port.o
                0x08005cb0                PendSV_Handler
 .text.SysTick_Handler
                0x08005d14       0x2c build/port.o
                0x08005d14                SysTick_Handler
 .text.vPortSetupTimerInterrupt
                0x08005d40       0x38 build/port.o
                0x08005d40                vPortSetupTimerInterrupt
 .text.xPortStartScheduler
                0x08005d78      0x110 build/port.o
                0x08005d78                xPortStartScheduler
 .text.vPortValidateInterruptPriority
                0x08005e88       0x5c build/port.o
                0x08005e88                vPortValidateInterruptPriority
 .text.Reset_Handler
                0x08005ee4       0x50 build/startup_stm32f407xx.o
                0x08005ee4                Reset_Handler
 .text.Default_Handler
                0x08005f34        0x2 build/startup_stm32f407xx.o
                0x08005f34                RTC_Alarm_IRQHandler
                0x08005f34                HASH_RNG_IRQHandler
                0x08005f34                EXTI2_IRQHandler
                0x08005f34                TIM8_CC_IRQHandler
                0x08005f34                TIM1_CC_IRQHandler
                0x08005f34                DMA2_Stream5_IRQHandler
                0x08005f34                PVD_IRQHandler
                0x08005f34                SDIO_IRQHandler
                0x08005f34                TAMP_STAMP_IRQHandler
                0x08005f34                CAN2_RX1_IRQHandler
                0x08005f34                EXTI3_IRQHandler
                0x08005f34                TIM8_TRG_COM_TIM14_IRQHandler
                0x08005f34                TIM1_UP_TIM10_IRQHandler
                0x08005f34                TIM8_UP_TIM13_IRQHandler
                0x08005f34                I2C3_ER_IRQHandler
                0x08005f34                EXTI0_IRQHandler
                0x08005f34                I2C2_EV_IRQHandler
                0x08005f34                DMA1_Stream2_IRQHandler
                0x08005f34                CAN1_RX0_IRQHandler
                0x08005f34                FPU_IRQHandler
                0x08005f34                OTG_HS_WKUP_IRQHandler
                0x08005f34                CAN2_SCE_IRQHandler
                0x08005f34                SPI1_IRQHandler
                0x08005f34                TIM6_DAC_IRQHandler
                0x08005f34                TIM1_BRK_TIM9_IRQHandler
                0x08005f34                DCMI_IRQHandler
                0x08005f34                CAN2_RX0_IRQHandler
                0x08005f34                DMA2_Stream3_IRQHandler
                0x08005f34                USART6_IRQHandler
                0x08005f34                USART3_IRQHandler
                0x08005f34                CAN1_RX1_IRQHandler
                0x08005f34                UART5_IRQHandler
                0x08005f34                DMA2_Stream0_IRQHandler
                0x08005f34                TIM4_IRQHandler
                0x08005f34                DMA1_Stream1_IRQHandler
                0x08005f34                UART4_IRQHandler
                0x08005f34                TIM3_IRQHandler
                0x08005f34                RCC_IRQHandler
                0x08005f34                TIM8_BRK_TIM12_IRQHandler
                0x08005f34                Default_Handler
                0x08005f34                EXTI15_10_IRQHandler
                0x08005f34                ADC_IRQHandler
                0x08005f34                CAN2_TX_IRQHandler
                0x08005f34                TIM5_IRQHandler
                0x08005f34                I2C3_EV_IRQHandler
                0x08005f34                EXTI9_5_IRQHandler
                0x08005f34                RTC_WKUP_IRQHandler
                0x08005f34                ETH_WKUP_IRQHandler
                0x08005f34                SPI2_IRQHandler
                0x08005f34                OTG_HS_EP1_IN_IRQHandler
                0x08005f34                CAN1_TX_IRQHandler
                0x08005f34                EXTI4_IRQHandler
                0x08005f34                FSMC_IRQHandler
                0x08005f34                ETH_IRQHandler
                0x08005f34                OTG_HS_EP1_OUT_IRQHandler
                0x08005f34                WWDG_IRQHandler
                0x08005f34                TIM2_IRQHandler
                0x08005f34                OTG_FS_WKUP_IRQHandler
                0x08005f34                TIM1_TRG_COM_TIM11_IRQHandler
                0x08005f34                OTG_HS_IRQHandler
                0x08005f34                EXTI1_IRQHandler
                0x08005f34                I2C2_ER_IRQHandler
                0x08005f34                DMA2_Stream1_IRQHandler
                0x08005f34                CAN1_SCE_IRQHandler
                0x08005f34                FLASH_IRQHandler
                0x08005f34                DMA2_Stream4_IRQHandler
                0x08005f34                OTG_FS_IRQHandler
                0x08005f34                SPI3_IRQHandler
                0x08005f34                DMA1_Stream4_IRQHandler
                0x08005f34                DMA2_Stream6_IRQHandler
                0x08005f34                DMA1_Stream3_IRQHandler
 *fill*         0x08005f36        0x2 
 .text.__libc_init_array
                0x08005f38       0x48 e:/gnu tools arm embedded/9 2019-q4-major/bin/../lib/gcc/arm-none-eabi/9.2.1/../../../../arm-none-eabi/lib/thumb/v7e-m+fp/hard\libc_nano.a(lib_a-init.o)
                0x08005f38                __libc_init_array
 .text.memcpy   0x08005f80       0x1c e:/gnu tools arm embedded/9 2019-q4-major/bin/../lib/gcc/arm-none-eabi/9.2.1/../../../../arm-none-eabi/lib/thumb/v7e-m+fp/hard\libc_nano.a(lib_a-memcpy-stub.o)
                0x08005f80                memcpy
 .text.memset   0x08005f9c       0x10 e:/gnu tools arm embedded/9 2019-q4-major/bin/../lib/gcc/arm-none-eabi/9.2.1/../../../../arm-none-eabi/lib/thumb/v7e-m+fp/hard\libc_nano.a(lib_a-memset.o)
                0x08005f9c                memset
 .text.__cvt    0x08005fac       0xc4 e:/gnu tools arm embedded/9 2019-q4-major/bin/../lib/gcc/arm-none-eabi/9.2.1/../../../../arm-none-eabi/lib/thumb/v7e-m+fp/hard\libc_nano.a(lib_a-nano-vfprintf_float.o)
                0x08005fac                __cvt
 .text.__exponent
                0x08006070       0x7c e:/gnu tools arm embedded/9 2019-q4-major/bin/../lib/gcc/arm-none-eabi/9.2.1/../../../../arm-none-eabi/lib/thumb/v7e-m+fp/hard\libc_nano.a(lib_a-nano-vfprintf_float.o)
                0x08006070                __exponent
 .text._printf_float
                0x080060ec      0x46c e:/gnu tools arm embedded/9 2019-q4-major/bin/../lib/gcc/arm-none-eabi/9.2.1/../../../../arm-none-eabi/lib/thumb/v7e-m+fp/hard\libc_nano.a(lib_a-nano-vfprintf_float.o)
                0x080060ec                _printf_float
 .text._printf_common
                0x08006558       0xda e:/gnu tools arm embedded/9 2019-q4-major/bin/../lib/gcc/arm-none-eabi/9.2.1/../../../../arm-none-eabi/lib/thumb/v7e-m+fp/hard\libc_nano.a(lib_a-nano-vfprintf_i.o)
                0x08006558                _printf_common
 *fill*         0x08006632        0x2 
 .text._printf_i
                0x08006634      0x24c e:/gnu tools arm embedded/9 2019-q4-major/bin/../lib/gcc/arm-none-eabi/9.2.1/../../../../arm-none-eabi/lib/thumb/v7e-m+fp/hard\libc_nano.a(lib_a-nano-vfprintf_i.o)
                0x08006634                _printf_i
 .text.printf   0x08006880       0x30 e:/gnu tools arm embedded/9 2019-q4-major/bin/../lib/gcc/arm-none-eabi/9.2.1/../../../../arm-none-eabi/lib/thumb/v7e-m+fp/hard\libc_nano.a(lib_a-printf.o)
                0x08006880                iprintf
                0x08006880                printf
 .text._puts_r  0x080068b0       0xdc e:/gnu tools arm embedded/9 2019-q4-major/bin/../lib/gcc/arm-none-eabi/9.2.1/../../../../arm-none-eabi/lib/thumb/v7e-m+fp/hard\libc_nano.a(lib_a-puts.o)
                0x080068b0                _puts_r
 .text.puts     0x0800698c       0x10 e:/gnu tools arm embedded/9 2019-q4-major/bin/../lib/gcc/arm-none-eabi/9.2.1/../../../../arm-none-eabi/lib/thumb/v7e-m+fp/hard\libc_nano.a(lib_a-puts.o)
                0x0800698c                puts
 .text.__swbuf_r
                0x0800699c       0xa4 e:/gnu tools arm embedded/9 2019-q4-major/bin/../lib/gcc/arm-none-eabi/9.2.1/../../../../arm-none-eabi/lib/thumb/v7e-m+fp/hard\libc_nano.a(lib_a-wbuf.o)
                0x0800699c                __swbuf_r
 .text.__swsetup_r
                0x08006a40       0xdc e:/gnu tools arm embedded/9 2019-q4-major/bin/../lib/gcc/arm-none-eabi/9.2.1/../../../../arm-none-eabi/lib/thumb/v7e-m+fp/hard\libc_nano.a(lib_a-wsetup.o)
                0x08006a40                __swsetup_r
 .text.quorem   0x08006b1c      0x116 e:/gnu tools arm embedded/9 2019-q4-major/bin/../lib/gcc/arm-none-eabi/9.2.1/../../../../arm-none-eabi/lib/thumb/v7e-m+fp/hard\libc_nano.a(lib_a-dtoa.o)
 *fill*         0x08006c32        0x6 
 .text._dtoa_r  0x08006c38      0xbbc e:/gnu tools arm embedded/9 2019-q4-major/bin/../lib/gcc/arm-none-eabi/9.2.1/../../../../arm-none-eabi/lib/thumb/v7e-m+fp/hard\libc_nano.a(lib_a-dtoa.o)
                0x08006c38                _dtoa_r
 .text.__sflush_r
                0x080077f4      0x10c e:/gnu tools arm embedded/9 2019-q4-major/bin/../lib/gcc/arm-none-eabi/9.2.1/../../../../arm-none-eabi/lib/thumb/v7e-m+fp/hard\libc_nano.a(lib_a-fflush.o)
                0x080077f4                __sflush_r
 .text._fflush_r
                0x08007900       0x78 e:/gnu tools arm embedded/9 2019-q4-major/bin/../lib/gcc/arm-none-eabi/9.2.1/../../../../arm-none-eabi/lib/thumb/v7e-m+fp/hard\libc_nano.a(lib_a-fflush.o)
                0x08007900                _fflush_r
 .text.std      0x08007978       0x48 e:/gnu tools arm embedded/9 2019-q4-major/bin/../lib/gcc/arm-none-eabi/9.2.1/../../../../arm-none-eabi/lib/thumb/v7e-m+fp/hard\libc_nano.a(lib_a-findfp.o)
 .text._cleanup_r
                0x080079c0        0xc e:/gnu tools arm embedded/9 2019-q4-major/bin/../lib/gcc/arm-none-eabi/9.2.1/../../../../arm-none-eabi/lib/thumb/v7e-m+fp/hard\libc_nano.a(lib_a-findfp.o)
                0x080079c0                _cleanup_r
 .text.__sfmoreglue
                0x080079cc       0x2c e:/gnu tools arm embedded/9 2019-q4-major/bin/../lib/gcc/arm-none-eabi/9.2.1/../../../../arm-none-eabi/lib/thumb/v7e-m+fp/hard\libc_nano.a(lib_a-findfp.o)
                0x080079cc                __sfmoreglue
 .text.__sfp_lock_acquire
                0x080079f8        0xc e:/gnu tools arm embedded/9 2019-q4-major/bin/../lib/gcc/arm-none-eabi/9.2.1/../../../../arm-none-eabi/lib/thumb/v7e-m+fp/hard\libc_nano.a(lib_a-findfp.o)
                0x080079f8                __sfp_lock_acquire
 .text.__sfp_lock_release
                0x08007a04        0xc e:/gnu tools arm embedded/9 2019-q4-major/bin/../lib/gcc/arm-none-eabi/9.2.1/../../../../arm-none-eabi/lib/thumb/v7e-m+fp/hard\libc_nano.a(lib_a-findfp.o)
                0x08007a04                __sfp_lock_release
 .text.__sinit_lock_acquire
                0x08007a10        0xc e:/gnu tools arm embedded/9 2019-q4-major/bin/../lib/gcc/arm-none-eabi/9.2.1/../../../../arm-none-eabi/lib/thumb/v7e-m+fp/hard\libc_nano.a(lib_a-findfp.o)
                0x08007a10                __sinit_lock_acquire
 .text.__sinit_lock_release
                0x08007a1c        0xc e:/gnu tools arm embedded/9 2019-q4-major/bin/../lib/gcc/arm-none-eabi/9.2.1/../../../../arm-none-eabi/lib/thumb/v7e-m+fp/hard\libc_nano.a(lib_a-findfp.o)
                0x08007a1c                __sinit_lock_release
 .text.__sinit  0x08007a28       0x70 e:/gnu tools arm embedded/9 2019-q4-major/bin/../lib/gcc/arm-none-eabi/9.2.1/../../../../arm-none-eabi/lib/thumb/v7e-m+fp/hard\libc_nano.a(lib_a-findfp.o)
                0x08007a28                __sinit
 .text.__sfp    0x08007a98       0x8c e:/gnu tools arm embedded/9 2019-q4-major/bin/../lib/gcc/arm-none-eabi/9.2.1/../../../../arm-none-eabi/lib/thumb/v7e-m+fp/hard\libc_nano.a(lib_a-findfp.o)
                0x08007a98                __sfp
 .text._fwalk_reent
                0x08007b24       0x3e e:/gnu tools arm embedded/9 2019-q4-major/bin/../lib/gcc/arm-none-eabi/9.2.1/../../../../arm-none-eabi/lib/thumb/v7e-m+fp/hard\libc_nano.a(lib_a-fwalk.o)
                0x08007b24                _fwalk_reent
 *fill*         0x08007b62        0x2 
 .text._localeconv_r
                0x08007b64        0x8 e:/gnu tools arm embedded/9 2019-q4-major/bin/../lib/gcc/arm-none-eabi/9.2.1/../../../../arm-none-eabi/lib/thumb/v7e-m+fp/hard\libc_nano.a(lib_a-localeconv.o)
                0x08007b64                _localeconv_r
 .text.__retarget_lock_init_recursive
                0x08007b6c        0x2 e:/gnu tools arm embedded/9 2019-q4-major/bin/../lib/gcc/arm-none-eabi/9.2.1/../../../../arm-none-eabi/lib/thumb/v7e-m+fp/hard\libc_nano.a(lib_a-lock.o)
                0x08007b6c                __retarget_lock_init_recursive
 .text.__retarget_lock_acquire_recursive
                0x08007b6e        0x2 e:/gnu tools arm embedded/9 2019-q4-major/bin/../lib/gcc/arm-none-eabi/9.2.1/../../../../arm-none-eabi/lib/thumb/v7e-m+fp/hard\libc_nano.a(lib_a-lock.o)
                0x08007b6e                __retarget_lock_acquire_recursive
 .text.__retarget_lock_release_recursive
                0x08007b70        0x2 e:/gnu tools arm embedded/9 2019-q4-major/bin/../lib/gcc/arm-none-eabi/9.2.1/../../../../arm-none-eabi/lib/thumb/v7e-m+fp/hard\libc_nano.a(lib_a-lock.o)
                0x08007b70                __retarget_lock_release_recursive
 .text.__swhatbuf_r
                0x08007b72       0x48 e:/gnu tools arm embedded/9 2019-q4-major/bin/../lib/gcc/arm-none-eabi/9.2.1/../../../../arm-none-eabi/lib/thumb/v7e-m+fp/hard\libc_nano.a(lib_a-makebuf.o)
                0x08007b72                __swhatbuf_r
 *fill*         0x08007bba        0x2 
 .text.__smakebuf_r
                0x08007bbc       0x80 e:/gnu tools arm embedded/9 2019-q4-major/bin/../lib/gcc/arm-none-eabi/9.2.1/../../../../arm-none-eabi/lib/thumb/v7e-m+fp/hard\libc_nano.a(lib_a-makebuf.o)
                0x08007bbc                __smakebuf_r
 .text.malloc   0x08007c3c       0x10 e:/gnu tools arm embedded/9 2019-q4-major/bin/../lib/gcc/arm-none-eabi/9.2.1/../../../../arm-none-eabi/lib/thumb/v7e-m+fp/hard\libc_nano.a(lib_a-malloc.o)
                0x08007c3c                malloc
 .text._Balloc  0x08007c4c       0x68 e:/gnu tools arm embedded/9 2019-q4-major/bin/../lib/gcc/arm-none-eabi/9.2.1/../../../../arm-none-eabi/lib/thumb/v7e-m+fp/hard\libc_nano.a(lib_a-mprec.o)
                0x08007c4c                _Balloc
 .text._Bfree   0x08007cb4       0x2e e:/gnu tools arm embedded/9 2019-q4-major/bin/../lib/gcc/arm-none-eabi/9.2.1/../../../../arm-none-eabi/lib/thumb/v7e-m+fp/hard\libc_nano.a(lib_a-mprec.o)
                0x08007cb4                _Bfree
 .text.__multadd
                0x08007ce2       0x7c e:/gnu tools arm embedded/9 2019-q4-major/bin/../lib/gcc/arm-none-eabi/9.2.1/../../../../arm-none-eabi/lib/thumb/v7e-m+fp/hard\libc_nano.a(lib_a-mprec.o)
                0x08007ce2                __multadd
 .text.__hi0bits
                0x08007d5e       0x40 e:/gnu tools arm embedded/9 2019-q4-major/bin/../lib/gcc/arm-none-eabi/9.2.1/../../../../arm-none-eabi/lib/thumb/v7e-m+fp/hard\libc_nano.a(lib_a-mprec.o)
                0x08007d5e                __hi0bits
 .text.__lo0bits
                0x08007d9e       0x60 e:/gnu tools arm embedded/9 2019-q4-major/bin/../lib/gcc/arm-none-eabi/9.2.1/../../../../arm-none-eabi/lib/thumb/v7e-m+fp/hard\libc_nano.a(lib_a-mprec.o)
                0x08007d9e                __lo0bits
 .text.__i2b    0x08007dfe       0x12 e:/gnu tools arm embedded/9 2019-q4-major/bin/../lib/gcc/arm-none-eabi/9.2.1/../../../../arm-none-eabi/lib/thumb/v7e-m+fp/hard\libc_nano.a(lib_a-mprec.o)
                0x08007dfe                __i2b
 .text.__multiply
                0x08007e10      0x138 e:/gnu tools arm embedded/9 2019-q4-major/bin/../lib/gcc/arm-none-eabi/9.2.1/../../../../arm-none-eabi/lib/thumb/v7e-m+fp/hard\libc_nano.a(lib_a-mprec.o)
                0x08007e10                __multiply
 .text.__pow5mult
                0x08007f48       0x9c e:/gnu tools arm embedded/9 2019-q4-major/bin/../lib/gcc/arm-none-eabi/9.2.1/../../../../arm-none-eabi/lib/thumb/v7e-m+fp/hard\libc_nano.a(lib_a-mprec.o)
                0x08007f48                __pow5mult
 .text.__lshift
                0x08007fe4       0xbe e:/gnu tools arm embedded/9 2019-q4-major/bin/../lib/gcc/arm-none-eabi/9.2.1/../../../../arm-none-eabi/lib/thumb/v7e-m+fp/hard\libc_nano.a(lib_a-mprec.o)
                0x08007fe4                __lshift
 .text.__mcmp   0x080080a2       0x38 e:/gnu tools arm embedded/9 2019-q4-major/bin/../lib/gcc/arm-none-eabi/9.2.1/../../../../arm-none-eabi/lib/thumb/v7e-m+fp/hard\libc_nano.a(lib_a-mprec.o)
                0x080080a2                __mcmp
 .text.__mdiff  0x080080da       0xec e:/gnu tools arm embedded/9 2019-q4-major/bin/../lib/gcc/arm-none-eabi/9.2.1/../../../../arm-none-eabi/lib/thumb/v7e-m+fp/hard\libc_nano.a(lib_a-mprec.o)
                0x080080da                __mdiff
 .text.__d2b    0x080081c6       0xa0 e:/gnu tools arm embedded/9 2019-q4-major/bin/../lib/gcc/arm-none-eabi/9.2.1/../../../../arm-none-eabi/lib/thumb/v7e-m+fp/hard\libc_nano.a(lib_a-mprec.o)
                0x080081c6                __d2b
 .text._calloc_r
                0x08008266       0x1e e:/gnu tools arm embedded/9 2019-q4-major/bin/../lib/gcc/arm-none-eabi/9.2.1/../../../../arm-none-eabi/lib/thumb/v7e-m+fp/hard\libc_nano.a(lib_a-nano-callocr.o)
                0x08008266                _calloc_r
 .text._free_r  0x08008284       0xa0 e:/gnu tools arm embedded/9 2019-q4-major/bin/../lib/gcc/arm-none-eabi/9.2.1/../../../../arm-none-eabi/lib/thumb/v7e-m+fp/hard\libc_nano.a(lib_a-nano-freer.o)
                0x08008284                _free_r
 .text._malloc_r
                0x08008324       0xb4 e:/gnu tools arm embedded/9 2019-q4-major/bin/../lib/gcc/arm-none-eabi/9.2.1/../../../../arm-none-eabi/lib/thumb/v7e-m+fp/hard\libc_nano.a(lib_a-nano-mallocr.o)
                0x08008324                _malloc_r
 .text.__sfputc_r
                0x080083d8       0x2e e:/gnu tools arm embedded/9 2019-q4-major/bin/../lib/gcc/arm-none-eabi/9.2.1/../../../../arm-none-eabi/lib/thumb/v7e-m+fp/hard\libc_nano.a(lib_a-nano-vfprintf.o)
 .text.__sfputs_r
                0x08008406       0x24 e:/gnu tools arm embedded/9 2019-q4-major/bin/../lib/gcc/arm-none-eabi/9.2.1/../../../../arm-none-eabi/lib/thumb/v7e-m+fp/hard\libc_nano.a(lib_a-nano-vfprintf.o)
                0x08008406                __sfputs_r
 *fill*         0x0800842a        0x2 
 .text._vfprintf_r
                0x0800842c      0x260 e:/gnu tools arm embedded/9 2019-q4-major/bin/../lib/gcc/arm-none-eabi/9.2.1/../../../../arm-none-eabi/lib/thumb/v7e-m+fp/hard\libc_nano.a(lib_a-nano-vfprintf.o)
                0x0800842c                _vfprintf_r
                0x0800842c                _vfiprintf_r
 .text._sbrk_r  0x0800868c       0x20 e:/gnu tools arm embedded/9 2019-q4-major/bin/../lib/gcc/arm-none-eabi/9.2.1/../../../../arm-none-eabi/lib/thumb/v7e-m+fp/hard\libc_nano.a(lib_a-sbrkr.o)
                0x0800868c                _sbrk_r
 .text.__sread  0x080086ac       0x22 e:/gnu tools arm embedded/9 2019-q4-major/bin/../lib/gcc/arm-none-eabi/9.2.1/../../../../arm-none-eabi/lib/thumb/v7e-m+fp/hard\libc_nano.a(lib_a-stdio.o)
                0x080086ac                __sread
 .text.__swrite
                0x080086ce       0x38 e:/gnu tools arm embedded/9 2019-q4-major/bin/../lib/gcc/arm-none-eabi/9.2.1/../../../../arm-none-eabi/lib/thumb/v7e-m+fp/hard\libc_nano.a(lib_a-stdio.o)
                0x080086ce                __swrite
 .text.__sseek  0x08008706       0x24 e:/gnu tools arm embedded/9 2019-q4-major/bin/../lib/gcc/arm-none-eabi/9.2.1/../../../../arm-none-eabi/lib/thumb/v7e-m+fp/hard\libc_nano.a(lib_a-stdio.o)
                0x08008706                __sseek
 .text.__sclose
                0x0800872a        0x8 e:/gnu tools arm embedded/9 2019-q4-major/bin/../lib/gcc/arm-none-eabi/9.2.1/../../../../arm-none-eabi/lib/thumb/v7e-m+fp/hard\libc_nano.a(lib_a-stdio.o)
                0x0800872a                __sclose
 *fill*         0x08008732        0x2 
 .text._write_r
                0x08008734       0x24 e:/gnu tools arm embedded/9 2019-q4-major/bin/../lib/gcc/arm-none-eabi/9.2.1/../../../../arm-none-eabi/lib/thumb/v7e-m+fp/hard\libc_nano.a(lib_a-writer.o)
                0x08008734                _write_r
 .text._close_r
                0x08008758       0x20 e:/gnu tools arm embedded/9 2019-q4-major/bin/../lib/gcc/arm-none-eabi/9.2.1/../../../../arm-none-eabi/lib/thumb/v7e-m+fp/hard\libc_nano.a(lib_a-closer.o)
                0x08008758                _close_r
 .text._fstat_r
                0x08008778       0x24 e:/gnu tools arm embedded/9 2019-q4-major/bin/../lib/gcc/arm-none-eabi/9.2.1/../../../../arm-none-eabi/lib/thumb/v7e-m+fp/hard\libc_nano.a(lib_a-fstatr.o)
                0x08008778                _fstat_r
 .text._isatty_r
                0x0800879c       0x20 e:/gnu tools arm embedded/9 2019-q4-major/bin/../lib/gcc/arm-none-eabi/9.2.1/../../../../arm-none-eabi/lib/thumb/v7e-m+fp/hard\libc_nano.a(lib_a-isattyr.o)
                0x0800879c                _isatty_r
 .text._lseek_r
                0x080087bc       0x24 e:/gnu tools arm embedded/9 2019-q4-major/bin/../lib/gcc/arm-none-eabi/9.2.1/../../../../arm-none-eabi/lib/thumb/v7e-m+fp/hard\libc_nano.a(lib_a-lseekr.o)
                0x080087bc                _lseek_r
 .text.__ascii_mbtowc
                0x080087e0       0x24 e:/gnu tools arm embedded/9 2019-q4-major/bin/../lib/gcc/arm-none-eabi/9.2.1/../../../../arm-none-eabi/lib/thumb/v7e-m+fp/hard\libc_nano.a(lib_a-mbtowc_r.o)
                0x080087e0                __ascii_mbtowc
 .text.__malloc_lock
                0x08008804        0xc e:/gnu tools arm embedded/9 2019-q4-major/bin/../lib/gcc/arm-none-eabi/9.2.1/../../../../arm-none-eabi/lib/thumb/v7e-m+fp/hard\libc_nano.a(lib_a-mlock.o)
                0x08008804                __malloc_lock
 .text.__malloc_unlock
                0x08008810        0xc e:/gnu tools arm embedded/9 2019-q4-major/bin/../lib/gcc/arm-none-eabi/9.2.1/../../../../arm-none-eabi/lib/thumb/v7e-m+fp/hard\libc_nano.a(lib_a-mlock.o)
                0x08008810                __malloc_unlock
 .text._read_r  0x0800881c       0x24 e:/gnu tools arm embedded/9 2019-q4-major/bin/../lib/gcc/arm-none-eabi/9.2.1/../../../../arm-none-eabi/lib/thumb/v7e-m+fp/hard\libc_nano.a(lib_a-readr.o)
                0x0800881c                _read_r
 .text.__ascii_wctomb
                0x08008840       0x1a e:/gnu tools arm embedded/9 2019-q4-major/bin/../lib/gcc/arm-none-eabi/9.2.1/../../../../arm-none-eabi/lib/thumb/v7e-m+fp/hard\libc_nano.a(lib_a-wctomb_r.o)
                0x08008840                __ascii_wctomb
 *fill*         0x0800885a        0x2 
 .text._close   0x0800885c       0x10 e:/gnu tools arm embedded/9 2019-q4-major/bin/../lib/gcc/arm-none-eabi/9.2.1/../../../../arm-none-eabi/lib/thumb/v7e-m+fp/hard\libnosys.a(close.o)
                0x0800885c                _close
 .text._fstat   0x0800886c       0x10 e:/gnu tools arm embedded/9 2019-q4-major/bin/../lib/gcc/arm-none-eabi/9.2.1/../../../../arm-none-eabi/lib/thumb/v7e-m+fp/hard\libnosys.a(fstat.o)
                0x0800886c                _fstat
 .text._isatty  0x0800887c       0x10 e:/gnu tools arm embedded/9 2019-q4-major/bin/../lib/gcc/arm-none-eabi/9.2.1/../../../../arm-none-eabi/lib/thumb/v7e-m+fp/hard\libnosys.a(isatty.o)
                0x0800887c                _isatty
 .text._lseek   0x0800888c       0x10 e:/gnu tools arm embedded/9 2019-q4-major/bin/../lib/gcc/arm-none-eabi/9.2.1/../../../../arm-none-eabi/lib/thumb/v7e-m+fp/hard\libnosys.a(lseek.o)
                0x0800888c                _lseek
 .text._read    0x0800889c       0x10 e:/gnu tools arm embedded/9 2019-q4-major/bin/../lib/gcc/arm-none-eabi/9.2.1/../../../../arm-none-eabi/lib/thumb/v7e-m+fp/hard\libnosys.a(read.o)
                0x0800889c                _read
 .text._sbrk    0x080088ac       0x1c e:/gnu tools arm embedded/9 2019-q4-major/bin/../lib/gcc/arm-none-eabi/9.2.1/../../../../arm-none-eabi/lib/thumb/v7e-m+fp/hard\libnosys.a(sbrk.o)
                0x080088ac                _sbrk
 *(.glue_7)
 .glue_7        0x080088c8        0x0 linker stubs
 *(.glue_7t)
 .glue_7t       0x080088c8        0x0 linker stubs
 *(.eh_frame)
 .eh_frame      0x080088c8        0x0 e:/gnu tools arm embedded/9 2019-q4-major/bin/../lib/gcc/arm-none-eabi/9.2.1/thumb/v7e-m+fp/hard/crtbegin.o
 *(.init)
 .init          0x080088c8        0x4 e:/gnu tools arm embedded/9 2019-q4-major/bin/../lib/gcc/arm-none-eabi/9.2.1/thumb/v7e-m+fp/hard/crti.o
                0x080088c8                _init
 .init          0x080088cc        0x8 e:/gnu tools arm embedded/9 2019-q4-major/bin/../lib/gcc/arm-none-eabi/9.2.1/thumb/v7e-m+fp/hard/crtn.o
 *(.fini)
 .fini          0x080088d4        0x4 e:/gnu tools arm embedded/9 2019-q4-major/bin/../lib/gcc/arm-none-eabi/9.2.1/thumb/v7e-m+fp/hard/crti.o
                0x080088d4                _fini
 .fini          0x080088d8        0x8 e:/gnu tools arm embedded/9 2019-q4-major/bin/../lib/gcc/arm-none-eabi/9.2.1/thumb/v7e-m+fp/hard/crtn.o
                0x080088e0                . = ALIGN (0x4)
                0x080088e0                _etext = .

.vfp11_veneer   0x080088e0        0x0
 .vfp11_veneer  0x080088e0        0x0 linker stubs

.v4_bx          0x080088e0        0x0
 .v4_bx         0x080088e0        0x0 linker stubs

.iplt           0x080088e0        0x0
 .iplt          0x080088e0        0x0 e:/gnu tools arm embedded/9 2019-q4-major/bin/../lib/gcc/arm-none-eabi/9.2.1/thumb/v7e-m+fp/hard/crtbegin.o

.rodata         0x080088e0      0x358
                0x080088e0                . = ALIGN (0x4)
 *(.rodata)
 .rodata        0x080088e0       0x1c build/freertos.o
 *(.rodata*)
 .rodata.MPU6050Init.str1.4
                0x080088fc       0x3a build/mpu6050.o
 *fill*         0x08008936        0x2 
 .rodata.SensorsInit.str1.4
                0x08008938        0xc build/sensors.o
 .rodata.str1.4
                0x08008944        0xc build/freertos.o
 .rodata.flagBitshiftOffset.8495
                0x08008950        0x8 build/stm32f4xx_hal_dma.o
 .rodata.AHBPrescTable
                0x08008958       0x10 build/system_stm32f4xx.o
                0x08008958                AHBPrescTable
 .rodata.APBPrescTable
                0x08008968        0x8 build/system_stm32f4xx.o
                0x08008968                APBPrescTable
 .rodata.vTaskStartScheduler.str1.4
                0x08008970        0x5 build/tasks.o
 *fill*         0x08008975        0x3 
 .rodata._global_impure_ptr
                0x08008978        0x4 e:/gnu tools arm embedded/9 2019-q4-major/bin/../lib/gcc/arm-none-eabi/9.2.1/../../../../arm-none-eabi/lib/thumb/v7e-m+fp/hard\libc_nano.a(lib_a-impure.o)
                0x08008978                _global_impure_ptr
 .rodata._printf_float.str1.1
                0x0800897c       0x12 e:/gnu tools arm embedded/9 2019-q4-major/bin/../lib/gcc/arm-none-eabi/9.2.1/../../../../arm-none-eabi/lib/thumb/v7e-m+fp/hard\libc_nano.a(lib_a-nano-vfprintf_float.o)
 .rodata._printf_i.str1.1
                0x0800898e       0x22 e:/gnu tools arm embedded/9 2019-q4-major/bin/../lib/gcc/arm-none-eabi/9.2.1/../../../../arm-none-eabi/lib/thumb/v7e-m+fp/hard\libc_nano.a(lib_a-nano-vfprintf_i.o)
 .rodata._dtoa_r.str1.1
                0x080089b0        0xd e:/gnu tools arm embedded/9 2019-q4-major/bin/../lib/gcc/arm-none-eabi/9.2.1/../../../../arm-none-eabi/lib/thumb/v7e-m+fp/hard\libc_nano.a(lib_a-dtoa.o)
                                  0xf (size before relaxing)
 *fill*         0x080089bd        0x3 
 .rodata.__sf_fake_stderr
                0x080089c0       0x20 e:/gnu tools arm embedded/9 2019-q4-major/bin/../lib/gcc/arm-none-eabi/9.2.1/../../../../arm-none-eabi/lib/thumb/v7e-m+fp/hard\libc_nano.a(lib_a-findfp.o)
                0x080089c0                __sf_fake_stderr
 .rodata.__sf_fake_stdin
                0x080089e0       0x20 e:/gnu tools arm embedded/9 2019-q4-major/bin/../lib/gcc/arm-none-eabi/9.2.1/../../../../arm-none-eabi/lib/thumb/v7e-m+fp/hard\libc_nano.a(lib_a-findfp.o)
                0x080089e0                __sf_fake_stdin
 .rodata.__sf_fake_stdout
                0x08008a00       0x20 e:/gnu tools arm embedded/9 2019-q4-major/bin/../lib/gcc/arm-none-eabi/9.2.1/../../../../arm-none-eabi/lib/thumb/v7e-m+fp/hard\libc_nano.a(lib_a-findfp.o)
                0x08008a00                __sf_fake_stdout
 .rodata.__mprec_bigtens
                0x08008a20       0x28 e:/gnu tools arm embedded/9 2019-q4-major/bin/../lib/gcc/arm-none-eabi/9.2.1/../../../../arm-none-eabi/lib/thumb/v7e-m+fp/hard\libc_nano.a(lib_a-mprec.o)
                0x08008a20                __mprec_bigtens
 .rodata.__mprec_tens
                0x08008a48       0xc8 e:/gnu tools arm embedded/9 2019-q4-major/bin/../lib/gcc/arm-none-eabi/9.2.1/../../../../arm-none-eabi/lib/thumb/v7e-m+fp/hard\libc_nano.a(lib_a-mprec.o)
                0x08008a48                __mprec_tens
 .rodata.p05.7490
                0x08008b10        0xc e:/gnu tools arm embedded/9 2019-q4-major/bin/../lib/gcc/arm-none-eabi/9.2.1/../../../../arm-none-eabi/lib/thumb/v7e-m+fp/hard\libc_nano.a(lib_a-mprec.o)
 .rodata._vfprintf_r.str1.1
                0x08008b1c       0x11 e:/gnu tools arm embedded/9 2019-q4-major/bin/../lib/gcc/arm-none-eabi/9.2.1/../../../../arm-none-eabi/lib/thumb/v7e-m+fp/hard\libc_nano.a(lib_a-nano-vfprintf.o)
 .rodata._setlocale_r.str1.1
                0x08008b2d        0x8 e:/gnu tools arm embedded/9 2019-q4-major/bin/../lib/gcc/arm-none-eabi/9.2.1/../../../../arm-none-eabi/lib/thumb/v7e-m+fp/hard\libc_nano.a(lib_a-locale.o)
                                  0x9 (size before relaxing)
 .rodata.str1.1
                0x08008b35        0x2 e:/gnu tools arm embedded/9 2019-q4-major/bin/../lib/gcc/arm-none-eabi/9.2.1/../../../../arm-none-eabi/lib/thumb/v7e-m+fp/hard\libc_nano.a(lib_a-locale.o)
 .rodata._ctype_
                0x08008b37      0x101 e:/gnu tools arm embedded/9 2019-q4-major/bin/../lib/gcc/arm-none-eabi/9.2.1/../../../../arm-none-eabi/lib/thumb/v7e-m+fp/hard\libc_nano.a(lib_a-ctype_.o)
                0x08008b37                _ctype_
                0x08008c38                . = ALIGN (0x4)

.ARM.extab
 *(.ARM.extab* .gnu.linkonce.armextab.*)

.ARM            0x08008c38        0x8
                0x08008c38                __exidx_start = .
 *(.ARM.exidx*)
 .ARM.exidx     0x08008c38        0x8 e:/gnu tools arm embedded/9 2019-q4-major/bin/../lib/gcc/arm-none-eabi/9.2.1/thumb/v7e-m+fp/hard\libgcc.a(_udivmoddi4.o)
                0x08008c40                __exidx_end = .

.rel.dyn        0x08008c40        0x0
 .rel.iplt      0x08008c40        0x0 e:/gnu tools arm embedded/9 2019-q4-major/bin/../lib/gcc/arm-none-eabi/9.2.1/thumb/v7e-m+fp/hard/crtbegin.o

.preinit_array  0x08008c40        0x0
                0x08008c40                PROVIDE (__preinit_array_start = .)
 *(.preinit_array*)
                0x08008c40                PROVIDE (__preinit_array_end = .)

.init_array     0x08008c40        0x4
                0x08008c40                PROVIDE (__init_array_start = .)
 *(SORT_BY_NAME(.init_array.*))
 *(.init_array*)
 .init_array    0x08008c40        0x4 e:/gnu tools arm embedded/9 2019-q4-major/bin/../lib/gcc/arm-none-eabi/9.2.1/thumb/v7e-m+fp/hard/crtbegin.o
                0x08008c44                PROVIDE (__init_array_end = .)

.fini_array     0x08008c44        0x4
                [!provide]                PROVIDE (__fini_array_start = .)
 *(SORT_BY_NAME(.fini_array.*))
 *(.fini_array*)
 .fini_array    0x08008c44        0x4 e:/gnu tools arm embedded/9 2019-q4-major/bin/../lib/gcc/arm-none-eabi/9.2.1/thumb/v7e-m+fp/hard/crtbegin.o
                [!provide]                PROVIDE (__fini_array_end = .)
                0x08008c48                _sidata = LOADADDR (.data)

.data           0x20000000      0x1e0 load address 0x08008c48
                0x20000000                . = ALIGN (0x4)
                0x20000000                _sdata = .
 *(.data)
 *(.data*)
 .data.uwTickFreq
                0x20000000        0x1 build/stm32f4xx_hal.o
                0x20000000                uwTickFreq
 *fill*         0x20000001        0x3 
 .data.uwTickPrio
                0x20000004        0x4 build/stm32f4xx_hal.o
                0x20000004                uwTickPrio
 .data.SystemCoreClock
                0x20000008        0x4 build/system_stm32f4xx.o
                0x20000008                SystemCoreClock
 .data.uxCriticalNesting
                0x2000000c        0x4 build/port.o
 .data._impure_ptr
                0x20000010        0x4 e:/gnu tools arm embedded/9 2019-q4-major/bin/../lib/gcc/arm-none-eabi/9.2.1/../../../../arm-none-eabi/lib/thumb/v7e-m+fp/hard\libc_nano.a(lib_a-impure.o)
                0x20000010                _impure_ptr
 .data.impure_data
                0x20000014       0x60 e:/gnu tools arm embedded/9 2019-q4-major/bin/../lib/gcc/arm-none-eabi/9.2.1/../../../../arm-none-eabi/lib/thumb/v7e-m+fp/hard\libc_nano.a(lib_a-impure.o)
 .data.__global_locale
                0x20000074      0x16c e:/gnu tools arm embedded/9 2019-q4-major/bin/../lib/gcc/arm-none-eabi/9.2.1/../../../../arm-none-eabi/lib/thumb/v7e-m+fp/hard\libc_nano.a(lib_a-locale.o)
                0x20000074                __global_locale
                0x200001e0                . = ALIGN (0x4)
                0x200001e0                _edata = .
                0x08008e28                _siccmram = LOADADDR (.ccmram)

.igot.plt       0x200001e0        0x0 load address 0x08008e28
 .igot.plt      0x200001e0        0x0 e:/gnu tools arm embedded/9 2019-q4-major/bin/../lib/gcc/arm-none-eabi/9.2.1/thumb/v7e-m+fp/hard/crtbegin.o

.ccmram         0x10000000        0x0 load address 0x08008e28
                0x10000000                . = ALIGN (0x4)
                0x10000000                _sccmram = .
 *(.ccmram)
 *(.ccmram*)
                0x10000000                . = ALIGN (0x4)
                0x10000000                _eccmram = .
                0x10000000                . = ALIGN (0x4)

.bss            0x200001e0     0x4a58
                0x200001e0                _sbss = .
                0x200001e0                __bss_start__ = _sbss
 *(.bss)
 .bss           0x200001e0       0x1c e:/gnu tools arm embedded/9 2019-q4-major/bin/../lib/gcc/arm-none-eabi/9.2.1/thumb/v7e-m+fp/hard/crtbegin.o
 *(.bss*)
 .bss.old_pos.9937
                0x200001fc        0x4 build/usart2.o
 .bss.rx_buffer
                0x20000200       0x80 build/usart2.o
 .bss.i2c_data  0x20000280        0x1 build/mpu6050.o
 *fill*         0x20000281        0x3 
 .bss.osSys_mpu6050_taskStackBuffer
                0x20000284      0x600 build/sensors.o
 .bss.osSys_mpu6050_taskTaskBuffer
                0x20000884       0x54 build/sensors.o
 .bss.i2c1_notify
                0x200008d8        0x4 build/i2c1.o
 .bss.xIdleStack
                0x200008dc      0x200 build/freertos.o
 .bss.xIdleTaskTCBBuffer
                0x20000adc       0x54 build/freertos.o
 .bss.pxCurrentTCB
                0x20000b30        0x4 build/tasks.o
                0x20000b30                pxCurrentTCB
 .bss.pxDelayedTaskList
                0x20000b34        0x4 build/tasks.o
 .bss.pxOverflowDelayedTaskList
                0x20000b38        0x4 build/tasks.o
 .bss.pxReadyTasksLists
                0x20000b3c       0x8c build/tasks.o
 .bss.uxCurrentNumberOfTasks
                0x20000bc8        0x4 build/tasks.o
 .bss.uxDeletedTasksWaitingCleanUp
                0x20000bcc        0x4 build/tasks.o
 .bss.uxPendedTicks
                0x20000bd0        0x4 build/tasks.o
 .bss.uxSchedulerSuspended
                0x20000bd4        0x4 build/tasks.o
 .bss.uxTaskNumber
                0x20000bd8        0x4 build/tasks.o
 .bss.uxTopReadyPriority
                0x20000bdc        0x4 build/tasks.o
 .bss.xDelayedTaskList1
                0x20000be0       0x14 build/tasks.o
 .bss.xDelayedTaskList2
                0x20000bf4       0x14 build/tasks.o
 .bss.xNextTaskUnblockTime
                0x20000c08        0x4 build/tasks.o
 .bss.xNumOfOverflows
                0x20000c0c        0x4 build/tasks.o
 .bss.xPendingReadyList
                0x20000c10       0x14 build/tasks.o
 .bss.xSchedulerRunning
                0x20000c24        0x4 build/tasks.o
 .bss.xSuspendedTaskList
                0x20000c28       0x14 build/tasks.o
 .bss.xTasksWaitingTermination
                0x20000c3c       0x14 build/tasks.o
 .bss.xTickCount
                0x20000c50        0x4 build/tasks.o
 .bss.xYieldPending
                0x20000c54        0x4 build/tasks.o
 .bss.pxEnd     0x20000c58        0x4 build/heap_4.o
 .bss.ucHeap    0x20000c5c     0x3c00 build/heap_4.o
 .bss.xBlockAllocatedBit
                0x2000485c        0x4 build/heap_4.o
 .bss.xFreeBytesRemaining
                0x20004860        0x4 build/heap_4.o
 .bss.xMinimumEverFreeBytesRemaining
                0x20004864        0x4 build/heap_4.o
 .bss.xStart    0x20004868        0x8 build/heap_4.o
 .bss.ucMaxSysCallPriority
                0x20004870        0x1 build/port.o
 *fill*         0x20004871        0x3 
 .bss.ulMaxPRIGROUPValue
                0x20004874        0x4 build/port.o
 .bss.__malloc_free_list
                0x20004878        0x4 e:/gnu tools arm embedded/9 2019-q4-major/bin/../lib/gcc/arm-none-eabi/9.2.1/../../../../arm-none-eabi/lib/thumb/v7e-m+fp/hard\libc_nano.a(lib_a-nano-mallocr.o)
                0x20004878                __malloc_free_list
 .bss.__malloc_sbrk_start
                0x2000487c        0x4 e:/gnu tools arm embedded/9 2019-q4-major/bin/../lib/gcc/arm-none-eabi/9.2.1/../../../../arm-none-eabi/lib/thumb/v7e-m+fp/hard\libc_nano.a(lib_a-nano-mallocr.o)
                0x2000487c                __malloc_sbrk_start
 .bss.heap_end.5507
                0x20004880        0x4 e:/gnu tools arm embedded/9 2019-q4-major/bin/../lib/gcc/arm-none-eabi/9.2.1/../../../../arm-none-eabi/lib/thumb/v7e-m+fp/hard\libnosys.a(sbrk.o)
 *(COMMON)
 COMMON         0x20004884        0x4 build/usart2.o
                0x20004884                usart2_queue
 COMMON         0x20004888        0x4 build/i2c1.o
                0x20004888                notify_value
 COMMON         0x2000488c        0x4 build/freertos.o
                0x2000488c                defaultTaskHandle
 COMMON         0x20004890      0x114 build/i2c.o
                0x20004890                hdma_i2c1_tx
                0x200048f0                hi2c1
                0x20004944                hdma_i2c1_rx
 COMMON         0x200049a4       0x40 build/tim.o
                0x200049a4                htim4
 COMMON         0x200049e4      0x200 build/usart.o
                0x200049e4                hdma_usart2_rx
                0x20004a44                hdma_usart1_tx
                0x20004aa4                hdma_usart1_rx
                0x20004b04                hdma_usart2_tx
                0x20004b64                huart1
                0x20004ba4                huart2
 COMMON         0x20004be4       0x40 build/stm32f4xx_hal_timebase_tim.o
                0x20004be4                htim7
 COMMON         0x20004c24        0x4 build/stm32f4xx_hal.o
                0x20004c24                uwTick
 COMMON         0x20004c28        0x9 e:/gnu tools arm embedded/9 2019-q4-major/bin/../lib/gcc/arm-none-eabi/9.2.1/../../../../arm-none-eabi/lib/thumb/v7e-m+fp/hard\libc_nano.a(lib_a-lock.o)
                0x20004c28                __lock___atexit_recursive_mutex
                0x20004c29                __lock___arc4random_mutex
                0x20004c2a                __lock___env_recursive_mutex
                0x20004c2b                __lock___sinit_recursive_mutex
                0x20004c2c                __lock___malloc_recursive_mutex
                0x20004c2d                __lock___at_quick_exit_mutex
                0x20004c2e                __lock___dd_hash_mutex
                0x20004c2f                __lock___tz_mutex
                0x20004c30                __lock___sfp_recursive_mutex
 *fill*         0x20004c31        0x3 
 COMMON         0x20004c34        0x4 e:/gnu tools arm embedded/9 2019-q4-major/bin/../lib/gcc/arm-none-eabi/9.2.1/../../../../arm-none-eabi/lib/thumb/v7e-m+fp/hard\libc_nano.a(lib_a-reent.o)
                0x20004c34                errno
                0x20004c38                . = ALIGN (0x4)
                0x20004c38                _ebss = .
                0x20004c38                __bss_end__ = _ebss

._user_heap_stack
                0x20004c38      0x600
                0x20004c38                . = ALIGN (0x8)
                0x20004c38                PROVIDE (end = .)
                [!provide]                PROVIDE (_end = .)
                0x20004e38                . = (. + _Min_Heap_Size)
 *fill*         0x20004c38      0x200 
                0x20005238                . = (. + _Min_Stack_Size)
 *fill*         0x20004e38      0x400 
                0x20005238                . = ALIGN (0x8)

/DISCARD/
 libc.a(*)
 libm.a(*)
 libgcc.a(*)

.ARM.attributes
                0x00000000       0x30
 *(.ARM.attributes)
 .ARM.attributes
                0x00000000       0x1e e:/gnu tools arm embedded/9 2019-q4-major/bin/../lib/gcc/arm-none-eabi/9.2.1/thumb/v7e-m+fp/hard/crti.o
 .ARM.attributes
                0x0000001e       0x34 e:/gnu tools arm embedded/9 2019-q4-major/bin/../lib/gcc/arm-none-eabi/9.2.1/thumb/v7e-m+fp/hard/crtbegin.o
 .ARM.attributes
                0x00000052       0x34 build/usart2.o
 .ARM.attributes
                0x00000086       0x34 build/utils.o
 .ARM.attributes
                0x000000ba       0x34 build/mpu6050.o
 .ARM.attributes
                0x000000ee       0x34 build/sensors.o
 .ARM.attributes
                0x00000122       0x34 build/i2c1.o
 .ARM.attributes
                0x00000156       0x34 build/main.o
 .ARM.attributes
                0x0000018a       0x34 build/gpio.o
 .ARM.attributes
                0x000001be       0x34 build/dma.o
 .ARM.attributes
                0x000001f2       0x34 build/freertos.o
 .ARM.attributes
                0x00000226       0x34 build/i2c.o
 .ARM.attributes
                0x0000025a       0x34 build/tim.o
 .ARM.attributes
                0x0000028e       0x34 build/usart.o
 .ARM.attributes
                0x000002c2       0x34 build/stm32f4xx_it.o
 .ARM.attributes
                0x000002f6       0x34 build/stm32f4xx_hal_msp.o
 .ARM.attributes
                0x0000032a       0x34 build/stm32f4xx_hal_timebase_tim.o
 .ARM.attributes
                0x0000035e       0x34 build/stm32f4xx_hal_rcc.o
 .ARM.attributes
                0x00000392       0x34 build/stm32f4xx_hal_gpio.o
 .ARM.attributes
                0x000003c6       0x34 build/stm32f4xx_hal_dma.o
 .ARM.attributes
                0x000003fa       0x34 build/stm32f4xx_hal_cortex.o
 .ARM.attributes
                0x0000042e       0x34 build/stm32f4xx_hal.o
 .ARM.attributes
                0x00000462       0x34 build/stm32f4xx_hal_i2c.o
 .ARM.attributes
                0x00000496       0x34 build/stm32f4xx_hal_tim.o
 .ARM.attributes
                0x000004ca       0x34 build/stm32f4xx_hal_tim_ex.o
 .ARM.attributes
                0x000004fe       0x34 build/stm32f4xx_hal_uart.o
 .ARM.attributes
                0x00000532       0x34 build/system_stm32f4xx.o
 .ARM.attributes
                0x00000566       0x34 build/list.o
 .ARM.attributes
                0x0000059a       0x34 build/queue.o
 .ARM.attributes
                0x000005ce       0x34 build/tasks.o
 .ARM.attributes
                0x00000602       0x34 build/cmsis_os.o
 .ARM.attributes
                0x00000636       0x34 build/heap_4.o
 .ARM.attributes
                0x0000066a       0x34 build/port.o
 .ARM.attributes
                0x0000069e       0x21 build/startup_stm32f407xx.o
 .ARM.attributes
                0x000006bf       0x32 e:/gnu tools arm embedded/9 2019-q4-major/bin/../lib/gcc/arm-none-eabi/9.2.1/../../../../arm-none-eabi/lib/thumb/v7e-m+fp/hard\libc_nano.a(lib_a-impure.o)
 .ARM.attributes
                0x000006f1       0x34 e:/gnu tools arm embedded/9 2019-q4-major/bin/../lib/gcc/arm-none-eabi/9.2.1/../../../../arm-none-eabi/lib/thumb/v7e-m+fp/hard\libc_nano.a(lib_a-init.o)
 .ARM.attributes
                0x00000725       0x34 e:/gnu tools arm embedded/9 2019-q4-major/bin/../lib/gcc/arm-none-eabi/9.2.1/../../../../arm-none-eabi/lib/thumb/v7e-m+fp/hard\libc_nano.a(lib_a-memcpy-stub.o)
 .ARM.attributes
                0x00000759       0x34 e:/gnu tools arm embedded/9 2019-q4-major/bin/../lib/gcc/arm-none-eabi/9.2.1/../../../../arm-none-eabi/lib/thumb/v7e-m+fp/hard\libc_nano.a(lib_a-memset.o)
 .ARM.attributes
                0x0000078d       0x34 e:/gnu tools arm embedded/9 2019-q4-major/bin/../lib/gcc/arm-none-eabi/9.2.1/../../../../arm-none-eabi/lib/thumb/v7e-m+fp/hard\libc_nano.a(lib_a-nano-vfprintf_float.o)
 .ARM.attributes
                0x000007c1       0x34 e:/gnu tools arm embedded/9 2019-q4-major/bin/../lib/gcc/arm-none-eabi/9.2.1/../../../../arm-none-eabi/lib/thumb/v7e-m+fp/hard\libc_nano.a(lib_a-nano-vfprintf_i.o)
 .ARM.attributes
                0x000007f5       0x34 e:/gnu tools arm embedded/9 2019-q4-major/bin/../lib/gcc/arm-none-eabi/9.2.1/../../../../arm-none-eabi/lib/thumb/v7e-m+fp/hard\libc_nano.a(lib_a-printf.o)
 .ARM.attributes
                0x00000829       0x34 e:/gnu tools arm embedded/9 2019-q4-major/bin/../lib/gcc/arm-none-eabi/9.2.1/../../../../arm-none-eabi/lib/thumb/v7e-m+fp/hard\libc_nano.a(lib_a-puts.o)
 .ARM.attributes
                0x0000085d       0x17 e:/gnu tools arm embedded/9 2019-q4-major/bin/../lib/gcc/arm-none-eabi/9.2.1/../../../../arm-none-eabi/lib/thumb/v7e-m+fp/hard\libc_nano.a(lib_a-strlen.o)
 .ARM.attributes
                0x00000874       0x34 e:/gnu tools arm embedded/9 2019-q4-major/bin/../lib/gcc/arm-none-eabi/9.2.1/../../../../arm-none-eabi/lib/thumb/v7e-m+fp/hard\libc_nano.a(lib_a-wbuf.o)
 .ARM.attributes
                0x000008a8       0x34 e:/gnu tools arm embedded/9 2019-q4-major/bin/../lib/gcc/arm-none-eabi/9.2.1/../../../../arm-none-eabi/lib/thumb/v7e-m+fp/hard\libc_nano.a(lib_a-wsetup.o)
 .ARM.attributes
                0x000008dc       0x34 e:/gnu tools arm embedded/9 2019-q4-major/bin/../lib/gcc/arm-none-eabi/9.2.1/../../../../arm-none-eabi/lib/thumb/v7e-m+fp/hard\libc_nano.a(lib_a-dtoa.o)
 .ARM.attributes
                0x00000910       0x34 e:/gnu tools arm embedded/9 2019-q4-major/bin/../lib/gcc/arm-none-eabi/9.2.1/../../../../arm-none-eabi/lib/thumb/v7e-m+fp/hard\libc_nano.a(lib_a-fflush.o)
 .ARM.attributes
                0x00000944       0x34 e:/gnu tools arm embedded/9 2019-q4-major/bin/../lib/gcc/arm-none-eabi/9.2.1/../../../../arm-none-eabi/lib/thumb/v7e-m+fp/hard\libc_nano.a(lib_a-findfp.o)
 .ARM.attributes
                0x00000978       0x34 e:/gnu tools arm embedded/9 2019-q4-major/bin/../lib/gcc/arm-none-eabi/9.2.1/../../../../arm-none-eabi/lib/thumb/v7e-m+fp/hard\libc_nano.a(lib_a-fwalk.o)
 .ARM.attributes
                0x000009ac       0x34 e:/gnu tools arm embedded/9 2019-q4-major/bin/../lib/gcc/arm-none-eabi/9.2.1/../../../../arm-none-eabi/lib/thumb/v7e-m+fp/hard\libc_nano.a(lib_a-localeconv.o)
 .ARM.attributes
                0x000009e0       0x34 e:/gnu tools arm embedded/9 2019-q4-major/bin/../lib/gcc/arm-none-eabi/9.2.1/../../../../arm-none-eabi/lib/thumb/v7e-m+fp/hard\libc_nano.a(lib_a-lock.o)
 .ARM.attributes
                0x00000a14       0x34 e:/gnu tools arm embedded/9 2019-q4-major/bin/../lib/gcc/arm-none-eabi/9.2.1/../../../../arm-none-eabi/lib/thumb/v7e-m+fp/hard\libc_nano.a(lib_a-makebuf.o)
 .ARM.attributes
                0x00000a48       0x34 e:/gnu tools arm embedded/9 2019-q4-major/bin/../lib/gcc/arm-none-eabi/9.2.1/../../../../arm-none-eabi/lib/thumb/v7e-m+fp/hard\libc_nano.a(lib_a-malloc.o)
 .ARM.attributes
                0x00000a7c       0x1c e:/gnu tools arm embedded/9 2019-q4-major/bin/../lib/gcc/arm-none-eabi/9.2.1/../../../../arm-none-eabi/lib/thumb/v7e-m+fp/hard\libc_nano.a(lib_a-memchr.o)
 .ARM.attributes
                0x00000a98       0x34 e:/gnu tools arm embedded/9 2019-q4-major/bin/../lib/gcc/arm-none-eabi/9.2.1/../../../../arm-none-eabi/lib/thumb/v7e-m+fp/hard\libc_nano.a(lib_a-mprec.o)
 .ARM.attributes
                0x00000acc       0x34 e:/gnu tools arm embedded/9 2019-q4-major/bin/../lib/gcc/arm-none-eabi/9.2.1/../../../../arm-none-eabi/lib/thumb/v7e-m+fp/hard\libc_nano.a(lib_a-nano-callocr.o)
 .ARM.attributes
                0x00000b00       0x34 e:/gnu tools arm embedded/9 2019-q4-major/bin/../lib/gcc/arm-none-eabi/9.2.1/../../../../arm-none-eabi/lib/thumb/v7e-m+fp/hard\libc_nano.a(lib_a-nano-freer.o)
 .ARM.attributes
                0x00000b34       0x34 e:/gnu tools arm embedded/9 2019-q4-major/bin/../lib/gcc/arm-none-eabi/9.2.1/../../../../arm-none-eabi/lib/thumb/v7e-m+fp/hard\libc_nano.a(lib_a-nano-mallocr.o)
 .ARM.attributes
                0x00000b68       0x34 e:/gnu tools arm embedded/9 2019-q4-major/bin/../lib/gcc/arm-none-eabi/9.2.1/../../../../arm-none-eabi/lib/thumb/v7e-m+fp/hard\libc_nano.a(lib_a-nano-vfprintf.o)
 .ARM.attributes
                0x00000b9c       0x34 e:/gnu tools arm embedded/9 2019-q4-major/bin/../lib/gcc/arm-none-eabi/9.2.1/../../../../arm-none-eabi/lib/thumb/v7e-m+fp/hard\libc_nano.a(lib_a-sbrkr.o)
 .ARM.attributes
                0x00000bd0       0x34 e:/gnu tools arm embedded/9 2019-q4-major/bin/../lib/gcc/arm-none-eabi/9.2.1/../../../../arm-none-eabi/lib/thumb/v7e-m+fp/hard\libc_nano.a(lib_a-stdio.o)
 .ARM.attributes
                0x00000c04       0x34 e:/gnu tools arm embedded/9 2019-q4-major/bin/../lib/gcc/arm-none-eabi/9.2.1/../../../../arm-none-eabi/lib/thumb/v7e-m+fp/hard\libc_nano.a(lib_a-writer.o)
 .ARM.attributes
                0x00000c38       0x34 e:/gnu tools arm embedded/9 2019-q4-major/bin/../lib/gcc/arm-none-eabi/9.2.1/../../../../arm-none-eabi/lib/thumb/v7e-m+fp/hard\libc_nano.a(lib_a-closer.o)
 .ARM.attributes
                0x00000c6c       0x34 e:/gnu tools arm embedded/9 2019-q4-major/bin/../lib/gcc/arm-none-eabi/9.2.1/../../../../arm-none-eabi/lib/thumb/v7e-m+fp/hard\libc_nano.a(lib_a-fstatr.o)
 .ARM.attributes
                0x00000ca0       0x34 e:/gnu tools arm embedded/9 2019-q4-major/bin/../lib/gcc/arm-none-eabi/9.2.1/../../../../arm-none-eabi/lib/thumb/v7e-m+fp/hard\libc_nano.a(lib_a-isattyr.o)
 .ARM.attributes
                0x00000cd4       0x34 e:/gnu tools arm embedded/9 2019-q4-major/bin/../lib/gcc/arm-none-eabi/9.2.1/../../../../arm-none-eabi/lib/thumb/v7e-m+fp/hard\libc_nano.a(lib_a-locale.o)
 .ARM.attributes
                0x00000d08       0x34 e:/gnu tools arm embedded/9 2019-q4-major/bin/../lib/gcc/arm-none-eabi/9.2.1/../../../../arm-none-eabi/lib/thumb/v7e-m+fp/hard\libc_nano.a(lib_a-lseekr.o)
 .ARM.attributes
                0x00000d3c       0x34 e:/gnu tools arm embedded/9 2019-q4-major/bin/../lib/gcc/arm-none-eabi/9.2.1/../../../../arm-none-eabi/lib/thumb/v7e-m+fp/hard\libc_nano.a(lib_a-mbtowc_r.o)
 .ARM.attributes
                0x00000d70       0x34 e:/gnu tools arm embedded/9 2019-q4-major/bin/../lib/gcc/arm-none-eabi/9.2.1/../../../../arm-none-eabi/lib/thumb/v7e-m+fp/hard\libc_nano.a(lib_a-mlock.o)
 .ARM.attributes
                0x00000da4       0x34 e:/gnu tools arm embedded/9 2019-q4-major/bin/../lib/gcc/arm-none-eabi/9.2.1/../../../../arm-none-eabi/lib/thumb/v7e-m+fp/hard\libc_nano.a(lib_a-readr.o)
 .ARM.attributes
                0x00000dd8       0x34 e:/gnu tools arm embedded/9 2019-q4-major/bin/../lib/gcc/arm-none-eabi/9.2.1/../../../../arm-none-eabi/lib/thumb/v7e-m+fp/hard\libc_nano.a(lib_a-reent.o)
 .ARM.attributes
                0x00000e0c       0x34 e:/gnu tools arm embedded/9 2019-q4-major/bin/../lib/gcc/arm-none-eabi/9.2.1/../../../../arm-none-eabi/lib/thumb/v7e-m+fp/hard\libc_nano.a(lib_a-wctomb_r.o)
 .ARM.attributes
                0x00000e40       0x32 e:/gnu tools arm embedded/9 2019-q4-major/bin/../lib/gcc/arm-none-eabi/9.2.1/../../../../arm-none-eabi/lib/thumb/v7e-m+fp/hard\libc_nano.a(lib_a-ctype_.o)
 .ARM.attributes
                0x00000e72       0x34 e:/gnu tools arm embedded/9 2019-q4-major/bin/../lib/gcc/arm-none-eabi/9.2.1/../../../../arm-none-eabi/lib/thumb/v7e-m+fp/hard\libnosys.a(close.o)
 .ARM.attributes
                0x00000ea6       0x34 e:/gnu tools arm embedded/9 2019-q4-major/bin/../lib/gcc/arm-none-eabi/9.2.1/../../../../arm-none-eabi/lib/thumb/v7e-m+fp/hard\libnosys.a(fstat.o)
 .ARM.attributes
                0x00000eda       0x34 e:/gnu tools arm embedded/9 2019-q4-major/bin/../lib/gcc/arm-none-eabi/9.2.1/../../../../arm-none-eabi/lib/thumb/v7e-m+fp/hard\libnosys.a(isatty.o)
 .ARM.attributes
                0x00000f0e       0x34 e:/gnu tools arm embedded/9 2019-q4-major/bin/../lib/gcc/arm-none-eabi/9.2.1/../../../../arm-none-eabi/lib/thumb/v7e-m+fp/hard\libnosys.a(lseek.o)
 .ARM.attributes
                0x00000f42       0x34 e:/gnu tools arm embedded/9 2019-q4-major/bin/../lib/gcc/arm-none-eabi/9.2.1/../../../../arm-none-eabi/lib/thumb/v7e-m+fp/hard\libnosys.a(read.o)
 .ARM.attributes
                0x00000f76       0x34 e:/gnu tools arm embedded/9 2019-q4-major/bin/../lib/gcc/arm-none-eabi/9.2.1/../../../../arm-none-eabi/lib/thumb/v7e-m+fp/hard\libnosys.a(sbrk.o)
 .ARM.attributes
                0x00000faa       0x1e e:/gnu tools arm embedded/9 2019-q4-major/bin/../lib/gcc/arm-none-eabi/9.2.1/thumb/v7e-m+fp/hard\libgcc.a(_arm_addsubdf3.o)
 .ARM.attributes
                0x00000fc8       0x1e e:/gnu tools arm embedded/9 2019-q4-major/bin/../lib/gcc/arm-none-eabi/9.2.1/thumb/v7e-m+fp/hard\libgcc.a(_arm_muldivdf3.o)
 .ARM.attributes
                0x00000fe6       0x1e e:/gnu tools arm embedded/9 2019-q4-major/bin/../lib/gcc/arm-none-eabi/9.2.1/thumb/v7e-m+fp/hard\libgcc.a(_arm_cmpdf2.o)
 .ARM.attributes
                0x00001004       0x1e e:/gnu tools arm embedded/9 2019-q4-major/bin/../lib/gcc/arm-none-eabi/9.2.1/thumb/v7e-m+fp/hard\libgcc.a(_arm_unorddf2.o)
 .ARM.attributes
                0x00001022       0x1e e:/gnu tools arm embedded/9 2019-q4-major/bin/../lib/gcc/arm-none-eabi/9.2.1/thumb/v7e-m+fp/hard\libgcc.a(_arm_fixdfsi.o)
 .ARM.attributes
                0x00001040       0x1e e:/gnu tools arm embedded/9 2019-q4-major/bin/../lib/gcc/arm-none-eabi/9.2.1/thumb/v7e-m+fp/hard\libgcc.a(_aeabi_uldivmod.o)
 .ARM.attributes
                0x0000105e       0x34 e:/gnu tools arm embedded/9 2019-q4-major/bin/../lib/gcc/arm-none-eabi/9.2.1/thumb/v7e-m+fp/hard\libgcc.a(_udivmoddi4.o)
 .ARM.attributes
                0x00001092       0x1e e:/gnu tools arm embedded/9 2019-q4-major/bin/../lib/gcc/arm-none-eabi/9.2.1/thumb/v7e-m+fp/hard\libgcc.a(_dvmd_tls.o)
 .ARM.attributes
                0x000010b0       0x1e e:/gnu tools arm embedded/9 2019-q4-major/bin/../lib/gcc/arm-none-eabi/9.2.1/thumb/v7e-m+fp/hard/crtn.o
OUTPUT(build/mainboard.elf elf32-littlearm)

.debug_info     0x00000000    0x2eb26
 .debug_info    0x00000000     0x155d build/usart2.o
 .debug_info    0x0000155d     0x11c7 build/utils.o
 .debug_info    0x00002724     0x14f0 build/mpu6050.o
 .debug_info    0x00003c14     0x15ac build/sensors.o
 .debug_info    0x000051c0     0x154e build/i2c1.o
 .debug_info    0x0000670e     0x1dc8 build/main.o
 .debug_info    0x000084d6     0x1494 build/gpio.o
 .debug_info    0x0000996a     0x1610 build/dma.o
 .debug_info    0x0000af7a     0x140f build/freertos.o
 .debug_info    0x0000c389     0x1b69 build/i2c.o
 .debug_info    0x0000def2     0x1a78 build/tim.o
 .debug_info    0x0000f96a     0x19b5 build/usart.o
 .debug_info    0x0001131f     0x185e build/stm32f4xx_it.o
 .debug_info    0x00012b7d     0x14f1 build/stm32f4xx_hal_msp.o
 .debug_info    0x0001406e      0xd9e build/stm32f4xx_hal_timebase_tim.o
 .debug_info    0x00014e0c      0xc44 build/stm32f4xx_hal_rcc.o
 .debug_info    0x00015a50      0x915 build/stm32f4xx_hal_gpio.o
 .debug_info    0x00016365      0xc8b build/stm32f4xx_hal_dma.o
 .debug_info    0x00016ff0     0x123e build/stm32f4xx_hal_cortex.o
 .debug_info    0x0001822e      0xb5e build/stm32f4xx_hal.o
 .debug_info    0x00018d8c     0x3b0f build/stm32f4xx_hal_i2c.o
 .debug_info    0x0001c89b     0x39b3 build/stm32f4xx_hal_tim.o
 .debug_info    0x0002024e     0x187c build/stm32f4xx_hal_tim_ex.o
 .debug_info    0x00021aca     0x1b31 build/stm32f4xx_hal_uart.o
 .debug_info    0x000235fb      0x63c build/system_stm32f4xx.o
 .debug_info    0x00023c37      0xca4 build/list.o
 .debug_info    0x000248db     0x2d69 build/queue.o
 .debug_info    0x00027644     0x333e build/tasks.o
 .debug_info    0x0002a982     0x2d8a build/cmsis_os.o
 .debug_info    0x0002d70c      0xe30 build/heap_4.o
 .debug_info    0x0002e53c      0x5c8 build/port.o
 .debug_info    0x0002eb04       0x22 build/startup_stm32f407xx.o

.debug_abbrev   0x00000000     0x5523
 .debug_abbrev  0x00000000      0x2b3 build/usart2.o
 .debug_abbrev  0x000002b3      0x26d build/utils.o
 .debug_abbrev  0x00000520      0x279 build/mpu6050.o
 .debug_abbrev  0x00000799      0x27d build/sensors.o
 .debug_abbrev  0x00000a16      0x298 build/i2c1.o
 .debug_abbrev  0x00000cae      0x2f8 build/main.o
 .debug_abbrev  0x00000fa6      0x239 build/gpio.o
 .debug_abbrev  0x000011df      0x242 build/dma.o
 .debug_abbrev  0x00001421      0x283 build/freertos.o
 .debug_abbrev  0x000016a4      0x297 build/i2c.o
 .debug_abbrev  0x0000193b      0x2c4 build/tim.o
 .debug_abbrev  0x00001bff      0x297 build/usart.o
 .debug_abbrev  0x00001e96      0x24d build/stm32f4xx_it.o
 .debug_abbrev  0x000020e3      0x235 build/stm32f4xx_hal_msp.o
 .debug_abbrev  0x00002318      0x21c build/stm32f4xx_hal_timebase_tim.o
 .debug_abbrev  0x00002534      0x2cd build/stm32f4xx_hal_rcc.o
 .debug_abbrev  0x00002801      0x258 build/stm32f4xx_hal_gpio.o
 .debug_abbrev  0x00002a59      0x312 build/stm32f4xx_hal_dma.o
 .debug_abbrev  0x00002d6b      0x3a8 build/stm32f4xx_hal_cortex.o
 .debug_abbrev  0x00003113      0x21c build/stm32f4xx_hal.o
 .debug_abbrev  0x0000332f      0x31f build/stm32f4xx_hal_i2c.o
 .debug_abbrev  0x0000364e      0x2af build/stm32f4xx_hal_tim.o
 .debug_abbrev  0x000038fd      0x2ab build/stm32f4xx_hal_tim_ex.o
 .debug_abbrev  0x00003ba8      0x318 build/stm32f4xx_hal_uart.o
 .debug_abbrev  0x00003ec0      0x14a build/system_stm32f4xx.o
 .debug_abbrev  0x0000400a      0x245 build/list.o
 .debug_abbrev  0x0000424f      0x44c build/queue.o
 .debug_abbrev  0x0000469b      0x448 build/tasks.o
 .debug_abbrev  0x00004ae3      0x437 build/cmsis_os.o
 .debug_abbrev  0x00004f1a      0x36d build/heap_4.o
 .debug_abbrev  0x00005287      0x28a build/port.o
 .debug_abbrev  0x00005511       0x12 build/startup_stm32f407xx.o

.debug_loc      0x00000000    0x15405
 .debug_loc     0x00000000      0x1d9 build/usart2.o
 .debug_loc     0x000001d9      0x2c0 build/utils.o
 .debug_loc     0x00000499       0x59 build/mpu6050.o
 .debug_loc     0x000004f2       0x7d build/sensors.o
 .debug_loc     0x0000056f      0x156 build/i2c1.o
 .debug_loc     0x000006c5       0xbb build/main.o
 .debug_loc     0x00000780       0x38 build/gpio.o
 .debug_loc     0x000007b8       0x38 build/dma.o
 .debug_loc     0x000007f0       0x7d build/freertos.o
 .debug_loc     0x0000086d       0xf5 build/i2c.o
 .debug_loc     0x00000962       0xf8 build/tim.o
 .debug_loc     0x00000a5a      0x150 build/usart.o
 .debug_loc     0x00000baa      0x100 build/stm32f4xx_it.o
 .debug_loc     0x00000caa       0x38 build/stm32f4xx_hal_msp.o
 .debug_loc     0x00000ce2       0xbc build/stm32f4xx_hal_timebase_tim.o
 .debug_loc     0x00000d9e      0x6c7 build/stm32f4xx_hal_rcc.o
 .debug_loc     0x00001465      0x5c7 build/stm32f4xx_hal_gpio.o
 .debug_loc     0x00001a2c      0xd6d build/stm32f4xx_hal_dma.o
 .debug_loc     0x00002799      0x7d4 build/stm32f4xx_hal_cortex.o
 .debug_loc     0x00002f6d      0x1e1 build/stm32f4xx_hal.o
 .debug_loc     0x0000314e     0x4956 build/stm32f4xx_hal_i2c.o
 .debug_loc     0x00007aa4     0x457e build/stm32f4xx_hal_tim.o
 .debug_loc     0x0000c022     0x15b0 build/stm32f4xx_hal_tim_ex.o
 .debug_loc     0x0000d5d2     0x1d79 build/stm32f4xx_hal_uart.o
 .debug_loc     0x0000f34b      0x16c build/system_stm32f4xx.o
 .debug_loc     0x0000f4b7       0xe5 build/list.o
 .debug_loc     0x0000f59c     0x1ab9 build/queue.o
 .debug_loc     0x00011055     0x23ef build/tasks.o
 .debug_loc     0x00013444     0x1a4c build/cmsis_os.o
 .debug_loc     0x00014e90      0x3b5 build/heap_4.o
 .debug_loc     0x00015245      0x1c0 build/port.o

.debug_aranges  0x00000000     0x1568
 .debug_aranges
                0x00000000       0x50 build/usart2.o
 .debug_aranges
                0x00000050       0x30 build/utils.o
 .debug_aranges
                0x00000080       0x20 build/mpu6050.o
 .debug_aranges
                0x000000a0       0x28 build/sensors.o
 .debug_aranges
                0x000000c8       0x30 build/i2c1.o
 .debug_aranges
                0x000000f8       0x38 build/main.o
 .debug_aranges
                0x00000130       0x20 build/gpio.o
 .debug_aranges
                0x00000150       0x20 build/dma.o
 .debug_aranges
                0x00000170       0x30 build/freertos.o
 .debug_aranges
                0x000001a0       0x30 build/i2c.o
 .debug_aranges
                0x000001d0       0x38 build/tim.o
 .debug_aranges
                0x00000208       0x38 build/usart.o
 .debug_aranges
                0x00000240       0x88 build/stm32f4xx_it.o
 .debug_aranges
                0x000002c8       0x20 build/stm32f4xx_hal_msp.o
 .debug_aranges
                0x000002e8       0x30 build/stm32f4xx_hal_timebase_tim.o
 .debug_aranges
                0x00000318       0x88 build/stm32f4xx_hal_rcc.o
 .debug_aranges
                0x000003a0       0x58 build/stm32f4xx_hal_gpio.o
 .debug_aranges
                0x000003f8       0x90 build/stm32f4xx_hal_dma.o
 .debug_aranges
                0x00000488       0xa8 build/stm32f4xx_hal_cortex.o
 .debug_aranges
                0x00000530       0xf0 build/stm32f4xx_hal.o
 .debug_aranges
                0x00000620      0x298 build/stm32f4xx_hal_i2c.o
 .debug_aranges
                0x000008b8      0x3a8 build/stm32f4xx_hal_tim.o
 .debug_aranges
                0x00000c60      0x150 build/stm32f4xx_hal_tim_ex.o
 .debug_aranges