Archive member included to satisfy reference by file (symbol)

e:/gnu tools arm embedded/9 2019-q4-major/bin/../lib/gcc/arm-none-eabi/9.2.1/../../../../arm-none-eabi/lib/thumb/v7e-m+fp/hard\libc_nano.a(lib_a-exit.o)
                              e:/gnu tools arm embedded/9 2019-q4-major/bin/../lib/gcc/arm-none-eabi/9.2.1/../../../../arm-none-eabi/lib/thumb/v7e-m+fp/hard/crt0.o (exit)
e:/gnu tools arm embedded/9 2019-q4-major/bin/../lib/gcc/arm-none-eabi/9.2.1/../../../../arm-none-eabi/lib/thumb/v7e-m+fp/hard\libc_nano.a(lib_a-impure.o)
                              e:/gnu tools arm embedded/9 2019-q4-major/bin/../lib/gcc/arm-none-eabi/9.2.1/../../../../arm-none-eabi/lib/thumb/v7e-m+fp/hard\libc_nano.a(lib_a-exit.o) (_global_impure_ptr)
e:/gnu tools arm embedded/9 2019-q4-major/bin/../lib/gcc/arm-none-eabi/9.2.1/../../../../arm-none-eabi/lib/thumb/v7e-m+fp/hard\libc_nano.a(lib_a-init.o)
                              e:/gnu tools arm embedded/9 2019-q4-major/bin/../lib/gcc/arm-none-eabi/9.2.1/../../../../arm-none-eabi/lib/thumb/v7e-m+fp/hard/crt0.o (__libc_init_array)
e:/gnu tools arm embedded/9 2019-q4-major/bin/../lib/gcc/arm-none-eabi/9.2.1/../../../../arm-none-eabi/lib/thumb/v7e-m+fp/hard\libc_nano.a(lib_a-memcpy-stub.o)
                              build/queue.o (memcpy)
e:/gnu tools arm embedded/9 2019-q4-major/bin/../lib/gcc/arm-none-eabi/9.2.1/../../../../arm-none-eabi/lib/thumb/v7e-m+fp/hard\libc_nano.a(lib_a-memset.o)
                              e:/gnu tools arm embedded/9 2019-q4-major/bin/../lib/gcc/arm-none-eabi/9.2.1/../../../../arm-none-eabi/lib/thumb/v7e-m+fp/hard/crt0.o (memset)
e:/gnu tools arm embedded/9 2019-q4-major/bin/../lib/gcc/arm-none-eabi/9.2.1/../../../../arm-none-eabi/lib/thumb/v7e-m+fp/hard\libc_nano.a(lib_a-nano-vfprintf_float.o)
                              (_printf_float)
e:/gnu tools arm embedded/9 2019-q4-major/bin/../lib/gcc/arm-none-eabi/9.2.1/../../../../arm-none-eabi/lib/thumb/v7e-m+fp/hard\libc_nano.a(lib_a-nano-vfprintf_i.o)
                              e:/gnu tools arm embedded/9 2019-q4-major/bin/../lib/gcc/arm-none-eabi/9.2.1/../../../../arm-none-eabi/lib/thumb/v7e-m+fp/hard\libc_nano.a(lib_a-nano-vfprintf_float.o) (_printf_common)
e:/gnu tools arm embedded/9 2019-q4-major/bin/../lib/gcc/arm-none-eabi/9.2.1/../../../../arm-none-eabi/lib/thumb/v7e-m+fp/hard\libc_nano.a(lib_a-printf.o)
                              build/sensors.o (printf)
e:/gnu tools arm embedded/9 2019-q4-major/bin/../lib/gcc/arm-none-eabi/9.2.1/../../../../arm-none-eabi/lib/thumb/v7e-m+fp/hard\libc_nano.a(lib_a-strlen.o)
                              e:/gnu tools arm embedded/9 2019-q4-major/bin/../lib/gcc/arm-none-eabi/9.2.1/../../../../arm-none-eabi/lib/thumb/v7e-m+fp/hard\libc_nano.a(lib_a-nano-vfprintf_float.o) (strlen)
e:/gnu tools arm embedded/9 2019-q4-major/bin/../lib/gcc/arm-none-eabi/9.2.1/../../../../arm-none-eabi/lib/thumb/v7e-m+fp/hard\libc_nano.a(lib_a-dtoa.o)
                              e:/gnu tools arm embedded/9 2019-q4-major/bin/../lib/gcc/arm-none-eabi/9.2.1/../../../../arm-none-eabi/lib/thumb/v7e-m+fp/hard\libc_nano.a(lib_a-nano-vfprintf_float.o) (_dtoa_r)
e:/gnu tools arm embedded/9 2019-q4-major/bin/../lib/gcc/arm-none-eabi/9.2.1/../../../../arm-none-eabi/lib/thumb/v7e-m+fp/hard\libc_nano.a(lib_a-findfp.o)
                              e:/gnu tools arm embedded/9 2019-q4-major/bin/../lib/gcc/arm-none-eabi/9.2.1/../../../../arm-none-eabi/lib/thumb/v7e-m+fp/hard\libc_nano.a(lib_a-printf.o) (__sinit)
e:/gnu tools arm embedded/9 2019-q4-major/bin/../lib/gcc/arm-none-eabi/9.2.1/../../../../arm-none-eabi/lib/thumb/v7e-m+fp/hard\libc_nano.a(lib_a-fwalk.o)
                              e:/gnu tools arm embedded/9 2019-q4-major/bin/../lib/gcc/arm-none-eabi/9.2.1/../../../../arm-none-eabi/lib/thumb/v7e-m+fp/hard\libc_nano.a(lib_a-findfp.o) (_fwalk)
e:/gnu tools arm embedded/9 2019-q4-major/bin/../lib/gcc/arm-none-eabi/9.2.1/../../../../arm-none-eabi/lib/thumb/v7e-m+fp/hard\libc_nano.a(lib_a-localeconv.o)
                              e:/gnu tools arm embedded/9 2019-q4-major/bin/../lib/gcc/arm-none-eabi/9.2.1/../../../../arm-none-eabi/lib/thumb/v7e-m+fp/hard\libc_nano.a(lib_a-nano-vfprintf_float.o) (_localeconv_r)
e:/gnu tools arm embedded/9 2019-q4-major/bin/../lib/gcc/arm-none-eabi/9.2.1/../../../../arm-none-eabi/lib/thumb/v7e-m+fp/hard\libc_nano.a(lib_a-lock.o)
                              e:/gnu tools arm embedded/9 2019-q4-major/bin/../lib/gcc/arm-none-eabi/9.2.1/../../../../arm-none-eabi/lib/thumb/v7e-m+fp/hard\libc_nano.a(lib_a-findfp.o) (__retarget_lock_init_recursive)
e:/gnu tools arm embedded/9 2019-q4-major/bin/../lib/gcc/arm-none-eabi/9.2.1/../../../../arm-none-eabi/lib/thumb/v7e-m+fp/hard\libc_nano.a(lib_a-malloc.o)
                              e:/gnu tools arm embedded/9 2019-q4-major/bin/../lib/gcc/arm-none-eabi/9.2.1/../../../../arm-none-eabi/lib/thumb/v7e-m+fp/hard\libc_nano.a(lib_a-dtoa.o) (malloc)
[...]
Memory Configuration

Name             Origin             Length             Attributes
RAM              0x20000000         0x00020000         xrw
CCMRAM           0x10000000         0x00010000         xrw
FLASH            0x08000000         0x00080000         xr
*default*        0x00000000         0xffffffff

Linker script and memory map

LOAD e:/gnu tools arm embedded/9 2019-q4-major/bin/../lib/gcc/arm-none-eabi/9.2.1/thumb/v7e-m+fp/hard/crti.o
LOAD e:/gnu tools arm embedded/9 2019-q4-major/bin/../lib/gcc/arm-none-eabi/9.2.1/thumb/v7e-m+fp/hard/crtbegin.o
LOAD e:/gnu tools arm embedded/9 2019-q4-major/bin/../lib/gcc/arm-none-eabi/9.2.1/../../../../arm-none-eabi/lib/thumb/v7e-m+fp/hard/crt0.o
LOAD build/usart2.o
LOAD build/motor.o
LOAD build/mavlink_task.o
LOAD build/utils.o
LOAD build/mpu6050.o
LOAD build/ms5611.o
LOAD build/hmc5883l.o
LOAD build/sensors.o
LOAD build/i2c1.o
LOAD build/dmp.o
LOAD build/main.o
LOAD build/gpio.o
LOAD build/dma.o
LOAD build/freertos.o
LOAD build/i2c.o
LOAD build/tim.o
LOAD build/usart.o
LOAD build/stm32f4xx_it.o
LOAD build/stm32f4xx_hal_msp.o
LOAD build/stm32f4xx_hal_timebase_tim.o
LOAD build/stm32f4xx_hal_rcc.o
LOAD build/stm32f4xx_hal_rcc_ex.o
LOAD build/stm32f4xx_hal_flash.o
LOAD build/stm32f4xx_hal_flash_ex.o
LOAD build/stm32f4xx_hal_flash_ramfunc.o
LOAD build/stm32f4xx_hal_gpio.o
LOAD build/stm32f4xx_hal_dma_ex.o
LOAD build/stm32f4xx_hal_dma.o
LOAD build/stm32f4xx_hal_pwr.o
LOAD build/stm32f4xx_hal_pwr_ex.o
LOAD build/stm32f4xx_hal_cortex.o
LOAD build/stm32f4xx_hal.o
LOAD build/stm32f4xx_hal_exti.o
LOAD build/stm32f4xx_hal_i2c.o
LOAD build/stm32f4xx_hal_i2c_ex.o
LOAD build/stm32f4xx_hal_tim.o
LOAD build/stm32f4xx_hal_tim_ex.o
LOAD build/stm32f4xx_hal_uart.o
LOAD build/system_stm32f4xx.o
LOAD build/croutine.o
LOAD build/event_groups.o
LOAD build/list.o
LOAD build/queue.o
LOAD build/stream_buffer.o
LOAD build/tasks.o
LOAD build/timers.o
LOAD build/cmsis_os.o
LOAD build/heap_4.o
LOAD build/port.o
LOAD build/startup_stm32f407xx.o
LOAD e:/gnu tools arm embedded/9 2019-q4-major/bin/../lib/gcc/arm-none-eabi/9.2.1/../../../../arm-none-eabi/lib/thumb/v7e-m+fp/hard\libc_nano.a
LOAD e:/gnu tools arm embedded/9 2019-q4-major/bin/../lib/gcc/arm-none-eabi/9.2.1/../../../../arm-none-eabi/lib/thumb/v7e-m+fp/hard\libm.a
LOAD e:/gnu tools arm embedded/9 2019-q4-major/bin/../lib/gcc/arm-none-eabi/9.2.1/../../../../arm-none-eabi/lib/thumb/v7e-m+fp/hard\libnosys.a
START GROUP
LOAD e:/gnu tools arm embedded/9 2019-q4-major/bin/../lib/gcc/arm-none-eabi/9.2.1/thumb/v7e-m+fp/hard\libgcc.a
LOAD e:/gnu tools arm embedded/9 2019-q4-major/bin/../lib/gcc/arm-none-eabi/9.2.1/../../../../arm-none-eabi/lib/thumb/v7e-m+fp/hard\libc_nano.a
END GROUP
START GROUP
LOAD e:/gnu tools arm embedded/9 2019-q4-major/bin/../lib/gcc/arm-none-eabi/9.2.1/thumb/v7e-m+fp/hard\libgcc.a
LOAD e:/gnu tools arm embedded/9 2019-q4-major/bin/../lib/gcc/arm-none-eabi/9.2.1/../../../../arm-none-eabi/lib/thumb/v7e-m+fp/hard\libc_nano.a
END GROUP
LOAD e:/gnu tools arm embedded/9 2019-q4-major/bin/../lib/gcc/arm-none-eabi/9.2.1/thumb/v7e-m+fp/hard/crtend.o
LOAD e:/gnu tools arm embedded/9 2019-q4-major/bin/../lib/gcc/arm-none-eabi/9.2.1/thumb/v7e-m+fp/hard/crtn.o
                0x20020000                _estack = 0x20020000
                0x00000200                _Min_Heap_Size = 0x200
                0x00000400                _Min_Stack_Size = 0x400

.isr_vector     0x08000000      0x188
                0x08000000                . = ALIGN (0x4)
 *(.isr_vector)
 .isr_vector    0x08000000      0x188 build/startup_stm32f407xx.o
                0x08000000                g_pfnVectors
                0x08000188                . = ALIGN (0x4)

.text           0x08000190     0x93c0
                0x08000190                . = ALIGN (0x4)
 *(.text)
 .text          0x08000190       0x40 e:/gnu tools arm embedded/9 2019-q4-major/bin/../lib/gcc/arm-none-eabi/9.2.1/thumb/v7e-m+fp/hard/crtbegin.o
 .text          0x080001d0       0x10 e:/gnu tools arm embedded/9 2019-q4-major/bin/../lib/gcc/arm-none-eabi/9.2.1/../../../../arm-none-eabi/lib/thumb/v7e-m+fp/hard\libc_nano.a(lib_a-strlen.o)
                0x080001d0                strlen
 .text          0x080001e0       0xa0 e:/gnu tools arm embedded/9 2019-q4-major/bin/../lib/gcc/arm-none-eabi/9.2.1/../../../../arm-none-eabi/lib/thumb/v7e-m+fp/hard\libc_nano.a(lib_a-memchr.o)
                0x080001e0                memchr
 .text          0x08000280      0x378 e:/gnu tools arm embedded/9 2019-q4-major/bin/../lib/gcc/arm-none-eabi/9.2.1/thumb/v7e-m+fp/hard\libgcc.a(_arm_addsubdf3.o)
                0x08000280                __aeabi_drsub
                0x08000288                __aeabi_dsub
                0x08000288                __subdf3
                0x0800028c                __aeabi_dadd
                0x0800028c                __adddf3
                0x08000504                __floatunsidf
                0x08000504                __aeabi_ui2d
                0x08000524                __floatsidf
                0x08000524                __aeabi_i2d
                0x08000548                __aeabi_f2d
                0x08000548                __extendsfdf2
                0x0800058c                __floatundidf
                0x0800058c                __aeabi_ul2d
                0x0800059c                __floatdidf
                0x0800059c                __aeabi_l2d
 .text          0x080005f8      0x424 e:/gnu tools arm embedded/9 2019-q4-major/bin/../lib/gcc/arm-none-eabi/9.2.1/thumb/v7e-m+fp/hard\libgcc.a(_arm_muldivdf3.o)
                0x080005f8                __aeabi_dmul
                0x080005f8                __muldf3
                0x0800084c                __divdf3
                0x0800084c                __aeabi_ddiv
 .text          0x08000a1c      0x110 e:/gnu tools arm embedded/9 2019-q4-major/bin/../lib/gcc/arm-none-eabi/9.2.1/thumb/v7e-m+fp/hard\libgcc.a(_arm_cmpdf2.o)
                0x08000a1c                __gtdf2
                0x08000a1c                __gedf2
                0x08000a24                __ltdf2
                0x08000a24                __ledf2
                0x08000a2c                __nedf2
                0x08000a2c                __eqdf2
                0x08000a2c                __cmpdf2
                0x08000aa8                __aeabi_cdrcmple
                0x08000ab8                __aeabi_cdcmpeq
                0x08000ab8                __aeabi_cdcmple
                0x08000ac8                __aeabi_dcmpeq
                0x08000adc                __aeabi_dcmplt
                0x08000af0                __aeabi_dcmple
                0x08000b04                __aeabi_dcmpge
                0x08000b18                __aeabi_dcmpgt
 .text          0x08000b2c       0x2c e:/gnu tools arm embedded/9 2019-q4-major/bin/../lib/gcc/arm-none-eabi/9.2.1/thumb/v7e-m+fp/hard\libgcc.a(_arm_unorddf2.o)
                0x08000b2c                __unorddf2
                0x08000b2c                __aeabi_dcmpun
 .text          0x08000b58       0x50 e:/gnu tools arm embedded/9 2019-q4-major/bin/../lib/gcc/arm-none-eabi/9.2.1/thumb/v7e-m+fp/hard\libgcc.a(_arm_fixdfsi.o)
                0x08000b58                __aeabi_d2iz
                0x08000b58                __fixdfsi
 .text          0x08000ba8       0x30 e:/gnu tools arm embedded/9 2019-q4-major/bin/../lib/gcc/arm-none-eabi/9.2.1/thumb/v7e-m+fp/hard\libgcc.a(_aeabi_uldivmod.o)
                0x08000ba8                __aeabi_uldivmod
 .text          0x08000bd8      0x2c4 e:/gnu tools arm embedded/9 2019-q4-major/bin/../lib/gcc/arm-none-eabi/9.2.1/thumb/v7e-m+fp/hard\libgcc.a(_udivmoddi4.o)
                0x08000bd8                __udivmoddi4
 .text          0x08000e9c        0x4 e:/gnu tools arm embedded/9 2019-q4-major/bin/../lib/gcc/arm-none-eabi/9.2.1/thumb/v7e-m+fp/hard\libgcc.a(_dvmd_tls.o)
                0x08000e9c                __aeabi_idiv0
                0x08000e9c                __aeabi_ldiv0
 *(.text*)
 .text.UartRxCheck
                0x08000ea0       0xa4 build/usart2.o
 .text.USART2_IRQHandler
                0x08000f44       0x34 build/usart2.o
                0x08000f44                USART2_IRQHandler
 .text.DMA1_Stream5_IRQHandler
                0x08000f78       0x10 build/usart2.o
                0x08000f78                DMA1_Stream5_IRQHandler
 .text.DMA1_Stream6_IRQHandler
                0x08000f88       0x10 build/usart2.o
                0x08000f88                DMA1_Stream6_IRQHandler
 .text.HAL_UART_RxCpltCallback
                0x08000f98       0x18 build/usart2.o
                0x08000f98                HAL_UART_RxCpltCallback
 .text.__io_putchar
                0x08000fb0       0x20 build/utils.o
                0x08000fb0                __io_putchar
 .text._write   0x08000fd0       0x1c build/utils.o
                0x08000fd0                _write
 .text.MPU6050Init
                0x08000fec      0x10c build/mpu6050.o
                0x08000fec                MPU6050Init
 .text.MPU6050ReadAccelRaw
                0x080010f8       0x40 build/mpu6050.o
                0x080010f8                MPU6050ReadAccelRaw
 .text.MPU6050ReadGyroRaw
                0x08001138       0x40 build/mpu6050.o
                0x08001138                MPU6050ReadGyroRaw
 .text.MS5611Init
                0x08001178       0xe4 build/ms5611.o
                0x08001178                MS5611Init
 .text.HMC5883LInit
                0x0800125c       0x60 build/hmc5883l.o
                0x0800125c                HMC5883LInit
 .text.HMC5883LReadMagRaw
                0x080012bc       0x40 build/hmc5883l.o
                0x080012bc                HMC5883LReadMagRaw
 .text.SensorsInit
                0x080012fc       0x90 build/sensors.o
                0x080012fc                SensorsInit
 .text.IMUCalibration
                0x0800138c      0x2b0 build/sensors.o
                0x0800138c                IMUCalibration
 .text.SensorsReadTask
                0x0800163c       0xec build/sensors.o
                0x0800163c                SensorsReadTask
 .text.I2C1MenRead
                0x08001728       0x50 build/i2c1.o
                0x08001728                I2C1MenRead
 .text.I2C1MenWrite
                0x08001778       0x50 build/i2c1.o
                0x08001778                I2C1MenWrite
 .text.I2C1Write
                0x080017c8       0x40 build/i2c1.o
                0x080017c8                I2C1Write
 .text.HAL_I2C_MemRxCpltCallback
                0x08001808       0x34 build/i2c1.o
                0x08001808                HAL_I2C_MemRxCpltCallback
 .text.HAL_I2C_MemTxCpltCallback
                0x0800183c       0x34 build/i2c1.o
                0x0800183c                HAL_I2C_MemTxCpltCallback
 .text.HAL_I2C_MasterTxCpltCallback
                0x08001870       0x34 build/i2c1.o
                0x08001870                HAL_I2C_MasterTxCpltCallback
 .text.HAL_I2C_MasterRxCpltCallback
                0x080018a4       0x34 build/i2c1.o
                0x080018a4                HAL_I2C_MasterRxCpltCallback
 .text.SystemClock_Config
                0x080018d8       0x94 build/main.o
                0x080018d8                SystemClock_Config
 .text.main     0x0800196c       0x30 build/main.o
                0x0800196c                main
 .text.HAL_TIM_PeriodElapsedCallback
                0x0800199c       0x18 build/main.o
                0x0800199c                HAL_TIM_PeriodElapsedCallback
 .text.Error_Handler
                0x080019b4        0x2 build/main.o
                0x080019b4                Error_Handler
 *fill*         0x080019b6        0x2 
 .text.MX_GPIO_Init
                0x080019b8       0xa8 build/gpio.o
                0x080019b8                MX_GPIO_Init
 .text.MX_DMA_Init
                0x08001a60       0x98 build/dma.o
                0x08001a60                MX_DMA_Init
 .text.StartDefaultTask
                0x08001af8        0xa build/freertos.o
                0x08001af8                StartDefaultTask
 *fill*         0x08001b02        0x2 
 .text.vApplicationGetIdleTaskMemory
                0x08001b04       0x18 build/freertos.o
                0x08001b04                vApplicationGetIdleTaskMemory
 .text.MX_FREERTOS_Init
                0x08001b1c       0x2c build/freertos.o
                0x08001b1c                MX_FREERTOS_Init
 .text.MX_I2C1_Init
                0x08001b48       0x3c build/i2c.o
                0x08001b48                MX_I2C1_Init
 .text.HAL_I2C_MspInit
                0x08001b84      0x114 build/i2c.o
                0x08001b84                HAL_I2C_MspInit
 .text.HAL_TIM_Base_MspInit
                0x08001c98       0x30 build/tim.o
                0x08001c98                HAL_TIM_Base_MspInit
 .text.HAL_TIM_MspPostInit
                0x08001cc8       0x5c build/tim.o
                0x08001cc8                HAL_TIM_MspPostInit
 .text.MX_TIM4_Init
                0x08001d24       0xe8 build/tim.o
                0x08001d24                MX_TIM4_Init
 .text.MX_USART1_UART_Init
                0x08001e0c       0x34 build/usart.o
                0x08001e0c                MX_USART1_UART_Init
 .text.MX_USART2_UART_Init
                0x08001e40       0x34 build/usart.o
                0x08001e40                MX_USART2_UART_Init
 .text.HAL_UART_MspInit
                0x08001e74      0x1e4 build/usart.o
                0x08001e74                HAL_UART_MspInit
 .text.NMI_Handler
                0x08002058        0x2 build/stm32f4xx_it.o
                0x08002058                NMI_Handler
 .text.HardFault_Handler
                0x0800205a        0x2 build/stm32f4xx_it.o
                0x0800205a                HardFault_Handler
 .text.MemManage_Handler
                0x0800205c        0x2 build/stm32f4xx_it.o
                0x0800205c                MemManage_Handler
 .text.BusFault_Handler
                0x0800205e        0x2 build/stm32f4xx_it.o
                0x0800205e                BusFault_Handler
 .text.UsageFault_Handler
                0x08002060        0x2 build/stm32f4xx_it.o
                0x08002060                UsageFault_Handler
 .text.DebugMon_Handler
                0x08002062        0x2 build/stm32f4xx_it.o
                0x08002062                DebugMon_Handler
 .text.DMA1_Stream0_IRQHandler
                0x08002064       0x10 build/stm32f4xx_it.o
                0x08002064                DMA1_Stream0_IRQHandler
 .text.I2C1_EV_IRQHandler
                0x08002074       0x10 build/stm32f4xx_it.o
                0x08002074                I2C1_EV_IRQHandler
 .text.I2C1_ER_IRQHandler
                0x08002084       0x10 build/stm32f4xx_it.o
                0x08002084                I2C1_ER_IRQHandler
 .text.USART1_IRQHandler
                0x08002094       0x10 build/stm32f4xx_it.o
                0x08002094                USART1_IRQHandler
 .text.DMA1_Stream7_IRQHandler
                0x080020a4       0x10 build/stm32f4xx_it.o
                0x080020a4                DMA1_Stream7_IRQHandler
 .text.TIM7_IRQHandler
                0x080020b4       0x10 build/stm32f4xx_it.o
                0x080020b4                TIM7_IRQHandler
 .text.DMA2_Stream2_IRQHandler
                0x080020c4       0x10 build/stm32f4xx_it.o
                0x080020c4                DMA2_Stream2_IRQHandler
 .text.DMA2_Stream7_IRQHandler
                0x080020d4       0x10 build/stm32f4xx_it.o
                0x080020d4                DMA2_Stream7_IRQHandler
 .text.HAL_MspInit
                0x080020e4       0x44 build/stm32f4xx_hal_msp.o
                0x080020e4                HAL_MspInit
 .text.HAL_InitTick
                0x08002128       0x7c build/stm32f4xx_hal_timebase_tim.o
                0x08002128                HAL_InitTick
 .text.HAL_RCC_OscConfig
                0x080021a4      0x3ec build/stm32f4xx_hal_rcc.o
                0x080021a4                HAL_RCC_OscConfig
 .text.HAL_RCC_GetSysClockFreq
                0x08002590       0xcc build/stm32f4xx_hal_rcc.o
                0x08002590                HAL_RCC_GetSysClockFreq
 .text.HAL_RCC_ClockConfig
                0x0800265c      0x160 build/stm32f4xx_hal_rcc.o
                0x0800265c                HAL_RCC_ClockConfig
 .text.HAL_RCC_GetHCLKFreq
                0x080027bc        0xc build/stm32f4xx_hal_rcc.o
                0x080027bc                HAL_RCC_GetHCLKFreq
 .text.HAL_RCC_GetPCLK1Freq
                0x080027c8       0x20 build/stm32f4xx_hal_rcc.o
                0x080027c8                HAL_RCC_GetPCLK1Freq
 .text.HAL_RCC_GetPCLK2Freq
                0x080027e8       0x20 build/stm32f4xx_hal_rcc.o
                0x080027e8                HAL_RCC_GetPCLK2Freq
 .text.HAL_RCC_GetClockConfig
                0x08002808       0x3c build/stm32f4xx_hal_rcc.o
                0x08002808                HAL_RCC_GetClockConfig
 .text.HAL_GPIO_Init
                0x08002844      0x1cc build/stm32f4xx_hal_gpio.o
                0x08002844                HAL_GPIO_Init
 .text.HAL_GPIO_WritePin
                0x08002a10        0xc build/stm32f4xx_hal_gpio.o
                0x08002a10                HAL_GPIO_WritePin
 .text.DMA_SetConfig
                0x08002a1c       0x2c build/stm32f4xx_hal_dma.o
 .text.DMA_CalcBaseAndBitshift
                0x08002a48       0x44 build/stm32f4xx_hal_dma.o
 .text.DMA_CheckFifoParam
                0x08002a8c       0x8e build/stm32f4xx_hal_dma.o
 *fill*         0x08002b1a        0x2 
 .text.HAL_DMA_Init
                0x08002b1c       0xcc build/stm32f4xx_hal_dma.o
                0x08002b1c                HAL_DMA_Init
 .text.HAL_DMA_Start_IT
                0x08002be8       0x6a build/stm32f4xx_hal_dma.o
                0x08002be8                HAL_DMA_Start_IT
 .text.HAL_DMA_Abort_IT
                0x08002c52       0x26 build/stm32f4xx_hal_dma.o
                0x08002c52                HAL_DMA_Abort_IT
 .text.HAL_DMA_IRQHandler
                0x08002c78      0x1dc build/stm32f4xx_hal_dma.o
                0x08002c78                HAL_DMA_IRQHandler
 .text.HAL_DMA_GetState
                0x08002e54        0x6 build/stm32f4xx_hal_dma.o
                0x08002e54                HAL_DMA_GetState
 .text.HAL_DMA_GetError
                0x08002e5a        0x4 build/stm32f4xx_hal_dma.o
                0x08002e5a                HAL_DMA_GetError
 *fill*         0x08002e5e        0x2 
 .text.HAL_NVIC_SetPriorityGrouping
                0x08002e60       0x24 build/stm32f4xx_hal_cortex.o
                0x08002e60                HAL_NVIC_SetPriorityGrouping
 .text.HAL_NVIC_SetPriority
                0x08002e84       0x68 build/stm32f4xx_hal_cortex.o
                0x08002e84                HAL_NVIC_SetPriority
 .text.HAL_NVIC_EnableIRQ
                0x08002eec       0x1c build/stm32f4xx_hal_cortex.o
                0x08002eec                HAL_NVIC_EnableIRQ
 .text.HAL_Init
                0x08002f08       0x34 build/stm32f4xx_hal.o
                0x08002f08                HAL_Init
 .text.HAL_IncTick
                0x08002f3c       0x18 build/stm32f4xx_hal.o
                0x08002f3c                HAL_IncTick
 .text.HAL_GetTick
                0x08002f54        0xc build/stm32f4xx_hal.o
                0x08002f54                HAL_GetTick
 .text.I2C_MemoryTransmit_TXE_BTF
                0x08002f60       0x84 build/stm32f4xx_hal_i2c.o
 .text.I2C_Master_SB
                0x08002fe4       0xa8 build/stm32f4xx_hal_i2c.o
 .text.I2C_Master_ADD10
                0x0800308c       0x2e build/stm32f4xx_hal_i2c.o
 .text.I2C_Master_ADDR
                0x080030ba      0x206 build/stm32f4xx_hal_i2c.o
 .text.I2C_SlaveTransmit_BTF
                0x080032c0       0x20 build/stm32f4xx_hal_i2c.o
 .text.I2C_SlaveReceive_BTF
                0x080032e0       0x20 build/stm32f4xx_hal_i2c.o
 .text.I2C_IsAcknowledgeFailed
                0x08003300       0x32 build/stm32f4xx_hal_i2c.o
 .text.I2C_ConvertOtherXferOptions
                0x08003332       0x1e build/stm32f4xx_hal_i2c.o
 .text.I2C_WaitOnFlagUntilTimeout
                0x08003350       0x74 build/stm32f4xx_hal_i2c.o
 .text.I2C_WaitOnMasterAddressFlagUntilTimeout
                0x080033c4       0xaa build/stm32f4xx_hal_i2c.o
 .text.I2C_WaitOnTXEFlagUntilTimeout
                0x0800346e       0x54 build/stm32f4xx_hal_i2c.o
 *fill*         0x080034c2        0x2 
 .text.I2C_RequestMemoryWrite
                0x080034c4       0xd8 build/stm32f4xx_hal_i2c.o
 .text.I2C_RequestMemoryRead
                0x0800359c      0x154 build/stm32f4xx_hal_i2c.o
 .text.HAL_I2C_Init
                0x080036f0      0x1bc build/stm32f4xx_hal_i2c.o
                0x080036f0                HAL_I2C_Init
 .text.HAL_I2C_Master_Transmit_DMA
                0x080038ac      0x16c build/stm32f4xx_hal_i2c.o
                0x080038ac                HAL_I2C_Master_Transmit_DMA
 .text.HAL_I2C_Mem_Write_DMA
                0x08003a18      0x188 build/stm32f4xx_hal_i2c.o
                0x08003a18                HAL_I2C_Mem_Write_DMA
 .text.HAL_I2C_Mem_Read_DMA
                0x08003ba0      0x1cc build/stm32f4xx_hal_i2c.o
                0x08003ba0                HAL_I2C_Mem_Read_DMA
 .text.HAL_I2C_IsDeviceReady
                0x08003d6c      0x194 build/stm32f4xx_hal_i2c.o
                0x08003d6c                HAL_I2C_IsDeviceReady
 .text.HAL_I2C_SlaveTxCpltCallback
                0x08003f00        0x2 build/stm32f4xx_hal_i2c.o
                0x08003f00                HAL_I2C_SlaveTxCpltCallback
 .text.I2C_SlaveTransmit_TXE
                0x08003f02       0x4c build/stm32f4xx_hal_i2c.o
 .text.HAL_I2C_SlaveRxCpltCallback
                0x08003f4e        0x2 build/stm32f4xx_hal_i2c.o
                0x08003f4e                HAL_I2C_SlaveRxCpltCallback
 .text.I2C_SlaveReceive_RXNE
                0x08003f50       0x4c build/stm32f4xx_hal_i2c.o
 .text.HAL_I2C_AddrCallback
                0x08003f9c        0x2 build/stm32f4xx_hal_i2c.o
                0x08003f9c                HAL_I2C_AddrCallback
 .text.I2C_Slave_ADDR
                0x08003f9e       0x4e build/stm32f4xx_hal_i2c.o
 .text.HAL_I2C_ListenCpltCallback
                0x08003fec        0x2 build/stm32f4xx_hal_i2c.o
                0x08003fec                HAL_I2C_ListenCpltCallback
 *fill*         0x08003fee        0x2 
 .text.I2C_Slave_AF
                0x08003ff0       0x94 build/stm32f4xx_hal_i2c.o
 .text.I2C_MasterTransmit_TXE
                0x08004084       0xd0 build/stm32f4xx_hal_i2c.o
 .text.I2C_MasterTransmit_BTF
                0x08004154       0xae build/stm32f4xx_hal_i2c.o
 .text.I2C_MasterReceive_RXNE
                0x08004202       0xa6 build/stm32f4xx_hal_i2c.o
 .text.I2C_MasterReceive_BTF
                0x080042a8      0x128 build/stm32f4xx_hal_i2c.o
 .text.HAL_I2C_ErrorCallback
                0x080043d0        0x2 build/stm32f4xx_hal_i2c.o
                0x080043d0                HAL_I2C_ErrorCallback
 .text.I2C_DMAError
                0x080043d2       0x46 build/stm32f4xx_hal_i2c.o
 .text.I2C_DMAXferCplt
                0x08004418      0x122 build/stm32f4xx_hal_i2c.o
 .text.HAL_I2C_AbortCpltCallback
                0x0800453a        0x2 build/stm32f4xx_hal_i2c.o
                0x0800453a                HAL_I2C_AbortCpltCallback
 .text.I2C_DMAAbort
                0x0800453c       0x9a build/stm32f4xx_hal_i2c.o
 *fill*         0x080045d6        0x2 
 .text.I2C_ITError
                0x080045d8      0x170 build/stm32f4xx_hal_i2c.o
 .text.I2C_Slave_STOPF
                0x08004748      0x18c build/stm32f4xx_hal_i2c.o
 .text.HAL_I2C_EV_IRQHandler
                0x080048d4      0x18c build/stm32f4xx_hal_i2c.o
                0x080048d4                HAL_I2C_EV_IRQHandler
 .text.HAL_I2C_ER_IRQHandler
                0x08004a60       0xc4 build/stm32f4xx_hal_i2c.o
                0x08004a60                HAL_I2C_ER_IRQHandler
 .text.TIM_OC1_SetConfig
                0x08004b24       0x68 build/stm32f4xx_hal_tim.o
 .text.TIM_OC3_SetConfig
                0x08004b8c       0x70 build/stm32f4xx_hal_tim.o
 .text.TIM_OC4_SetConfig
                0x08004bfc       0x50 build/stm32f4xx_hal_tim.o
 .text.TIM_TI1_ConfigInputStage
                0x08004c4c       0x24 build/stm32f4xx_hal_tim.o
 .text.TIM_TI2_ConfigInputStage
                0x08004c70       0x26 build/stm32f4xx_hal_tim.o
 .text.TIM_ITRx_SetConfig
                0x08004c96       0x10 build/stm32f4xx_hal_tim.o
 .text.HAL_TIM_Base_Start_IT
                0x08004ca6       0x22 build/stm32f4xx_hal_tim.o
                0x08004ca6                HAL_TIM_Base_Start_IT
 .text.HAL_TIM_PWM_MspInit
                0x08004cc8        0x2 build/stm32f4xx_hal_tim.o
                0x08004cc8                HAL_TIM_PWM_MspInit
 .text.HAL_TIM_OC_DelayElapsedCallback
                0x08004cca        0x2 build/stm32f4xx_hal_tim.o
                0x08004cca                HAL_TIM_OC_DelayElapsedCallback
 .text.HAL_TIM_IC_CaptureCallback
                0x08004ccc        0x2 build/stm32f4xx_hal_tim.o
                0x08004ccc                HAL_TIM_IC_CaptureCallback
 .text.HAL_TIM_PWM_PulseFinishedCallback
                0x08004cce        0x2 build/stm32f4xx_hal_tim.o
                0x08004cce                HAL_TIM_PWM_PulseFinishedCallback
 .text.HAL_TIM_TriggerCallback
                0x08004cd0        0x2 build/stm32f4xx_hal_tim.o
                0x08004cd0                HAL_TIM_TriggerCallback
 .text.HAL_TIM_IRQHandler
                0x08004cd2      0x17a build/stm32f4xx_hal_tim.o
                0x08004cd2                HAL_TIM_IRQHandler
 .text.TIM_Base_SetConfig
                0x08004e4c       0xc8 build/stm32f4xx_hal_tim.o
                0x08004e4c                TIM_Base_SetConfig
 .text.HAL_TIM_Base_Init
                0x08004f14       0x34 build/stm32f4xx_hal_tim.o
                0x08004f14                HAL_TIM_Base_Init
 .text.HAL_TIM_PWM_Init
                0x08004f48       0x34 build/stm32f4xx_hal_tim.o
                0x08004f48                HAL_TIM_PWM_Init
 .text.TIM_OC2_SetConfig
                0x08004f7c       0x70 build/stm32f4xx_hal_tim.o
                0x08004f7c                TIM_OC2_SetConfig
 .text.HAL_TIM_PWM_ConfigChannel
                0x08004fec       0xdc build/stm32f4xx_hal_tim.o
                0x08004fec                HAL_TIM_PWM_ConfigChannel
 .text.TIM_ETR_SetConfig
                0x080050c8       0x18 build/stm32f4xx_hal_tim.o
                0x080050c8                TIM_ETR_SetConfig
 .text.HAL_TIM_ConfigClockSource
                0x080050e0       0xda build/stm32f4xx_hal_tim.o
                0x080050e0                HAL_TIM_ConfigClockSource
 *fill*         0x080051ba        0x2 
 .text.HAL_TIMEx_MasterConfigSynchronization
                0x080051bc       0x88 build/stm32f4xx_hal_tim_ex.o
                0x080051bc                HAL_TIMEx_MasterConfigSynchronization
 .text.HAL_TIMEx_CommutCallback
                0x08005244        0x2 build/stm32f4xx_hal_tim_ex.o
                0x08005244                HAL_TIMEx_CommutCallback
 .text.HAL_TIMEx_BreakCallback
                0x08005246        0x2 build/stm32f4xx_hal_tim_ex.o
                0x08005246                HAL_TIMEx_BreakCallback
 .text.UART_EndRxTransfer
                0x08005248       0x1c build/stm32f4xx_hal_uart.o
 .text.UART_Transmit_IT
                0x08005264       0x66 build/stm32f4xx_hal_uart.o
 *fill*         0x080052ca        0x2 
 .text.UART_SetConfig
                0x080052cc      0x1e8 build/stm32f4xx_hal_uart.o
 .text.UART_WaitOnFlagUntilTimeout
                0x080054b4       0x68 build/stm32f4xx_hal_uart.o
 .text.HAL_UART_Init
                0x0800551c       0x5e build/stm32f4xx_hal_uart.o
                0x0800551c                HAL_UART_Init
 .text.HAL_UART_Transmit
                0x0800557a       0xe2 build/stm32f4xx_hal_uart.o
                0x0800557a                HAL_UART_Transmit
 .text.HAL_UART_TxCpltCallback
                0x0800565c        0x2 build/stm32f4xx_hal_uart.o
                0x0800565c                HAL_UART_TxCpltCallback
 .text.UART_EndTransmit_IT
                0x0800565e       0x1a build/stm32f4xx_hal_uart.o
 .text.UART_Receive_IT
                0x08005678       0x9e build/stm32f4xx_hal_uart.o
 .text.HAL_UART_ErrorCallback
                0x08005716        0x2 build/stm32f4xx_hal_uart.o
                0x08005716                HAL_UART_ErrorCallback
 .text.HAL_UART_IRQHandler
                0x08005718      0x128 build/stm32f4xx_hal_uart.o
                0x08005718                HAL_UART_IRQHandler
 .text.UART_DMAAbortOnError
                0x08005840       0x10 build/stm32f4xx_hal_uart.o
 .text.SystemInit
                0x08005850       0x1c build/system_stm32f4xx.o
                0x08005850                SystemInit
 .text.vListInitialise
                0x0800586c       0x16 build/list.o
                0x0800586c                vListInitialise
 .text.vListInitialiseItem
                0x08005882        0x6 build/list.o
                0x08005882                vListInitialiseItem
 .text.vListInsertEnd
                0x08005888       0x16 build/list.o
                0x08005888                vListInsertEnd
 .text.vListInsert
                0x0800589e       0x32 build/list.o
                0x0800589e                vListInsert
 .text.uxListRemove
                0x080058d0       0x26 build/list.o
                0x080058d0                uxListRemove
 .text.prvCopyDataToQueue
                0x080058f6       0x76 build/queue.o
 .text.xQueueGenericReset
                0x0800596c       0x84 build/queue.o
                0x0800596c                xQueueGenericReset
 .text.prvInitialiseNewQueue
                0x080059f0       0x1c build/queue.o
 .text.xQueueGenericCreateStatic
                0x08005a0c       0x94 build/queue.o
                0x08005a0c                xQueueGenericCreateStatic
 .text.xQueueGenericSendFromISR
                0x08005aa0       0xce build/queue.o
                0x08005aa0                xQueueGenericSendFromISR
 *fill*         0x08005b6e        0x2 
 .text.prvResetNextTaskUnblockTime
                0x08005b70       0x2c build/tasks.o
 .text.prvInitialiseNewTask
                0x08005b9c       0x8e build/tasks.o
 *fill*         0x08005c2a        0x2 
 .text.prvInitialiseTaskLists
                0x08005c2c       0x68 build/tasks.o
 .text.prvAddNewTaskToReadyList
                0x08005c94       0xa8 build/tasks.o
 .text.prvDeleteTCB
                0x08005d3c       0x38 build/tasks.o
 .text.prvCheckTasksWaitingTermination
                0x08005d74       0x4c build/tasks.o
 .text.prvIdleTask
                0x08005dc0       0x28 build/tasks.o
 .text.prvAddCurrentTaskToDelayedList
                0x08005de8       0x98 build/tasks.o
 .text.xTaskCreateStatic
                0x08005e80       0x74 build/tasks.o
                0x08005e80                xTaskCreateStatic
 .text.xTaskCreate
                0x08005ef4       0x68 build/tasks.o
                0x08005ef4                xTaskCreate
 .text.vTaskStartScheduler
                0x08005f5c       0x6c build/tasks.o
                0x08005f5c                vTaskStartScheduler
 .text.vTaskSuspendAll
                0x08005fc8       0x10 build/tasks.o
                0x08005fc8                vTaskSuspendAll
 .text.xTaskGetTickCount
                0x08005fd8        0xc build/tasks.o
                0x08005fd8                xTaskGetTickCount
 .text.xTaskIncrementTick
                0x08005fe4      0x118 build/tasks.o
                0x08005fe4                xTaskIncrementTick
 .text.xTaskResumeAll
                0x080060fc       0xf8 build/tasks.o
                0x080060fc                xTaskResumeAll
 .text.vTaskDelayUntil
                0x080061f4       0xa4 build/tasks.o
                0x080061f4                vTaskDelayUntil
 .text.vTaskDelay
                0x08006298       0x4c build/tasks.o
                0x08006298                vTaskDelay
 .text.vTaskSwitchContext
                0x080062e4       0x98 build/tasks.o
                0x080062e4                vTaskSwitchContext
 .text.xTaskRemoveFromEventList
                0x0800637c       0x8c build/tasks.o
                0x0800637c                xTaskRemoveFromEventList
 .text.xTaskGetCurrentTaskHandle
                0x08006408        0xc build/tasks.o
                0x08006408                xTaskGetCurrentTaskHandle
 .text.xTaskPriorityDisinherit
                0x08006414       0xb4 build/tasks.o
                0x08006414                xTaskPriorityDisinherit
 .text.ulTaskNotifyTake
                0x080064c8       0x78 build/tasks.o
                0x080064c8                ulTaskNotifyTake
 .text.vTaskNotifyGiveFromISR
                0x08006540       0xd0 build/tasks.o
                0x08006540                vTaskNotifyGiveFromISR
 .text.makeFreeRtosPriority
                0x08006610        0xc build/cmsis_os.o
 .text.osKernelStart
                0x0800661c        0xa build/cmsis_os.o
                0x0800661c                osKernelStart
 .text.osThreadCreate
                0x08006626       0x6a build/cmsis_os.o
                0x08006626                osThreadCreate
 .text.osDelay  0x08006690        0xe build/cmsis_os.o
                0x08006690                osDelay
 *fill*         0x0800669e        0x2 
 .text.prvHeapInit
                0x080066a0       0x64 build/heap_4.o
 .text.prvInsertBlockIntoFreeList
                0x08006704       0x58 build/heap_4.o
 .text.pvPortMalloc
                0x0800675c       0xf0 build/heap_4.o
                0x0800675c                pvPortMalloc
 .text.vPortFree
                0x0800684c       0x70 build/heap_4.o
                0x0800684c                vPortFree
 .text.prvTaskExitError
                0x080068bc       0x40 build/port.o
 .text.prvPortStartFirstTask
                0x080068fc       0x28 build/port.o
 .text.vPortEnableVFP
                0x08006924       0x14 build/port.o
 .text.pxPortInitialiseStack
                0x08006938       0x2c build/port.o
                0x08006938                pxPortInitialiseStack
 *fill*         0x08006964        0xc 
 .text.SVC_Handler
                0x08006970       0x24 build/port.o
                0x08006970                SVC_Handler
 .text.vPortEnterCritical
                0x08006994       0x44 build/port.o
                0x08006994                vPortEnterCritical
 .text.vPortExitCritical
                0x080069d8       0x2c build/port.o
                0x080069d8                vPortExitCritical
 *fill*         0x08006a04        0xc 
 .text.PendSV_Handler
                0x08006a10       0x64 build/port.o
                0x08006a10                PendSV_Handler
 .text.SysTick_Handler
                0x08006a74       0x2c build/port.o
                0x08006a74                SysTick_Handler
 .text.vPortSetupTimerInterrupt
                0x08006aa0       0x38 build/port.o
                0x08006aa0                vPortSetupTimerInterrupt
 .text.xPortStartScheduler
                0x08006ad8      0x110 build/port.o
                0x08006ad8                xPortStartScheduler
 .text.vPortValidateInterruptPriority
                0x08006be8       0x5c build/port.o
                0x08006be8                vPortValidateInterruptPriority
 .text.Reset_Handler
                0x08006c44       0x50 build/startup_stm32f407xx.o
                0x08006c44                Reset_Handler
 .text.Default_Handler
                0x08006c94        0x2 build/startup_stm32f407xx.o
                0x08006c94                RTC_Alarm_IRQHandler
                0x08006c94                HASH_RNG_IRQHandler
                0x08006c94                EXTI2_IRQHandler
                0x08006c94                TIM8_CC_IRQHandler
                0x08006c94                TIM1_CC_IRQHandler
                0x08006c94                DMA2_Stream5_IRQHandler
                0x08006c94                PVD_IRQHandler
                0x08006c94                SDIO_IRQHandler
                0x08006c94                TAMP_STAMP_IRQHandler
                0x08006c94                CAN2_RX1_IRQHandler
                0x08006c94                EXTI3_IRQHandler
                0x08006c94                TIM8_TRG_COM_TIM14_IRQHandler
                0x08006c94                TIM1_UP_TIM10_IRQHandler
                0x08006c94                TIM8_UP_TIM13_IRQHandler
                0x08006c94                I2C3_ER_IRQHandler
                0x08006c94                EXTI0_IRQHandler
                0x08006c94                I2C2_EV_IRQHandler
                0x08006c94                DMA1_Stream2_IRQHandler
                0x08006c94                CAN1_RX0_IRQHandler
                0x08006c94                FPU_IRQHandler
                0x08006c94                OTG_HS_WKUP_IRQHandler
                0x08006c94                CAN2_SCE_IRQHandler
                0x08006c94                SPI1_IRQHandler
                0x08006c94                TIM6_DAC_IRQHandler
                0x08006c94                TIM1_BRK_TIM9_IRQHandler
                0x08006c94                DCMI_IRQHandler
                0x08006c94                CAN2_RX0_IRQHandler
                0x08006c94                DMA2_Stream3_IRQHandler
                0x08006c94                USART6_IRQHandler
                0x08006c94                USART3_IRQHandler
                0x08006c94                CAN1_RX1_IRQHandler
                0x08006c94                UART5_IRQHandler
                0x08006c94                DMA2_Stream0_IRQHandler
                0x08006c94                TIM4_IRQHandler
                0x08006c94                DMA1_Stream1_IRQHandler
                0x08006c94                UART4_IRQHandler
                0x08006c94                TIM3_IRQHandler
                0x08006c94                RCC_IRQHandler
                0x08006c94                TIM8_BRK_TIM12_IRQHandler
                0x08006c94                Default_Handler
                0x08006c94                EXTI15_10_IRQHandler
                0x08006c94                ADC_IRQHandler
                0x08006c94                CAN2_TX_IRQHandler
                0x08006c94                TIM5_IRQHandler
                0x08006c94                I2C3_EV_IRQHandler
                0x08006c94                EXTI9_5_IRQHandler
                0x08006c94                RTC_WKUP_IRQHandler
                0x08006c94                ETH_WKUP_IRQHandler
                0x08006c94                SPI2_IRQHandler
                0x08006c94                OTG_HS_EP1_IN_IRQHandler
                0x08006c94                CAN1_TX_IRQHandler
                0x08006c94                EXTI4_IRQHandler
                0x08006c94                FSMC_IRQHandler
                0x08006c94                ETH_IRQHandler
                0x08006c94                OTG_HS_EP1_OUT_IRQHandler
                0x08006c94                WWDG_IRQHandler
                0x08006c94                TIM2_IRQHandler
                0x08006c94                OTG_FS_WKUP_IRQHandler
                0x08006c94                TIM1_TRG_COM_TIM11_IRQHandler
                0x08006c94                OTG_HS_IRQHandler
                0x08006c94                EXTI1_IRQHandler
                0x08006c94                I2C2_ER_IRQHandler
                0x08006c94                DMA2_Stream1_IRQHandler
                0x08006c94                CAN1_SCE_IRQHandler
                0x08006c94                FLASH_IRQHandler
                0x08006c94                DMA2_Stream4_IRQHandler
                0x08006c94                OTG_FS_IRQHandler
                0x08006c94                SPI3_IRQHandler
                0x08006c94                DMA1_Stream4_IRQHandler
                0x08006c94                DMA2_Stream6_IRQHandler
                0x08006c94                DMA1_Stream3_IRQHandler
 *fill*         0x08006c96        0x2 
 .text.__libc_init_array
                0x08006c98       0x48 e:/gnu tools arm embedded/9 2019-q4-major/bin/../lib/gcc/arm-none-eabi/9.2.1/../../../../arm-none-eabi/lib/thumb/v7e-m+fp/hard\libc_nano.a(lib_a-init.o)
                0x08006c98                __libc_init_array
 .text.memcpy   0x08006ce0       0x1c e:/gnu tools arm embedded/9 2019-q4-major/bin/../lib/gcc/arm-none-eabi/9.2.1/../../../../arm-none-eabi/lib/thumb/v7e-m+fp/hard\libc_nano.a(lib_a-memcpy-stub.o)
                0x08006ce0                memcpy
 .text.memset   0x08006cfc       0x10 e:/gnu tools arm embedded/9 2019-q4-major/bin/../lib/gcc/arm-none-eabi/9.2.1/../../../../arm-none-eabi/lib/thumb/v7e-m+fp/hard\libc_nano.a(lib_a-memset.o)
                0x08006cfc                memset
 .text.__cvt    0x08006d0c       0xc4 e:/gnu tools arm embedded/9 2019-q4-major/bin/../lib/gcc/arm-none-eabi/9.2.1/../../../../arm-none-eabi/lib/thumb/v7e-m+fp/hard\libc_nano.a(lib_a-nano-vfprintf_float.o)
                0x08006d0c                __cvt
 .text.__exponent
                0x08006dd0       0x7c e:/gnu tools arm embedded/9 2019-q4-major/bin/../lib/gcc/arm-none-eabi/9.2.1/../../../../arm-none-eabi/lib/thumb/v7e-m+fp/hard\libc_nano.a(lib_a-nano-vfprintf_float.o)
                0x08006dd0                __exponent
 .text._printf_float
                0x08006e4c      0x46c e:/gnu tools arm embedded/9 2019-q4-major/bin/../lib/gcc/arm-none-eabi/9.2.1/../../../../arm-none-eabi/lib/thumb/v7e-m+fp/hard\libc_nano.a(lib_a-nano-vfprintf_float.o)
                0x08006e4c                _printf_float
 .text._printf_common
                0x080072b8       0xda e:/gnu tools arm embedded/9 2019-q4-major/bin/../lib/gcc/arm-none-eabi/9.2.1/../../../../arm-none-eabi/lib/thumb/v7e-m+fp/hard\libc_nano.a(lib_a-nano-vfprintf_i.o)
                0x080072b8                _printf_common
 *fill*         0x08007392        0x2 
 .text._printf_i
                0x08007394      0x24c e:/gnu tools arm embedded/9 2019-q4-major/bin/../lib/gcc/arm-none-eabi/9.2.1/../../../../arm-none-eabi/lib/thumb/v7e-m+fp/hard\libc_nano.a(lib_a-nano-vfprintf_i.o)
                0x08007394                _printf_i
 .text.printf   0x080075e0       0x30 e:/gnu tools arm embedded/9 2019-q4-major/bin/../lib/gcc/arm-none-eabi/9.2.1/../../../../arm-none-eabi/lib/thumb/v7e-m+fp/hard\libc_nano.a(lib_a-printf.o)
                0x080075e0                iprintf
                0x080075e0                printf
 .text.quorem   0x08007610      0x116 e:/gnu tools arm embedded/9 2019-q4-major/bin/../lib/gcc/arm-none-eabi/9.2.1/../../../../arm-none-eabi/lib/thumb/v7e-m+fp/hard\libc_nano.a(lib_a-dtoa.o)
 *fill*         0x08007726        0x2 
 .text._dtoa_r  0x08007728      0xbbc e:/gnu tools arm embedded/9 2019-q4-major/bin/../lib/gcc/arm-none-eabi/9.2.1/../../../../arm-none-eabi/lib/thumb/v7e-m+fp/hard\libc_nano.a(lib_a-dtoa.o)
                0x08007728                _dtoa_r
 .text.std      0x080082e4       0x48 e:/gnu tools arm embedded/9 2019-q4-major/bin/../lib/gcc/arm-none-eabi/9.2.1/../../../../arm-none-eabi/lib/thumb/v7e-m+fp/hard\libc_nano.a(lib_a-findfp.o)
 .text._cleanup_r
                0x0800832c        0xc e:/gnu tools arm embedded/9 2019-q4-major/bin/../lib/gcc/arm-none-eabi/9.2.1/../../../../arm-none-eabi/lib/thumb/v7e-m+fp/hard\libc_nano.a(lib_a-findfp.o)
                0x0800832c                _cleanup_r
 .text.__sfmoreglue
                0x08008338       0x2c e:/gnu tools arm embedded/9 2019-q4-major/bin/../lib/gcc/arm-none-eabi/9.2.1/../../../../arm-none-eabi/lib/thumb/v7e-m+fp/hard\libc_nano.a(lib_a-findfp.o)
                0x08008338                __sfmoreglue
 .text.__sfp_lock_acquire
                0x08008364        0xc e:/gnu tools arm embedded/9 2019-q4-major/bin/../lib/gcc/arm-none-eabi/9.2.1/../../../../arm-none-eabi/lib/thumb/v7e-m+fp/hard\libc_nano.a(lib_a-findfp.o)
                0x08008364                __sfp_lock_acquire
 .text.__sfp_lock_release
                0x08008370        0xc e:/gnu tools arm embedded/9 2019-q4-major/bin/../lib/gcc/arm-none-eabi/9.2.1/../../../../arm-none-eabi/lib/thumb/v7e-m+fp/hard\libc_nano.a(lib_a-findfp.o)
                0x08008370                __sfp_lock_release
 .text.__sinit_lock_acquire
                0x0800837c        0xc e:/gnu tools arm embedded/9 2019-q4-major/bin/../lib/gcc/arm-none-eabi/9.2.1/../../../../arm-none-eabi/lib/thumb/v7e-m+fp/hard\libc_nano.a(lib_a-findfp.o)
                0x0800837c                __sinit_lock_acquire
 .text.__sinit_lock_release
                0x08008388        0xc e:/gnu tools arm embedded/9 2019-q4-major/bin/../lib/gcc/arm-none-eabi/9.2.1/../../../../arm-none-eabi/lib/thumb/v7e-m+fp/hard\libc_nano.a(lib_a-findfp.o)
                0x08008388                __sinit_lock_release
 .text.__sinit  0x08008394       0x70 e:/gnu tools arm embedded/9 2019-q4-major/bin/../lib/gcc/arm-none-eabi/9.2.1/../../../../arm-none-eabi/lib/thumb/v7e-m+fp/hard\libc_nano.a(lib_a-findfp.o)
                0x08008394                __sinit
 .text.__sfp    0x08008404       0x8c e:/gnu tools arm embedded/9 2019-q4-major/bin/../lib/gcc/arm-none-eabi/9.2.1/../../../../arm-none-eabi/lib/thumb/v7e-m+fp/hard\libc_nano.a(lib_a-findfp.o)
                0x08008404                __sfp
 .text._fwalk_reent
                0x08008490       0x3e e:/gnu tools arm embedded/9 2019-q4-major/bin/../lib/gcc/arm-none-eabi/9.2.1/../../../../arm-none-eabi/lib/thumb/v7e-m+fp/hard\libc_nano.a(lib_a-fwalk.o)
                0x08008490                _fwalk_reent
 *fill*         0x080084ce        0x2 
 .text._localeconv_r
                0x080084d0        0x8 e:/gnu tools arm embedded/9 2019-q4-major/bin/../lib/gcc/arm-none-eabi/9.2.1/../../../../arm-none-eabi/lib/thumb/v7e-m+fp/hard\libc_nano.a(lib_a-localeconv.o)
                0x080084d0                _localeconv_r
 .text.__retarget_lock_init_recursive
                0x080084d8        0x2 e:/gnu tools arm embedded/9 2019-q4-major/bin/../lib/gcc/arm-none-eabi/9.2.1/../../../../arm-none-eabi/lib/thumb/v7e-m+fp/hard\libc_nano.a(lib_a-lock.o)
                0x080084d8                __retarget_lock_init_recursive
 .text.__retarget_lock_acquire_recursive
                0x080084da        0x2 e:/gnu tools arm embedded/9 2019-q4-major/bin/../lib/gcc/arm-none-eabi/9.2.1/../../../../arm-none-eabi/lib/thumb/v7e-m+fp/hard\libc_nano.a(lib_a-lock.o)
                0x080084da                __retarget_lock_acquire_recursive
 .text.__retarget_lock_release_recursive
                0x080084dc        0x2 e:/gnu tools arm embedded/9 2019-q4-major/bin/../lib/gcc/arm-none-eabi/9.2.1/../../../../arm-none-eabi/lib/thumb/v7e-m+fp/hard\libc_nano.a(lib_a-lock.o)
                0x080084dc                __retarget_lock_release_recursive
 *fill*         0x080084de        0x2 
 .text.malloc   0x080084e0       0x10 e:/gnu tools arm embedded/9 2019-q4-major/bin/../lib/gcc/arm-none-eabi/9.2.1/../../../../arm-none-eabi/lib/thumb/v7e-m+fp/hard\libc_nano.a(lib_a-malloc.o)
                0x080084e0                malloc
 .text._Balloc  0x080084f0       0x68 e:/gnu tools arm embedded/9 2019-q4-major/bin/../lib/gcc/arm-none-eabi/9.2.1/../../../../arm-none-eabi/lib/thumb/v7e-m+fp/hard\libc_nano.a(lib_a-mprec.o)
                0x080084f0                _Balloc
 .text._Bfree   0x08008558       0x2e e:/gnu tools arm embedded/9 2019-q4-major/bin/../lib/gcc/arm-none-eabi/9.2.1/../../../../arm-none-eabi/lib/thumb/v7e-m+fp/hard\libc_nano.a(lib_a-mprec.o)
                0x08008558                _Bfree
 .text.__multadd
                0x08008586       0x7c e:/gnu tools arm embedded/9 2019-q4-major/bin/../lib/gcc/arm-none-eabi/9.2.1/../../../../arm-none-eabi/lib/thumb/v7e-m+fp/hard\libc_nano.a(lib_a-mprec.o)
                0x08008586                __multadd
 .text.__hi0bits
                0x08008602       0x40 e:/gnu tools arm embedded/9 2019-q4-major/bin/../lib/gcc/arm-none-eabi/9.2.1/../../../../arm-none-eabi/lib/thumb/v7e-m+fp/hard\libc_nano.a(lib_a-mprec.o)
                0x08008602                __hi0bits
 .text.__lo0bits
                0x08008642       0x60 e:/gnu tools arm embedded/9 2019-q4-major/bin/../lib/gcc/arm-none-eabi/9.2.1/../../../../arm-none-eabi/lib/thumb/v7e-m+fp/hard\libc_nano.a(lib_a-mprec.o)
                0x08008642                __lo0bits
 .text.__i2b    0x080086a2       0x12 e:/gnu tools arm embedded/9 2019-q4-major/bin/../lib/gcc/arm-none-eabi/9.2.1/../../../../arm-none-eabi/lib/thumb/v7e-m+fp/hard\libc_nano.a(lib_a-mprec.o)
                0x080086a2                __i2b
 .text.__multiply
                0x080086b4      0x138 e:/gnu tools arm embedded/9 2019-q4-major/bin/../lib/gcc/arm-none-eabi/9.2.1/../../../../arm-none-eabi/lib/thumb/v7e-m+fp/hard\libc_nano.a(lib_a-mprec.o)
                0x080086b4                __multiply
 .text.__pow5mult
                0x080087ec       0x9c e:/gnu tools arm embedded/9 2019-q4-major/bin/../lib/gcc/arm-none-eabi/9.2.1/../../../../arm-none-eabi/lib/thumb/v7e-m+fp/hard\libc_nano.a(lib_a-mprec.o)
                0x080087ec                __pow5mult
 .text.__lshift
                0x08008888       0xbe e:/gnu tools arm embedded/9 2019-q4-major/bin/../lib/gcc/arm-none-eabi/9.2.1/../../../../arm-none-eabi/lib/thumb/v7e-m+fp/hard\libc_nano.a(lib_a-mprec.o)
                0x08008888                __lshift
 .text.__mcmp   0x08008946       0x38 e:/gnu tools arm embedded/9 2019-q4-major/bin/../lib/gcc/arm-none-eabi/9.2.1/../../../../arm-none-eabi/lib/thumb/v7e-m+fp/hard\libc_nano.a(lib_a-mprec.o)
                0x08008946                __mcmp
 .text.__mdiff  0x0800897e       0xec e:/gnu tools arm embedded/9 2019-q4-major/bin/../lib/gcc/arm-none-eabi/9.2.1/../../../../arm-none-eabi/lib/thumb/v7e-m+fp/hard\libc_nano.a(lib_a-mprec.o)
                0x0800897e                __mdiff
 .text.__d2b    0x08008a6a       0xa0 e:/gnu tools arm embedded/9 2019-q4-major/bin/../lib/gcc/arm-none-eabi/9.2.1/../../../../arm-none-eabi/lib/thumb/v7e-m+fp/hard\libc_nano.a(lib_a-mprec.o)
                0x08008a6a                __d2b
 .text._calloc_r
                0x08008b0a       0x1e e:/gnu tools arm embedded/9 2019-q4-major/bin/../lib/gcc/arm-none-eabi/9.2.1/../../../../arm-none-eabi/lib/thumb/v7e-m+fp/hard\libc_nano.a(lib_a-nano-callocr.o)
                0x08008b0a                _calloc_r
 .text._free_r  0x08008b28       0xa0 e:/gnu tools arm embedded/9 2019-q4-major/bin/../lib/gcc/arm-none-eabi/9.2.1/../../../../arm-none-eabi/lib/thumb/v7e-m+fp/hard\libc_nano.a(lib_a-nano-freer.o)
                0x08008b28                _free_r
 .text._malloc_r
                0x08008bc8       0xb4 e:/gnu tools arm embedded/9 2019-q4-major/bin/../lib/gcc/arm-none-eabi/9.2.1/../../../../arm-none-eabi/lib/thumb/v7e-m+fp/hard\libc_nano.a(lib_a-nano-mallocr.o)
                0x08008bc8                _malloc_r
 .text.__sfputc_r
                0x08008c7c       0x2e e:/gnu tools arm embedded/9 2019-q4-major/bin/../lib/gcc/arm-none-eabi/9.2.1/../../../../arm-none-eabi/lib/thumb/v7e-m+fp/hard\libc_nano.a(lib_a-nano-vfprintf.o)
 .text.__sfputs_r
                0x08008caa       0x24 e:/gnu tools arm embedded/9 2019-q4-major/bin/../lib/gcc/arm-none-eabi/9.2.1/../../../../arm-none-eabi/lib/thumb/v7e-m+fp/hard\libc_nano.a(lib_a-nano-vfprintf.o)
                0x08008caa                __sfputs_r
 *fill*         0x08008cce        0x2 
 .text._vfprintf_r
                0x08008cd0      0x260 e:/gnu tools arm embedded/9 2019-q4-major/bin/../lib/gcc/arm-none-eabi/9.2.1/../../../../arm-none-eabi/lib/thumb/v7e-m+fp/hard\libc_nano.a(lib_a-nano-vfprintf.o)
                0x08008cd0                _vfprintf_r
                0x08008cd0                _vfiprintf_r
 .text._sbrk_r  0x08008f30       0x20 e:/gnu tools arm embedded/9 2019-q4-major/bin/../lib/gcc/arm-none-eabi/9.2.1/../../../../arm-none-eabi/lib/thumb/v7e-m+fp/hard\libc_nano.a(lib_a-sbrkr.o)
                0x08008f30                _sbrk_r
 .text.__sread  0x08008f50       0x22 e:/gnu tools arm embedded/9 2019-q4-major/bin/../lib/gcc/arm-none-eabi/9.2.1/../../../../arm-none-eabi/lib/thumb/v7e-m+fp/hard\libc_nano.a(lib_a-stdio.o)
                0x08008f50                __sread
 .text.__swrite
                0x08008f72       0x38 e:/gnu tools arm embedded/9 2019-q4-major/bin/../lib/gcc/arm-none-eabi/9.2.1/../../../../arm-none-eabi/lib/thumb/v7e-m+fp/hard\libc_nano.a(lib_a-stdio.o)
                0x08008f72                __swrite
 .text.__sseek  0x08008faa       0x24 e:/gnu tools arm embedded/9 2019-q4-major/bin/../lib/gcc/arm-none-eabi/9.2.1/../../../../arm-none-eabi/lib/thumb/v7e-m+fp/hard\libc_nano.a(lib_a-stdio.o)
                0x08008faa                __sseek
 .text.__sclose
                0x08008fce        0x8 e:/gnu tools arm embedded/9 2019-q4-major/bin/../lib/gcc/arm-none-eabi/9.2.1/../../../../arm-none-eabi/lib/thumb/v7e-m+fp/hard\libc_nano.a(lib_a-stdio.o)
                0x08008fce                __sclose
 *fill*         0x08008fd6        0x2 
 .text.__swbuf_r
                0x08008fd8       0xa4 e:/gnu tools arm embedded/9 2019-q4-major/bin/../lib/gcc/arm-none-eabi/9.2.1/../../../../arm-none-eabi/lib/thumb/v7e-m+fp/hard\libc_nano.a(lib_a-wbuf.o)
                0x08008fd8                __swbuf_r
 .text._write_r
                0x0800907c       0x24 e:/gnu tools arm embedded/9 2019-q4-major/bin/../lib/gcc/arm-none-eabi/9.2.1/../../../../arm-none-eabi/lib/thumb/v7e-m+fp/hard\libc_nano.a(lib_a-writer.o)
                0x0800907c                _write_r
 .text.__swsetup_r
                0x080090a0       0xdc e:/gnu tools arm embedded/9 2019-q4-major/bin/../lib/gcc/arm-none-eabi/9.2.1/../../../../arm-none-eabi/lib/thumb/v7e-m+fp/hard\libc_nano.a(lib_a-wsetup.o)
                0x080090a0                __swsetup_r
 .text._close_r
                0x0800917c       0x20 e:/gnu tools arm embedded/9 2019-q4-major/bin/../lib/gcc/arm-none-eabi/9.2.1/../../../../arm-none-eabi/lib/thumb/v7e-m+fp/hard\libc_nano.a(lib_a-closer.o)
                0x0800917c                _close_r
 .text.__sflush_r
                0x0800919c      0x10c e:/gnu tools arm embedded/9 2019-q4-major/bin/../lib/gcc/arm-none-eabi/9.2.1/../../../../arm-none-eabi/lib/thumb/v7e-m+fp/hard\libc_nano.a(lib_a-fflush.o)
                0x0800919c                __sflush_r
 .text._fflush_r
                0x080092a8       0x78 e:/gnu tools arm embedded/9 2019-q4-major/bin/../lib/gcc/arm-none-eabi/9.2.1/../../../../arm-none-eabi/lib/thumb/v7e-m+fp/hard\libc_nano.a(lib_a-fflush.o)
                0x080092a8                _fflush_r
 .text._lseek_r
                0x08009320       0x24 e:/gnu tools arm embedded/9 2019-q4-major/bin/../lib/gcc/arm-none-eabi/9.2.1/../../../../arm-none-eabi/lib/thumb/v7e-m+fp/hard\libc_nano.a(lib_a-lseekr.o)
                0x08009320                _lseek_r
 .text.__swhatbuf_r
                0x08009344       0x48 e:/gnu tools arm embedded/9 2019-q4-major/bin/../lib/gcc/arm-none-eabi/9.2.1/../../../../arm-none-eabi/lib/thumb/v7e-m+fp/hard\libc_nano.a(lib_a-makebuf.o)
                0x08009344                __swhatbuf_r
 .text.__smakebuf_r
                0x0800938c       0x80 e:/gnu tools arm embedded/9 2019-q4-major/bin/../lib/gcc/arm-none-eabi/9.2.1/../../../../arm-none-eabi/lib/thumb/v7e-m+fp/hard\libc_nano.a(lib_a-makebuf.o)
                0x0800938c                __smakebuf_r
 .text.__ascii_mbtowc
                0x0800940c       0x24 e:/gnu tools arm embedded/9 2019-q4-major/bin/../lib/gcc/arm-none-eabi/9.2.1/../../../../arm-none-eabi/lib/thumb/v7e-m+fp/hard\libc_nano.a(lib_a-mbtowc_r.o)
                0x0800940c                __ascii_mbtowc
 .text.__malloc_lock
                0x08009430        0xc e:/gnu tools arm embedded/9 2019-q4-major/bin/../lib/gcc/arm-none-eabi/9.2.1/../../../../arm-none-eabi/lib/thumb/v7e-m+fp/hard\libc_nano.a(lib_a-mlock.o)
                0x08009430                __malloc_lock
 .text.__malloc_unlock
                0x0800943c        0xc e:/gnu tools arm embedded/9 2019-q4-major/bin/../lib/gcc/arm-none-eabi/9.2.1/../../../../arm-none-eabi/lib/thumb/v7e-m+fp/hard\libc_nano.a(lib_a-mlock.o)
                0x0800943c                __malloc_unlock
 .text._read_r  0x08009448       0x24 e:/gnu tools arm embedded/9 2019-q4-major/bin/../lib/gcc/arm-none-eabi/9.2.1/../../../../arm-none-eabi/lib/thumb/v7e-m+fp/hard\libc_nano.a(lib_a-readr.o)
                0x08009448                _read_r
 .text.__ascii_wctomb
                0x0800946c       0x1a e:/gnu tools arm embedded/9 2019-q4-major/bin/../lib/gcc/arm-none-eabi/9.2.1/../../../../arm-none-eabi/lib/thumb/v7e-m+fp/hard\libc_nano.a(lib_a-wctomb_r.o)
                0x0800946c                __ascii_wctomb
 *fill*         0x08009486        0x2 
 .text._fstat_r
                0x08009488       0x24 e:/gnu tools arm embedded/9 2019-q4-major/bin/../lib/gcc/arm-none-eabi/9.2.1/../../../../arm-none-eabi/lib/thumb/v7e-m+fp/hard\libc_nano.a(lib_a-fstatr.o)
                0x08009488                _fstat_r
 .text._isatty_r
                0x080094ac       0x20 e:/gnu tools arm embedded/9 2019-q4-major/bin/../lib/gcc/arm-none-eabi/9.2.1/../../../../arm-none-eabi/lib/thumb/v7e-m+fp/hard\libc_nano.a(lib_a-isattyr.o)
                0x080094ac                _isatty_r
 .text._close   0x080094cc       0x10 e:/gnu tools arm embedded/9 2019-q4-major/bin/../lib/gcc/arm-none-eabi/9.2.1/../../../../arm-none-eabi/lib/thumb/v7e-m+fp/hard\libnosys.a(close.o)
                0x080094cc                _close
 .text._fstat   0x080094dc       0x10 e:/gnu tools arm embedded/9 2019-q4-major/bin/../lib/gcc/arm-none-eabi/9.2.1/../../../../arm-none-eabi/lib/thumb/v7e-m+fp/hard\libnosys.a(fstat.o)
                0x080094dc                _fstat
 .text._isatty  0x080094ec       0x10 e:/gnu tools arm embedded/9 2019-q4-major/bin/../lib/gcc/arm-none-eabi/9.2.1/../../../../arm-none-eabi/lib/thumb/v7e-m+fp/hard\libnosys.a(isatty.o)
                0x080094ec                _isatty
 .text._lseek   0x080094fc       0x10 e:/gnu tools arm embedded/9 2019-q4-major/bin/../lib/gcc/arm-none-eabi/9.2.1/../../../../arm-none-eabi/lib/thumb/v7e-m+fp/hard\libnosys.a(lseek.o)
                0x080094fc                _lseek
 .text._read    0x0800950c       0x10 e:/gnu tools arm embedded/9 2019-q4-major/bin/../lib/gcc/arm-none-eabi/9.2.1/../../../../arm-none-eabi/lib/thumb/v7e-m+fp/hard\libnosys.a(read.o)
                0x0800950c                _read
 .text._sbrk    0x0800951c       0x1c e:/gnu tools arm embedded/9 2019-q4-major/bin/../lib/gcc/arm-none-eabi/9.2.1/../../../../arm-none-eabi/lib/thumb/v7e-m+fp/hard\libnosys.a(sbrk.o)
                0x0800951c                _sbrk
 *(.glue_7)
 .glue_7        0x08009538        0x0 linker stubs
 *(.glue_7t)
 .glue_7t       0x08009538        0x0 linker stubs
 *(.eh_frame)
 .eh_frame      0x08009538        0x0 e:/gnu tools arm embedded/9 2019-q4-major/bin/../lib/gcc/arm-none-eabi/9.2.1/thumb/v7e-m+fp/hard/crtbegin.o
 *(.init)
 .init          0x08009538        0x4 e:/gnu tools arm embedded/9 2019-q4-major/bin/../lib/gcc/arm-none-eabi/9.2.1/thumb/v7e-m+fp/hard/crti.o
                0x08009538                _init
 .init          0x0800953c        0x8 e:/gnu tools arm embedded/9 2019-q4-major/bin/../lib/gcc/arm-none-eabi/9.2.1/thumb/v7e-m+fp/hard/crtn.o
 *(.fini)
 .fini          0x08009544        0x4 e:/gnu tools arm embedded/9 2019-q4-major/bin/../lib/gcc/arm-none-eabi/9.2.1/thumb/v7e-m+fp/hard/crti.o
                0x08009544                _fini
 .fini          0x08009548        0x8 e:/gnu tools arm embedded/9 2019-q4-major/bin/../lib/gcc/arm-none-eabi/9.2.1/thumb/v7e-m+fp/hard/crtn.o
                0x08009550                . = ALIGN (0x4)
                0x08009550                _etext = .

.vfp11_veneer   0x08009550        0x0
 .vfp11_veneer  0x08009550        0x0 linker stubs

.v4_bx          0x08009550        0x0
 .v4_bx         0x08009550        0x0 linker stubs

.iplt           0x08009550        0x0
 .iplt          0x08009550        0x0 e:/gnu tools arm embedded/9 2019-q4-major/bin/../lib/gcc/arm-none-eabi/9.2.1/thumb/v7e-m+fp/hard/crtbegin.o

.rodata         0x08009550      0x340
                0x08009550                . = ALIGN (0x4)
 *(.rodata)
 .rodata        0x08009550       0x1c build/freertos.o
 *(.rodata*)
 .rodata.SensorsInit.str1.4
                0x0800956c       0x10 build/sensors.o
 .rodata.SensorsReadTask.str1.4
                0x0800957c       0x1f build/sensors.o
 *fill*         0x0800959b        0x1 
 .rodata.str1.4
                0x0800959c        0xc build/freertos.o
 .rodata.flagBitshiftOffset.8495
                0x080095a8        0x8 build/stm32f4xx_hal_dma.o
 .rodata.AHBPrescTable
                0x080095b0       0x10 build/system_stm32f4xx.o
                0x080095b0                AHBPrescTable
 .rodata.APBPrescTable
                0x080095c0        0x8 build/system_stm32f4xx.o
                0x080095c0                APBPrescTable
 .rodata.vTaskStartScheduler.str1.4
                0x080095c8        0x5 build/tasks.o
 *fill*         0x080095cd        0x3 
 .rodata._global_impure_ptr
                0x080095d0        0x4 e:/gnu tools arm embedded/9 2019-q4-major/bin/../lib/gcc/arm-none-eabi/9.2.1/../../../../arm-none-eabi/lib/thumb/v7e-m+fp/hard\libc_nano.a(lib_a-impure.o)
                0x080095d0                _global_impure_ptr
 .rodata._printf_float.str1.1
                0x080095d4       0x12 e:/gnu tools arm embedded/9 2019-q4-major/bin/../lib/gcc/arm-none-eabi/9.2.1/../../../../arm-none-eabi/lib/thumb/v7e-m+fp/hard\libc_nano.a(lib_a-nano-vfprintf_float.o)
 .rodata._printf_i.str1.1
                0x080095e6       0x22 e:/gnu tools arm embedded/9 2019-q4-major/bin/../lib/gcc/arm-none-eabi/9.2.1/../../../../arm-none-eabi/lib/thumb/v7e-m+fp/hard\libc_nano.a(lib_a-nano-vfprintf_i.o)
 .rodata._dtoa_r.str1.1
                0x08009608        0xd e:/gnu tools arm embedded/9 2019-q4-major/bin/../lib/gcc/arm-none-eabi/9.2.1/../../../../arm-none-eabi/lib/thumb/v7e-m+fp/hard\libc_nano.a(lib_a-dtoa.o)
                                  0xf (size before relaxing)
 *fill*         0x08009615        0x3 
 .rodata.__sf_fake_stderr
                0x08009618       0x20 e:/gnu tools arm embedded/9 2019-q4-major/bin/../lib/gcc/arm-none-eabi/9.2.1/../../../../arm-none-eabi/lib/thumb/v7e-m+fp/hard\libc_nano.a(lib_a-findfp.o)
                0x08009618                __sf_fake_stderr
 .rodata.__sf_fake_stdin
                0x08009638       0x20 e:/gnu tools arm embedded/9 2019-q4-major/bin/../lib/gcc/arm-none-eabi/9.2.1/../../../../arm-none-eabi/lib/thumb/v7e-m+fp/hard\libc_nano.a(lib_a-findfp.o)
                0x08009638                __sf_fake_stdin
 .rodata.__sf_fake_stdout
                0x08009658       0x20 e:/gnu tools arm embedded/9 2019-q4-major/bin/../lib/gcc/arm-none-eabi/9.2.1/../../../../arm-none-eabi/lib/thumb/v7e-m+fp/hard\libc_nano.a(lib_a-findfp.o)
                0x08009658                __sf_fake_stdout
 .rodata.__mprec_bigtens
                0x08009678       0x28 e:/gnu tools arm embedded/9 2019-q4-major/bin/../lib/gcc/arm-none-eabi/9.2.1/../../../../arm-none-eabi/lib/thumb/v7e-m+fp/hard\libc_nano.a(lib_a-mprec.o)
                0x08009678                __mprec_bigtens
 .rodata.__mprec_tens
                0x080096a0       0xc8 e:/gnu tools arm embedded/9 2019-q4-major/bin/../lib/gcc/arm-none-eabi/9.2.1/../../../../arm-none-eabi/lib/thumb/v7e-m+fp/hard\libc_nano.a(lib_a-mprec.o)
                0x080096a0                __mprec_tens
 .rodata.p05.7490
                0x08009768        0xc e:/gnu tools arm embedded/9 2019-q4-major/bin/../lib/gcc/arm-none-eabi/9.2.1/../../../../arm-none-eabi/lib/thumb/v7e-m+fp/hard\libc_nano.a(lib_a-mprec.o)
 .rodata._vfprintf_r.str1.1
                0x08009774       0x11 e:/gnu tools arm embedded/9 2019-q4-major/bin/../lib/gcc/arm-none-eabi/9.2.1/../../../../arm-none-eabi/lib/thumb/v7e-m+fp/hard\libc_nano.a(lib_a-nano-vfprintf.o)
 .rodata._setlocale_r.str1.1
                0x08009785        0x8 e:/gnu tools arm embedded/9 2019-q4-major/bin/../lib/gcc/arm-none-eabi/9.2.1/../../../../arm-none-eabi/lib/thumb/v7e-m+fp/hard\libc_nano.a(lib_a-locale.o)
                                  0x9 (size before relaxing)
 .rodata.str1.1
                0x0800978d        0x2 e:/gnu tools arm embedded/9 2019-q4-major/bin/../lib/gcc/arm-none-eabi/9.2.1/../../../../arm-none-eabi/lib/thumb/v7e-m+fp/hard\libc_nano.a(lib_a-locale.o)
 .rodata._ctype_
                0x0800978f      0x101 e:/gnu tools arm embedded/9 2019-q4-major/bin/../lib/gcc/arm-none-eabi/9.2.1/../../../../arm-none-eabi/lib/thumb/v7e-m+fp/hard\libc_nano.a(lib_a-ctype_.o)
                0x0800978f                _ctype_
                0x08009890                . = ALIGN (0x4)

.ARM.extab
 *(.ARM.extab* .gnu.linkonce.armextab.*)

.ARM            0x08009890        0x8
                0x08009890                __exidx_start = .
 *(.ARM.exidx*)
 .ARM.exidx     0x08009890        0x8 e:/gnu tools arm embedded/9 2019-q4-major/bin/../lib/gcc/arm-none-eabi/9.2.1/thumb/v7e-m+fp/hard\libgcc.a(_udivmoddi4.o)
                0x08009898                __exidx_end = .

.rel.dyn        0x08009898        0x0
 .rel.iplt      0x08009898        0x0 e:/gnu tools arm embedded/9 2019-q4-major/bin/../lib/gcc/arm-none-eabi/9.2.1/thumb/v7e-m+fp/hard/crtbegin.o

.preinit_array  0x08009898        0x0
                0x08009898                PROVIDE (__preinit_array_start = .)
 *(.preinit_array*)
                0x08009898                PROVIDE (__preinit_array_end = .)

.init_array     0x08009898        0x4
                0x08009898                PROVIDE (__init_array_start = .)
 *(SORT_BY_NAME(.init_array.*))
 *(.init_array*)
 .init_array    0x08009898        0x4 e:/gnu tools arm embedded/9 2019-q4-major/bin/../lib/gcc/arm-none-eabi/9.2.1/thumb/v7e-m+fp/hard/crtbegin.o
                0x0800989c                PROVIDE (__init_array_end = .)

.fini_array     0x0800989c        0x4
                [!provide]                PROVIDE (__fini_array_start = .)
 *(SORT_BY_NAME(.fini_array.*))
 *(.fini_array*)
 .fini_array    0x0800989c        0x4 e:/gnu tools arm embedded/9 2019-q4-major/bin/../lib/gcc/arm-none-eabi/9.2.1/thumb/v7e-m+fp/hard/crtbegin.o
                [!provide]                PROVIDE (__fini_array_end = .)
                0x080098a0                _sidata = LOADADDR (.data)

.data           0x20000000      0x1e0 load address 0x080098a0
                0x20000000                . = ALIGN (0x4)
                0x20000000                _sdata = .
 *(.data)
 *(.data*)
 .data.uwTickFreq
                0x20000000        0x1 build/stm32f4xx_hal.o
                0x20000000                uwTickFreq
 *fill*         0x20000001        0x3 
 .data.uwTickPrio
                0x20000004        0x4 build/stm32f4xx_hal.o
                0x20000004                uwTickPrio
 .data.SystemCoreClock
                0x20000008        0x4 build/system_stm32f4xx.o
                0x20000008                SystemCoreClock
 .data.uxCriticalNesting
                0x2000000c        0x4 build/port.o
 .data._impure_ptr
                0x20000010        0x4 e:/gnu tools arm embedded/9 2019-q4-major/bin/../lib/gcc/arm-none-eabi/9.2.1/../../../../arm-none-eabi/lib/thumb/v7e-m+fp/hard\libc_nano.a(lib_a-impure.o)
                0x20000010                _impure_ptr
 .data.impure_data
                0x20000014       0x60 e:/gnu tools arm embedded/9 2019-q4-major/bin/../lib/gcc/arm-none-eabi/9.2.1/../../../../arm-none-eabi/lib/thumb/v7e-m+fp/hard\libc_nano.a(lib_a-impure.o)
 .data.__global_locale
                0x20000074      0x16c e:/gnu tools arm embedded/9 2019-q4-major/bin/../lib/gcc/arm-none-eabi/9.2.1/../../../../arm-none-eabi/lib/thumb/v7e-m+fp/hard\libc_nano.a(lib_a-locale.o)
                0x20000074                __global_locale
                0x200001e0                . = ALIGN (0x4)
                0x200001e0                _edata = .
                0x08009a80                _siccmram = LOADADDR (.ccmram)

.igot.plt       0x200001e0        0x0 load address 0x08009a80
 .igot.plt      0x200001e0        0x0 e:/gnu tools arm embedded/9 2019-q4-major/bin/../lib/gcc/arm-none-eabi/9.2.1/thumb/v7e-m+fp/hard/crtbegin.o

.ccmram         0x10000000        0x0 load address 0x08009a80
                0x10000000                . = ALIGN (0x4)
                0x10000000                _sccmram = .
 *(.ccmram)
 *(.ccmram*)
                0x10000000                . = ALIGN (0x4)
                0x10000000                _eccmram = .
                0x10000000                . = ALIGN (0x4)

.bss            0x200001e0     0x4b98
                0x200001e0                _sbss = .
                0x200001e0                __bss_start__ = _sbss
 *(.bss)
 .bss           0x200001e0       0x1c e:/gnu tools arm embedded/9 2019-q4-major/bin/../lib/gcc/arm-none-eabi/9.2.1/thumb/v7e-m+fp/hard/crtbegin.o
 *(.bss*)
 .bss.old_pos.9937
                0x200001fc        0x4 build/usart2.o
 .bss.rx_buffer
                0x20000200       0x80 build/usart2.o
 .bss.i2c_data  0x20000280        0x1 build/mpu6050.o
 *fill*         0x20000281        0x3 
 .bss.i2c_datas
                0x20000284        0x6 build/mpu6050.o
 *fill*         0x2000028a        0x6 
 .bss.OFF_t2    0x20000290        0x8 build/ms5611.o
 .bss.SENS_t2   0x20000298        0x8 build/ms5611.o
 .bss.TCO       0x200002a0        0x2 build/ms5611.o
 .bss.TCS       0x200002a2        0x2 build/ms5611.o
 .bss.TEMPSENS  0x200002a4        0x2 build/ms5611.o
 .bss.TREF      0x200002a6        0x2 build/ms5611.o
 .bss.command   0x200002a8        0x1 build/ms5611.o
 .bss.i2c_data  0x200002a9        0x1 build/hmc5883l.o
 *fill*         0x200002aa        0x2 
 .bss.i2c_datas
                0x200002ac        0x6 build/hmc5883l.o
 *fill*         0x200002b2        0x2 
 .bss.osSys_acc_raw_queueMgm
                0x200002b4       0x48 build/sensors.o
 .bss.osSys_acc_raw_queueStorage
                0x200002fc        0xc build/sensors.o
 .bss.osSys_gyro_raw_queueMgm
                0x20000308       0x48 build/sensors.o
 .bss.osSys_gyro_raw_queueStorage
                0x20000350        0xc build/sensors.o
 .bss.osSys_mag_raw_queueMgm
                0x2000035c       0x48 build/sensors.o
 .bss.osSys_mag_raw_queueStorage
                0x200003a4        0xc build/sensors.o
 .bss.osSys_sensors_read_taskStackBuffer
                0x200003b0      0x600 build/sensors.o
 .bss.osSys_sensors_read_taskTaskBuffer
                0x200009b0       0x54 build/sensors.o
 .bss.i2c1_notify
                0x20000a04        0x4 build/i2c1.o
 .bss.xIdleStack
                0x20000a08      0x200 build/freertos.o
 .bss.xIdleTaskTCBBuffer
                0x20000c08       0x54 build/freertos.o
 .bss.pxCurrentTCB
                0x20000c5c        0x4 build/tasks.o
                0x20000c5c                pxCurrentTCB
 .bss.pxDelayedTaskList
                0x20000c60        0x4 build/tasks.o
 .bss.pxOverflowDelayedTaskList
                0x20000c64        0x4 build/tasks.o
 .bss.pxReadyTasksLists
                0x20000c68       0x8c build/tasks.o
 .bss.uxCurrentNumberOfTasks
                0x20000cf4        0x4 build/tasks.o
 .bss.uxDeletedTasksWaitingCleanUp
                0x20000cf8        0x4 build/tasks.o
 .bss.uxPendedTicks
                0x20000cfc        0x4 build/tasks.o
 .bss.uxSchedulerSuspended
                0x20000d00        0x4 build/tasks.o
 .bss.uxTaskNumber
                0x20000d04        0x4 build/tasks.o
 .bss.uxTopReadyPriority
                0x20000d08        0x4 build/tasks.o
 .bss.xDelayedTaskList1
                0x20000d0c       0x14 build/tasks.o
 .bss.xDelayedTaskList2
                0x20000d20       0x14 build/tasks.o
 .bss.xNextTaskUnblockTime
                0x20000d34        0x4 build/tasks.o
 .bss.xNumOfOverflows
                0x20000d38        0x4 build/tasks.o
 .bss.xPendingReadyList
                0x20000d3c       0x14 build/tasks.o
 .bss.xSchedulerRunning
                0x20000d50        0x4 build/tasks.o
 .bss.xSuspendedTaskList
                0x20000d54       0x14 build/tasks.o
 .bss.xTasksWaitingTermination
                0x20000d68       0x14 build/tasks.o
 .bss.xTickCount
                0x20000d7c        0x4 build/tasks.o
 .bss.xYieldPending
                0x20000d80        0x4 build/tasks.o
 .bss.pxEnd     0x20000d84        0x4 build/heap_4.o
 .bss.ucHeap    0x20000d88     0x3c00 build/heap_4.o
 .bss.xBlockAllocatedBit
                0x20004988        0x4 build/heap_4.o
 .bss.xFreeBytesRemaining
                0x2000498c        0x4 build/heap_4.o
 .bss.xMinimumEverFreeBytesRemaining
                0x20004990        0x4 build/heap_4.o
 .bss.xStart    0x20004994        0x8 build/heap_4.o
 .bss.ucMaxSysCallPriority
                0x2000499c        0x1 build/port.o
 *fill*         0x2000499d        0x3 
 .bss.ulMaxPRIGROUPValue
                0x200049a0        0x4 build/port.o
 .bss.__malloc_free_list
                0x200049a4        0x4 e:/gnu tools arm embedded/9 2019-q4-major/bin/../lib/gcc/arm-none-eabi/9.2.1/../../../../arm-none-eabi/lib/thumb/v7e-m+fp/hard\libc_nano.a(lib_a-nano-mallocr.o)
                0x200049a4                __malloc_free_list
 .bss.__malloc_sbrk_start
                0x200049a8        0x4 e:/gnu tools arm embedded/9 2019-q4-major/bin/../lib/gcc/arm-none-eabi/9.2.1/../../../../arm-none-eabi/lib/thumb/v7e-m+fp/hard\libc_nano.a(lib_a-nano-mallocr.o)
                0x200049a8                __malloc_sbrk_start
 .bss.heap_end.5507
                0x200049ac        0x4 e:/gnu tools arm embedded/9 2019-q4-major/bin/../lib/gcc/arm-none-eabi/9.2.1/../../../../arm-none-eabi/lib/thumb/v7e-m+fp/hard\libnosys.a(sbrk.o)
 *(COMMON)
 COMMON         0x200049b0        0x4 build/usart2.o
                0x200049b0                usart2_queue
 COMMON         0x200049b4       0x18 build/sensors.o
                0x200049b4                gyro_raw_queue
                0x200049b8                mag_raw_queue
                0x200049bc                tmpz
                0x200049c0                acc_raw_queue
                0x200049c4                tmpx
                0x200049c8                tmpy
 COMMON         0x200049cc        0x4 build/freertos.o
                0x200049cc                defaultTaskHandle
 COMMON         0x200049d0      0x114 build/i2c.o
                0x200049d0                hdma_i2c1_tx
                0x20004a30                hi2c1
                0x20004a84                hdma_i2c1_rx
 COMMON         0x20004ae4       0x40 build/tim.o
                0x20004ae4                htim4
 COMMON         0x20004b24      0x200 build/usart.o
                0x20004b24                hdma_usart2_rx
                0x20004b84                hdma_usart1_tx
                0x20004be4                hdma_usart1_rx
                0x20004c44                hdma_usart2_tx
                0x20004ca4                huart1
                0x20004ce4                huart2
 COMMON         0x20004d24       0x40 build/stm32f4xx_hal_timebase_tim.o
                0x20004d24                htim7
 COMMON         0x20004d64        0x4 build/stm32f4xx_hal.o
                0x20004d64                uwTick
 COMMON         0x20004d68        0x9 e:/gnu tools arm embedded/9 2019-q4-major/bin/../lib/gcc/arm-none-eabi/9.2.1/../../../../arm-none-eabi/lib/thumb/v7e-m+fp/hard\libc_nano.a(lib_a-lock.o)
                0x20004d68                __lock___atexit_recursive_mutex
                0x20004d69                __lock___arc4random_mutex
                0x20004d6a                __lock___env_recursive_mutex
                0x20004d6b                __lock___sinit_recursive_mutex
                0x20004d6c                __lock___malloc_recursive_mutex
                0x20004d6d                __lock___at_quick_exit_mutex
                0x20004d6e                __lock___dd_hash_mutex
                0x20004d6f                __lock___tz_mutex
                0x20004d70                __lock___sfp_recursive_mutex
 *fill*         0x20004d71        0x3 
 COMMON         0x20004d74        0x4 e:/gnu tools arm embedded/9 2019-q4-major/bin/../lib/gcc/arm-none-eabi/9.2.1/../../../../arm-none-eabi/lib/thumb/v7e-m+fp/hard\libc_nano.a(lib_a-reent.o)
                0x20004d74                errno
                0x20004d78                . = ALIGN (0x4)
                0x20004d78                _ebss = .
                0x20004d78                __bss_end__ = _ebss

._user_heap_stack
                0x20004d78      0x600
                0x20004d78                . = ALIGN (0x8)
                0x20004d78                PROVIDE (end = .)
                [!provide]                PROVIDE (_end = .)
                0x20004f78                . = (. + _Min_Heap_Size)
 *fill*         0x20004d78      0x200 
                0x20005378                . = (. + _Min_Stack_Size)
 *fill*         0x20004f78      0x400 
                0x20005378                . = ALIGN (0x8)

/DISCARD/
 libc.a(*)
 libm.a(*)
 libgcc.a(*)

.ARM.attributes
                0x00000000       0x30
 *(.ARM.attributes)
 .ARM.attributes
                0x00000000       0x1e e:/gnu tools arm embedded/9 2019-q4-major/bin/../lib/gcc/arm-none-eabi/9.2.1/thumb/v7e-m+fp/hard/crti.o
 .ARM.attributes
                0x0000001e       0x34 e:/gnu tools arm embedded/9 2019-q4-major/bin/../lib/gcc/arm-none-eabi/9.2.1/thumb/v7e-m+fp/hard/crtbegin.o
 .ARM.attributes
                0x00000052       0x34 build/usart2.o
 .ARM.attributes
                0x00000086       0x34 build/utils.o
 .ARM.attributes
                0x000000ba       0x34 build/mpu6050.o
 .ARM.attributes
                0x000000ee       0x34 build/ms5611.o
 .ARM.attributes
                0x00000122       0x34 build/hmc5883l.o
 .ARM.attributes
                0x00000156       0x34 build/sensors.o
 .ARM.attributes
                0x0000018a       0x34 build/i2c1.o
 .ARM.attributes
                0x000001be       0x34 build/main.o
 .ARM.attributes
                0x000001f2       0x34 build/gpio.o
 .ARM.attributes
                0x00000226       0x34 build/dma.o
 .ARM.attributes
                0x0000025a       0x34 build/freertos.o
 .ARM.attributes
                0x0000028e       0x34 build/i2c.o
 .ARM.attributes
                0x000002c2       0x34 build/tim.o
 .ARM.attributes
                0x000002f6       0x34 build/usart.o
 .ARM.attributes
                0x0000032a       0x34 build/stm32f4xx_it.o
 .ARM.attributes
                0x0000035e       0x34 build/stm32f4xx_hal_msp.o
 .ARM.attributes
                0x00000392       0x34 build/stm32f4xx_hal_timebase_tim.o
 .ARM.attributes
                0x000003c6       0x34 build/stm32f4xx_hal_rcc.o
 .ARM.attributes
                0x000003fa       0x34 build/stm32f4xx_hal_gpio.o
 .ARM.attributes
                0x0000042e       0x34 build/stm32f4xx_hal_dma.o
 .ARM.attributes
                0x00000462       0x34 build/stm32f4xx_hal_cortex.o
 .ARM.attributes
                0x00000496       0x34 build/stm32f4xx_hal.o
 .ARM.attributes
                0x000004ca       0x34 build/stm32f4xx_hal_i2c.o
 .ARM.attributes
                0x000004fe       0x34 build/stm32f4xx_hal_tim.o
 .ARM.attributes
                0x00000532       0x34 build/stm32f4xx_hal_tim_ex.o
 .ARM.attributes
                0x00000566       0x34 build/stm32f4xx_hal_uart.o
 .ARM.attributes
                0x0000059a       0x34 build/system_stm32f4xx.o
 .ARM.attributes
                0x000005ce       0x34 build/list.o
 .ARM.attributes
                0x00000602       0x34 build/queue.o
 .ARM.attributes
                0x00000636       0x34 build/tasks.o
 .ARM.attributes
                0x0000066a       0x34 build/cmsis_os.o
 .ARM.attributes
                0x0000069e       0x34 build/heap_4.o
 .ARM.attributes
                0x000006d2       0x34 build/port.o
 .ARM.attributes
                0x00000706       0x21 build/startup_stm32f407xx.o
 .ARM.attributes
                0x00000727       0x32 e:/gnu tools arm embedded/9 2019-q4-major/bin/../lib/gcc/arm-none-eabi/9.2.1/../../../../arm-none-eabi/lib/thumb/v7e-m+fp/hard\libc_nano.a(lib_a-impure.o)
 .ARM.attributes
                0x00000759       0x34 e:/gnu tools arm embedded/9 2019-q4-major/bin/../lib/gcc/arm-none-eabi/9.2.1/../../../../arm-none-eabi/lib/thumb/v7e-m+fp/hard\libc_nano.a(lib_a-init.o)
 .ARM.attributes
                0x0000078d       0x34 e:/gnu tools arm embedded/9 2019-q4-major/bin/../lib/gcc/arm-none-eabi/9.2.1/../../../../arm-none-eabi/lib/thumb/v7e-m+fp/hard\libc_nano.a(lib_a-memcpy-stub.o)
 .ARM.attributes
                0x000007c1       0x34 e:/gnu tools arm embedded/9 2019-q4-major/bin/../lib/gcc/arm-none-eabi/9.2.1/../../../../arm-none-eabi/lib/thumb/v7e-m+fp/hard\libc_nano.a(lib_a-memset.o)
 .ARM.attributes
                0x000007f5       0x34 e:/gnu tools arm embedded/9 2019-q4-major/bin/../lib/gcc/arm-none-eabi/9.2.1/../../../../arm-none-eabi/lib/thumb/v7e-m+fp/hard\libc_nano.a(lib_a-nano-vfprintf_float.o)
 .ARM.attributes
                0x00000829       0x34 e:/gnu tools arm embedded/9 2019-q4-major/bin/../lib/gcc/arm-none-eabi/9.2.1/../../../../arm-none-eabi/lib/thumb/v7e-m+fp/hard\libc_nano.a(lib_a-nano-vfprintf_i.o)
 .ARM.attributes
                0x0000085d       0x34 e:/gnu tools arm embedded/9 2019-q4-major/bin/../lib/gcc/arm-none-eabi/9.2.1/../../../../arm-none-eabi/lib/thumb/v7e-m+fp/hard\libc_nano.a(lib_a-printf.o)
 .ARM.attributes
                0x00000891       0x17 e:/gnu tools arm embedded/9 2019-q4-major/bin/../lib/gcc/arm-none-eabi/9.2.1/../../../../arm-none-eabi/lib/thumb/v7e-m+fp/hard\libc_nano.a(lib_a-strlen.o)
 .ARM.attributes
                0x000008a8       0x34 e:/gnu tools arm embedded/9 2019-q4-major/bin/../lib/gcc/arm-none-eabi/9.2.1/../../../../arm-none-eabi/lib/thumb/v7e-m+fp/hard\libc_nano.a(lib_a-dtoa.o)
 .ARM.attributes
                0x000008dc       0x34 e:/gnu tools arm embedded/9 2019-q4-major/bin/../lib/gcc/arm-none-eabi/9.2.1/../../../../arm-none-eabi/lib/thumb/v7e-m+fp/hard\libc_nano.a(lib_a-findfp.o)
 .ARM.attributes
                0x00000910       0x34 e:/gnu tools arm embedded/9 2019-q4-major/bin/../lib/gcc/arm-none-eabi/9.2.1/../../../../arm-none-eabi/lib/thumb/v7e-m+fp/hard\libc_nano.a(lib_a-fwalk.o)
 .ARM.attributes
                0x00000944       0x34 e:/gnu tools arm embedded/9 2019-q4-major/bin/../lib/gcc/arm-none-eabi/9.2.1/../../../../arm-none-eabi/lib/thumb/v7e-m+fp/hard\libc_nano.a(lib_a-localeconv.o)
 .ARM.attributes
                0x00000978       0x34 e:/gnu tools arm embedded/9 2019-q4-major/bin/../lib/gcc/arm-none-eabi/9.2.1/../../../../arm-none-eabi/lib/thumb/v7e-m+fp/hard\libc_nano.a(lib_a-lock.o)
 .ARM.attributes
                0x000009ac       0x34 e:/gnu tools arm embedded/9 2019-q4-major/bin/../lib/gcc/arm-none-eabi/9.2.1/../../../../arm-none-eabi/lib/thumb/v7e-m+fp/hard\libc_nano.a(lib_a-malloc.o)
 .ARM.attributes
                0x000009e0       0x1c e:/gnu tools arm embedded/9 2019-q4-major/bin/../lib/gcc/arm-none-eabi/9.2.1/../../../../arm-none-eabi/lib/thumb/v7e-m+fp/hard\libc_nano.a(lib_a-memchr.o)
 .ARM.attributes
                0x000009fc       0x34 e:/gnu tools arm embedded/9 2019-q4-major/bin/../lib/gcc/arm-none-eabi/9.2.1/../../../../arm-none-eabi/lib/thumb/v7e-m+fp/hard\libc_nano.a(lib_a-mprec.o)
 .ARM.attributes
                0x00000a30       0x34 e:/gnu tools arm embedded/9 2019-q4-major/bin/../lib/gcc/arm-none-eabi/9.2.1/../../../../arm-none-eabi/lib/thumb/v7e-m+fp/hard\libc_nano.a(lib_a-nano-callocr.o)
 .ARM.attributes
                0x00000a64       0x34 e:/gnu tools arm embedded/9 2019-q4-major/bin/../lib/gcc/arm-none-eabi/9.2.1/../../../../arm-none-eabi/lib/thumb/v7e-m+fp/hard\libc_nano.a(lib_a-nano-freer.o)
 .ARM.attributes
                0x00000a98       0x34 e:/gnu tools arm embedded/9 2019-q4-major/bin/../lib/gcc/arm-none-eabi/9.2.1/../../../../arm-none-eabi/lib/thumb/v7e-m+fp/hard\libc_nano.a(lib_a-nano-mallocr.o)
 .ARM.attributes
                0x00000acc       0x34 e:/gnu tools arm embedded/9 2019-q4-major/bin/../lib/gcc/arm-none-eabi/9.2.1/../../../../arm-none-eabi/lib/thumb/v7e-m+fp/hard\libc_nano.a(lib_a-nano-vfprintf.o)
 .ARM.attributes
                0x00000b00       0x34 e:/gnu tools arm embedded/9 2019-q4-major/bin/../lib/gcc/arm-none-eabi/9.2.1/../../../../arm-none-eabi/lib/thumb/v7e-m+fp/hard\libc_nano.a(lib_a-sbrkr.o)
 .ARM.attributes
                0x00000b34       0x34 e:/gnu tools arm embedded/9 2019-q4-major/bin/../lib/gcc/arm-none-eabi/9.2.1/../../../../arm-none-eabi/lib/thumb/v7e-m+fp/hard\libc_nano.a(lib_a-stdio.o)
 .ARM.attributes
                0x00000b68       0x34 e:/gnu tools arm embedded/9 2019-q4-major/bin/../lib/gcc/arm-none-eabi/9.2.1/../../../../arm-none-eabi/lib/thumb/v7e-m+fp/hard\libc_nano.a(lib_a-wbuf.o)
 .ARM.attributes
                0x00000b9c       0x34 e:/gnu tools arm embedded/9 2019-q4-major/bin/../lib/gcc/arm-none-eabi/9.2.1/../../../../arm-none-eabi/lib/thumb/v7e-m+fp/hard\libc_nano.a(lib_a-writer.o)
 .ARM.attributes
                0x00000bd0       0x34 e:/gnu tools arm embedded/9 2019-q4-major/bin/../lib/gcc/arm-none-eabi/9.2.1/../../../../arm-none-eabi/lib/thumb/v7e-m+fp/hard\libc_nano.a(lib_a-wsetup.o)
 .ARM.attributes
                0x00000c04       0x34 e:/gnu tools arm embedded/9 2019-q4-major/bin/../lib/gcc/arm-none-eabi/9.2.1/../../../../arm-none-eabi/lib/thumb/v7e-m+fp/hard\libc_nano.a(lib_a-closer.o)
 .ARM.attributes
                0x00000c38       0x34 e:/gnu tools arm embedded/9 2019-q4-major/bin/../lib/gcc/arm-none-eabi/9.2.1/../../../../arm-none-eabi/lib/thumb/v7e-m+fp/hard\libc_nano.a(lib_a-fflush.o)
 .ARM.attributes
                0x00000c6c       0x34 e:/gnu tools arm embedded/9 2019-q4-major/bin/../lib/gcc/arm-none-eabi/9.2.1/../../../../arm-none-eabi/lib/thumb/v7e-m+fp/hard\libc_nano.a(lib_a-locale.o)
 .ARM.attributes
                0x00000ca0       0x34 e:/gnu tools arm embedded/9 2019-q4-major/bin/../lib/gcc/arm-none-eabi/9.2.1/../../../../arm-none-eabi/lib/thumb/v7e-m+fp/hard\libc_nano.a(lib_a-lseekr.o)
 .ARM.attributes
                0x00000cd4       0x34 e:/gnu tools arm embedded/9 2019-q4-major/bin/../lib/gcc/arm-none-eabi/9.2.1/../../../../arm-none-eabi/lib/thumb/v7e-m+fp/hard\libc_nano.a(lib_a-makebuf.o)
 .ARM.attributes
                0x00000d08       0x34 e:/gnu tools arm embedded/9 2019-q4-major/bin/../lib/gcc/arm-none-eabi/9.2.1/../../../../arm-none-eabi/lib/thumb/v7e-m+fp/hard\libc_nano.a(lib_a-mbtowc_r.o)
 .ARM.attributes
                0x00000d3c       0x34 e:/gnu tools arm embedded/9 2019-q4-major/bin/../lib/gcc/arm-none-eabi/9.2.1/../../../../arm-none-eabi/lib/thumb/v7e-m+fp/hard\libc_nano.a(lib_a-mlock.o)
 .ARM.attributes
                0x00000d70       0x34 e:/gnu tools arm embedded/9 2019-q4-major/bin/../lib/gcc/arm-none-eabi/9.2.1/../../../../arm-none-eabi/lib/thumb/v7e-m+fp/hard\libc_nano.a(lib_a-readr.o)
 .ARM.attributes
                0x00000da4       0x34 e:/gnu tools arm embedded/9 2019-q4-major/bin/../lib/gcc/arm-none-eabi/9.2.1/../../../../arm-none-eabi/lib/thumb/v7e-m+fp/hard\libc_nano.a(lib_a-reent.o)
 .ARM.attributes
                0x00000dd8       0x34 e:/gnu tools arm embedded/9 2019-q4-major/bin/../lib/gcc/arm-none-eabi/9.2.1/../../../../arm-none-eabi/lib/thumb/v7e-m+fp/hard\libc_nano.a(lib_a-wctomb_r.o)
 .ARM.attributes
                0x00000e0c       0x32 e:/gnu tools arm embedded/9 2019-q4-major/bin/../lib/gcc/arm-none-eabi/9.2.1/../../../../arm-none-eabi/lib/thumb/v7e-m+fp/hard\libc_nano.a(lib_a-ctype_.o)
 .ARM.attributes
                0x00000e3e       0x34 e:/gnu tools arm embedded/9 2019-q4-major/bin/../lib/gcc/arm-none-eabi/9.2.1/../../../../arm-none-eabi/lib/thumb/v7e-m+fp/hard\libc_nano.a(lib_a-fstatr.o)
 .ARM.attributes
                0x00000e72       0x34 e:/gnu tools arm embedded/9 2019-q4-major/bin/../lib/gcc/arm-none-eabi/9.2.1/../../../../arm-none-eabi/lib/thumb/v7e-m+fp/hard\libc_nano.a(lib_a-isattyr.o)
 .ARM.attributes
                0x00000ea6       0x34 e:/gnu tools arm embedded/9 2019-q4-major/bin/../lib/gcc/arm-none-eabi/9.2.1/../../../../arm-none-eabi/lib/thumb/v7e-m+fp/hard\libnosys.a(close.o)
 .ARM.attributes
                0x00000eda       0x34 e:/gnu tools arm embedded/9 2019-q4-major/bin/../lib/gcc/arm-none-eabi/9.2.1/../../../../arm-none-eabi/lib/thumb/v7e-m+fp/hard\libnosys.a(fstat.o)
 .ARM.attributes
                0x00000f0e       0x34 e:/gnu tools arm embedded/9 2019-q4-major/bin/../lib/gcc/arm-none-eabi/9.2.1/../../../../arm-none-eabi/lib/thumb/v7e-m+fp/hard\libnosys.a(isatty.o)
 .ARM.attributes
                0x00000f42       0x34 e:/gnu tools arm embedded/9 2019-q4-major/bin/../lib/gcc/arm-none-eabi/9.2.1/../../../../arm-none-eabi/lib/thumb/v7e-m+fp/hard\libnosys.a(lseek.o)
 .ARM.attributes
                0x00000f76       0x34 e:/gnu tools arm embedded/9 2019-q4-major/bin/../lib/gcc/arm-none-eabi/9.2.1/../../../../arm-none-eabi/lib/thumb/v7e-m+fp/hard\libnosys.a(read.o)
 .ARM.attributes
                0x00000faa       0x34 e:/gnu tools arm embedded/9 2019-q4-major/bin/../lib/gcc/arm-none-eabi/9.2.1/../../../../arm-none-eabi/lib/thumb/v7e-m+fp/hard\libnosys.a(sbrk.o)
 .ARM.attributes
                0x00000fde       0x1e e:/gnu tools arm embedded/9 2019-q4-major/bin/../lib/gcc/arm-none-eabi/9.2.1/thumb/v7e-m+fp/hard\libgcc.a(_arm_addsubdf3.o)
 .ARM.attributes
                0x00000ffc       0x1e e:/gnu tools arm embedded/9 2019-q4-major/bin/../lib/gcc/arm-none-eabi/9.2.1/thumb/v7e-m+fp/hard\libgcc.a(_arm_muldivdf3.o)
 .ARM.attributes
                0x0000101a       0x1e e:/gnu tools arm embedded/9 2019-q4-major/bin/../lib/gcc/arm-none-eabi/9.2.1/thumb/v7e-m+fp/hard\libgcc.a(_arm_cmpdf2.o)
 .ARM.attributes
                0x00001038       0x1e e:/gnu tools arm embedded/9 2019-q4-major/bin/../lib/gcc/arm-none-eabi/9.2.1/thumb/v7e-m+fp/hard\libgcc.a(_arm_unorddf2.o)
 .ARM.attributes
                0x00001056       0x1e e:/gnu tools arm embedded/9 2019-q4-major/bin/../lib/gcc/arm-none-eabi/9.2.1/thumb/v7e-m+fp/hard\libgcc.a(_arm_fixdfsi.o)
 .ARM.attributes
                0x00001074       0x1e e:/gnu tools arm embedded/9 2019-q4-major/bin/../lib/gcc/arm-none-eabi/9.2.1/thumb/v7e-m+fp/hard\libgcc.a(_aeabi_uldivmod.o)
 .ARM.attributes
                0x00001092       0x34 e:/gnu tools arm embedded/9 2019-q4-major/bin/../lib/gcc/arm-none-eabi/9.2.1/thumb/v7e-m+fp/hard\libgcc.a(_udivmoddi4.o)
 .ARM.attributes
                0x000010c6       0x1e e:/gnu tools arm embedded/9 2019-q4-major/bin/../lib/gcc/arm-none-eabi/9.2.1/thumb/v7e-m+fp/hard\libgcc.a(_dvmd_tls.o)
 .ARM.attributes
                0x000010e4       0x1e e:/gnu tools arm embedded/9 2019-q4-major/bin/../lib/gcc/arm-none-eabi/9.2.1/thumb/v7e-m+fp/hard/crtn.o
OUTPUT(build/mainboard.elf elf32-littlearm)

.debug_info     0x00000000    0x32bdb
 .debug_info    0x00000000     0x155d build/usart2.o
 .debug_info    0x0000155d     0x11c7 build/utils.o
 .debug_info    0x00002724     0x18cd build/mpu6050.o
 .debug_info    0x00003ff1     0x187c build/ms5611.o
 .debug_info    0x0000586d     0x15bc build/hmc5883l.o
 .debug_info    0x00006e29     0x1e94 build/sensors.o
 .debug_info    0x00008cbd     0x184f build/i2c1.o
 .debug_info    0x0000a50c     0x1f26 build/main.o
 .debug_info    0x0000c432     0x1494 build/gpio.o
 .debug_info    0x0000d8c6     0x1610 build/dma.o
 .debug_info    0x0000eed6     0x140f build/freertos.o
 .debug_info    0x000102e5     0x1b69 build/i2c.o
 .debug_info    0x00011e4e     0x1a78 build/tim.o
 .debug_info    0x000138c6     0x19b5 build/usart.o
 .debug_info    0x0001527b     0x185d build/stm32f4xx_it.o
 .debug_info    0x00016ad8     0x14f1 build/stm32f4xx_hal_msp.o
 .debug_info    0x00017fc9      0xd9e build/stm32f4xx_hal_timebase_tim.o
 .debug_info    0x00018d67      0xc44 build/stm32f4xx_hal_rcc.o
 .debug_info    0x000199ab      0x915 build/stm32f4xx_hal_gpio.o
 .debug_info    0x0001a2c0      0xc8b build/stm32f4xx_hal_dma.o
 .debug_info    0x0001af4b     0x123e build/stm32f4xx_hal_cortex.o
 .debug_info    0x0001c189      0xb5e build/stm32f4xx_hal.o
 .debug_info    0x0001cce7     0x3b0f build/stm32f4xx_hal_i2c.o
 .debug_info    0x000207f6     0x39b3 build/stm32f4xx_hal_tim.o
 .debug_info    0x000241a9     0x187c build/stm32f4xx_hal_tim_ex.o
 .debug_info    0x00025a25     0x1b31 build/stm32f4xx_hal_uart.o
 .debug_info    0x00027556      0x63c build/system_stm32f4xx.o
 .debug_info    0x00027b92      0xca4 build/list.o
 .debug_info    0x00028836     0x2d69 build/queue.o
 .debug_info    0x0002b59f     0x3464 build/tasks.o
 .debug_info    0x0002ea03     0x2dbe build/cmsis_os.o
 .debug_info    0x000317c1      0xe30 build/heap_4.o
 .debug_info    0x000325f1      0x5c8 build/port.o
 .debug_info    0x00032bb9       0x22 build/startup_stm32f407xx.o

.debug_abbrev   0x00000000     0x5b6a
 .debug_abbrev  0x00000000      0x2b3 build/usart2.o
 .debug_abbrev  0x000002b3      0x26d build/utils.o
 .debug_abbrev  0x00000520      0x299 build/mpu6050.o
 .debug_abbrev  0x000007b9      0x340 build/ms5611.o
 .debug_abbrev  0x00000af9      0x27b build/hmc5883l.o
 .debug_abbrev  0x00000d74      0x325 build/sensors.o
 .debug_abbrev  0x00001099      0x27a build/i2c1.o
 .debug_abbrev  0x00001313      0x2da build/main.o
 .debug_abbrev  0x000015ed      0x239 build/gpio.o
 .debug_abbrev  0x00001826      0x242 build/dma.o
 .debug_abbrev  0x00001a68      0x283 build/freertos.o
 .debug_abbrev  0x00001ceb      0x297 build/i2c.o
 .debug_abbrev  0x00001f82      0x2c4 build/tim.o
 .debug_abbrev  0x00002246      0x297 build/usart.o
 .debug_abbrev  0x000024dd      0x24d build/stm32f4xx_it.o
 .debug_abbrev  0x0000272a      0x235 build/stm32f4xx_hal_msp.o
 .debug_abbrev  0x0000295f      0x21c build/stm32f4xx_hal_timebase_tim.o
 .debug_abbrev  0x00002b7b      0x2cd build/stm32f4xx_hal_rcc.o
 .debug_abbrev  0x00002e48      0x258 build/stm32f4xx_hal_gpio.o
 .debug_abbrev  0x000030a0      0x312 build/stm32f4xx_hal_dma.o
 .debug_abbrev  0x000033b2      0x3a8 build/stm32f4xx_hal_cortex.o
 .debug_abbrev  0x0000375a      0x21c build/stm32f4xx_hal.o
 .debug_abbrev  0x00003976      0x31f build/stm32f4xx_hal_i2c.o
 .debug_abbrev  0x00003c95      0x2af build/stm32f4xx_hal_tim.o
 .debug_abbrev  0x00003f44      0x2ab build/stm32f4xx_hal_tim_ex.o
 .debug_abbrev  0x000041ef      0x318 build/stm32f4xx_hal_uart.o
 .debug_abbrev  0x00004507      0x14a build/system_stm32f4xx.o
 .debug_abbrev  0x00004651      0x245 build/list.o
 .debug_abbrev  0x00004896      0x44c build/queue.o
 .debug_abbrev  0x00004ce2      0x448 build/tasks.o
 .debug_abbrev  0x0000512a      0x437 build/cmsis_os.o
 .debug_abbrev  0x00005561      0x36d build/heap_4.o
 .debug_abbrev  0x000058ce      0x28a build/port.o
 .debug_abbrev  0x00005b58       0x12 build/startup_stm32f407xx.o

.debug_loc      0x00000000    0x1603d
 .debug_loc     0x00000000      0x1d9 build/usart2.o
 .debug_loc     0x000001d9      0x2c0 build/utils.o
 .debug_loc     0x00000499      0x31e build/mpu6050.o